Configuration: High Quality (Thorough Search)
Parameters: {'--astar_fac': '0.5', '--max_router_iterations': '100'}
======================================================================
VPR FPGA Placement and Routing.
Version: 9.0.0-dev+v8.0.0-11943-g8cb20aa52
Revision: v8.0.0-11943-g8cb20aa52
Compiled: 2025-11-07T01:24:15
Compiler: GNU 13.3.0 on Linux-6.6.87.2-microsoft-standard-WSL2 x86_64
Build Info: release IPO VTR_ASSERT_LEVEL=2

University of Toronto
verilogtorouting.org
vtr-users@googlegroups.com
This is free open source code under MIT license.

VPR was run with the following command-line:
./vtr-verilog-to-routing/vpr/vpr k6_N10_mem32K_40nm.xml boundtop.blif --route_chan_width 56 --seed 1 --astar_fac 0.5 --max_router_iterations 100


Architecture file: k6_N10_mem32K_40nm.xml
Circuit name: boundtop

# Loading Architecture Description
# Loading Architecture Description took 0.00 seconds (max_rss 456.4 MiB, delta_rss +0.0 MiB)

Timing analysis: ON
Circuit netlist file: boundtop.net
Circuit placement file: boundtop.place
Circuit routing file: boundtop.route
Circuit SDC file: boundtop.sdc
Vpr floorplanning constraints file: not specified

Packer: ENABLED
Placer: ENABLED
Analytical Placer: DISABLED
Router: ENABLED
Analysis: ENABLED

VPR was run with the following options:

NetlistOpts.absorb_buffer_luts            : true
NetlistOpts.sweep_dangling_primary_ios    : true
NetlistOpts.sweep_dangling_nets           : true
NetlistOpts.sweep_dangling_blocks         : true
NetlistOpts.sweep_constant_primary_outputs: false
NetlistOpts.netlist_verbosity             : 1
NetlistOpts.const_gen_inference           : COMB_SEQ

PackerOpts.allow_unrelated_clustering: auto
PackerOpts.alpha_clustering: 0.750000
PackerOpts.beta_clustering: 0.900000
PackerOpts.cluster_seed_type: BLEND2
PackerOpts.connection_driven: true
PackerOpts.global_clocks: true
PackerOpts.inter_cluster_net_delay: 1.000000
PackerOpts.timing_driven: true
PackerOpts.target_external_pin_util: auto

PlacerOpts.place_freq: PLACE_ONCE
PlacerOpts.place_algorithm: CRITICALITY_TIMING_PLACE
PlacerOpts.pad_loc_type: FREE
PlacerOpts.constraints_file: No constraints file given
PlacerOpts.place_chan_width: 56
PlacerOpts.inner_loop_recompute_divider: 0
PlacerOpts.recompute_crit_iter: 1
PlacerOpts.timing_tradeoff: 0.500000
PlacerOpts.td_place_exp_first: 1.000000
PlacerOpts.td_place_exp_last: 8.000000
PlacerOpts.delay_offset: 0.000000
PlacerOpts.delay_ramp_delta_threshold: -1
PlacerOpts.delay_ramp_slope: 0.000000
PlacerOpts.tsu_rel_margin: 1.000000
PlacerOpts.tsu_abs_margin: 0.000000
PlacerOpts.post_place_timing_report_file: 
PlacerOpts.allowed_tiles_for_delay_model: 
PlacerOpts.delay_model_reducer: MIN
PlacerOpts.delay_model_type: SIMPLE
PlacerOpts.rlim_escape_fraction: 0.000000
PlacerOpts.move_stats_file: 
PlacerOpts.placement_saves_per_temperature: 0
PlacerOpts.effort_scaling: CIRCUIT
PlacerOpts.place_delta_delay_matrix_calculation_method: ASTAR_ROUTE
PlaceOpts.seed: 1
AnnealSched.type: AUTO_SCHED
AnnealSched.inner_num: 0.500000

RouterOpts.route_type: DETAILED
RouterOpts.flat_routing: false
RouterOpts.choke_points: on
RouterOpts.router_algorithm: TIMING_DRIVEN
RouterOpts.base_cost_type: DELAY_NORMALIZED_LENGTH
RouterOpts.fixed_channel_width: 56
RouterOpts.check_route: FULL
RouterOpts.acc_fac: 1.000000
RouterOpts.bb_factor: 3
RouterOpts.bend_cost: 0.000000
RouterOpts.first_iter_pres_fac: 0.000000
RouterOpts.initial_pres_fac: 0.500000
RouterOpts.pres_fac_mult: 1.300000
RouterOpts.max_pres_fac: 1000.000000
RouterOpts.max_router_iterations: 100
RouterOpts.min_incremental_reroute_fanout: 16
RouterOpts.do_check_rr_graph: true
RouterOpts.verify_binary_search: false
RouterOpts.min_channel_width_hint: 0
RouterOpts.read_rr_edge_metadata: false
RouterOpts.exit_after_first_routing_iteration: false
RouterOpts.astar_fac: 0.500000
RouterOpts.astar_offset: 0.000000
RouterOpts.router_profiler_astar_fac: 1.200000
RouterOpts.criticality_exp: 1.000000
RouterOpts.max_criticality: 0.990000
RouterOpts.init_wirelength_abort_threshold: 0.850000
RouterOpts.incr_reroute_delay_ripup: AUTO
RouterOpts.save_routing_per_iteration: false
RouterOpts.congested_routing_iteration_threshold_frac: 1.000000
RouterOpts.high_fanout_threshold: 64
RouterOpts.router_debug_net: -2
RouterOpts.router_debug_sink_rr: -2
RouterOpts.router_debug_iteration: -2
RouterOpts.max_convergence_count: 1
RouterOpts.reconvergence_cpd_threshold: 0.990000
RouterOpts.update_lower_bound_delays: true
RouterOpts.first_iteration_timing_report_file: 
RouterOpts.route_bb_update: DYNAMIC
RouterOpts.lookahead_type: MAP
RouterOpts.initial_timing: LOOKAHEAD
RouterOpts.router_heap: FOUR_ARY_HEAP
RouterOpts.routing_failure_predictor = SAFE
RouterOpts.routing_budgets_algorithm = DISABLE

AnalysisOpts.gen_post_synthesis_netlist: false
AnalysisOpts.timing_report_npaths: 100
AnalysisOpts.timing_report_skew: false
AnalysisOpts.echo_dot_timing_graph_node: -1
AnalysisOpts.timing_report_detail: NETLIST
AnalysisOpts.post_synth_netlist_unconn_input_handling: UNCONNECTED
AnalysisOpts.post_synth_netlist_unconn_output_handling: UNCONNECTED

# Building complex block graph
Warning 1: io[0].clock[0] unconnected pin in architecture.
# Building complex block graph took 0.01 seconds (max_rss 456.4 MiB, delta_rss +0.0 MiB)
Circuit file: boundtop.blif
# Load circuit
Found constant-zero generator 'top^tm3_sram_addr~18'
Found constant-zero generator 'unconn'
Found constant-zero generator 'n2240'
Found constant-zero generator 'n3090'
Found constant-zero generator 'n3175'
Found constant-zero generator 'n3700'
Found constant-zero generator 'n4105'
Found constant-zero generator 'n4885'
Found constant-zero generator 'n4890'
Found constant-zero generator 'n4895'
Found constant-zero generator 'n4900'
Found constant-zero generator 'n5105'
Found constant-zero generator 'n5110'
Found constant-zero generator 'n5115'
Found constant-zero generator 'n5540'
Found constant-zero generator 'n5945'
Found constant-zero generator 'n6735'
Found constant-zero generator 'n6740'
Found constant-zero generator 'n6745'
Found constant-zero generator 'n6750'
Found constant-zero generator 'n10555'
Found constant-zero generator 'n10559'
Found constant-zero generator 'n10563'
Found constant-zero generator 'n10567'
Found constant-zero generator 'n10571'
Found constant-zero generator 'n10575'
Found constant-zero generator 'n10579'
Found constant-zero generator 'n10583'
Found constant-zero generator 'n10587'
Found constant-zero generator 'n10591'
Found constant-zero generator 'n10595'
Found constant-zero generator 'n10599'
Found constant-zero generator 'n10603'
Found constant-zero generator 'n10607'
Found constant-zero generator 'n10611'
Found constant-zero generator 'n10615'
Found constant-zero generator 'n10619'
Found constant-zero generator 'n10623'
Found constant-zero generator 'n10627'
Found constant-zero generator 'n10631'
Found constant-zero generator 'n10635'
Found constant-zero generator 'n10639'
Found constant-zero generator 'n10643'
Found constant-zero generator 'n10647'
Found constant-zero generator 'n10651'
Found constant-zero generator 'n10655'
# Load circuit took 0.03 seconds (max_rss 456.4 MiB, delta_rss +0.0 MiB)
# Clean circuit
Absorbed 77 LUT buffers
Inferred    0 additional primitive pins as constant generators since they have no combinationally connected inputs
Inferred   44 additional primitive pins as constant generators due to constant inputs
Inferred    0 additional primitive pins as constant generators since they have no combinationally connected inputs
Inferred    0 additional primitive pins as constant generators due to constant inputs
Swept input(s)      : 0
Swept output(s)     : 0 (0 dangling, 0 constant)
Swept net(s)        : 0
Swept block(s)      : 0
Constant Pins Marked: 44
# Clean circuit took 0.00 seconds (max_rss 456.4 MiB, delta_rss +0.0 MiB)
# Compress circuit
# Compress circuit took 0.00 seconds (max_rss 456.4 MiB, delta_rss +0.0 MiB)
# Verify circuit
# Verify circuit took 0.00 seconds (max_rss 456.4 MiB, delta_rss +0.0 MiB)
Circuit Statistics:
  Blocks: 5224
    .input         :     275
    .latch         :    1671
    .names         :    3054
        0-LUT:      45
        2-LUT:     681
        3-LUT:     461
        4-LUT:     360
        5-LUT:     289
        6-LUT:    1218
    .output        :     192
    single_port_ram:      32
  Nets  : 5032
    Avg Fanout:     3.4
    Max Fanout:  1703.0
    Min Fanout:     1.0
  Netlist Clocks: 1
# Build Timing Graph
  Timing Graph Nodes: 21920
  Timing Graph Edges: 33584
  Timing Graph Levels: 22
# Build Timing Graph took 0.01 seconds (max_rss 456.4 MiB, delta_rss +0.0 MiB)
Netlist contains 1 clocks
  Netlist Clock 'top^tm3_clk_v0' Fanout: 1703 pins (7.8%), 1703 blocks (32.6%)
# Load Timing Constraints

SDC file 'boundtop.sdc' not found
Setting default timing constraints:
   * constrain all primay inputs and primary outputs on netlist clock 'top^tm3_clk_v0'
   * optimize netlist clock to run as fast as possible
Timing constraints created 1 clocks
  Constrained Clock 'top^tm3_clk_v0' Source: 'top^tm3_clk_v0.inpad[0]'

# Load Timing Constraints took 0.00 seconds (max_rss 456.4 MiB, delta_rss +0.0 MiB)
# Packing
Begin packing 'boundtop.blif'.

After removing unused inputs...
	total blocks: 5224, total nets: 5032, total inputs: 275, total outputs: 192
Begin prepacking.
0 attraction groups were created during prepacking.
Finish prepacking.
Using inter-cluster delay: 1.33777e-09
Packing with pin utilization targets: io:1,1 clb:0.8,0.6 mult_36:1,1 memory:1,1
Packing with high fanout thresholds: io:128 clb:32 mult_36:128 memory:128
Starting Clustering - Clustering Progress: 
-------------------   --------------------------   ---------
Molecules processed   Number of clusters created   FPGA size
-------------------   --------------------------   ---------
   151/3569      4%                           13     8 x 8     
   299/3569      8%                           28     9 x 9     
   449/3569     12%                           43    10 x 10    
   599/3569     16%                           58    11 x 11    
   749/3569     20%                           73    13 x 13    
   897/3569     25%                           88    13 x 13    
  1047/3569     29%                          103    14 x 14    
  1193/3569     33%                          118    15 x 15    
  1336/3569     37%                          135    16 x 16    
  1481/3569     41%                          151    17 x 17    
  1627/3569     45%                          166    17 x 17    
  1774/3569     49%                          181    18 x 18    
  1920/3569     53%                          198    19 x 19    
  2063/3569     57%                          213    19 x 19    
  2210/3569     61%                          229    20 x 20    
  2355/3569     65%                          248    21 x 21    
  2499/3569     70%                          268    22 x 22    
  2646/3569     74%                          287    22 x 22    
  2790/3569     78%                          305    23 x 23    
  2936/3569     82%                          329    23 x 23    
  3082/3569     86%                          361    25 x 25    
  3224/3569     90%                          488    25 x 25    
  3366/3569     94%                          630    25 x 25    
  3508/3569     98%                          772    25 x 25    
  3569/3569    100%                          833    25 x 25    

Logic Element (fle) detailed count:
  Total number of Logic Elements used : 3070
  LEs used for logic and registers    : 1655
  LEs used for logic only             : 1399
  LEs used for registers only         : 16

Incr Slack updates 1 in 0.000219619 sec
Full Max Req/Worst Slack updates 1 in 2.1044e-05 sec
Incr Max Req/Worst Slack updates 0 in 0 sec
Incr Criticality updates 0 in 0 sec
Full Criticality updates 1 in 0.000264566 sec
FPGA sized to 25 x 25 (auto)
Device Utilization: 0.69 (target 1.00)
	Block Utilization: 0.63 Type: io
	Block Utilization: 0.93 Type: clb
	Block Utilization: 0.11 Type: memory

Start the iterative improvement process
the iterative improvement process is done
Final Clustering Statistics: 
----------   --------   ------------------------------------   --------------------------
Block Type   # Blocks   Avg. # of input clocks and pins used   Avg. # of output pins used
----------   --------   ------------------------------------   --------------------------
     EMPTY          0                                      0                            0   
        io        467                               0.411135                     0.588865   
       clb        365                                17.0877                      5.12603   
   mult_36          0                                      0                            0   
    memory          1                                     44                           32   
Absorbed logical nets 2854 out of 5032 nets, 2178 nets not absorbed.

Netlist conversion complete.

# Packing took 0.61 seconds (max_rss 456.4 MiB, delta_rss +0.0 MiB)
# Load packing
Begin loading packed FPGA netlist file.
Netlist generated from file 'boundtop.net'.
Detected 45 constant generators (to see names run with higher pack verbosity)
Finished loading packed FPGA netlist file (took 0.141725 seconds).
Warning 2: Treated 37 constant nets as global which will not be routed (to see net names increase packer verbosity).
Warning 3: Netlist contains 91 global net to non-global architecture pin connections
Warning 4: Logic block #365 (top^tm3_sram_addr~18) has only 1 output pin 'top^tm3_sram_addr~18.O[9]'. It may be a constant generator.
Completed clustering consistency check successfully.
Cluster level netlist and block usage statistics
Netlist num_nets: 2178
Netlist num_blocks: 833
Netlist EMPTY blocks: 0.
Netlist io blocks: 467.
Netlist clb blocks: 365.
Netlist mult_36 blocks: 0.
Netlist memory blocks: 1.
Netlist inputs pins: 275
Netlist output pins: 192

Pb types usage...
  io                 : 467
   inpad             : 275
   outpad            : 192
  clb                : 365
   fle               : 3070
    ble6             : 3070
     lut6            : 3054
      lut            : 3054
     ff              : 1671
  memory             : 1
   mem_1024x32_sp    : 1
    memory_slice     : 32

# Load packing took 0.23 seconds (max_rss 456.4 MiB, delta_rss +0.0 MiB)
# Create Device
## Build Device Grid
FPGA sized to 25 x 25: 625 grid tiles (auto)

Resource usage...
	Netlist
		467	blocks of type: io
	Architecture
		736	blocks of type: io
	Netlist
		365	blocks of type: clb
	Architecture
		391	blocks of type: clb
	Netlist
		0	blocks of type: mult_36
	Architecture
		15	blocks of type: mult_36
	Netlist
		1	blocks of type: memory
	Architecture
		9	blocks of type: memory

Device Utilization: 0.69 (target 1.00)
	Physical Tile io:
	Block Utilization: 0.63 Logical Block: io
	Physical Tile clb:
	Block Utilization: 0.93 Logical Block: clb
	Physical Tile mult_36:
	Block Utilization: 0.00 Logical Block: mult_36
	Physical Tile memory:
	Block Utilization: 0.11 Logical Block: memory

FPGA size limited by block type(s): clb

## Build Device Grid took 0.00 seconds (max_rss 456.4 MiB, delta_rss +0.0 MiB)
## Build routing resource graph
## Build routing resource graph took 0.12 seconds (max_rss 456.4 MiB, delta_rss +0.0 MiB)
  RR Graph Nodes: 50220
  RR Graph Edges: 335054
# Create Device took 0.12 seconds (max_rss 456.4 MiB, delta_rss +0.0 MiB)

# Computing router lookahead map
## Computing wire lookahead
## Computing wire lookahead took 0.04 seconds (max_rss 456.4 MiB, delta_rss +0.0 MiB)
## Computing src/opin lookahead
Warning 5: Found no more sample locations for SOURCE in io
Warning 6: Found no more sample locations for OPIN in io
Warning 7: Found no more sample locations for SOURCE in clb
Warning 8: Found no more sample locations for OPIN in clb
Warning 9: Found no more sample locations for SOURCE in mult_36
Warning 10: Found no more sample locations for OPIN in mult_36
Warning 11: Found no more sample locations for SOURCE in memory
Warning 12: Found no more sample locations for OPIN in memory
## Computing src/opin lookahead took 0.00 seconds (max_rss 456.4 MiB, delta_rss +0.0 MiB)
# Computing router lookahead map took 0.05 seconds (max_rss 456.4 MiB, delta_rss +0.0 MiB)
# Computing placement delta delay look-up
RR graph channel widths unchanged, skipping RR graph rebuild
Serial Connection Router is being destroyed. Time spent on path search: 0.000 seconds.
# Computing placement delta delay look-up took 0.00 seconds (max_rss 456.4 MiB, delta_rss +0.0 MiB)

Bounding box mode is Cube

# Compressed grid construction
# Compressed grid construction took 0.00 seconds (max_rss 456.4 MiB, delta_rss +0.0 MiB)
# Placement
## Initial Placement
Initial placement iteration 0 has finished successfully
## Initial Placement took 0.00 seconds (max_rss 456.4 MiB, delta_rss +0.0 MiB)
Using simple RL 'Softmax agent' for choosing move and block types

BB estimate of min-dist (placement) wire length: 51526

Completed placement consistency check successfully.
Initial placement cost: 1 bb_cost: 920.115 td_cost: 1.70736e-06
Initial placement estimated Critical Path Delay (CPD): 11.0012 ns
Initial placement estimated setup Total Negative Slack (sTNS): -8364.96 ns
Initial placement estimated setup Worst Negative Slack (sWNS): -11.0012 ns

Initial placement estimated setup slack histogram:
[ -1.1e-08:   -1e-08)  16 (  0.7%) |*
[   -1e-08: -8.9e-09) 177 (  8.0%) |************
[ -8.9e-09: -7.8e-09) 105 (  4.8%) |*******
[ -7.8e-09: -6.8e-09)  25 (  1.1%) |**
[ -6.8e-09: -5.7e-09)  43 (  2.0%) |***
[ -5.7e-09: -4.7e-09)  60 (  2.7%) |****
[ -4.7e-09: -3.6e-09) 364 ( 16.5%) |************************
[ -3.6e-09: -2.6e-09) 534 ( 24.3%) |***********************************
[ -2.6e-09: -1.5e-09) 723 ( 32.8%) |***********************************************
[ -1.5e-09:   -5e-10) 155 (  7.0%) |**********
Placement contains 0 placement macros involving 0 blocks (average macro size -nan)

Moves per temperature: 3918
Warning 13: Starting t: 348 of 833 configurations accepted.

---- ------ ------- ------- ---------- ---------- ------- ---------- -------- ------- ------- ------ -------- --------- ------
Tnum   Time       T Av Cost Av BB Cost Av TD Cost     CPD       sTNS     sWNS Ac Rate Std Dev  R lim Crit Exp Tot Moves  Alpha
      (sec)                                          (ns)       (ns)     (ns)                                                 
---- ------ ------- ------- ---------- ---------- ------- ---------- -------- ------- ------- ------ -------- --------- ------
   1    0.0 5.0e-04   0.924     756.50 1.5455e-06   9.318  -7.82e+03   -9.318   0.676  0.0377   24.0     1.00      3918  1.000
   2    0.0 4.8e-04   0.950     681.41 1.3119e-06   9.257  -7.42e+03   -9.257   0.629  0.0237   24.0     1.00      7836  0.950
   3    0.0 4.5e-04   0.963     625.48 1.315e-06    8.179  -6.89e+03   -8.179   0.607  0.0165   24.0     1.00     11754  0.950
   4    0.0 4.3e-04   0.966     593.14 1.181e-06    8.532  -6.76e+03   -8.532   0.593  0.0125   24.0     1.00     15672  0.950
   5    0.0 4.1e-04   0.983     566.74 1.2429e-06   7.905  -6.65e+03   -7.905   0.571  0.0053   24.0     1.00     19590  0.950
   6    0.0 3.9e-04   0.977     553.06 1.2464e-06   7.651  -6.71e+03   -7.651   0.558  0.0084   24.0     1.00     23508  0.950
   7    0.0 3.7e-04   0.982     541.67 1.2586e-06   7.484  -6.56e+03   -7.484   0.532  0.0085   24.0     1.00     27426  0.950
   8    0.0 3.5e-04   0.993     526.80 1.2338e-06   7.537  -6.55e+03   -7.537   0.505  0.0063   24.0     1.00     31344  0.950
   9    0.0 3.3e-04   0.990     520.85 1.184e-06    7.907  -6.82e+03   -7.907   0.501  0.0036   24.0     1.00     35262  0.950
  10    0.0 3.2e-04   0.989     514.88 1.1401e-06   8.189  -6.84e+03   -8.189   0.491  0.0081   24.0     1.00     39180  0.950
  11    0.0 3.0e-04   0.999     505.35 1.139e-06    8.112  -6.82e+03   -8.112   0.467  0.0024   24.0     1.00     43098  0.950
  12    0.0 2.9e-04   0.984     494.37 1.2064e-06   7.493  -6.61e+03   -7.493   0.464  0.0087   24.0     1.00     47016  0.950
  13    0.0 2.7e-04   0.984     480.77 1.1926e-06   7.315  -6.56e+03   -7.315   0.442  0.0087   24.0     1.00     50934  0.950
  14    0.0 2.6e-04   0.988     469.14 1.1764e-06   7.263  -6.44e+03   -7.263   0.401  0.0055   24.0     1.00     54852  0.950
  15    0.0 2.5e-04   0.996     462.89 9.739e-07    7.404  -6.48e+03   -7.404   0.397  0.0049   23.1     1.28     58770  0.950
  16    0.0 2.3e-04   0.991     458.51 7.6086e-07   7.697  -6.37e+03   -7.697   0.408  0.0039   22.1     1.58     62688  0.950
  17    0.0 2.2e-04   0.997     455.12 7.5334e-07   7.248  -6.38e+03   -7.248   0.408  0.0017   21.4     1.80     66606  0.950
  18    0.0 2.1e-04   0.989     451.62 6.3624e-07   7.397  -6.34e+03   -7.397   0.394  0.0065   20.7     2.01     70524  0.950
  19    0.0 2.0e-04   0.997     444.79 6.2333e-07   7.157  -6.35e+03   -7.157   0.391  0.0017   19.7     2.30     74442  0.950
  20    0.0 1.9e-04   0.991     444.43 5.566e-07    7.115   -6.4e+03   -7.115   0.387  0.0030   18.7     2.60     78360  0.950
  21    0.0 1.8e-04   0.997     440.57 5.4265e-07   6.960  -6.44e+03   -6.960   0.370  0.0021   17.8     2.90     82278  0.950
  22    0.0 1.7e-04   0.997     438.36 4.8736e-07   6.940  -6.37e+03   -6.940   0.377  0.0023   16.5     3.28     86196  0.950
  23    0.0 1.6e-04   0.992     431.80 4.6196e-07   6.922  -6.44e+03   -6.922   0.360  0.0030   15.5     3.59     90114  0.950
  24    0.0 1.5e-04   0.994     426.57 4.2427e-07   6.881  -6.43e+03   -6.881   0.339  0.0030   14.2     3.97     94032  0.950
  25    0.0 1.5e-04   0.996     424.61 3.9274e-07   6.791  -6.32e+03   -6.791   0.347  0.0029   12.8     4.41     97950  0.950
  26    0.0 1.4e-04   0.998     422.15 3.7967e-07   6.781  -6.33e+03   -6.781   0.335  0.0026   11.6     4.77    101868  0.950
  27    0.0 1.3e-04   0.997     418.11 3.3191e-07   6.953  -6.38e+03   -6.953   0.331  0.0026   10.4     5.14    105786  0.950
  28    0.0 1.3e-04   0.997     414.27 3.2822e-07   6.860  -6.26e+03   -6.860   0.329  0.0026    9.3     5.49    109704  0.950
  29    0.0 1.2e-04   0.995     408.39 3.1704e-07   6.860  -6.32e+03   -6.860   0.316  0.0024    8.2     5.80    113622  0.950
  30    0.0 1.1e-04   1.000     409.70 3.0828e-07   6.812  -6.27e+03   -6.812   0.321  0.0018    7.2     6.11    117540  0.950
  31    0.0 1.1e-04   0.997     406.02 2.5632e-07   6.973  -6.27e+03   -6.973   0.316  0.0023    6.4     6.37    121458  0.950
  32    0.0 1.0e-04   0.996     400.91 3.0188e-07   6.808  -6.33e+03   -6.808   0.298  0.0021    5.6     6.61    125376  0.950
  33    0.0 9.7e-05   0.998     398.45 2.8603e-07   6.810  -6.39e+03   -6.810   0.293  0.0016    4.8     6.85    129294  0.950
  34    0.0 9.2e-05   0.995     395.05 2.8043e-07   6.787  -6.38e+03   -6.787   0.289  0.0021    4.1     7.06    133212  0.950
  35    0.0 8.8e-05   0.994     391.39 2.7718e-07   6.740  -6.27e+03   -6.740   0.324  0.0027    3.5     7.25    137130  0.950
  36    0.0 8.3e-05   0.998     389.35 2.8103e-07   6.704  -6.26e+03   -6.704   0.333  0.0026    3.1     7.37    141048  0.950
  37    0.0 7.9e-05   0.993     384.84 2.6958e-07   6.770  -6.29e+03   -6.770   0.359  0.0030    2.7     7.47    144966  0.950
  38    0.0 7.5e-05   0.998     382.74 2.5367e-07   6.862  -6.31e+03   -6.862   0.363  0.0014    2.5     7.54    148884  0.950
  39    0.0 7.2e-05   0.995     380.02 2.259e-07    6.910  -6.32e+03   -6.910   0.337  0.0022    2.3     7.60    152802  0.950
  40    0.0 6.8e-05   0.998     379.63 2.6653e-07   6.710   -6.3e+03   -6.710   0.335  0.0013    2.1     7.67    156720  0.950
  41    0.0 6.5e-05   0.997     377.77 2.6521e-07   6.710  -6.26e+03   -6.710   0.350  0.0018    1.9     7.74    160638  0.950
  42    0.0 6.1e-05   0.996     374.42 2.5217e-07   6.736  -6.28e+03   -6.736   0.332  0.0019    1.7     7.79    164556  0.950
  43    0.0 5.8e-05   0.998     372.18 2.4248e-07   6.736  -6.25e+03   -6.736   0.309  0.0007    1.5     7.84    168474  0.950
  44    0.0 5.5e-05   0.998     371.06 2.6202e-07   6.687  -6.31e+03   -6.687   0.295  0.0007    1.3     7.90    172392  0.950
  45    0.0 5.3e-05   0.997     370.15 2.4293e-07   6.736  -6.29e+03   -6.736   0.281  0.0012    1.1     7.96    176310  0.950
  46    0.0 5.0e-05   0.998     369.15 2.3552e-07   6.736  -6.29e+03   -6.736   0.296  0.0013    1.0     8.00    180228  0.950
  47    0.0 4.7e-05   0.999     367.74 2.4002e-07   6.736  -6.29e+03   -6.736   0.274  0.0009    1.0     8.00    184146  0.950
  48    0.0 4.5e-05   0.997     366.86 2.5591e-07   6.658   -6.3e+03   -6.658   0.280  0.0014    1.0     8.00    188064  0.950
  49    0.0 4.3e-05   0.998     366.27 2.0314e-07   6.912  -6.32e+03   -6.912   0.264  0.0012    1.0     8.00    191982  0.950
  50    0.0 4.1e-05   0.998     365.08 2.4858e-07   6.702  -6.28e+03   -6.702   0.268  0.0013    1.0     8.00    195900  0.950
  51    0.0 3.9e-05   0.998     363.69 2.7331e-07   6.605  -6.27e+03   -6.605   0.264  0.0012    1.0     8.00    199818  0.950
  52    0.0 3.7e-05   0.999     363.03 2.5986e-07   6.605  -6.25e+03   -6.605   0.247  0.0007    1.0     8.00    203736  0.950
  53    0.0 3.5e-05   0.998     362.92 2.3575e-07   6.748  -6.29e+03   -6.748   0.241  0.0011    1.0     8.00    207654  0.950
  54    0.0 3.3e-05   0.998     361.41 2.6234e-07   6.605  -6.27e+03   -6.605   0.239  0.0012    1.0     8.00    211572  0.950
  55    0.0 3.1e-05   0.998     360.66 2.2821e-07   6.740  -6.28e+03   -6.740   0.222  0.0006    1.0     8.00    215490  0.950
  56    0.0 3.0e-05   0.999     360.03 2.4093e-07   6.697  -6.27e+03   -6.697   0.226  0.0008    1.0     8.00    219408  0.950
  57    0.0 2.8e-05   0.999     359.89 2.2888e-07   6.740  -6.28e+03   -6.740   0.223  0.0005    1.0     8.00    223326  0.950
  58    0.0 2.7e-05   0.998     359.80 2.4096e-07   6.697   -6.3e+03   -6.697   0.216  0.0007    1.0     8.00    227244  0.950
  59    0.0 2.6e-05   0.998     359.06 2.3236e-07   6.740  -6.31e+03   -6.740   0.215  0.0008    1.0     8.00    231162  0.950
  60    0.0 2.4e-05   0.999     358.83 2.3429e-07   6.740  -6.27e+03   -6.740   0.199  0.0004    1.0     8.00    235080  0.950
  61    0.0 2.3e-05   0.998     358.96 2.2611e-07   6.740  -6.26e+03   -6.740   0.194  0.0009    1.0     8.00    238998  0.950
  62    0.0 2.2e-05   0.998     357.85 2.2011e-07   6.787  -6.27e+03   -6.787   0.198  0.0010    1.0     8.00    242916  0.950
  63    0.0 2.1e-05   0.999     357.34 2.211e-07    6.787  -6.25e+03   -6.787   0.191  0.0005    1.0     8.00    246834  0.950
  64    0.0 2.0e-05   0.999     356.95 2.2025e-07   6.787  -6.25e+03   -6.787   0.185  0.0006    1.0     8.00    250752  0.950
  65    0.0 1.9e-05   0.999     356.96 2.4772e-07   6.669  -6.25e+03   -6.669   0.190  0.0004    1.0     8.00    254670  0.950
  66    0.0 1.8e-05   0.999     356.89 2.1907e-07   6.787  -6.25e+03   -6.787   0.173  0.0007    1.0     8.00    258588  0.950
  67    0.0 1.7e-05   0.999     356.89 2.4297e-07   6.677  -6.25e+03   -6.677   0.173  0.0004    1.0     8.00    262506  0.950
  68    0.0 1.6e-05   0.999     356.47 2.4252e-07   6.677  -6.25e+03   -6.677   0.171  0.0004    1.0     8.00    266424  0.950
  69    0.0 1.5e-05   0.999     356.17 2.4497e-07   6.677  -6.26e+03   -6.677   0.168  0.0005    1.0     8.00    270342  0.950
  70    0.0 1.5e-05   0.999     355.69 2.4158e-07   6.677  -6.24e+03   -6.677   0.153  0.0006    1.0     8.00    274260  0.950
  71    0.0 1.4e-05   0.998     355.64 2.444e-07    6.677  -6.26e+03   -6.677   0.147  0.0007    1.0     8.00    278178  0.950
Agent's 2nd state: 
  72    0.0 1.1e-05   0.999     355.31 2.4858e-07   6.677  -6.27e+03   -6.677   0.148  0.0005    1.0     8.00    282096  0.800
Checkpoint saved: bb_costs=355.283, TD costs=2.46689e-07, CPD=  6.677 (ns) 
  73    0.0 8.9e-06   0.998     355.30 2.4591e-07   6.677  -6.25e+03   -6.677   0.099  0.0006    1.0     8.00    286014  0.800
  74    0.0 7.1e-06   0.999     355.04 2.4278e-07   6.677  -6.24e+03   -6.677   0.104  0.0008    1.0     8.00    289932  0.800
  75    0.0 5.7e-06   0.999     354.46 2.4375e-07   6.710  -6.27e+03   -6.710   0.087  0.0005    1.0     8.00    293850  0.800
  76    0.0 4.5e-06   0.998     354.62 2.4716e-07   6.677  -6.25e+03   -6.677   0.086  0.0006    1.0     8.00    297768  0.800
  77    0.0 3.6e-06   0.998     354.85 2.449e-07    6.677  -6.26e+03   -6.677   0.086  0.0004    1.0     8.00    301686  0.800
  78    0.0 2.9e-06   0.999     354.75 2.4721e-07   6.677  -6.25e+03   -6.677   0.086  0.0006    1.0     8.00    305604  0.800
  79    0.0 2.3e-06   0.999     354.39 2.4576e-07   6.677  -6.26e+03   -6.677   0.081  0.0004    1.0     8.00    309522  0.800
  80    0.0 0.0e+00   0.999     354.06 2.432e-07    6.677  -6.24e+03   -6.677   0.049  0.0008    1.0     8.00    313440  0.800
## Placement Quench took 0.01 seconds (max_rss 456.4 MiB)
post-quench CPD = 6.78747 (ns) 

Checkpoint restored

BB estimate of min-dist (placement) wire length: 19896

Completed placement consistency check successfully.

Swaps called: 314273

Aborted Move Reasons:
  No moves aborted

Placement estimated critical path delay (least slack): 6.67678 ns, Fmax: 149.773 MHz
Placement estimated setup Worst Negative Slack (sWNS): -6.67678 ns
Placement estimated setup Total Negative Slack (sTNS): -6250.38 ns

Placement estimated setup slack histogram:
[ -6.7e-09: -6.1e-09) 196 (  8.9%) |*************
[ -6.1e-09: -5.4e-09)  58 (  2.6%) |****
[ -5.4e-09: -4.8e-09)  61 (  2.8%) |****
[ -4.8e-09: -4.2e-09)  82 (  3.7%) |*****
[ -4.2e-09: -3.6e-09)  32 (  1.5%) |**
[ -3.6e-09:   -3e-09) 263 ( 11.9%) |******************
[   -3e-09: -2.4e-09) 411 ( 18.7%) |****************************
[ -2.4e-09: -1.7e-09) 701 ( 31.8%) |***********************************************
[ -1.7e-09: -1.1e-09) 281 ( 12.8%) |*******************
[ -1.1e-09:   -5e-10) 117 (  5.3%) |********

Placement estimated geomean non-virtual intra-domain period: 6.67678 ns (149.773 MHz)
Placement estimated fanout-weighted geomean non-virtual intra-domain period: 6.67678 ns (149.773 MHz)

Placement cost: 1, bb_cost: 355.283, td_cost: 2.46689e-07, 

Placement resource usage:
  io     implemented as io    : 467
  clb    implemented as clb   : 365
  memory implemented as memory: 1

Placement number of temperatures: 80
Placement total # of swap attempts: 314273
	Swaps accepted:  96344 (30.7 %)
	Swaps rejected: 203678 (64.8 %)
	Swaps aborted:  14251 ( 4.5 %)


Placement perturbation distribution by block and move type: 
------------------ ----------------- ---------------- ---------------- --------------- ------------ 
    Block Type         Move Type       (%) of Total      Accepted(%)     Rejected(%)    Aborted(%)
------------------ ----------------- ---------------- ---------------- --------------- ------------ 
io                 Uniform                13.44            44.82           55.18          0.00         
                   Median                 13.51            48.22           42.35          9.43         
                   Centroid               13.34            48.52           42.66          8.81         
                   W. Centroid            13.47            48.46           42.67          8.88         
                   W. Median              0.81             17.03           62.58          20.39        

clb                Uniform                10.52            5.99            94.01          0.00         
                   Median                 10.60            16.12           80.50          3.38         
                   Centroid               10.39            12.88           85.63          1.50         
                   W. Centroid            10.37            12.17           86.54          1.29         
                   W. Median              0.63             2.26            92.32          5.42         
                   Crit. Uniform          1.40             0.98            99.02          0.00         
                   Feasible Region        1.41             0.70            99.30          0.00         

memory             Uniform                0.03             2.06            97.94          0.00         
                   Median                 0.02             1.32            43.42          55.26        
                   Centroid               0.02             2.70            40.54          56.76        
                   W. Centroid            0.03             1.08            48.39          50.54        
                   W. Median              0.00             0.00            0.00           100.00       


Placement Quench timing analysis took 0.00254616 seconds (0.00221771 STA, 0.000328456 slack) (1 full updates: 1 setup, 0 hold, 0 combined).
Placement Total  timing analysis took 0.244949 seconds (0.212725 STA, 0.032224 slack) (83 full updates: 83 setup, 0 hold, 0 combined).
update_td_costs: connections 0 nets 0 sum_nets 0 total 0
# Placement took 1.03 seconds (max_rss 456.4 MiB, delta_rss +0.0 MiB)

# Routing
RR graph channel widths unchanged, skipping RR graph rebuild
## Initializing router criticalities
Initial Net Connection Criticality Histogram:
[        0:      0.1)  493 (  7.6%) |*****************
[      0.1:      0.2) 1365 ( 21.1%) |**********************************************
[      0.2:      0.3) 1059 ( 16.4%) |************************************
[      0.3:      0.4)  926 ( 14.3%) |*******************************
[      0.4:      0.5)  421 (  6.5%) |**************
[      0.5:      0.6)  240 (  3.7%) |********
[      0.6:      0.7)  252 (  3.9%) |********
[      0.7:      0.8)  449 (  6.9%) |***************
[      0.8:      0.9)  779 ( 12.0%) |**************************
[      0.9:        1)  489 (  7.6%) |****************
## Initializing router criticalities took 0.04 seconds (max_rss 456.4 MiB, delta_rss +0.0 MiB)
---- ------ ------- ---- ------- ------- ------- ----------------- --------------- -------- ---------- ---------- ---------- ---------- --------
Iter   Time    pres  BBs    Heap  Re-Rtd  Re-Rtd Overused RR Nodes      Wirelength      CPD       sTNS       sWNS       hTNS       hWNS Est Succ
      (sec)     fac Updt    push    Nets   Conns                                       (ns)       (ns)       (ns)       (ns)       (ns)     Iter
---- ------ ------- ---- ------- ------- ------- ----------------- --------------- -------- ---------- ---------- ---------- ---------- --------
   1    0.2     0.0    0 2494443    2140    6094    3512 ( 6.993%)   23400 (37.8%)    6.703     -6172.     -6.703   -0.02889     -0.016      N/A
Incr Slack updates 83 in 0.01118 sec
Full Max Req/Worst Slack updates 41 in 0.000867579 sec
Incr Max Req/Worst Slack updates 42 in 0.00124693 sec
Incr Criticality updates 19 in 0.0037205 sec
Full Criticality updates 64 in 0.0125259 sec
   2    0.2     0.5    0 1884027    1844    5683    1481 ( 2.949%)   23516 (38.0%)    6.711     -6247.     -6.711   -0.01334     -0.013      N/A
   3    0.1     0.6    0 1454359    1298    4728    1385 ( 2.758%)   23554 (38.1%)    6.706     -6256.     -6.706      0.000      0.000      N/A
   4    0.1     0.8    0 1255924    1227    4529    1205 ( 2.399%)   23753 (38.4%)    6.707     -6333.     -6.707      0.000      0.000      N/A
   5    0.1     1.1    0 1056332    1054    3939     861 ( 1.714%)   23997 (38.8%)    6.708     -6327.     -6.708      0.000      0.000      N/A
   6    0.1     1.4    0  741383     755    3105     598 ( 1.191%)   24161 (39.1%)    6.713     -6359.     -6.713      0.000      0.000      N/A
   7    0.1     1.9    0  574229     578    2665     438 ( 0.872%)   24315 (39.3%)    6.714     -6359.     -6.714      0.000      0.000      N/A
   8    0.0     2.4    0  408624     404    2081     313 ( 0.623%)   24525 (39.7%)    6.713     -6362.     -6.713      0.000      0.000      N/A
   9    0.0     3.1    0  275036     295    1491     235 ( 0.468%)   24738 (40.0%)    6.718     -6362.     -6.718      0.000      0.000      N/A
  10    0.0     4.1    0  200188     220    1140     162 ( 0.323%)   24996 (40.4%)    6.718     -6369.     -6.718      0.000      0.000       26
  11    0.0     5.3    0  160957     180    1059     136 ( 0.271%)   25159 (40.7%)    6.722     -6393.     -6.722      0.000      0.000       26
  12    0.0     6.9    0  144448     157     921     102 ( 0.203%)   25356 (41.0%)    6.723     -6397.     -6.723      0.000      0.000       27
  13    0.0     9.0    0   95145     113     617      65 ( 0.129%)   25586 (41.4%)    6.723     -6400.     -6.723      0.000      0.000       28
  14    0.0    11.6    0   67206      68     404      37 ( 0.074%)   25731 (41.6%)    6.731     -6410.     -6.731      0.000      0.000       27
  15    0.0    15.1    0   67381      87     585      37 ( 0.074%)   25883 (41.9%)    6.723     -6415.     -6.723      0.000      0.000       25
  16    0.0    19.7    0   71548      56     463      28 ( 0.056%)   25997 (42.1%)    6.772     -6427.     -6.772      0.000      0.000       26
  17    0.0    25.6    0   85277      87     727      15 ( 0.030%)   26061 (42.2%)    6.724     -6413.     -6.724      0.000      0.000       26
  18    0.0    33.3    0   52280      37     376       9 ( 0.018%)   26073 (42.2%)    6.724     -6414.     -6.724      0.000      0.000       26
  19    0.0    43.3    0   49084      32     312       4 ( 0.008%)   26152 (42.3%)    6.752     -6442.     -6.752      0.000      0.000       25
  20    0.0    56.2    0   60304      55     435       3 ( 0.006%)   26171 (42.3%)    6.728     -6441.     -6.728      0.000      0.000       24
  21    0.0    73.1    0   41754      19     243       1 ( 0.002%)   26143 (42.3%)    6.729     -6441.     -6.729      0.000      0.000       23
  22    0.0    95.0    0   43156      17     231       0 ( 0.000%)   26167 (42.3%)    6.729     -6441.     -6.729      0.000      0.000       22
Restoring best routing
Critical path: 6.72949 ns
Successfully routed after 22 routing iterations.
Final Net Connection Criticality Histogram:
[        0:      0.1)  507 (  7.8%) |********************
[      0.1:      0.2) 1184 ( 18.3%) |**********************************************
[      0.2:      0.3)  940 ( 14.5%) |*************************************
[      0.3:      0.4) 1085 ( 16.8%) |******************************************
[      0.4:      0.5)  527 (  8.1%) |********************
[      0.5:      0.6)  232 (  3.6%) |*********
[      0.6:      0.7)  272 (  4.2%) |***********
[      0.7:      0.8)  405 (  6.3%) |****************
[      0.8:      0.9)  790 ( 12.2%) |*******************************
[      0.9:        1)  531 (  8.2%) |*********************
Router Stats: total_nets_routed: 10723 total_connections_routed: 41828 total_heap_pushes: 11283085 total_heap_pops: 2459253 
Serial Connection Router is being destroyed. Time spent on path search: 0.798 seconds.
# Routing took 1.12 seconds (max_rss 456.4 MiB, delta_rss +0.0 MiB)

Checking to ensure routing is legal...
# Checking to ensure non-configurable edges are legal
# Checking to ensure non-configurable edges are legal took 0.00 seconds (max_rss 456.4 MiB, delta_rss +0.0 MiB)
Completed routing consistency check successfully.

Serial number (magic cookie) for the routing is: -1886291559
Circuit successfully routed with a channel width factor of 56.
# Synchronize the packed netlist to routing optimization
## Annotating rr_node with routed nets
## Annotating rr_node with routed nets took 0.00 seconds (max_rss 456.4 MiB, delta_rss +0.0 MiB)
Found 8472 mismatches between routing and packing results.
Fixed 5738 routing traces due to mismatch between routing and packing results.
# Synchronize the packed netlist to routing optimization took 0.03 seconds (max_rss 456.4 MiB, delta_rss +0.0 MiB)
Final Clustering Statistics: 
----------   --------   ------------------------------------   --------------------------
Block Type   # Blocks   Avg. # of input clocks and pins used   Avg. # of output pins used
----------   --------   ------------------------------------   --------------------------
     EMPTY          0                                      0                            0   
        io        467                               0.411135                     0.588865   
       clb        365                                17.0877                      5.12603   
   mult_36          0                                      0                            0   
    memory          1                                     44                           32   
Absorbed logical nets 2854 out of 5032 nets, 2178 nets not absorbed.


Average number of bends per net: 0.955607  Maximum # of bends: 29

Number of global nets: 38
Number of routed nets (nonglobal): 2140
Wire length results (in units of 1 clb segments)...
	Total wirelength: 26167, average net length: 12.2276
	Maximum net length: 550

Wire length results in terms of physical segments...
	Total wiring segments used: 6834, average wire segments per net: 3.19346
	Maximum segments used by a net: 147
	Total local nets with reserved CLB opins: 0
Total number of nets absorbed: 0

Routing channel utilization histogram:
[        1:      inf)   0 (  0.0%) |
[      0.9:        1)   0 (  0.0%) |
[      0.8:      0.9)  16 (  1.4%) |***
[      0.7:      0.8) 258 ( 22.4%) |***********************************************
[      0.5:      0.6) 194 ( 16.8%) |***********************************
[      0.4:      0.5) 226 ( 19.6%) |*****************************************
[      0.3:      0.4) 126 ( 10.9%) |***********************
[      0.2:      0.3) 102 (  8.9%) |*******************
[      0.1:      0.2) 108 (  9.4%) |********************
[        0:      0.1) 122 ( 10.6%) |**********************
Maximum routing channel utilization:      0.84 at (7,7)

X - Directed channels:   j max occ ave occ capacity
                      ---- ------- ------- --------
                         0      40  26.560       56
                         1      30  15.680       56
                         2      31  17.280       56
                         3      36  19.040       56
                         4      34  22.240       56
                         5      37  25.680       56
                         6      41  24.880       56
                         7      47  30.360       56
                         8      46  30.840       56
                         9      44  27.000       56
                        10      40  26.360       56
                        11      40  25.640       56
                        12      37  23.120       56
                        13      42  25.560       56
                        14      41  23.280       56
                        15      40  22.600       56
                        16      38  23.200       56
                        17      36  21.000       56
                        18      32  20.760       56
                        19      38  20.080       56
                        20      37  18.600       56
                        21      30  15.960       56
                        22      28  12.040       56
                        23      46  27.920       56
Y - Directed channels:   i max occ ave occ capacity
                      ---- ------- ------- --------
                         0      19  10.840       56
                         1      21  11.360       56
                         2      22  10.720       56
                         3      36  18.120       56
                         4      44  25.480       56
                         5      34  20.520       56
                         6      37  19.480       56
                         7      37  25.840       56
                         8      42  28.120       56
                         9      40  25.040       56
                        10      34  21.880       56
                        11      39  25.240       56
                        12      37  26.640       56
                        13      35  24.120       56
                        14      35  22.800       56
                        15      40  29.040       56
                        16      38  28.640       56
                        17      33  23.840       56
                        18      39  25.680       56
                        19      34  24.120       56
                        20      33  17.640       56
                        21      26  10.960       56
                        22      18   7.600       56
                        23      38  17.280       56

Total tracks in x-direction: 1344, in y-direction: 1344

Logic area (in minimum width transistor areas, excludes I/Os and empty grid tiles)...
	Total logic block area (Warning, need to add pitch of routing to blocks with height > 3): 3.19446e+07
	Total used logic block area: 2.02193e+07

Routing area (in minimum width transistor areas)...
	Total routing area: 2.15933e+06, per logic tile: 3454.93

Total Number of Wiring Segments by Direction: direction length number
                                              --------- ------ -------
                                                      X      4   8736
                                                      Y      4   8736

X - Directed Wiring Segment usage by length: length utilization
                                             ------ -----------
                                             4       0.404

Y - Directed Wiring Segment usage by length: length utilization
                                             ------ -----------
                                             4       0.379

Segment occupancy by length: Length utilization
                             ------ -----------
                             L4           0.391

Segment occupancy by type:              name type utilization
                           ----------------- ---- -----------
                           unnamed_segment_0    0       0.391

Final hold Worst Negative Slack (hWNS): 0 ns
Final hold Total Negative Slack (hTNS): 0 ns

Final hold slack histogram:
[    8e-11:  2.7e-10)   56 (  2.5%) |**
[  2.7e-10:  4.6e-10) 1032 ( 46.9%) |**********************************************
[  4.6e-10:  6.5e-10)  568 ( 25.8%) |*************************
[  6.5e-10:  8.4e-10)  385 ( 17.5%) |*****************
[  8.4e-10:    1e-09)  105 (  4.8%) |*****
[    1e-09:  1.2e-09)   15 (  0.7%) |*
[  1.2e-09:  1.4e-09)    8 (  0.4%) |
[  1.4e-09:  1.6e-09)    8 (  0.4%) |
[  1.6e-09:  1.8e-09)   21 (  1.0%) |*
[  1.8e-09:    2e-09)    4 (  0.2%) |

Final critical path delay (least slack): 6.72949 ns, Fmax: 148.6 MHz
Final setup Worst Negative Slack (sWNS): -6.72949 ns
Final setup Total Negative Slack (sTNS): -6440.6 ns

Final setup slack histogram:
[ -6.7e-09: -6.1e-09) 220 ( 10.0%) |***************
[ -6.1e-09: -5.5e-09)  36 (  1.6%) |**
[ -5.5e-09: -4.8e-09)  77 (  3.5%) |*****
[ -4.8e-09: -4.2e-09)  64 (  2.9%) |****
[ -4.2e-09: -3.6e-09)  49 (  2.2%) |***
[ -3.6e-09: -2.9e-09) 303 ( 13.8%) |********************
[ -2.9e-09: -2.3e-09) 495 ( 22.5%) |*********************************
[ -2.3e-09: -1.6e-09) 707 ( 32.1%) |***********************************************
[ -1.6e-09:   -1e-09) 155 (  7.0%) |**********
[   -1e-09: -3.7e-10)  96 (  4.4%) |******

Final geomean non-virtual intra-domain period: 6.72949 ns (148.6 MHz)
Final fanout-weighted geomean non-virtual intra-domain period: 6.72949 ns (148.6 MHz)

Incr Slack updates 1 in 0.000131222 sec
Full Max Req/Worst Slack updates 1 in 2.2275e-05 sec
Incr Max Req/Worst Slack updates 0 in 0 sec
Incr Criticality updates 0 in 0 sec
Full Criticality updates 1 in 0.000195903 sec
Flow timing analysis took 0.443774 seconds (0.39541 STA, 0.0483645 slack) (108 full updates: 84 setup, 0 hold, 24 combined).
VPR succeeded
The entire flow of VPR took 3.40 seconds (max_rss 456.4 MiB)
Incr Slack updates 23 in 0.00304178 sec
Full Max Req/Worst Slack updates 7 in 0.000149371 sec
Incr Max Req/Worst Slack updates 16 in 0.000449875 sec
Incr Criticality updates 4 in 0.000634218 sec
Full Criticality updates 19 in 0.00402139 sec

=== STDERR ===
