VPR FPGA Placement and Routing.
Version: 9.0.0-dev+v8.0.0-11943-g8cb20aa52
Revision: v8.0.0-11943-g8cb20aa52
Compiled: 2025-11-06T23:45:49
Compiler: GNU 13.3.0 on Linux-6.6.87.2-microsoft-standard-WSL2 x86_64
Build Info: release IPO VTR_ASSERT_LEVEL=2

University of Toronto
verilogtorouting.org
vtr-users@googlegroups.com
This is free open source code under MIT license.

Warning 1: To use RLPlace for WLdriven placements, the reward function should be basic or nonPenalizing_basic.
you can specify the reward function using --place_reward_fun.
Setting the placement reward function to "basic"
VPR was run with the following command-line:
./vtr-verilog-to-routing/vpr/vpr k6_N10_mem32K_40nm.xml boundtop.blif --pack --place --place_algorithm bounding_box --seed 1


Architecture file: k6_N10_mem32K_40nm.xml
Circuit name: boundtop

# Loading Architecture Description
# Loading Architecture Description took 0.00 seconds (max_rss 315.3 MiB, delta_rss +0.0 MiB)

Timing analysis: ON
Circuit netlist file: boundtop.net
Circuit placement file: boundtop.place
Circuit routing file: boundtop.route
Circuit SDC file: boundtop.sdc
Vpr floorplanning constraints file: not specified

Packer: ENABLED
Placer: ENABLED
Analytical Placer: DISABLED
Router: DISABLED
Analysis: DISABLED

VPR was run with the following options:

NetlistOpts.absorb_buffer_luts            : true
NetlistOpts.sweep_dangling_primary_ios    : true
NetlistOpts.sweep_dangling_nets           : true
NetlistOpts.sweep_dangling_blocks         : true
NetlistOpts.sweep_constant_primary_outputs: false
NetlistOpts.netlist_verbosity             : 1
NetlistOpts.const_gen_inference           : COMB_SEQ

PackerOpts.allow_unrelated_clustering: auto
PackerOpts.alpha_clustering: 0.750000
PackerOpts.beta_clustering: 0.900000
PackerOpts.cluster_seed_type: BLEND2
PackerOpts.connection_driven: true
PackerOpts.global_clocks: true
PackerOpts.inter_cluster_net_delay: 1.000000
PackerOpts.timing_driven: true
PackerOpts.target_external_pin_util: auto

PlacerOpts.place_freq: PLACE_ONCE
PlacerOpts.place_algorithm: BOUNDING_BOX_PLACE
PlacerOpts.pad_loc_type: FREE
PlacerOpts.constraints_file: No constraints file given
PlacerOpts.place_chan_width: 100
PlacerOpts.rlim_escape_fraction: 0.000000
PlacerOpts.move_stats_file: 
PlacerOpts.placement_saves_per_temperature: 0
PlacerOpts.effort_scaling: CIRCUIT
PlacerOpts.place_delta_delay_matrix_calculation_method: ASTAR_ROUTE
PlaceOpts.seed: 1
AnnealSched.type: AUTO_SCHED
AnnealSched.inner_num: 0.500000

# Building complex block graph
Warning 2: io[0].clock[0] unconnected pin in architecture.
# Building complex block graph took 0.01 seconds (max_rss 315.3 MiB, delta_rss +0.0 MiB)
Circuit file: boundtop.blif
# Load circuit
Found constant-zero generator 'top^tm3_sram_addr~18'
Found constant-zero generator 'unconn'
Found constant-zero generator 'n2240'
Found constant-zero generator 'n3090'
Found constant-zero generator 'n3175'
Found constant-zero generator 'n3700'
Found constant-zero generator 'n4105'
Found constant-zero generator 'n4885'
Found constant-zero generator 'n4890'
Found constant-zero generator 'n4895'
Found constant-zero generator 'n4900'
Found constant-zero generator 'n5105'
Found constant-zero generator 'n5110'
Found constant-zero generator 'n5115'
Found constant-zero generator 'n5540'
Found constant-zero generator 'n5945'
Found constant-zero generator 'n6735'
Found constant-zero generator 'n6740'
Found constant-zero generator 'n6745'
Found constant-zero generator 'n6750'
Found constant-zero generator 'n10555'
Found constant-zero generator 'n10559'
Found constant-zero generator 'n10563'
Found constant-zero generator 'n10567'
Found constant-zero generator 'n10571'
Found constant-zero generator 'n10575'
Found constant-zero generator 'n10579'
Found constant-zero generator 'n10583'
Found constant-zero generator 'n10587'
Found constant-zero generator 'n10591'
Found constant-zero generator 'n10595'
Found constant-zero generator 'n10599'
Found constant-zero generator 'n10603'
Found constant-zero generator 'n10607'
Found constant-zero generator 'n10611'
Found constant-zero generator 'n10615'
Found constant-zero generator 'n10619'
Found constant-zero generator 'n10623'
Found constant-zero generator 'n10627'
Found constant-zero generator 'n10631'
Found constant-zero generator 'n10635'
Found constant-zero generator 'n10639'
Found constant-zero generator 'n10643'
Found constant-zero generator 'n10647'
Found constant-zero generator 'n10651'
Found constant-zero generator 'n10655'
# Load circuit took 0.03 seconds (max_rss 315.3 MiB, delta_rss +0.0 MiB)
# Clean circuit
Absorbed 77 LUT buffers
Inferred    0 additional primitive pins as constant generators since they have no combinationally connected inputs
Inferred   44 additional primitive pins as constant generators due to constant inputs
Inferred    0 additional primitive pins as constant generators since they have no combinationally connected inputs
Inferred    0 additional primitive pins as constant generators due to constant inputs
Swept input(s)      : 0
Swept output(s)     : 0 (0 dangling, 0 constant)
Swept net(s)        : 0
Swept block(s)      : 0
Constant Pins Marked: 44
# Clean circuit took 0.00 seconds (max_rss 315.3 MiB, delta_rss +0.0 MiB)
# Compress circuit
# Compress circuit took 0.00 seconds (max_rss 315.3 MiB, delta_rss +0.0 MiB)
# Verify circuit
# Verify circuit took 0.00 seconds (max_rss 315.3 MiB, delta_rss +0.0 MiB)
Circuit Statistics:
  Blocks: 5224
    .input         :     275
    .latch         :    1671
    .names         :    3054
        0-LUT:      45
        2-LUT:     681
        3-LUT:     461
        4-LUT:     360
        5-LUT:     289
        6-LUT:    1218
    .output        :     192
    single_port_ram:      32
  Nets  : 5032
    Avg Fanout:     3.4
    Max Fanout:  1703.0
    Min Fanout:     1.0
  Netlist Clocks: 1
# Build Timing Graph
  Timing Graph Nodes: 21920
  Timing Graph Edges: 33584
  Timing Graph Levels: 22
# Build Timing Graph took 0.01 seconds (max_rss 315.3 MiB, delta_rss +0.0 MiB)
Netlist contains 1 clocks
  Netlist Clock 'top^tm3_clk_v0' Fanout: 1703 pins (7.8%), 1703 blocks (32.6%)
# Load Timing Constraints

SDC file 'boundtop.sdc' not found
Setting default timing constraints:
   * constrain all primay inputs and primary outputs on netlist clock 'top^tm3_clk_v0'
   * optimize netlist clock to run as fast as possible
Timing constraints created 1 clocks
  Constrained Clock 'top^tm3_clk_v0' Source: 'top^tm3_clk_v0.inpad[0]'

# Load Timing Constraints took 0.00 seconds (max_rss 315.3 MiB, delta_rss +0.0 MiB)
# Packing
Begin packing 'boundtop.blif'.

After removing unused inputs...
	total blocks: 5224, total nets: 5032, total inputs: 275, total outputs: 192
Begin prepacking.
0 attraction groups were created during prepacking.
Finish prepacking.
Using inter-cluster delay: 1.33777e-09
Packing with pin utilization targets: io:1,1 clb:0.8,0.6 mult_36:1,1 memory:1,1
Packing with high fanout thresholds: io:128 clb:32 mult_36:128 memory:128
Starting Clustering - Clustering Progress: 
-------------------   --------------------------   ---------
Molecules processed   Number of clusters created   FPGA size
-------------------   --------------------------   ---------
   151/3569      4%                           13     8 x 8     
   299/3569      8%                           28     9 x 9     
   449/3569     12%                           43    10 x 10    
   599/3569     16%                           58    11 x 11    
   749/3569     20%                           73    13 x 13    
   897/3569     25%                           88    13 x 13    
  1047/3569     29%                          103    14 x 14    
  1193/3569     33%                          118    15 x 15    
  1336/3569     37%                          135    16 x 16    
  1481/3569     41%                          151    17 x 17    
  1627/3569     45%                          166    17 x 17    
  1774/3569     49%                          181    18 x 18    
  1920/3569     53%                          198    19 x 19    
  2063/3569     57%                          213    19 x 19    
  2210/3569     61%                          229    20 x 20    
  2355/3569     65%                          248    21 x 21    
  2499/3569     70%                          268    22 x 22    
  2646/3569     74%                          287    22 x 22    
  2790/3569     78%                          305    23 x 23    
  2936/3569     82%                          329    23 x 23    
  3082/3569     86%                          361    25 x 25    
  3224/3569     90%                          488    25 x 25    
  3366/3569     94%                          630    25 x 25    
  3508/3569     98%                          772    25 x 25    
  3569/3569    100%                          833    25 x 25    

Logic Element (fle) detailed count:
  Total number of Logic Elements used : 3070
  LEs used for logic and registers    : 1655
  LEs used for logic only             : 1399
  LEs used for registers only         : 16

Incr Slack updates 1 in 0.00020333 sec
Full Max Req/Worst Slack updates 1 in 2.113e-05 sec
Incr Max Req/Worst Slack updates 0 in 0 sec
Incr Criticality updates 0 in 0 sec
Full Criticality updates 1 in 0.000237793 sec
FPGA sized to 25 x 25 (auto)
Device Utilization: 0.69 (target 1.00)
	Block Utilization: 0.63 Type: io
	Block Utilization: 0.93 Type: clb
	Block Utilization: 0.11 Type: memory

Start the iterative improvement process
the iterative improvement process is done
Final Clustering Statistics: 
----------   --------   ------------------------------------   --------------------------
Block Type   # Blocks   Avg. # of input clocks and pins used   Avg. # of output pins used
----------   --------   ------------------------------------   --------------------------
     EMPTY          0                                      0                            0   
        io        467                               0.411135                     0.588865   
       clb        365                                17.0877                      5.12603   
   mult_36          0                                      0                            0   
    memory          1                                     44                           32   
Absorbed logical nets 2854 out of 5032 nets, 2178 nets not absorbed.

Netlist conversion complete.

# Packing took 0.61 seconds (max_rss 315.3 MiB, delta_rss +0.0 MiB)
# Load packing
Begin loading packed FPGA netlist file.
Netlist generated from file 'boundtop.net'.
Detected 45 constant generators (to see names run with higher pack verbosity)
Finished loading packed FPGA netlist file (took 0.137939 seconds).
Warning 3: Treated 37 constant nets as global which will not be routed (to see net names increase packer verbosity).
Warning 4: Netlist contains 91 global net to non-global architecture pin connections
Warning 5: Logic block #365 (top^tm3_sram_addr~18) has only 1 output pin 'top^tm3_sram_addr~18.O[9]'. It may be a constant generator.
Completed clustering consistency check successfully.
Cluster level netlist and block usage statistics
Netlist num_nets: 2178
Netlist num_blocks: 833
Netlist EMPTY blocks: 0.
Netlist io blocks: 467.
Netlist clb blocks: 365.
Netlist mult_36 blocks: 0.
Netlist memory blocks: 1.
Netlist inputs pins: 275
Netlist output pins: 192

Pb types usage...
  io                 : 467
   inpad             : 275
   outpad            : 192
  clb                : 365
   fle               : 3070
    ble6             : 3070
     lut6            : 3054
      lut            : 3054
     ff              : 1671
  memory             : 1
   mem_1024x32_sp    : 1
    memory_slice     : 32

# Load packing took 0.22 seconds (max_rss 315.3 MiB, delta_rss +0.0 MiB)
# Create Device
## Build Device Grid
FPGA sized to 25 x 25: 625 grid tiles (auto)

Resource usage...
	Netlist
		467	blocks of type: io
	Architecture
		736	blocks of type: io
	Netlist
		365	blocks of type: clb
	Architecture
		391	blocks of type: clb
	Netlist
		0	blocks of type: mult_36
	Architecture
		15	blocks of type: mult_36
	Netlist
		1	blocks of type: memory
	Architecture
		9	blocks of type: memory

Device Utilization: 0.69 (target 1.00)
	Physical Tile io:
	Block Utilization: 0.63 Logical Block: io
	Physical Tile clb:
	Block Utilization: 0.93 Logical Block: clb
	Physical Tile mult_36:
	Block Utilization: 0.00 Logical Block: mult_36
	Physical Tile memory:
	Block Utilization: 0.11 Logical Block: memory

FPGA size limited by block type(s): clb

## Build Device Grid took 0.00 seconds (max_rss 315.3 MiB, delta_rss +0.0 MiB)
## Build routing resource graph
## Build routing resource graph took 0.22 seconds (max_rss 315.3 MiB, delta_rss +0.0 MiB)
  RR Graph Nodes: 63948
  RR Graph Edges: 577555
# Create Device took 0.23 seconds (max_rss 315.3 MiB, delta_rss +0.0 MiB)


Bounding box mode is Cube

# Compressed grid construction
# Compressed grid construction took 0.00 seconds (max_rss 315.3 MiB, delta_rss +0.0 MiB)
# Placement
## Initial Placement
Initial placement iteration 0 has finished successfully
## Initial Placement took 0.00 seconds (max_rss 315.3 MiB, delta_rss +0.0 MiB)
Using simple RL 'Softmax agent' for choosing move and block types

BB estimate of min-dist (placement) wire length: 51526

Completed placement consistency check successfully.
Initial placement cost: 1 bb_cost: 515.264 td_cost: nan
Placement contains 0 placement macros involving 0 blocks (average macro size -nan)

Moves per temperature: 3918
Warning 6: Starting t: 370 of 833 configurations accepted.

---- ------ ------- ------- ---------- ---------- ------- ---------- -------- ------- ------- ------ -------- --------- ------
Tnum   Time       T Av Cost Av BB Cost Av TD Cost     CPD       sTNS     sWNS Ac Rate Std Dev  R lim Crit Exp Tot Moves  Alpha
      (sec)                                          (ns)       (ns)     (ns)                                                 
---- ------ ------- ------- ---------- ---------- ------- ---------- -------- ------- ------- ------ -------- --------- ------
   1    0.0 6.0e-04   0.927     415.38 nan            nan        nan      nan   0.670  0.0370   24.0     0.00      3918  1.000
   2    0.0 5.7e-04   0.954     373.99 nan            nan        nan      nan   0.645  0.0160   24.0     0.00      7836  0.950
   3    0.0 5.4e-04   0.955     347.47 nan            nan        nan      nan   0.637  0.0226   24.0     0.00     11754  0.950
   4    0.0 5.2e-04   0.967     327.09 nan            nan        nan      nan   0.614  0.0157   24.0     0.00     15672  0.950
   5    0.0 4.9e-04   0.976     311.26 nan            nan        nan      nan   0.606  0.0120   24.0     0.00     19590  0.950
   6    0.0 4.7e-04   0.988     303.12 nan            nan        nan      nan   0.596  0.0080   24.0     0.00     23508  0.950
   7    0.0 4.4e-04   0.983     297.22 nan            nan        nan      nan   0.595  0.0049   24.0     0.00     27426  0.950
   8    0.0 4.2e-04   0.980     291.56 nan            nan        nan      nan   0.557  0.0108   24.0     0.00     31344  0.950
   9    0.0 4.0e-04   0.996     286.57 nan            nan        nan      nan   0.551  0.0031   24.0     0.00     35262  0.950
  10    0.0 3.8e-04   0.994     283.05 nan            nan        nan      nan   0.548  0.0064   24.0     0.00     39180  0.950
  11    0.0 3.6e-04   0.984     276.68 nan            nan        nan      nan   0.519  0.0066   24.0     0.00     43098  0.950
  12    0.0 3.4e-04   0.996     272.78 nan            nan        nan      nan   0.511  0.0045   24.0     0.00     47016  0.950
  13    0.0 3.3e-04   0.985     269.67 nan            nan        nan      nan   0.507  0.0058   24.0     0.00     50934  0.950
  14    0.0 3.1e-04   0.989     264.52 nan            nan        nan      nan   0.470  0.0075   24.0     0.00     54852  0.950
  15    0.0 2.9e-04   0.985     259.71 nan            nan        nan      nan   0.480  0.0079   24.0     0.00     58770  0.950
  16    0.0 2.8e-04   1.001     257.08 nan            nan        nan      nan   0.491  0.0021   24.0     0.00     62688  0.950
  17    0.0 2.7e-04   0.995     255.37 nan            nan        nan      nan   0.456  0.0048   24.0     0.00     66606  0.950
  18    0.0 2.5e-04   0.986     249.94 nan            nan        nan      nan   0.442  0.0075   24.0     0.00     70524  0.950
  19    0.0 2.4e-04   0.994     246.68 nan            nan        nan      nan   0.416  0.0031   24.0     0.00     74442  0.950
  20    0.0 2.3e-04   0.991     245.11 nan            nan        nan      nan   0.426  0.0055   23.4     0.00     78360  0.950
  21    0.0 2.2e-04   0.993     241.54 nan            nan        nan      nan   0.409  0.0034   23.1     0.00     82278  0.950
  22    0.0 2.1e-04   0.992     240.52 nan            nan        nan      nan   0.415  0.0030   22.4     0.00     86196  0.950
  23    0.0 2.0e-04   0.994     238.57 nan            nan        nan      nan   0.389  0.0032   21.8     0.00     90114  0.950
  24    0.0 1.9e-04   0.996     236.79 nan            nan        nan      nan   0.393  0.0013   20.7     0.00     94032  0.950
  25    0.0 1.8e-04   0.997     235.68 nan            nan        nan      nan   0.387  0.0027   19.7     0.00     97950  0.950
  26    0.0 1.7e-04   0.994     233.40 nan            nan        nan      nan   0.378  0.0016   18.7     0.00    101868  0.950
  27    0.0 1.6e-04   0.994     231.99 nan            nan        nan      nan   0.363  0.0036   17.5     0.00    105786  0.950
  28    0.0 1.5e-04   0.999     230.53 nan            nan        nan      nan   0.356  0.0020   16.2     0.00    109704  0.950
  29    0.0 1.4e-04   0.999     229.23 nan            nan        nan      nan   0.363  0.0015   14.8     0.00    113622  0.950
  30    0.0 1.4e-04   0.998     228.61 nan            nan        nan      nan   0.357  0.0016   13.7     0.00    117540  0.950
  31    0.0 1.3e-04   0.997     227.33 nan            nan        nan      nan   0.342  0.0015   12.6     0.00    121458  0.950
  32    0.0 1.2e-04   0.996     225.83 nan            nan        nan      nan   0.339  0.0018   11.3     0.00    125376  0.950
  33    0.0 1.2e-04   0.999     225.19 nan            nan        nan      nan   0.331  0.0025   10.2     0.00    129294  0.950
  34    0.0 1.1e-04   0.997     223.77 nan            nan        nan      nan   0.317  0.0017    9.1     0.00    133212  0.950
  35    0.0 1.1e-04   0.998     223.08 nan            nan        nan      nan   0.334  0.0009    8.0     0.00    137130  0.950
  36    0.0 1.0e-04   0.998     222.21 nan            nan        nan      nan   0.328  0.0019    7.1     0.00    141048  0.950
  37    0.0 9.5e-05   1.001     221.19 nan            nan        nan      nan   0.318  0.0007    6.3     0.00    144966  0.950
  38    0.0 9.0e-05   0.997     220.54 nan            nan        nan      nan   0.334  0.0013    5.5     0.00    148884  0.950
  39    0.0 8.6e-05   0.996     219.71 nan            nan        nan      nan   0.336  0.0015    5.0     0.00    152802  0.950
  40    0.0 8.2e-05   0.999     218.93 nan            nan        nan      nan   0.323  0.0010    4.4     0.00    156720  0.950
  41    0.0 7.7e-05   0.998     218.02 nan            nan        nan      nan   0.316  0.0009    3.9     0.00    160638  0.950
  42    0.0 7.4e-05   0.996     216.95 nan            nan        nan      nan   0.372  0.0022    3.4     0.00    164556  0.950
  43    0.0 7.0e-05   0.994     215.27 nan            nan        nan      nan   0.362  0.0024    3.2     0.00    168474  0.950
  44    0.0 6.6e-05   0.995     213.50 nan            nan        nan      nan   0.409  0.0021    3.0     0.00    172392  0.950
  45    0.0 6.3e-05   0.997     212.16 nan            nan        nan      nan   0.383  0.0023    2.9     0.00    176310  0.950
  46    0.0 6.0e-05   0.996     210.78 nan            nan        nan      nan   0.364  0.0014    2.7     0.00    180228  0.950
  47    0.0 5.7e-05   0.996     209.52 nan            nan        nan      nan   0.355  0.0016    2.5     0.00    184146  0.950
  48    0.0 5.4e-05   0.997     208.25 nan            nan        nan      nan   0.339  0.0016    2.3     0.00    188064  0.950
  49    0.0 5.1e-05   0.997     207.30 nan            nan        nan      nan   0.346  0.0018    2.1     0.00    191982  0.950
  50    0.0 4.9e-05   0.996     205.76 nan            nan        nan      nan   0.325  0.0019    1.9     0.00    195900  0.950
  51    0.0 4.6e-05   0.998     204.45 nan            nan        nan      nan   0.297  0.0019    1.6     0.00    199818  0.950
  52    0.0 4.4e-05   0.999     203.67 nan            nan        nan      nan   0.291  0.0008    1.4     0.00    203736  0.950
  53    0.0 4.2e-05   1.000     203.40 nan            nan        nan      nan   0.277  0.0004    1.2     0.00    207654  0.950
  54    0.0 4.0e-05   0.999     203.08 nan            nan        nan      nan   0.239  0.0004    1.0     0.00    211572  0.950
  55    0.0 3.8e-05   0.999     202.86 nan            nan        nan      nan   0.252  0.0005    1.0     0.00    215490  0.950
  56    0.0 3.6e-05   0.999     202.64 nan            nan        nan      nan   0.240  0.0004    1.0     0.00    219408  0.950
  57    0.0 3.4e-05   0.999     202.34 nan            nan        nan      nan   0.224  0.0007    1.0     0.00    223326  0.950
  58    0.0 3.2e-05   0.999     201.97 nan            nan        nan      nan   0.206  0.0004    1.0     0.00    227244  0.950
  59    0.0 3.1e-05   1.000     201.90 nan            nan        nan      nan   0.212  0.0002    1.0     0.00    231162  0.950
  60    0.0 2.9e-05   0.999     201.75 nan            nan        nan      nan   0.198  0.0003    1.0     0.00    235080  0.950
  61    0.0 2.8e-05   1.000     201.62 nan            nan        nan      nan   0.208  0.0003    1.0     0.00    238998  0.950
  62    0.0 2.6e-05   1.000     201.46 nan            nan        nan      nan   0.194  0.0002    1.0     0.00    242916  0.950
  63    0.0 2.5e-05   1.000     201.47 nan            nan        nan      nan   0.212  0.0003    1.0     0.00    246834  0.950
  64    0.0 2.4e-05   0.999     201.12 nan            nan        nan      nan   0.193  0.0006    1.0     0.00    250752  0.950
  65    0.0 2.3e-05   0.999     200.80 nan            nan        nan      nan   0.183  0.0005    1.0     0.00    254670  0.950
  66    0.0 2.1e-05   1.000     200.51 nan            nan        nan      nan   0.180  0.0002    1.0     0.00    258588  0.950
  67    0.0 2.0e-05   1.000     200.43 nan            nan        nan      nan   0.174  0.0002    1.0     0.00    262506  0.950
  68    0.0 1.9e-05   0.999     200.28 nan            nan        nan      nan   0.172  0.0003    1.0     0.00    266424  0.950
  69    0.0 1.8e-05   1.000     200.19 nan            nan        nan      nan   0.175  0.0001    1.0     0.00    270342  0.950
  70    0.0 1.8e-05   1.000     200.08 nan            nan        nan      nan   0.174  0.0002    1.0     0.00    274260  0.950
  71    0.0 1.7e-05   1.000     200.02 nan            nan        nan      nan   0.147  0.0002    1.0     0.00    278178  0.950
  72    0.0 1.3e-05   1.000     200.06 nan            nan        nan      nan   0.168  0.0001    1.0     0.00    282096  0.800
  73    0.0 1.3e-05   1.000     200.03 nan            nan        nan      nan   0.154  0.0002    1.0     0.00    286014  0.950
  74    0.0 1.2e-05   1.000     199.93 nan            nan        nan      nan   0.156  0.0001    1.0     0.00    289932  0.950
  75    0.0 1.1e-05   1.000     199.89 nan            nan        nan      nan   0.156  0.0001    1.0     0.00    293850  0.950
  76    0.0 1.1e-05   1.000     199.86 nan            nan        nan      nan   0.161  0.0000    1.0     0.00    297768  0.950
  77    0.0 1.0e-05   1.000     199.88 nan            nan        nan      nan   0.157  0.0001    1.0     0.00    301686  0.950
  78    0.0 9.8e-06   1.000     199.85 nan            nan        nan      nan   0.143  0.0000    1.0     0.00    305604  0.950
  79    0.0 7.8e-06   1.000     199.83 nan            nan        nan      nan   0.145  0.0000    1.0     0.00    309522  0.800
  80    0.0 6.3e-06   1.000     199.79 nan            nan        nan      nan   0.150  0.0001    1.0     0.00    313440  0.800
  81    0.0 5.0e-06   1.000     199.76 nan            nan        nan      nan   0.154  0.0000    1.0     0.00    317358  0.800
  82    0.0 4.8e-06   1.000     199.76 nan            nan        nan      nan   0.162  0.0000    1.0     0.00    321276  0.950
  83    0.0 4.5e-06   1.000     199.73 nan            nan        nan      nan   0.148  0.0001    1.0     0.00    325194  0.950
  84    0.0 3.6e-06   1.000     199.70 nan            nan        nan      nan   0.145  0.0000    1.0     0.00    329112  0.800
  85    0.0 2.9e-06   1.000     199.70 nan            nan        nan      nan   0.145  0.0000    1.0     0.00    333030  0.800
  86    0.0 2.3e-06   1.000     199.70 nan            nan        nan      nan   0.156  0.0000    1.0     0.00    336948  0.800
  87    0.0 0.0e+00   1.000     199.70 nan            nan        nan      nan   0.104  0.0000    1.0     0.00    340866  0.950
## Placement Quench took 0.01 seconds (max_rss 315.3 MiB)

BB estimate of min-dist (placement) wire length: 19970

Completed placement consistency check successfully.

Swaps called: 341699

Aborted Move Reasons:
  No moves aborted
Placement cost: 1, bb_cost: 199.697, td_cost: nan, 

Placement resource usage:
  io     implemented as io    : 467
  clb    implemented as clb   : 365
  memory implemented as memory: 1

Placement number of temperatures: 87
Placement total # of swap attempts: 341699
	Swaps accepted: 111141 (32.5 %)
	Swaps rejected: 215280 (63.0 %)
	Swaps aborted:  15278 ( 4.5 %)


Placement perturbation distribution by block and move type: 
------------------ ----------------- ---------------- ---------------- --------------- ------------ 
    Block Type         Move Type       (%) of Total      Accepted(%)     Rejected(%)    Aborted(%)
------------------ ----------------- ---------------- ---------------- --------------- ------------ 
io                 Uniform                24.90            31.65           68.35          0.00         
                   Median                 27.77            40.99           51.81          7.20         
                   Centroid               27.65            41.32           52.00          6.68         

clb                Uniform                0.63             11.60           88.40          0.00         
                   Median                 11.44            10.42           85.56          4.02         
                   Centroid               7.50             7.62            90.18          2.19         

memory             Uniform                0.04             0.00            100.00         0.00         
                   Median                 0.04             1.46            98.54          0.00         
                   Centroid               0.04             0.82            99.18          0.00         


Placement Quench timing analysis took 0 seconds (0 STA, 0 slack) (0 full updates: 0 setup, 0 hold, 0 combined).
Placement Total  timing analysis took 0 seconds (0 STA, 0 slack) (0 full updates: 0 setup, 0 hold, 0 combined).
update_td_costs: connections 0 nets 0 sum_nets 0 total 0
# Placement took 0.39 seconds (max_rss 315.3 MiB, delta_rss +0.0 MiB)

Flow timing analysis took 0.00305046 seconds (0.00250231 STA, 0.000548148 slack) (1 full updates: 1 setup, 0 hold, 0 combined).
VPR succeeded
The entire flow of VPR took 1.52 seconds (max_rss 315.3 MiB)
