VPR FPGA Placement and Routing.
Version: 9.0.0-dev+v8.0.0-11943-g8cb20aa52
Revision: v8.0.0-11943-g8cb20aa52
Compiled: 2025-11-06T23:45:49
Compiler: GNU 13.3.0 on Linux-6.6.87.2-microsoft-standard-WSL2 x86_64
Build Info: release IPO VTR_ASSERT_LEVEL=2

University of Toronto
verilogtorouting.org
vtr-users@googlegroups.com
This is free open source code under MIT license.

Warning 1: To use RLPlace for WLdriven placements, the reward function should be basic or nonPenalizing_basic.
you can specify the reward function using --place_reward_fun.
Setting the placement reward function to "basic"
VPR was run with the following command-line:
./vtr-verilog-to-routing/vpr/vpr k6_N10_mem32K_40nm.xml or1200.blif --pack --place --place_algorithm bounding_box --seed 1


Architecture file: k6_N10_mem32K_40nm.xml
Circuit name: or1200

# Loading Architecture Description
# Loading Architecture Description took 0.00 seconds (max_rss 315.3 MiB, delta_rss +0.0 MiB)

Timing analysis: ON
Circuit netlist file: or1200.net
Circuit placement file: or1200.place
Circuit routing file: or1200.route
Circuit SDC file: or1200.sdc
Vpr floorplanning constraints file: not specified

Packer: ENABLED
Placer: ENABLED
Analytical Placer: DISABLED
Router: DISABLED
Analysis: DISABLED

VPR was run with the following options:

NetlistOpts.absorb_buffer_luts            : true
NetlistOpts.sweep_dangling_primary_ios    : true
NetlistOpts.sweep_dangling_nets           : true
NetlistOpts.sweep_dangling_blocks         : true
NetlistOpts.sweep_constant_primary_outputs: false
NetlistOpts.netlist_verbosity             : 1
NetlistOpts.const_gen_inference           : COMB_SEQ

PackerOpts.allow_unrelated_clustering: auto
PackerOpts.alpha_clustering: 0.750000
PackerOpts.beta_clustering: 0.900000
PackerOpts.cluster_seed_type: BLEND2
PackerOpts.connection_driven: true
PackerOpts.global_clocks: true
PackerOpts.inter_cluster_net_delay: 1.000000
PackerOpts.timing_driven: true
PackerOpts.target_external_pin_util: auto

PlacerOpts.place_freq: PLACE_ONCE
PlacerOpts.place_algorithm: BOUNDING_BOX_PLACE
PlacerOpts.pad_loc_type: FREE
PlacerOpts.constraints_file: No constraints file given
PlacerOpts.place_chan_width: 100
PlacerOpts.rlim_escape_fraction: 0.000000
PlacerOpts.move_stats_file: 
PlacerOpts.placement_saves_per_temperature: 0
PlacerOpts.effort_scaling: CIRCUIT
PlacerOpts.place_delta_delay_matrix_calculation_method: ASTAR_ROUTE
PlaceOpts.seed: 1
AnnealSched.type: AUTO_SCHED
AnnealSched.inner_num: 0.500000

# Building complex block graph
Warning 2: io[0].clock[0] unconnected pin in architecture.
# Building complex block graph took 0.01 seconds (max_rss 315.3 MiB, delta_rss +0.0 MiB)
Circuit file: or1200.blif
# Load circuit
Found constant-one generator 'top^icpu_sel_o~0'
Found constant-one generator 'top^icpu_sel_o~1'
Found constant-one generator 'top^icpu_sel_o~2'
Found constant-one generator 'top^icpu_sel_o~3'
Found constant-one generator 'top^icpu_tag_o~0'
Found constant-zero generator 'top^icpu_tag_o~1'
Found constant-zero generator 'top^icpu_tag_o~2'
Found constant-zero generator 'top^icpu_tag_o~3'
Found constant-zero generator 'top^du_except~2'
Found constant-zero generator 'top^dcpu_tag_o~1'
Found constant-zero generator 'top^dcpu_tag_o~2'
Found constant-zero generator 'top^dcpu_tag_o~3'
Found constant-zero generator 'unconn'
Found constant-zero generator 'gnd'
# Load circuit took 0.04 seconds (max_rss 315.3 MiB, delta_rss +0.0 MiB)
# Clean circuit
Absorbed 81 LUT buffers
Inferred    0 additional primitive pins as constant generators since they have no combinationally connected inputs
Inferred    0 additional primitive pins as constant generators due to constant inputs
Inferred    0 additional primitive pins as constant generators since they have no combinationally connected inputs
Inferred    0 additional primitive pins as constant generators due to constant inputs
Inferred    0 additional primitive pins as constant generators since they have no combinationally connected inputs
Inferred    0 additional primitive pins as constant generators due to constant inputs
Swept input(s)      : 3
Swept output(s)     : 0 (0 dangling, 0 constant)
Swept net(s)        : 75
Swept block(s)      : 0
Constant Pins Marked: 0
# Clean circuit took 0.00 seconds (max_rss 315.3 MiB, delta_rss +0.0 MiB)
# Compress circuit
# Compress circuit took 0.00 seconds (max_rss 315.3 MiB, delta_rss +0.0 MiB)
# Verify circuit
# Verify circuit took 0.00 seconds (max_rss 315.3 MiB, delta_rss +0.0 MiB)
Circuit Statistics:
  Blocks: 4589
    .input       :     385
    .latch       :     691
    .names       :    3054
        0-LUT:      13
        2-LUT:     157
        3-LUT:     556
        4-LUT:     405
        5-LUT:     656
        6-LUT:    1267
    .output      :     394
    dual_port_ram:      64
    multiply     :       1
  Nets  : 4258
    Avg Fanout:     4.1
    Max Fanout:   755.0
    Min Fanout:     1.0
  Netlist Clocks: 1
# Build Timing Graph
  Timing Graph Nodes: 21542
  Timing Graph Edges: 38206
  Timing Graph Levels: 58
# Build Timing Graph took 0.01 seconds (max_rss 315.3 MiB, delta_rss +0.0 MiB)
Netlist contains 1 clocks
  Netlist Clock 'top^clk' Fanout: 755 pins (3.5%), 755 blocks (16.5%)
# Load Timing Constraints

SDC file 'or1200.sdc' not found
Setting default timing constraints:
   * constrain all primay inputs and primary outputs on netlist clock 'top^clk'
   * optimize netlist clock to run as fast as possible
Timing constraints created 1 clocks
  Constrained Clock 'top^clk' Source: 'top^clk.inpad[0]'

# Load Timing Constraints took 0.00 seconds (max_rss 315.3 MiB, delta_rss +0.0 MiB)
# Packing
Begin packing 'or1200.blif'.

After removing unused inputs...
	total blocks: 4589, total nets: 4258, total inputs: 385, total outputs: 394
Begin prepacking.
0 attraction groups were created during prepacking.
Finish prepacking.
Using inter-cluster delay: 1.33777e-09
Packing with pin utilization targets: io:1,1 clb:0.8,0.6 mult_36:1,1 memory:1,1
Packing with high fanout thresholds: io:128 clb:32 mult_36:128 memory:128
Starting Clustering - Clustering Progress: 
-------------------   --------------------------   ---------
Molecules processed   Number of clusters created   FPGA size
-------------------   --------------------------   ---------
   162/3898      4%                           13    12 x 12    
   321/3898      8%                           29    12 x 12    
   481/3898     12%                           45    12 x 12    
   637/3898     16%                           61    12 x 12    
   794/3898     20%                           77    13 x 13    
   957/3898     24%                           94    14 x 14    
  1112/3898     28%                          110    14 x 14    
  1274/3898     32%                          127    15 x 15    
  1432/3898     36%                          143    16 x 16    
  1587/3898     40%                          159    17 x 17    
  1744/3898     44%                          176    18 x 18    
  1906/3898     48%                          195    18 x 18    
  2061/3898     52%                          212    19 x 19    
  2222/3898     57%                          230    20 x 20    
  2382/3898     61%                          250    21 x 21    
  2540/3898     65%                          269    21 x 21    
  2698/3898     69%                          294    22 x 22    
  2853/3898     73%                          326    23 x 23    
  3012/3898     77%                          354    23 x 23    
  3167/3898     81%                          416    24 x 24    
  3322/3898     85%                          571    25 x 25    
  3477/3898     89%                          726    25 x 25    
  3632/3898     93%                          881    25 x 25    
  3787/3898     97%                         1036    25 x 25    
  3898/3898    100%                         1147    27 x 27    

Logic Element (fle) detailed count:
  Total number of Logic Elements used : 3054
  LEs used for logic and registers    : 691
  LEs used for logic only             : 2363
  LEs used for registers only         : 0

Incr Slack updates 1 in 0.000187547 sec
Full Max Req/Worst Slack updates 1 in 1.8463e-05 sec
Incr Max Req/Worst Slack updates 0 in 0 sec
Incr Criticality updates 0 in 0 sec
Full Criticality updates 1 in 0.00024906 sec
FPGA sized to 27 x 27 (auto)
Device Utilization: 0.66 (target 1.00)
	Block Utilization: 0.97 Type: io
	Block Utilization: 0.77 Type: clb
	Block Utilization: 0.06 Type: mult_36
	Block Utilization: 0.17 Type: memory

Start the iterative improvement process
the iterative improvement process is done
Final Clustering Statistics: 
----------   --------   ------------------------------------   --------------------------
Block Type   # Blocks   Avg. # of input clocks and pins used   Avg. # of output pins used
----------   --------   ------------------------------------   --------------------------
     EMPTY          0                                      0                            0   
        io        779                               0.505777                     0.494223   
       clb        365                                21.9452                      5.07397   
   mult_36          1                                     64                           64   
    memory          2                                     77                           32   
Absorbed logical nets 1893 out of 4258 nets, 2365 nets not absorbed.

Netlist conversion complete.

# Packing took 0.70 seconds (max_rss 315.3 MiB, delta_rss +0.0 MiB)
# Load packing
Begin loading packed FPGA netlist file.
Netlist generated from file 'or1200.net'.
Detected 13 constant generators (to see names run with higher pack verbosity)
Finished loading packed FPGA netlist file (took 0.160228 seconds).
Warning 3: Treated 13 constant nets as global which will not be routed (to see net names increase packer verbosity).
Warning 4: Netlist contains 79 global net to non-global architecture pin connections
Warning 5: Logic block #440 (top^icpu_sel_o~0) has only 1 output pin 'top^icpu_sel_o~0.O[9]'. It may be a constant generator.
Warning 6: Logic block #441 (top^icpu_sel_o~1) has only 1 output pin 'top^icpu_sel_o~1.O[9]'. It may be a constant generator.
Warning 7: Logic block #442 (top^icpu_sel_o~2) has only 1 output pin 'top^icpu_sel_o~2.O[9]'. It may be a constant generator.
Warning 8: Logic block #443 (top^icpu_sel_o~3) has only 1 output pin 'top^icpu_sel_o~3.O[9]'. It may be a constant generator.
Warning 9: Logic block #444 (top^icpu_tag_o~0) has only 1 output pin 'top^icpu_tag_o~0.O[9]'. It may be a constant generator.
Warning 10: Logic block #445 (top^icpu_tag_o~1) has only 1 output pin 'top^icpu_tag_o~1.O[9]'. It may be a constant generator.
Warning 11: Logic block #446 (top^icpu_tag_o~2) has only 1 output pin 'top^icpu_tag_o~2.O[9]'. It may be a constant generator.
Warning 12: Logic block #447 (top^icpu_tag_o~3) has only 1 output pin 'top^icpu_tag_o~3.O[9]'. It may be a constant generator.
Warning 13: Logic block #448 (top^du_except~2) has only 1 output pin 'top^du_except~2.O[9]'. It may be a constant generator.
Warning 14: Logic block #449 (top^dcpu_tag_o~1) has only 1 output pin 'top^dcpu_tag_o~1.O[9]'. It may be a constant generator.
Warning 15: Logic block #450 (top^dcpu_tag_o~2) has only 1 output pin 'top^dcpu_tag_o~2.O[9]'. It may be a constant generator.
Warning 16: Logic block #451 (top^dcpu_tag_o~3) has only 1 output pin 'top^dcpu_tag_o~3.O[9]'. It may be a constant generator.
Warning 17: Logic block #452 (gnd) has only 1 output pin 'gnd.O[9]'. It may be a constant generator.
Completed clustering consistency check successfully.
Cluster level netlist and block usage statistics
Netlist num_nets: 2365
Netlist num_blocks: 1147
Netlist EMPTY blocks: 0.
Netlist io blocks: 779.
Netlist clb blocks: 365.
Netlist mult_36 blocks: 1.
Netlist memory blocks: 2.
Netlist inputs pins: 385
Netlist output pins: 394

Pb types usage...
  io                   : 779
   inpad               : 385
   outpad              : 394
  clb                  : 365
   fle                 : 3054
    ble6               : 3054
     lut6              : 3054
      lut              : 3054
     ff                : 691
  mult_36              : 1
   mult_36x36_slice    : 1
    mult_36x36         : 1
  memory               : 2
   mem_1024x32_dp      : 2
    memory_slice       : 64

# Load packing took 0.24 seconds (max_rss 315.3 MiB, delta_rss +0.0 MiB)
# Create Device
## Build Device Grid
FPGA sized to 27 x 27: 729 grid tiles (auto)

Resource usage...
	Netlist
		779	blocks of type: io
	Architecture
		800	blocks of type: io
	Netlist
		365	blocks of type: clb
	Architecture
		475	blocks of type: clb
	Netlist
		1	blocks of type: mult_36
	Architecture
		18	blocks of type: mult_36
	Netlist
		2	blocks of type: memory
	Architecture
		12	blocks of type: memory

Device Utilization: 0.66 (target 1.00)
	Physical Tile io:
	Block Utilization: 0.97 Logical Block: io
	Physical Tile clb:
	Block Utilization: 0.77 Logical Block: clb
	Physical Tile mult_36:
	Block Utilization: 0.06 Logical Block: mult_36
	Physical Tile memory:
	Block Utilization: 0.17 Logical Block: memory

FPGA size limited by block type(s): io

## Build Device Grid took 0.00 seconds (max_rss 315.3 MiB, delta_rss +0.0 MiB)
## Build routing resource graph
## Build routing resource graph took 0.25 seconds (max_rss 315.3 MiB, delta_rss +0.0 MiB)
  RR Graph Nodes: 75898
  RR Graph Edges: 693657
# Create Device took 0.27 seconds (max_rss 315.3 MiB, delta_rss +0.0 MiB)


Bounding box mode is Cube

# Compressed grid construction
# Compressed grid construction took 0.00 seconds (max_rss 315.3 MiB, delta_rss +0.0 MiB)
# Placement
## Initial Placement
Initial placement iteration 0 has finished successfully
## Initial Placement took 0.00 seconds (max_rss 315.3 MiB, delta_rss +0.0 MiB)
Using simple RL 'Softmax agent' for choosing move and block types

BB estimate of min-dist (placement) wire length: 70692

Completed placement consistency check successfully.
Initial placement cost: 1 bb_cost: 706.919 td_cost: nan
Placement contains 0 placement macros involving 0 blocks (average macro size -nan)

Moves per temperature: 6001
Warning 18: Starting t: 475 of 1147 configurations accepted.

---- ------ ------- ------- ---------- ---------- ------- ---------- -------- ------- ------- ------ -------- --------- ------
Tnum   Time       T Av Cost Av BB Cost Av TD Cost     CPD       sTNS     sWNS Ac Rate Std Dev  R lim Crit Exp Tot Moves  Alpha
      (sec)                                          (ns)       (ns)     (ns)                                                 
---- ------ ------- ------- ---------- ---------- ------- ---------- -------- ------- ------- ------ -------- --------- ------
   1    0.0 4.7e-04   0.958     606.75 nan            nan        nan      nan   0.701  0.0208   26.0     0.00      6001  1.000
   2    0.0 4.4e-04   0.967     565.69 nan            nan        nan      nan   0.684  0.0151   26.0     0.00     12002  0.950
   3    0.0 4.2e-04   0.981     543.32 nan            nan        nan      nan   0.672  0.0088   26.0     0.00     18003  0.950
   4    0.0 4.0e-04   0.980     521.77 nan            nan        nan      nan   0.664  0.0062   26.0     0.00     24004  0.950
   5    0.0 3.8e-04   0.984     508.87 nan            nan        nan      nan   0.656  0.0100   26.0     0.00     30005  0.950
   6    0.0 3.6e-04   0.987     497.90 nan            nan        nan      nan   0.660  0.0066   26.0     0.00     36006  0.950
   7    0.0 3.4e-04   0.989     486.59 nan            nan        nan      nan   0.637  0.0037   26.0     0.00     42007  0.950
   8    0.0 3.3e-04   0.988     477.27 nan            nan        nan      nan   0.634  0.0047   26.0     0.00     48008  0.950
   9    0.0 3.1e-04   0.995     473.33 nan            nan        nan      nan   0.610  0.0031   26.0     0.00     54009  0.950
  10    0.0 2.9e-04   0.993     471.27 nan            nan        nan      nan   0.610  0.0036   26.0     0.00     60010  0.950
  11    0.0 2.8e-04   0.997     465.98 nan            nan        nan      nan   0.597  0.0052   26.0     0.00     66011  0.950
  12    0.0 2.7e-04   0.987     457.42 nan            nan        nan      nan   0.584  0.0034   26.0     0.00     72012  0.950
  13    0.0 2.5e-04   0.983     449.91 nan            nan        nan      nan   0.568  0.0056   26.0     0.00     78013  0.950
  14    0.0 2.4e-04   0.993     444.11 nan            nan        nan      nan   0.538  0.0032   26.0     0.00     84014  0.950
  15    0.0 2.3e-04   1.000     442.14 nan            nan        nan      nan   0.521  0.0026   26.0     0.00     90015  0.950
  16    0.0 2.2e-04   0.997     438.61 nan            nan        nan      nan   0.508  0.0047   26.0     0.00     96016  0.950
  17    0.0 2.1e-04   0.995     431.02 nan            nan        nan      nan   0.489  0.0029   26.0     0.00    102017  0.950
  18    0.0 2.0e-04   1.001     428.46 nan            nan        nan      nan   0.470  0.0019   26.0     0.00    108018  0.950
  19    0.0 1.9e-04   0.997     425.95 nan            nan        nan      nan   0.461  0.0043   26.0     0.00    114019  0.950
  20    0.0 1.8e-04   0.996     421.04 nan            nan        nan      nan   0.435  0.0049   26.0     0.00    120020  0.950
  21    0.0 1.7e-04   0.994     414.48 nan            nan        nan      nan   0.419  0.0038   25.9     0.00    126021  0.950
  22    0.0 1.6e-04   0.996     410.55 nan            nan        nan      nan   0.407  0.0046   25.3     0.00    132022  0.950
  23    0.0 1.5e-04   1.001     407.00 nan            nan        nan      nan   0.388  0.0022   24.5     0.00    138023  0.950
  24    0.0 1.4e-04   0.991     401.54 nan            nan        nan      nan   0.370  0.0038   23.2     0.00    144024  0.950
  25    0.0 1.4e-04   0.999     399.27 nan            nan        nan      nan   0.370  0.0012   21.6     0.00    150025  0.950
  26    0.0 1.3e-04   0.997     399.01 nan            nan        nan      nan   0.378  0.0022   20.1     0.00    156026  0.950
  27    0.0 1.2e-04   0.995     395.37 nan            nan        nan      nan   0.359  0.0017   18.9     0.00    162027  0.950
  28    0.0 1.2e-04   0.996     393.70 nan            nan        nan      nan   0.363  0.0034   17.3     0.00    168028  0.950
  29    0.0 1.1e-04   0.996     390.03 nan            nan        nan      nan   0.348  0.0033   16.0     0.00    174029  0.950
  30    0.0 1.1e-04   0.998     386.37 nan            nan        nan      nan   0.332  0.0013   14.5     0.00    180030  0.950
  31    0.0 1.0e-04   1.001     386.87 nan            nan        nan      nan   0.350  0.0017   13.0     0.00    186031  0.950
  32    0.0 9.5e-05   0.996     384.06 nan            nan        nan      nan   0.336  0.0014   11.8     0.00    192032  0.950
  33    0.0 9.1e-05   0.992     381.85 nan            nan        nan      nan   0.336  0.0029   10.6     0.00    198033  0.950
  34    0.0 8.6e-05   0.997     380.19 nan            nan        nan      nan   0.335  0.0025    9.5     0.00    204034  0.950
  35    0.0 8.2e-05   0.999     378.96 nan            nan        nan      nan   0.329  0.0004    8.5     0.00    210035  0.950
  36    0.0 7.8e-05   0.995     377.25 nan            nan        nan      nan   0.319  0.0016    7.5     0.00    216036  0.950
  37    0.0 7.4e-05   0.999     375.56 nan            nan        nan      nan   0.326  0.0007    6.6     0.00    222037  0.950
  38    0.0 7.0e-05   0.998     374.29 nan            nan        nan      nan   0.335  0.0019    5.9     0.00    228038  0.950
  39    0.0 6.7e-05   0.998     372.03 nan            nan        nan      nan   0.315  0.0010    5.2     0.00    234039  0.950
  40    0.0 6.3e-05   0.999     371.52 nan            nan        nan      nan   0.314  0.0005    4.6     0.00    240040  0.950
  41    0.0 6.0e-05   0.999     371.24 nan            nan        nan      nan   0.307  0.0012    4.0     0.00    246041  0.950
  42    0.0 5.7e-05   0.994     368.29 nan            nan        nan      nan   0.415  0.0030    3.5     0.00    252042  0.950
  43    0.0 5.4e-05   0.998     366.34 nan            nan        nan      nan   0.404  0.0014    3.4     0.00    258043  0.950
  44    0.0 5.2e-05   0.997     364.06 nan            nan        nan      nan   0.399  0.0015    3.3     0.00    264044  0.950
  45    0.0 4.9e-05   0.999     362.93 nan            nan        nan      nan   0.380  0.0007    3.1     0.00    270045  0.950
  46    0.0 4.6e-05   0.996     361.14 nan            nan        nan      nan   0.420  0.0018    2.9     0.00    276046  0.950
  47    0.0 4.4e-05   0.999     359.89 nan            nan        nan      nan   0.418  0.0013    2.9     0.00    282047  0.950
  48    0.0 4.2e-05   0.998     357.94 nan            nan        nan      nan   0.405  0.0012    2.8     0.00    288048  0.950
  49    0.0 4.0e-05   0.998     356.51 nan            nan        nan      nan   0.398  0.0013    2.7     0.00    294049  0.950
  50    0.0 3.8e-05   0.998     355.13 nan            nan        nan      nan   0.373  0.0006    2.6     0.00    300050  0.950
  51    0.0 3.6e-05   0.999     354.18 nan            nan        nan      nan   0.374  0.0010    2.4     0.00    306051  0.950
  52    0.0 3.4e-05   1.000     353.28 nan            nan        nan      nan   0.361  0.0006    2.3     0.00    312052  0.950
  53    0.0 3.2e-05   0.999     352.62 nan            nan        nan      nan   0.346  0.0006    2.1     0.00    318053  0.950
  54    0.0 3.1e-05   0.998     351.44 nan            nan        nan      nan   0.362  0.0009    1.9     0.00    324054  0.950
  55    0.0 2.9e-05   0.999     350.76 nan            nan        nan      nan   0.342  0.0007    1.7     0.00    330055  0.950
  56    0.0 2.8e-05   1.000     350.14 nan            nan        nan      nan   0.322  0.0005    1.6     0.00    336056  0.950
  57    0.0 2.6e-05   0.999     349.49 nan            nan        nan      nan   0.324  0.0003    1.4     0.00    342057  0.950
  58    0.0 2.5e-05   0.999     349.17 nan            nan        nan      nan   0.323  0.0005    1.2     0.00    348058  0.950
  59    0.0 2.4e-05   0.999     348.85 nan            nan        nan      nan   0.310  0.0003    1.1     0.00    354059  0.950
  60    0.0 2.3e-05   1.000     348.73 nan            nan        nan      nan   0.314  0.0002    1.0     0.00    360060  0.950
  61    0.0 2.2e-05   1.000     348.57 nan            nan        nan      nan   0.310  0.0002    1.0     0.00    366061  0.950
  62    0.0 2.0e-05   1.000     348.35 nan            nan        nan      nan   0.281  0.0004    1.0     0.00    372062  0.950
  63    0.0 1.9e-05   0.999     347.99 nan            nan        nan      nan   0.294  0.0003    1.0     0.00    378063  0.950
  64    0.0 1.8e-05   1.000     347.83 nan            nan        nan      nan   0.284  0.0003    1.0     0.00    384064  0.950
  65    0.0 1.8e-05   0.999     347.59 nan            nan        nan      nan   0.270  0.0005    1.0     0.00    390065  0.950
  66    0.0 1.7e-05   0.999     347.09 nan            nan        nan      nan   0.272  0.0002    1.0     0.00    396066  0.950
  67    0.0 1.6e-05   0.999     346.88 nan            nan        nan      nan   0.257  0.0002    1.0     0.00    402067  0.950
  68    0.0 1.5e-05   1.000     346.76 nan            nan        nan      nan   0.253  0.0001    1.0     0.00    408068  0.950
  69    0.0 1.4e-05   1.000     346.77 nan            nan        nan      nan   0.250  0.0001    1.0     0.00    414069  0.950
  70    0.0 1.4e-05   1.000     346.86 nan            nan        nan      nan   0.251  0.0001    1.0     0.00    420070  0.950
  71    0.0 1.3e-05   1.000     346.78 nan            nan        nan      nan   0.246  0.0001    1.0     0.00    426071  0.950
  72    0.0 1.2e-05   1.000     346.59 nan            nan        nan      nan   0.233  0.0001    1.0     0.00    432072  0.950
  73    0.0 1.2e-05   1.000     346.51 nan            nan        nan      nan   0.240  0.0001    1.0     0.00    438073  0.950
  74    0.0 1.1e-05   1.000     346.40 nan            nan        nan      nan   0.220  0.0001    1.0     0.00    444074  0.950
  75    0.0 1.1e-05   1.000     346.28 nan            nan        nan      nan   0.232  0.0001    1.0     0.00    450075  0.950
  76    0.0 1.0e-05   1.000     346.15 nan            nan        nan      nan   0.220  0.0002    1.0     0.00    456076  0.950
  77    0.0 9.5e-06   1.000     346.06 nan            nan        nan      nan   0.225  0.0002    1.0     0.00    462077  0.950
  78    0.0 9.0e-06   1.000     345.88 nan            nan        nan      nan   0.220  0.0001    1.0     0.00    468078  0.950
  79    0.0 8.6e-06   1.000     345.84 nan            nan        nan      nan   0.202  0.0000    1.0     0.00    474079  0.950
  80    0.0 8.1e-06   1.000     345.78 nan            nan        nan      nan   0.206  0.0001    1.0     0.00    480080  0.950
  81    0.0 7.7e-06   1.000     345.72 nan            nan        nan      nan   0.213  0.0001    1.0     0.00    486081  0.950
  82    0.0 7.3e-06   1.000     345.61 nan            nan        nan      nan   0.207  0.0001    1.0     0.00    492082  0.950
  83    0.0 7.0e-06   1.000     345.57 nan            nan        nan      nan   0.195  0.0001    1.0     0.00    498083  0.950
  84    0.0 6.6e-06   1.000     345.52 nan            nan        nan      nan   0.187  0.0000    1.0     0.00    504084  0.950
  85    0.0 6.3e-06   1.000     345.52 nan            nan        nan      nan   0.205  0.0001    1.0     0.00    510085  0.950
  86    0.0 6.0e-06   1.000     345.46 nan            nan        nan      nan   0.206  0.0000    1.0     0.00    516086  0.950
  87    0.0 5.7e-06   1.000     345.41 nan            nan        nan      nan   0.186  0.0000    1.0     0.00    522087  0.950
  88    0.0 5.4e-06   1.000     345.38 nan            nan        nan      nan   0.197  0.0000    1.0     0.00    528088  0.950
  89    0.0 5.1e-06   1.000     345.40 nan            nan        nan      nan   0.184  0.0000    1.0     0.00    534089  0.950
  90    0.0 4.9e-06   1.000     345.36 nan            nan        nan      nan   0.193  0.0000    1.0     0.00    540090  0.950
  91    0.0 4.6e-06   1.000     345.35 nan            nan        nan      nan   0.190  0.0000    1.0     0.00    546091  0.950
  92    0.0 4.4e-06   1.000     345.34 nan            nan        nan      nan   0.194  0.0000    1.0     0.00    552092  0.950
  93    0.0 4.2e-06   1.000     345.32 nan            nan        nan      nan   0.193  0.0000    1.0     0.00    558093  0.950
  94    0.0 4.0e-06   1.000     345.31 nan            nan        nan      nan   0.198  0.0000    1.0     0.00    564094  0.950
  95    0.0 3.8e-06   1.000     345.25 nan            nan        nan      nan   0.189  0.0001    1.0     0.00    570095  0.950
  96    0.0 3.6e-06   1.000     345.19 nan            nan        nan      nan   0.191  0.0000    1.0     0.00    576096  0.950
  97    0.0 3.4e-06   1.000     345.16 nan            nan        nan      nan   0.173  0.0000    1.0     0.00    582097  0.950
  98    0.0 3.2e-06   1.000     345.15 nan            nan        nan      nan   0.188  0.0000    1.0     0.00    588098  0.950
  99    0.0 3.1e-06   1.000     345.13 nan            nan        nan      nan   0.182  0.0000    1.0     0.00    594099  0.950
 100    0.0 2.9e-06   1.000     345.13 nan            nan        nan      nan   0.183  0.0000    1.0     0.00    600100  0.950
 101    0.0 2.8e-06   1.000     345.13 nan            nan        nan      nan   0.186  0.0000    1.0     0.00    606101  0.950
 102    0.0 2.6e-06   1.000     345.12 nan            nan        nan      nan   0.184  0.0000    1.0     0.00    612102  0.950
 103    0.0 2.5e-06   1.000     345.10 nan            nan        nan      nan   0.177  0.0000    1.0     0.00    618103  0.950
 104    0.0 2.4e-06   1.000     345.05 nan            nan        nan      nan   0.184  0.0000    1.0     0.00    624104  0.950
 105    0.0 2.3e-06   1.000     345.04 nan            nan        nan      nan   0.184  0.0000    1.0     0.00    630105  0.950
 106    0.0 2.1e-06   1.000     345.02 nan            nan        nan      nan   0.176  0.0000    1.0     0.00    636106  0.950
 107    0.0 0.0e+00   1.000     345.02 nan            nan        nan      nan   0.085  0.0000    1.0     0.00    642107  0.950
## Placement Quench took 0.01 seconds (max_rss 315.3 MiB)

BB estimate of min-dist (placement) wire length: 34501

Completed placement consistency check successfully.

Swaps called: 643254

Aborted Move Reasons:
  No moves aborted
Placement cost: 0.999986, bb_cost: 345.013, td_cost: nan, 

Placement resource usage:
  io      implemented as io     : 779
  clb     implemented as clb    : 365
  mult_36 implemented as mult_36: 1
  memory  implemented as memory : 2

Placement number of temperatures: 107
Placement total # of swap attempts: 643254
	Swaps accepted: 216661 (33.7 %)
	Swaps rejected: 396642 (61.7 %)
	Swaps aborted:  29951 ( 4.7 %)


Placement perturbation distribution by block and move type: 
------------------ ----------------- ---------------- ---------------- --------------- ------------ 
    Block Type         Move Type       (%) of Total      Accepted(%)     Rejected(%)    Aborted(%)
------------------ ----------------- ---------------- ---------------- --------------- ------------ 
io                 Uniform                26.55            37.94           62.06          0.00         
                   Median                 27.40            39.33           51.16          9.51         
                   Centroid               27.20            41.16           53.05          5.79         

clb                Uniform                3.42             5.74            94.26          0.00         
                   Median                 8.82             9.90            85.01          5.09         
                   Centroid               6.40             8.77            90.81          0.42         

mult_36            Uniform                0.02             0.00            100.00         0.00         
                   Median                 0.02             0.68            99.32          0.00         
                   Centroid               0.03             0.00            100.00         0.00         

memory             Uniform                0.05             0.34            99.66          0.00         
                   Median                 0.04             0.35            99.65          0.00         
                   Centroid               0.05             0.33            99.67          0.00         


Placement Quench timing analysis took 0 seconds (0 STA, 0 slack) (0 full updates: 0 setup, 0 hold, 0 combined).
Placement Total  timing analysis took 0 seconds (0 STA, 0 slack) (0 full updates: 0 setup, 0 hold, 0 combined).
update_td_costs: connections 0 nets 0 sum_nets 0 total 0
# Placement took 0.82 seconds (max_rss 315.3 MiB, delta_rss +0.0 MiB)

Flow timing analysis took 0.00409092 seconds (0.00358029 STA, 0.000510632 slack) (1 full updates: 1 setup, 0 hold, 0 combined).
VPR succeeded
The entire flow of VPR took 2.10 seconds (max_rss 315.3 MiB)
