VPR FPGA Placement and Routing.
Version: 9.0.0-dev+v8.0.0-11943-g8cb20aa52
Revision: v8.0.0-11943-g8cb20aa52
Compiled: 2025-11-06T23:45:49
Compiler: GNU 13.3.0 on Linux-6.6.87.2-microsoft-standard-WSL2 x86_64
Build Info: release IPO VTR_ASSERT_LEVEL=2

University of Toronto
verilogtorouting.org
vtr-users@googlegroups.com
This is free open source code under MIT license.

Warning 1: To use RLPlace for WLdriven placements, the reward function should be basic or nonPenalizing_basic.
you can specify the reward function using --place_reward_fun.
Setting the placement reward function to "basic"
VPR was run with the following command-line:
./vtr-verilog-to-routing/vpr/vpr k6_N10_mem32K_40nm.xml raygentop.blif --pack --place --place_algorithm bounding_box --seed 500


Architecture file: k6_N10_mem32K_40nm.xml
Circuit name: raygentop

# Loading Architecture Description
# Loading Architecture Description took 0.00 seconds (max_rss 315.3 MiB, delta_rss +0.0 MiB)

Timing analysis: ON
Circuit netlist file: raygentop.net
Circuit placement file: raygentop.place
Circuit routing file: raygentop.route
Circuit SDC file: raygentop.sdc
Vpr floorplanning constraints file: not specified

Packer: ENABLED
Placer: ENABLED
Analytical Placer: DISABLED
Router: DISABLED
Analysis: DISABLED

VPR was run with the following options:

NetlistOpts.absorb_buffer_luts            : true
NetlistOpts.sweep_dangling_primary_ios    : true
NetlistOpts.sweep_dangling_nets           : true
NetlistOpts.sweep_dangling_blocks         : true
NetlistOpts.sweep_constant_primary_outputs: false
NetlistOpts.netlist_verbosity             : 1
NetlistOpts.const_gen_inference           : COMB_SEQ

PackerOpts.allow_unrelated_clustering: auto
PackerOpts.alpha_clustering: 0.750000
PackerOpts.beta_clustering: 0.900000
PackerOpts.cluster_seed_type: BLEND2
PackerOpts.connection_driven: true
PackerOpts.global_clocks: true
PackerOpts.inter_cluster_net_delay: 1.000000
PackerOpts.timing_driven: true
PackerOpts.target_external_pin_util: auto

PlacerOpts.place_freq: PLACE_ONCE
PlacerOpts.place_algorithm: BOUNDING_BOX_PLACE
PlacerOpts.pad_loc_type: FREE
PlacerOpts.constraints_file: No constraints file given
PlacerOpts.place_chan_width: 100
PlacerOpts.rlim_escape_fraction: 0.000000
PlacerOpts.move_stats_file: 
PlacerOpts.placement_saves_per_temperature: 0
PlacerOpts.effort_scaling: CIRCUIT
PlacerOpts.place_delta_delay_matrix_calculation_method: ASTAR_ROUTE
PlaceOpts.seed: 500
AnnealSched.type: AUTO_SCHED
AnnealSched.inner_num: 0.500000

# Building complex block graph
Warning 2: io[0].clock[0] unconnected pin in architecture.
# Building complex block graph took 0.01 seconds (max_rss 315.3 MiB, delta_rss +0.0 MiB)
Circuit file: raygentop.blif
# Load circuit
Found constant-one generator 'top^raygroup10~1'
Found constant-zero generator 'top^tm3_sram_addr~18'
Found constant-zero generator 'top^tm3_sram_adsp'
Found constant-zero generator 'top^raygroup01~1'
Found constant-zero generator 'unconn'
# Load circuit took 0.03 seconds (max_rss 315.3 MiB, delta_rss +0.0 MiB)
# Clean circuit
Absorbed 483 LUT buffers
Inferred    0 additional primitive pins as constant generators since they have no combinationally connected inputs
Inferred    0 additional primitive pins as constant generators due to constant inputs
Inferred    0 additional primitive pins as constant generators since they have no combinationally connected inputs
Inferred    0 additional primitive pins as constant generators due to constant inputs
Inferred    0 additional primitive pins as constant generators since they have no combinationally connected inputs
Inferred    0 additional primitive pins as constant generators due to constant inputs
Swept input(s)      : 16
Swept output(s)     : 0 (0 dangling, 0 constant)
Swept net(s)        : 1105
Swept block(s)      : 0
Constant Pins Marked: 0
# Clean circuit took 0.00 seconds (max_rss 315.3 MiB, delta_rss +0.0 MiB)
# Compress circuit
# Compress circuit took 0.00 seconds (max_rss 315.3 MiB, delta_rss +0.0 MiB)
# Verify circuit
# Verify circuit took 0.00 seconds (max_rss 315.3 MiB, delta_rss +0.0 MiB)
Circuit Statistics:
  Blocks: 4153
    .input         :     239
    .latch         :    1423
    .names         :    2147
        0-LUT:       4
        1-LUT:       1
        2-LUT:     304
        3-LUT:     403
        4-LUT:     434
        5-LUT:     375
        6-LUT:     626
    .output        :     305
    multiply       :      18
    single_port_ram:      21
  Nets  : 4037
    Avg Fanout:     3.2
    Max Fanout:  1444.0
    Min Fanout:     1.0
  Netlist Clocks: 1
# Build Timing Graph
  Timing Graph Nodes: 17027
  Timing Graph Edges: 30805
  Timing Graph Levels: 20
# Build Timing Graph took 0.01 seconds (max_rss 315.3 MiB, delta_rss +0.0 MiB)
Netlist contains 1 clocks
  Netlist Clock 'top^tm3_clk_v0' Fanout: 1444 pins (8.5%), 1444 blocks (34.8%)
# Load Timing Constraints

SDC file 'raygentop.sdc' not found
Setting default timing constraints:
   * constrain all primay inputs and primary outputs on netlist clock 'top^tm3_clk_v0'
   * optimize netlist clock to run as fast as possible
Timing constraints created 1 clocks
  Constrained Clock 'top^tm3_clk_v0' Source: 'top^tm3_clk_v0.inpad[0]'

# Load Timing Constraints took 0.00 seconds (max_rss 315.3 MiB, delta_rss +0.0 MiB)
# Packing
Begin packing 'raygentop.blif'.

After removing unused inputs...
	total blocks: 4153, total nets: 4037, total inputs: 239, total outputs: 305
Begin prepacking.
0 attraction groups were created during prepacking.
Finish prepacking.
Using inter-cluster delay: 1.33777e-09
Packing with pin utilization targets: io:1,1 clb:0.8,0.6 mult_36:1,1 memory:1,1
Packing with high fanout thresholds: io:128 clb:32 mult_36:128 memory:128
Starting Clustering - Clustering Progress: 
-------------------   --------------------------   ---------
Molecules processed   Number of clusters created   FPGA size
-------------------   --------------------------   ---------
   128/3012      4%                           20    22 x 22    
   255/3012      8%                           33    22 x 22    
   382/3012     12%                           46    22 x 22    
   510/3012     16%                           60    22 x 22    
   630/3012     20%                           72    22 x 22    
   750/3012     24%                           84    22 x 22    
   870/3012     28%                           96    22 x 22    
   990/3012     32%                          110    22 x 22    
  1115/3012     37%                          125    22 x 22    
  1238/3012     41%                          139    22 x 22    
  1366/3012     45%                          152    22 x 22    
  1486/3012     49%                          164    22 x 22    
  1610/3012     53%                          178    22 x 22    
  1731/3012     57%                          196    22 x 22    
  1853/3012     61%                          218    22 x 22    
  1974/3012     65%                          236    22 x 22    
  2110/3012     70%                          255    22 x 22    
  2234/3012     74%                          272    22 x 22    
  2354/3012     78%                          292    22 x 22    
  2479/3012     82%                          331    23 x 23    
  2599/3012     86%                          450    23 x 23    
  2719/3012     90%                          570    23 x 23    
  2839/3012     94%                          690    23 x 23    
  2959/3012     98%                          810    23 x 23    
  3012/3012    100%                          863    23 x 23    

Logic Element (fle) detailed count:
  Total number of Logic Elements used : 2429
  LEs used for logic and registers    : 1141
  LEs used for logic only             : 1006
  LEs used for registers only         : 282

Incr Slack updates 1 in 0.000166885 sec
Full Max Req/Worst Slack updates 1 in 1.8483e-05 sec
Incr Max Req/Worst Slack updates 0 in 0 sec
Incr Criticality updates 0 in 0 sec
Full Criticality updates 1 in 0.000181709 sec
FPGA sized to 23 x 23 (auto)
Device Utilization: 0.79 (target 1.00)
	Block Utilization: 0.81 Type: io
	Block Utilization: 0.92 Type: clb
	Block Utilization: 0.90 Type: mult_36
	Block Utilization: 0.11 Type: memory

Start the iterative improvement process
the iterative improvement process is done
Final Clustering Statistics: 
----------   --------   ------------------------------------   --------------------------
Block Type   # Blocks   Avg. # of input clocks and pins used   Avg. # of output pins used
----------   --------   ------------------------------------   --------------------------
     EMPTY          0                                      0                            0   
        io        544                               0.560662                     0.439338   
       clb        309                                14.9191                      5.08414   
   mult_36          9                                     47                           23   
    memory          1                                     31                           21   
Absorbed logical nets 1999 out of 4037 nets, 2038 nets not absorbed.

Netlist conversion complete.

# Packing took 0.67 seconds (max_rss 315.3 MiB, delta_rss +0.0 MiB)
# Load packing
Begin loading packed FPGA netlist file.
Netlist generated from file 'raygentop.net'.
Detected 4 constant generators (to see names run with higher pack verbosity)
Finished loading packed FPGA netlist file (took 0.124601 seconds).
Warning 3: Treated 4 constant nets as global which will not be routed (to see net names increase packer verbosity).
Warning 4: Netlist contains 4 global net to non-global architecture pin connections
Warning 5: Logic block #412 (top^raygroup10~1) has only 1 output pin 'top^raygroup10~1.O[9]'. It may be a constant generator.
Warning 6: Logic block #413 (top^tm3_sram_addr~18) has only 1 output pin 'top^tm3_sram_addr~18.O[9]'. It may be a constant generator.
Warning 7: Logic block #414 (top^tm3_sram_adsp) has only 1 output pin 'top^tm3_sram_adsp.O[9]'. It may be a constant generator.
Warning 8: Logic block #415 (top^raygroup01~1) has only 1 output pin 'top^raygroup01~1.O[9]'. It may be a constant generator.
Completed clustering consistency check successfully.
Cluster level netlist and block usage statistics
Netlist num_nets: 2038
Netlist num_blocks: 863
Netlist EMPTY blocks: 0.
Netlist io blocks: 544.
Netlist clb blocks: 309.
Netlist mult_36 blocks: 9.
Netlist memory blocks: 1.
Netlist inputs pins: 239
Netlist output pins: 305

Pb types usage...
  io                       : 544
   inpad                   : 239
   outpad                  : 305
  clb                      : 309
   fle                     : 2429
    ble6                   : 2429
     lut6                  : 2147
      lut                  : 2147
     ff                    : 1423
  mult_36                  : 9
   divisible_mult_18x18    : 15
    mult_9x9_slice         : 9
     mult_9x9              : 9
    mult_18x18_slice       : 9
     mult_18x18            : 9
  memory                   : 1
   mem_512x64_sp           : 1
    memory_slice           : 21

# Load packing took 0.20 seconds (max_rss 315.3 MiB, delta_rss +0.0 MiB)
# Create Device
## Build Device Grid
FPGA sized to 23 x 23: 529 grid tiles (auto)

Resource usage...
	Netlist
		544	blocks of type: io
	Architecture
		672	blocks of type: io
	Netlist
		309	blocks of type: clb
	Architecture
		336	blocks of type: clb
	Netlist
		9	blocks of type: mult_36
	Architecture
		10	blocks of type: mult_36
	Netlist
		1	blocks of type: memory
	Architecture
		9	blocks of type: memory

Device Utilization: 0.79 (target 1.00)
	Physical Tile io:
	Block Utilization: 0.81 Logical Block: io
	Physical Tile clb:
	Block Utilization: 0.92 Logical Block: clb
	Physical Tile mult_36:
	Block Utilization: 0.90 Logical Block: mult_36
	Physical Tile memory:
	Block Utilization: 0.11 Logical Block: memory

FPGA size limited by block type(s): clb

## Build Device Grid took 0.00 seconds (max_rss 315.3 MiB, delta_rss +0.0 MiB)
## Build routing resource graph
## Build routing resource graph took 0.18 seconds (max_rss 315.3 MiB, delta_rss +0.0 MiB)
  RR Graph Nodes: 54354
  RR Graph Edges: 489289
# Create Device took 0.19 seconds (max_rss 315.3 MiB, delta_rss +0.0 MiB)


Bounding box mode is Cube

# Compressed grid construction
# Compressed grid construction took 0.00 seconds (max_rss 315.3 MiB, delta_rss +0.0 MiB)
# Placement
## Initial Placement
Initial placement iteration 0 has finished successfully
## Initial Placement took 0.00 seconds (max_rss 315.3 MiB, delta_rss +0.0 MiB)
Using simple RL 'Softmax agent' for choosing move and block types

BB estimate of min-dist (placement) wire length: 44444

Completed placement consistency check successfully.
Initial placement cost: 1 bb_cost: 444.436 td_cost: nan
Placement contains 0 placement macros involving 0 blocks (average macro size -nan)

Moves per temperature: 4107
Warning 9: Starting t: 365 of 863 configurations accepted.

---- ------ ------- ------- ---------- ---------- ------- ---------- -------- ------- ------- ------ -------- --------- ------
Tnum   Time       T Av Cost Av BB Cost Av TD Cost     CPD       sTNS     sWNS Ac Rate Std Dev  R lim Crit Exp Tot Moves  Alpha
      (sec)                                          (ns)       (ns)     (ns)                                                 
---- ------ ------- ------- ---------- ---------- ------- ---------- -------- ------- ------- ------ -------- --------- ------
   1    0.0 6.1e-04   0.937     355.35 nan            nan        nan      nan   0.680  0.0324   22.0     0.00      4107  1.000
   2    0.0 5.8e-04   0.955     315.71 nan            nan        nan      nan   0.662  0.0214   22.0     0.00      8214  0.950
   3    0.0 5.5e-04   0.967     297.35 nan            nan        nan      nan   0.643  0.0106   22.0     0.00     12321  0.950
   4    0.0 5.3e-04   0.993     293.10 nan            nan        nan      nan   0.649  0.0070   22.0     0.00     16428  0.950
   5    0.0 5.0e-04   0.980     284.74 nan            nan        nan      nan   0.637  0.0103   22.0     0.00     20535  0.950
   6    0.0 4.7e-04   0.991     277.91 nan            nan        nan      nan   0.629  0.0073   22.0     0.00     24642  0.950
   7    0.0 4.5e-04   0.989     271.87 nan            nan        nan      nan   0.606  0.0059   22.0     0.00     28749  0.950
   8    0.0 4.3e-04   0.988     270.75 nan            nan        nan      nan   0.595  0.0085   22.0     0.00     32856  0.950
   9    0.0 4.1e-04   0.996     266.51 nan            nan        nan      nan   0.579  0.0058   22.0     0.00     36963  0.950
  10    0.0 3.9e-04   1.004     263.13 nan            nan        nan      nan   0.586  0.0030   22.0     0.00     41070  0.950
  11    0.0 3.7e-04   0.991     260.21 nan            nan        nan      nan   0.567  0.0036   22.0     0.00     45177  0.950
  12    0.0 3.5e-04   0.988     257.64 nan            nan        nan      nan   0.553  0.0055   22.0     0.00     49284  0.950
  13    0.0 3.3e-04   0.989     254.76 nan            nan        nan      nan   0.564  0.0073   22.0     0.00     53391  0.950
  14    0.0 3.1e-04   1.004     251.76 nan            nan        nan      nan   0.519  0.0021   22.0     0.00     57498  0.950
  15    0.0 3.0e-04   0.987     248.48 nan            nan        nan      nan   0.504  0.0049   22.0     0.00     61605  0.950
  16    0.0 2.8e-04   0.988     245.77 nan            nan        nan      nan   0.481  0.0039   22.0     0.00     65712  0.950
  17    0.0 2.7e-04   0.995     243.93 nan            nan        nan      nan   0.477  0.0026   22.0     0.00     69819  0.950
  18    0.0 2.6e-04   0.985     239.34 nan            nan        nan      nan   0.433  0.0085   22.0     0.00     73926  0.950
  19    0.0 2.4e-04   0.995     236.04 nan            nan        nan      nan   0.448  0.0034   21.8     0.00     78033  0.950
  20    0.0 2.3e-04   0.990     234.15 nan            nan        nan      nan   0.426  0.0044   22.0     0.00     82140  0.950
  21    0.0 2.2e-04   0.995     230.87 nan            nan        nan      nan   0.406  0.0043   21.7     0.00     86247  0.950
  22    0.0 2.1e-04   1.001     230.35 nan            nan        nan      nan   0.402  0.0023   21.0     0.00     90354  0.950
  23    0.0 2.0e-04   0.995     229.16 nan            nan        nan      nan   0.381  0.0045   20.2     0.00     94461  0.950
  24    0.0 1.9e-04   0.998     227.81 nan            nan        nan      nan   0.375  0.0020   19.0     0.00     98568  0.950
  25    0.0 1.8e-04   1.000     226.71 nan            nan        nan      nan   0.366  0.0016   17.7     0.00    102675  0.950
  26    0.0 1.7e-04   0.996     225.51 nan            nan        nan      nan   0.386  0.0023   16.4     0.00    106782  0.950
  27    0.0 1.6e-04   0.991     223.06 nan            nan        nan      nan   0.358  0.0051   15.5     0.00    110889  0.950
  28    0.0 1.5e-04   0.995     221.12 nan            nan        nan      nan   0.352  0.0021   14.3     0.00    114996  0.950
  29    0.0 1.5e-04   0.996     219.10 nan            nan        nan      nan   0.338  0.0032   13.0     0.00    119103  0.950
  30    0.0 1.4e-04   0.994     216.98 nan            nan        nan      nan   0.328  0.0021   11.7     0.00    123210  0.950
  31    0.0 1.3e-04   0.996     216.01 nan            nan        nan      nan   0.337  0.0026   10.4     0.00    127317  0.950
  32    0.0 1.2e-04   0.998     214.29 nan            nan        nan      nan   0.323  0.0012    9.3     0.00    131424  0.950
  33    0.0 1.2e-04   0.999     213.40 nan            nan        nan      nan   0.317  0.0023    8.2     0.00    135531  0.950
  34    0.0 1.1e-04   0.996     211.69 nan            nan        nan      nan   0.308  0.0023    7.2     0.00    139638  0.950
  35    0.0 1.1e-04   0.997     210.14 nan            nan        nan      nan   0.311  0.0025    6.3     0.00    143745  0.950
  36    0.0 1.0e-04   0.997     208.98 nan            nan        nan      nan   0.301  0.0013    5.5     0.00    147852  0.950
  37    0.0 9.7e-05   0.998     208.45 nan            nan        nan      nan   0.298  0.0021    4.7     0.00    151959  0.950
  38    0.0 9.2e-05   0.997     207.36 nan            nan        nan      nan   0.298  0.0019    4.0     0.00    156066  0.950
  39    0.0 8.7e-05   0.999     207.17 nan            nan        nan      nan   0.290  0.0009    3.5     0.00    160173  0.950
  40    0.0 8.3e-05   0.993     205.48 nan            nan        nan      nan   0.427  0.0034    2.9     0.00    164280  0.950
  41    0.0 7.9e-05   0.994     203.27 nan            nan        nan      nan   0.411  0.0030    2.9     0.00    168387  0.950
  42    0.0 7.5e-05   0.997     201.59 nan            nan        nan      nan   0.417  0.0016    2.8     0.00    172494  0.950
  43    0.0 7.1e-05   0.997     200.40 nan            nan        nan      nan   0.388  0.0017    2.8     0.00    176601  0.950
  44    0.0 6.7e-05   0.998     199.31 nan            nan        nan      nan   0.366  0.0008    2.6     0.00    180708  0.950
  45    0.0 6.4e-05   0.998     198.67 nan            nan        nan      nan   0.376  0.0012    2.4     0.00    184815  0.950
  46    0.0 6.1e-05   0.998     197.77 nan            nan        nan      nan   0.352  0.0020    2.3     0.00    188922  0.950
  47    0.0 5.8e-05   0.997     196.46 nan            nan        nan      nan   0.346  0.0016    2.1     0.00    193029  0.950
  48    0.0 5.5e-05   0.995     195.01 nan            nan        nan      nan   0.349  0.0029    1.9     0.00    197136  0.950
  49    0.0 5.2e-05   0.998     193.82 nan            nan        nan      nan   0.321  0.0017    1.7     0.00    201243  0.950
  50    0.0 5.0e-05   0.998     192.94 nan            nan        nan      nan   0.310  0.0009    1.5     0.00    205350  0.950
  51    0.0 4.7e-05   0.999     192.40 nan            nan        nan      nan   0.305  0.0011    1.3     0.00    209457  0.950
  52    0.0 4.5e-05   0.998     191.72 nan            nan        nan      nan   0.300  0.0010    1.1     0.00    213564  0.950
  53    0.0 4.3e-05   1.000     191.52 nan            nan        nan      nan   0.283  0.0003    1.0     0.00    217671  0.950
  54    0.0 4.0e-05   0.998     191.13 nan            nan        nan      nan   0.265  0.0006    1.0     0.00    221778  0.950
  55    0.0 3.8e-05   0.999     190.80 nan            nan        nan      nan   0.256  0.0005    1.0     0.00    225885  0.950
  56    0.0 3.6e-05   0.999     190.47 nan            nan        nan      nan   0.257  0.0006    1.0     0.00    229992  0.950
  57    0.0 3.5e-05   0.999     190.21 nan            nan        nan      nan   0.239  0.0004    1.0     0.00    234099  0.950
  58    0.0 3.3e-05   0.999     189.96 nan            nan        nan      nan   0.222  0.0006    1.0     0.00    238206  0.950
  59    0.0 3.1e-05   1.000     189.67 nan            nan        nan      nan   0.217  0.0005    1.0     0.00    242313  0.950
  60    0.0 3.0e-05   0.999     189.43 nan            nan        nan      nan   0.210  0.0005    1.0     0.00    246420  0.950
  61    0.0 2.8e-05   0.999     189.12 nan            nan        nan      nan   0.189  0.0003    1.0     0.00    250527  0.950
  62    0.0 2.7e-05   1.000     188.97 nan            nan        nan      nan   0.179  0.0002    1.0     0.00    254634  0.950
  63    0.0 2.5e-05   1.000     188.95 nan            nan        nan      nan   0.193  0.0002    1.0     0.00    258741  0.950
  64    0.0 2.4e-05   0.999     188.81 nan            nan        nan      nan   0.184  0.0002    1.0     0.00    262848  0.950
  65    0.0 2.3e-05   0.999     188.71 nan            nan        nan      nan   0.187  0.0005    1.0     0.00    266955  0.950
  66    0.0 2.2e-05   1.000     188.67 nan            nan        nan      nan   0.173  0.0002    1.0     0.00    271062  0.950
  67    0.0 2.1e-05   0.999     188.49 nan            nan        nan      nan   0.157  0.0003    1.0     0.00    275169  0.950
  68    0.0 2.0e-05   1.000     188.50 nan            nan        nan      nan   0.163  0.0001    1.0     0.00    279276  0.950
  69    0.0 1.9e-05   1.000     188.46 nan            nan        nan      nan   0.168  0.0001    1.0     0.00    283383  0.950
  70    0.0 1.8e-05   1.000     188.39 nan            nan        nan      nan   0.145  0.0002    1.0     0.00    287490  0.950
  71    0.0 1.4e-05   1.000     188.29 nan            nan        nan      nan   0.136  0.0001    1.0     0.00    291597  0.800
  72    0.0 1.1e-05   1.000     188.21 nan            nan        nan      nan   0.128  0.0002    1.0     0.00    295704  0.800
  73    0.0 9.1e-06   1.000     188.07 nan            nan        nan      nan   0.123  0.0001    1.0     0.00    299811  0.800
  74    0.0 7.3e-06   1.000     188.03 nan            nan        nan      nan   0.120  0.0001    1.0     0.00    303918  0.800
  75    0.0 5.8e-06   1.000     188.01 nan            nan        nan      nan   0.117  0.0000    1.0     0.00    308025  0.800
  76    0.0 4.7e-06   1.000     187.97 nan            nan        nan      nan   0.104  0.0001    1.0     0.00    312132  0.800
  77    0.0 3.7e-06   1.000     187.92 nan            nan        nan      nan   0.111  0.0002    1.0     0.00    316239  0.800
  78    0.0 3.0e-06   1.000     187.80 nan            nan        nan      nan   0.103  0.0001    1.0     0.00    320346  0.800
  79    0.0 0.0e+00   1.000     187.76 nan            nan        nan      nan   0.065  0.0000    1.0     0.00    324453  0.800
## Placement Quench took 0.00 seconds (max_rss 315.3 MiB)

BB estimate of min-dist (placement) wire length: 18775

Completed placement consistency check successfully.

Swaps called: 325316

Aborted Move Reasons:
  No moves aborted
Placement cost: 0.999941, bb_cost: 187.752, td_cost: nan, 

Placement resource usage:
  io      implemented as io     : 544
  clb     implemented as clb    : 309
  mult_36 implemented as mult_36: 9
  memory  implemented as memory : 1

Placement number of temperatures: 79
Placement total # of swap attempts: 325316
	Swaps accepted: 111565 (34.3 %)
	Swaps rejected: 198490 (61.0 %)
	Swaps aborted:  15261 ( 4.7 %)


Placement perturbation distribution by block and move type: 
------------------ ----------------- ---------------- ---------------- --------------- ------------ 
    Block Type         Move Type       (%) of Total      Accepted(%)     Rejected(%)    Aborted(%)
------------------ ----------------- ---------------- ---------------- --------------- ------------ 
io                 Uniform                26.91            33.71           66.29          0.00         
                   Median                 29.13            39.42           53.18          7.40         
                   Centroid               29.84            41.00           51.54          7.46         

clb                Uniform                0.69             11.08           88.92          0.00         
                   Median                 7.71             12.23           83.98          3.79         
                   Centroid               5.35             8.95            90.99          0.06         

mult_36            Uniform                0.08             1.53            98.47          0.00         
                   Median                 0.09             3.83            88.50          7.67         
                   Centroid               0.08             1.89            89.43          8.68         

memory             Uniform                0.04             0.74            99.26          0.00         
                   Median                 0.04             0.00            100.00         0.00         
                   Centroid               0.04             0.79            99.21          0.00         


Placement Quench timing analysis took 0 seconds (0 STA, 0 slack) (0 full updates: 0 setup, 0 hold, 0 combined).
Placement Total  timing analysis took 0 seconds (0 STA, 0 slack) (0 full updates: 0 setup, 0 hold, 0 combined).
update_td_costs: connections 0 nets 0 sum_nets 0 total 0
# Placement took 0.32 seconds (max_rss 315.3 MiB, delta_rss +0.0 MiB)

Flow timing analysis took 0.0029038 seconds (0.00252019 STA, 0.000383602 slack) (1 full updates: 1 setup, 0 hold, 0 combined).
VPR succeeded
The entire flow of VPR took 1.45 seconds (max_rss 315.3 MiB)
