VPR FPGA Placement and Routing.
Version: 9.0.0-dev+v8.0.0-11943-g8cb20aa52
Revision: v8.0.0-11943-g8cb20aa52
Compiled: 2025-11-06T23:45:49
Compiler: GNU 13.3.0 on Linux-6.6.87.2-microsoft-standard-WSL2 x86_64
Build Info: release IPO VTR_ASSERT_LEVEL=2

University of Toronto
verilogtorouting.org
vtr-users@googlegroups.com
This is free open source code under MIT license.

Warning 1: To use RLPlace for WLdriven placements, the reward function should be basic or nonPenalizing_basic.
you can specify the reward function using --place_reward_fun.
Setting the placement reward function to "basic"
VPR was run with the following command-line:
./vtr-verilog-to-routing/vpr/vpr k6_N10_mem32K_40nm.xml raygentop.blif --pack --place --place_algorithm bounding_box --seed 1000


Architecture file: k6_N10_mem32K_40nm.xml
Circuit name: raygentop

# Loading Architecture Description
# Loading Architecture Description took 0.00 seconds (max_rss 315.3 MiB, delta_rss +0.0 MiB)

Timing analysis: ON
Circuit netlist file: raygentop.net
Circuit placement file: raygentop.place
Circuit routing file: raygentop.route
Circuit SDC file: raygentop.sdc
Vpr floorplanning constraints file: not specified

Packer: ENABLED
Placer: ENABLED
Analytical Placer: DISABLED
Router: DISABLED
Analysis: DISABLED

VPR was run with the following options:

NetlistOpts.absorb_buffer_luts            : true
NetlistOpts.sweep_dangling_primary_ios    : true
NetlistOpts.sweep_dangling_nets           : true
NetlistOpts.sweep_dangling_blocks         : true
NetlistOpts.sweep_constant_primary_outputs: false
NetlistOpts.netlist_verbosity             : 1
NetlistOpts.const_gen_inference           : COMB_SEQ

PackerOpts.allow_unrelated_clustering: auto
PackerOpts.alpha_clustering: 0.750000
PackerOpts.beta_clustering: 0.900000
PackerOpts.cluster_seed_type: BLEND2
PackerOpts.connection_driven: true
PackerOpts.global_clocks: true
PackerOpts.inter_cluster_net_delay: 1.000000
PackerOpts.timing_driven: true
PackerOpts.target_external_pin_util: auto

PlacerOpts.place_freq: PLACE_ONCE
PlacerOpts.place_algorithm: BOUNDING_BOX_PLACE
PlacerOpts.pad_loc_type: FREE
PlacerOpts.constraints_file: No constraints file given
PlacerOpts.place_chan_width: 100
PlacerOpts.rlim_escape_fraction: 0.000000
PlacerOpts.move_stats_file: 
PlacerOpts.placement_saves_per_temperature: 0
PlacerOpts.effort_scaling: CIRCUIT
PlacerOpts.place_delta_delay_matrix_calculation_method: ASTAR_ROUTE
PlaceOpts.seed: 1000
AnnealSched.type: AUTO_SCHED
AnnealSched.inner_num: 0.500000

# Building complex block graph
Warning 2: io[0].clock[0] unconnected pin in architecture.
# Building complex block graph took 0.01 seconds (max_rss 315.3 MiB, delta_rss +0.0 MiB)
Circuit file: raygentop.blif
# Load circuit
Found constant-one generator 'top^raygroup10~1'
Found constant-zero generator 'top^tm3_sram_addr~18'
Found constant-zero generator 'top^tm3_sram_adsp'
Found constant-zero generator 'top^raygroup01~1'
Found constant-zero generator 'unconn'
# Load circuit took 0.03 seconds (max_rss 315.3 MiB, delta_rss +0.0 MiB)
# Clean circuit
Absorbed 483 LUT buffers
Inferred    0 additional primitive pins as constant generators since they have no combinationally connected inputs
Inferred    0 additional primitive pins as constant generators due to constant inputs
Inferred    0 additional primitive pins as constant generators since they have no combinationally connected inputs
Inferred    0 additional primitive pins as constant generators due to constant inputs
Inferred    0 additional primitive pins as constant generators since they have no combinationally connected inputs
Inferred    0 additional primitive pins as constant generators due to constant inputs
Swept input(s)      : 16
Swept output(s)     : 0 (0 dangling, 0 constant)
Swept net(s)        : 1105
Swept block(s)      : 0
Constant Pins Marked: 0
# Clean circuit took 0.00 seconds (max_rss 315.3 MiB, delta_rss +0.0 MiB)
# Compress circuit
# Compress circuit took 0.00 seconds (max_rss 315.3 MiB, delta_rss +0.0 MiB)
# Verify circuit
# Verify circuit took 0.00 seconds (max_rss 315.3 MiB, delta_rss +0.0 MiB)
Circuit Statistics:
  Blocks: 4153
    .input         :     239
    .latch         :    1423
    .names         :    2147
        0-LUT:       4
        1-LUT:       1
        2-LUT:     304
        3-LUT:     403
        4-LUT:     434
        5-LUT:     375
        6-LUT:     626
    .output        :     305
    multiply       :      18
    single_port_ram:      21
  Nets  : 4037
    Avg Fanout:     3.2
    Max Fanout:  1444.0
    Min Fanout:     1.0
  Netlist Clocks: 1
# Build Timing Graph
  Timing Graph Nodes: 17027
  Timing Graph Edges: 30805
  Timing Graph Levels: 20
# Build Timing Graph took 0.01 seconds (max_rss 315.3 MiB, delta_rss +0.0 MiB)
Netlist contains 1 clocks
  Netlist Clock 'top^tm3_clk_v0' Fanout: 1444 pins (8.5%), 1444 blocks (34.8%)
# Load Timing Constraints

SDC file 'raygentop.sdc' not found
Setting default timing constraints:
   * constrain all primay inputs and primary outputs on netlist clock 'top^tm3_clk_v0'
   * optimize netlist clock to run as fast as possible
Timing constraints created 1 clocks
  Constrained Clock 'top^tm3_clk_v0' Source: 'top^tm3_clk_v0.inpad[0]'

# Load Timing Constraints took 0.00 seconds (max_rss 315.3 MiB, delta_rss +0.0 MiB)
# Packing
Begin packing 'raygentop.blif'.

After removing unused inputs...
	total blocks: 4153, total nets: 4037, total inputs: 239, total outputs: 305
Begin prepacking.
0 attraction groups were created during prepacking.
Finish prepacking.
Using inter-cluster delay: 1.33777e-09
Packing with pin utilization targets: io:1,1 clb:0.8,0.6 mult_36:1,1 memory:1,1
Packing with high fanout thresholds: io:128 clb:32 mult_36:128 memory:128
Starting Clustering - Clustering Progress: 
-------------------   --------------------------   ---------
Molecules processed   Number of clusters created   FPGA size
-------------------   --------------------------   ---------
   128/3012      4%                           20    22 x 22    
   255/3012      8%                           33    22 x 22    
   382/3012     12%                           46    22 x 22    
   510/3012     16%                           60    22 x 22    
   630/3012     20%                           72    22 x 22    
   750/3012     24%                           84    22 x 22    
   870/3012     28%                           96    22 x 22    
   990/3012     32%                          110    22 x 22    
  1115/3012     37%                          125    22 x 22    
  1238/3012     41%                          139    22 x 22    
  1366/3012     45%                          152    22 x 22    
  1486/3012     49%                          164    22 x 22    
  1610/3012     53%                          178    22 x 22    
  1731/3012     57%                          196    22 x 22    
  1853/3012     61%                          218    22 x 22    
  1974/3012     65%                          236    22 x 22    
  2110/3012     70%                          255    22 x 22    
  2234/3012     74%                          272    22 x 22    
  2354/3012     78%                          292    22 x 22    
  2479/3012     82%                          331    23 x 23    
  2599/3012     86%                          450    23 x 23    
  2719/3012     90%                          570    23 x 23    
  2839/3012     94%                          690    23 x 23    
  2959/3012     98%                          810    23 x 23    
  3012/3012    100%                          863    23 x 23    

Logic Element (fle) detailed count:
  Total number of Logic Elements used : 2429
  LEs used for logic and registers    : 1141
  LEs used for logic only             : 1006
  LEs used for registers only         : 282

Incr Slack updates 1 in 0.000137315 sec
Full Max Req/Worst Slack updates 1 in 1.8592e-05 sec
Incr Max Req/Worst Slack updates 0 in 0 sec
Incr Criticality updates 0 in 0 sec
Full Criticality updates 1 in 0.000177454 sec
FPGA sized to 23 x 23 (auto)
Device Utilization: 0.79 (target 1.00)
	Block Utilization: 0.81 Type: io
	Block Utilization: 0.92 Type: clb
	Block Utilization: 0.90 Type: mult_36
	Block Utilization: 0.11 Type: memory

Start the iterative improvement process
the iterative improvement process is done
Final Clustering Statistics: 
----------   --------   ------------------------------------   --------------------------
Block Type   # Blocks   Avg. # of input clocks and pins used   Avg. # of output pins used
----------   --------   ------------------------------------   --------------------------
     EMPTY          0                                      0                            0   
        io        544                               0.560662                     0.439338   
       clb        309                                14.9191                      5.08414   
   mult_36          9                                     47                           23   
    memory          1                                     31                           21   
Absorbed logical nets 1999 out of 4037 nets, 2038 nets not absorbed.

Netlist conversion complete.

# Packing took 0.67 seconds (max_rss 315.3 MiB, delta_rss +0.0 MiB)
# Load packing
Begin loading packed FPGA netlist file.
Netlist generated from file 'raygentop.net'.
Detected 4 constant generators (to see names run with higher pack verbosity)
Finished loading packed FPGA netlist file (took 0.124644 seconds).
Warning 3: Treated 4 constant nets as global which will not be routed (to see net names increase packer verbosity).
Warning 4: Netlist contains 4 global net to non-global architecture pin connections
Warning 5: Logic block #412 (top^raygroup10~1) has only 1 output pin 'top^raygroup10~1.O[9]'. It may be a constant generator.
Warning 6: Logic block #413 (top^tm3_sram_addr~18) has only 1 output pin 'top^tm3_sram_addr~18.O[9]'. It may be a constant generator.
Warning 7: Logic block #414 (top^tm3_sram_adsp) has only 1 output pin 'top^tm3_sram_adsp.O[9]'. It may be a constant generator.
Warning 8: Logic block #415 (top^raygroup01~1) has only 1 output pin 'top^raygroup01~1.O[9]'. It may be a constant generator.
Completed clustering consistency check successfully.
Cluster level netlist and block usage statistics
Netlist num_nets: 2038
Netlist num_blocks: 863
Netlist EMPTY blocks: 0.
Netlist io blocks: 544.
Netlist clb blocks: 309.
Netlist mult_36 blocks: 9.
Netlist memory blocks: 1.
Netlist inputs pins: 239
Netlist output pins: 305

Pb types usage...
  io                       : 544
   inpad                   : 239
   outpad                  : 305
  clb                      : 309
   fle                     : 2429
    ble6                   : 2429
     lut6                  : 2147
      lut                  : 2147
     ff                    : 1423
  mult_36                  : 9
   divisible_mult_18x18    : 15
    mult_9x9_slice         : 9
     mult_9x9              : 9
    mult_18x18_slice       : 9
     mult_18x18            : 9
  memory                   : 1
   mem_512x64_sp           : 1
    memory_slice           : 21

# Load packing took 0.20 seconds (max_rss 315.3 MiB, delta_rss +0.0 MiB)
# Create Device
## Build Device Grid
FPGA sized to 23 x 23: 529 grid tiles (auto)

Resource usage...
	Netlist
		544	blocks of type: io
	Architecture
		672	blocks of type: io
	Netlist
		309	blocks of type: clb
	Architecture
		336	blocks of type: clb
	Netlist
		9	blocks of type: mult_36
	Architecture
		10	blocks of type: mult_36
	Netlist
		1	blocks of type: memory
	Architecture
		9	blocks of type: memory

Device Utilization: 0.79 (target 1.00)
	Physical Tile io:
	Block Utilization: 0.81 Logical Block: io
	Physical Tile clb:
	Block Utilization: 0.92 Logical Block: clb
	Physical Tile mult_36:
	Block Utilization: 0.90 Logical Block: mult_36
	Physical Tile memory:
	Block Utilization: 0.11 Logical Block: memory

FPGA size limited by block type(s): clb

## Build Device Grid took 0.00 seconds (max_rss 315.3 MiB, delta_rss +0.0 MiB)
## Build routing resource graph
## Build routing resource graph took 0.18 seconds (max_rss 315.3 MiB, delta_rss +0.0 MiB)
  RR Graph Nodes: 54354
  RR Graph Edges: 489289
# Create Device took 0.19 seconds (max_rss 315.3 MiB, delta_rss +0.0 MiB)


Bounding box mode is Cube

# Compressed grid construction
# Compressed grid construction took 0.00 seconds (max_rss 315.3 MiB, delta_rss +0.0 MiB)
# Placement
## Initial Placement
Initial placement iteration 0 has finished successfully
## Initial Placement took 0.00 seconds (max_rss 315.3 MiB, delta_rss +0.0 MiB)
Using simple RL 'Softmax agent' for choosing move and block types

BB estimate of min-dist (placement) wire length: 45543

Completed placement consistency check successfully.
Initial placement cost: 1 bb_cost: 455.435 td_cost: nan
Placement contains 0 placement macros involving 0 blocks (average macro size -nan)

Moves per temperature: 4107
Warning 9: Starting t: 375 of 863 configurations accepted.

---- ------ ------- ------- ---------- ---------- ------- ---------- -------- ------- ------- ------ -------- --------- ------
Tnum   Time       T Av Cost Av BB Cost Av TD Cost     CPD       sTNS     sWNS Ac Rate Std Dev  R lim Crit Exp Tot Moves  Alpha
      (sec)                                          (ns)       (ns)     (ns)                                                 
---- ------ ------- ------- ---------- ---------- ------- ---------- -------- ------- ------- ------ -------- --------- ------
   1    0.0 6.6e-04   0.918     355.47 nan            nan        nan      nan   0.716  0.0391   22.0     0.00      4107  1.000
   2    0.0 6.3e-04   0.927     311.89 nan            nan        nan      nan   0.695  0.0307   22.0     0.00      8214  0.950
   3    0.0 6.0e-04   0.966     292.98 nan            nan        nan      nan   0.659  0.0123   22.0     0.00     12321  0.950
   4    0.0 5.7e-04   0.990     288.94 nan            nan        nan      nan   0.679  0.0051   22.0     0.00     16428  0.950
   5    0.0 5.4e-04   0.989     282.29 nan            nan        nan      nan   0.659  0.0136   22.0     0.00     20535  0.950
   6    0.0 5.1e-04   0.997     277.38 nan            nan        nan      nan   0.639  0.0029   22.0     0.00     24642  0.950
   7    0.0 4.9e-04   0.990     275.28 nan            nan        nan      nan   0.645  0.0072   22.0     0.00     28749  0.950
   8    0.0 4.6e-04   0.992     271.78 nan            nan        nan      nan   0.627  0.0052   22.0     0.00     32856  0.950
   9    0.0 4.4e-04   0.999     270.64 nan            nan        nan      nan   0.630  0.0062   22.0     0.00     36963  0.950
  10    0.0 4.2e-04   0.994     265.70 nan            nan        nan      nan   0.614  0.0041   22.0     0.00     41070  0.950
  11    0.0 4.0e-04   0.989     264.41 nan            nan        nan      nan   0.606  0.0039   22.0     0.00     45177  0.950
  12    0.0 3.8e-04   0.991     260.49 nan            nan        nan      nan   0.602  0.0054   22.0     0.00     49284  0.950
  13    0.0 3.6e-04   1.004     257.50 nan            nan        nan      nan   0.568  0.0026   22.0     0.00     53391  0.950
  14    0.0 3.4e-04   0.986     253.07 nan            nan        nan      nan   0.531  0.0075   22.0     0.00     57498  0.950
  15    0.0 3.2e-04   0.995     248.90 nan            nan        nan      nan   0.523  0.0033   22.0     0.00     61605  0.950
  16    0.0 3.1e-04   0.995     248.10 nan            nan        nan      nan   0.520  0.0040   22.0     0.00     65712  0.950
  17    0.0 2.9e-04   0.993     245.17 nan            nan        nan      nan   0.500  0.0038   22.0     0.00     69819  0.950
  18    0.0 2.8e-04   1.002     243.45 nan            nan        nan      nan   0.482  0.0023   22.0     0.00     73926  0.950
  19    0.0 2.6e-04   0.994     242.56 nan            nan        nan      nan   0.462  0.0069   22.0     0.00     78033  0.950
  20    0.0 2.5e-04   1.001     240.13 nan            nan        nan      nan   0.424  0.0031   22.0     0.00     82140  0.950
  21    0.0 2.4e-04   0.992     238.28 nan            nan        nan      nan   0.447  0.0049   21.7     0.00     86247  0.950
  22    0.0 2.3e-04   0.996     236.23 nan            nan        nan      nan   0.443  0.0021   21.8     0.00     90354  0.950
  23    0.0 2.1e-04   0.996     235.47 nan            nan        nan      nan   0.429  0.0019   21.9     0.00     94461  0.950
  24    0.0 2.0e-04   0.996     233.75 nan            nan        nan      nan   0.422  0.0029   21.6     0.00     98568  0.950
  25    0.0 1.9e-04   0.999     232.17 nan            nan        nan      nan   0.400  0.0021   21.2     0.00    102675  0.950
  26    0.0 1.8e-04   0.995     231.05 nan            nan        nan      nan   0.380  0.0033   20.4     0.00    106782  0.950
  27    0.0 1.7e-04   0.996     229.36 nan            nan        nan      nan   0.386  0.0029   19.2     0.00    110889  0.950
  28    0.0 1.7e-04   0.995     226.89 nan            nan        nan      nan   0.352  0.0036   18.1     0.00    114996  0.950
  29    0.0 1.6e-04   0.993     224.52 nan            nan        nan      nan   0.340  0.0037   16.5     0.00    119103  0.950
  30    0.0 1.5e-04   0.998     222.91 nan            nan        nan      nan   0.320  0.0015   14.9     0.00    123210  0.950
  31    0.0 1.4e-04   0.999     221.61 nan            nan        nan      nan   0.323  0.0017   13.1     0.00    127317  0.950
  32    0.0 1.4e-04   0.997     220.59 nan            nan        nan      nan   0.329  0.0015   11.6     0.00    131424  0.950
  33    0.0 1.3e-04   0.996     219.68 nan            nan        nan      nan   0.325  0.0024   10.3     0.00    135531  0.950
  34    0.0 1.2e-04   0.999     218.87 nan            nan        nan      nan   0.317  0.0017    9.1     0.00    139638  0.950
  35    0.0 1.2e-04   0.994     217.36 nan            nan        nan      nan   0.324  0.0024    8.0     0.00    143745  0.950
  36    0.0 1.1e-04   1.000     216.54 nan            nan        nan      nan   0.310  0.0014    7.0     0.00    147852  0.950
  37    0.0 1.0e-04   0.998     215.69 nan            nan        nan      nan   0.286  0.0019    6.1     0.00    151959  0.950
  38    0.0 9.9e-05   0.996     214.05 nan            nan        nan      nan   0.286  0.0027    5.2     0.00    156066  0.950
  39    0.0 9.4e-05   0.998     213.12 nan            nan        nan      nan   0.290  0.0013    4.4     0.00    160173  0.950
  40    0.0 9.0e-05   0.999     212.24 nan            nan        nan      nan   0.300  0.0012    3.7     0.00    164280  0.950
  41    0.0 8.5e-05   0.995     210.39 nan            nan        nan      nan   0.380  0.0023    3.2     0.00    168387  0.950
  42    0.0 8.1e-05   0.998     209.30 nan            nan        nan      nan   0.379  0.0016    3.0     0.00    172494  0.950
  43    0.0 7.7e-05   0.996     208.27 nan            nan        nan      nan   0.417  0.0028    2.8     0.00    176601  0.950
  44    0.0 7.3e-05   0.996     206.36 nan            nan        nan      nan   0.396  0.0024    2.8     0.00    180708  0.950
  45    0.0 6.9e-05   0.999     205.43 nan            nan        nan      nan   0.393  0.0010    2.6     0.00    184815  0.950
  46    0.0 6.6e-05   0.996     204.48 nan            nan        nan      nan   0.376  0.0016    2.5     0.00    188922  0.950
  47    0.0 6.3e-05   0.999     203.76 nan            nan        nan      nan   0.359  0.0006    2.4     0.00    193029  0.950
  48    0.0 6.0e-05   0.998     203.17 nan            nan        nan      nan   0.339  0.0008    2.2     0.00    197136  0.950
  49    0.0 5.7e-05   0.997     202.38 nan            nan        nan      nan   0.351  0.0019    1.9     0.00    201243  0.950
  50    0.0 5.4e-05   0.997     201.49 nan            nan        nan      nan   0.315  0.0013    1.8     0.00    205350  0.950
  51    0.0 5.1e-05   0.999     201.00 nan            nan        nan      nan   0.309  0.0007    1.6     0.00    209457  0.950
  52    0.0 4.9e-05   0.999     200.51 nan            nan        nan      nan   0.298  0.0007    1.3     0.00    213564  0.950
  53    0.0 4.6e-05   0.997     199.78 nan            nan        nan      nan   0.295  0.0018    1.2     0.00    217671  0.950
  54    0.0 4.4e-05   0.999     198.88 nan            nan        nan      nan   0.289  0.0006    1.0     0.00    221778  0.950
  55    0.0 4.2e-05   0.998     198.29 nan            nan        nan      nan   0.276  0.0010    1.0     0.00    225885  0.950
  56    0.0 4.0e-05   0.999     197.89 nan            nan        nan      nan   0.270  0.0006    1.0     0.00    229992  0.950
  57    0.0 3.8e-05   0.999     197.74 nan            nan        nan      nan   0.261  0.0004    1.0     0.00    234099  0.950
  58    0.0 3.6e-05   1.000     197.66 nan            nan        nan      nan   0.256  0.0008    1.0     0.00    238206  0.950
  59    0.0 3.4e-05   1.000     197.27 nan            nan        nan      nan   0.245  0.0006    1.0     0.00    242313  0.950
  60    0.0 3.2e-05   1.000     197.00 nan            nan        nan      nan   0.225  0.0002    1.0     0.00    246420  0.950
  61    0.0 3.1e-05   1.000     196.97 nan            nan        nan      nan   0.223  0.0003    1.0     0.00    250527  0.950
  62    0.0 2.9e-05   0.999     196.75 nan            nan        nan      nan   0.234  0.0006    1.0     0.00    254634  0.950
  63    0.0 2.8e-05   1.000     196.47 nan            nan        nan      nan   0.225  0.0002    1.0     0.00    258741  0.950
  64    0.0 2.6e-05   1.000     196.43 nan            nan        nan      nan   0.206  0.0003    1.0     0.00    262848  0.950
  65    0.0 2.5e-05   1.000     196.45 nan            nan        nan      nan   0.194  0.0002    1.0     0.00    266955  0.950
  66    0.0 2.4e-05   0.999     196.21 nan            nan        nan      nan   0.191  0.0005    1.0     0.00    271062  0.950
  67    0.0 2.2e-05   1.000     196.11 nan            nan        nan      nan   0.187  0.0001    1.0     0.00    275169  0.950
  68    0.0 2.1e-05   0.999     195.94 nan            nan        nan      nan   0.186  0.0003    1.0     0.00    279276  0.950
  69    0.0 2.0e-05   1.000     195.80 nan            nan        nan      nan   0.185  0.0001    1.0     0.00    283383  0.950
  70    0.0 1.9e-05   0.999     195.63 nan            nan        nan      nan   0.173  0.0004    1.0     0.00    287490  0.950
  71    0.0 1.8e-05   1.000     195.62 nan            nan        nan      nan   0.174  0.0002    1.0     0.00    291597  0.950
  72    0.0 1.7e-05   1.000     195.54 nan            nan        nan      nan   0.174  0.0002    1.0     0.00    295704  0.950
  73    0.0 1.7e-05   1.000     195.40 nan            nan        nan      nan   0.176  0.0002    1.0     0.00    299811  0.950
  74    0.0 1.6e-05   1.000     195.31 nan            nan        nan      nan   0.155  0.0001    1.0     0.00    303918  0.950
  75    0.0 1.5e-05   1.000     195.32 nan            nan        nan      nan   0.164  0.0001    1.0     0.00    308025  0.950
  76    0.0 1.4e-05   1.000     195.28 nan            nan        nan      nan   0.164  0.0002    1.0     0.00    312132  0.950
  77    0.0 1.3e-05   1.000     195.18 nan            nan        nan      nan   0.156  0.0001    1.0     0.00    316239  0.950
  78    0.0 1.3e-05   1.000     195.12 nan            nan        nan      nan   0.169  0.0001    1.0     0.00    320346  0.950
  79    0.0 1.2e-05   1.000     195.07 nan            nan        nan      nan   0.157  0.0001    1.0     0.00    324453  0.950
  80    0.0 1.2e-05   1.000     195.07 nan            nan        nan      nan   0.153  0.0001    1.0     0.00    328560  0.950
  81    0.0 1.1e-05   1.000     195.02 nan            nan        nan      nan   0.142  0.0000    1.0     0.00    332667  0.950
  82    0.0 8.8e-06   1.000     195.00 nan            nan        nan      nan   0.155  0.0001    1.0     0.00    336774  0.800
  83    0.0 8.3e-06   1.000     194.98 nan            nan        nan      nan   0.143  0.0000    1.0     0.00    340881  0.950
  84    0.0 6.7e-06   1.000     194.95 nan            nan        nan      nan   0.142  0.0001    1.0     0.00    344988  0.800
  85    0.0 5.3e-06   1.000     194.92 nan            nan        nan      nan   0.138  0.0000    1.0     0.00    349095  0.800
  86    0.0 4.3e-06   1.000     194.91 nan            nan        nan      nan   0.132  0.0000    1.0     0.00    353202  0.800
  87    0.0 3.4e-06   1.000     194.89 nan            nan        nan      nan   0.128  0.0000    1.0     0.00    357309  0.800
  88    0.0 2.7e-06   1.000     194.89 nan            nan        nan      nan   0.131  0.0000    1.0     0.00    361416  0.800
  89    0.0 0.0e+00   1.000     194.88 nan            nan        nan      nan   0.069  0.0000    1.0     0.00    365523  0.800
## Placement Quench took 0.00 seconds (max_rss 315.3 MiB)

BB estimate of min-dist (placement) wire length: 19487

Completed placement consistency check successfully.

Swaps called: 366386

Aborted Move Reasons:
  No moves aborted
Placement cost: 0.999947, bb_cost: 194.873, td_cost: nan, 

Placement resource usage:
  io      implemented as io     : 544
  clb     implemented as clb    : 309
  mult_36 implemented as mult_36: 9
  memory  implemented as memory : 1

Placement number of temperatures: 89
Placement total # of swap attempts: 366386
	Swaps accepted: 123768 (33.8 %)
	Swaps rejected: 224604 (61.3 %)
	Swaps aborted:  18014 ( 4.9 %)


Placement perturbation distribution by block and move type: 
------------------ ----------------- ---------------- ---------------- --------------- ------------ 
    Block Type         Move Type       (%) of Total      Accepted(%)     Rejected(%)    Aborted(%)
------------------ ----------------- ---------------- ---------------- --------------- ------------ 
io                 Uniform                26.85            34.79           65.21          0.00         
                   Median                 28.34            38.71           53.68          7.61         
                   Centroid               29.03            40.87           51.37          7.76         

clb                Uniform                0.55             11.67           88.33          0.00         
                   Median                 8.32             11.11           83.50          5.40         
                   Centroid               6.56             9.31            90.17          0.52         

mult_36            Uniform                0.07             2.99            97.01          0.00         
                   Median                 0.08             3.03            81.48          15.49        
                   Centroid               0.08             4.08            81.29          14.63        

memory             Uniform                0.04             0.00            100.00         0.00         
                   Median                 0.04             0.00            100.00         0.00         
                   Centroid               0.04             1.97            98.03          0.00         


Placement Quench timing analysis took 0 seconds (0 STA, 0 slack) (0 full updates: 0 setup, 0 hold, 0 combined).
Placement Total  timing analysis took 0 seconds (0 STA, 0 slack) (0 full updates: 0 setup, 0 hold, 0 combined).
update_td_costs: connections 0 nets 0 sum_nets 0 total 0
# Placement took 0.37 seconds (max_rss 315.3 MiB, delta_rss +0.0 MiB)

Flow timing analysis took 0.00276516 seconds (0.00241417 STA, 0.000350989 slack) (1 full updates: 1 setup, 0 hold, 0 combined).
VPR succeeded
The entire flow of VPR took 1.50 seconds (max_rss 315.3 MiB)
