=== STDOUT ===
VPR FPGA Placement and Routing.
Version: 9.0.0-dev+v8.0.0-11943-g8cb20aa52
Revision: v8.0.0-11943-g8cb20aa52
Compiled: 2025-11-07T01:24:15
Compiler: GNU 13.3.0 on Linux-6.6.87.2-microsoft-standard-WSL2 x86_64
Build Info: release IPO VTR_ASSERT_LEVEL=2

University of Toronto
verilogtorouting.org
vtr-users@googlegroups.com
This is free open source code under MIT license.

VPR was run with the following command-line:
./vtr-verilog-to-routing/vpr/vpr k6_N10_mem32K_40nm.xml boundtop.blif --route_chan_width 56 --seed 100


Architecture file: k6_N10_mem32K_40nm.xml
Circuit name: boundtop

# Loading Architecture Description
# Loading Architecture Description took 0.01 seconds (max_rss 456.4 MiB, delta_rss +0.0 MiB)

Timing analysis: ON
Circuit netlist file: boundtop.net
Circuit placement file: boundtop.place
Circuit routing file: boundtop.route
Circuit SDC file: boundtop.sdc
Vpr floorplanning constraints file: not specified

Packer: ENABLED
Placer: ENABLED
Analytical Placer: DISABLED
Router: ENABLED
Analysis: ENABLED

VPR was run with the following options:

NetlistOpts.absorb_buffer_luts            : true
NetlistOpts.sweep_dangling_primary_ios    : true
NetlistOpts.sweep_dangling_nets           : true
NetlistOpts.sweep_dangling_blocks         : true
NetlistOpts.sweep_constant_primary_outputs: false
NetlistOpts.netlist_verbosity             : 1
NetlistOpts.const_gen_inference           : COMB_SEQ

PackerOpts.allow_unrelated_clustering: auto
PackerOpts.alpha_clustering: 0.750000
PackerOpts.beta_clustering: 0.900000
PackerOpts.cluster_seed_type: BLEND2
PackerOpts.connection_driven: true
PackerOpts.global_clocks: true
PackerOpts.inter_cluster_net_delay: 1.000000
PackerOpts.timing_driven: true
PackerOpts.target_external_pin_util: auto

PlacerOpts.place_freq: PLACE_ONCE
PlacerOpts.place_algorithm: CRITICALITY_TIMING_PLACE
PlacerOpts.pad_loc_type: FREE
PlacerOpts.constraints_file: No constraints file given
PlacerOpts.place_chan_width: 56
PlacerOpts.inner_loop_recompute_divider: 0
PlacerOpts.recompute_crit_iter: 1
PlacerOpts.timing_tradeoff: 0.500000
PlacerOpts.td_place_exp_first: 1.000000
PlacerOpts.td_place_exp_last: 8.000000
PlacerOpts.delay_offset: 0.000000
PlacerOpts.delay_ramp_delta_threshold: -1
PlacerOpts.delay_ramp_slope: 0.000000
PlacerOpts.tsu_rel_margin: 1.000000
PlacerOpts.tsu_abs_margin: 0.000000
PlacerOpts.post_place_timing_report_file: 
PlacerOpts.allowed_tiles_for_delay_model: 
PlacerOpts.delay_model_reducer: MIN
PlacerOpts.delay_model_type: SIMPLE
PlacerOpts.rlim_escape_fraction: 0.000000
PlacerOpts.move_stats_file: 
PlacerOpts.placement_saves_per_temperature: 0
PlacerOpts.effort_scaling: CIRCUIT
PlacerOpts.place_delta_delay_matrix_calculation_method: ASTAR_ROUTE
PlaceOpts.seed: 100
AnnealSched.type: AUTO_SCHED
AnnealSched.inner_num: 0.500000

RouterOpts.route_type: DETAILED
RouterOpts.flat_routing: false
RouterOpts.choke_points: on
RouterOpts.router_algorithm: TIMING_DRIVEN
RouterOpts.base_cost_type: DELAY_NORMALIZED_LENGTH
RouterOpts.fixed_channel_width: 56
RouterOpts.check_route: FULL
RouterOpts.acc_fac: 1.000000
RouterOpts.bb_factor: 3
RouterOpts.bend_cost: 0.000000
RouterOpts.first_iter_pres_fac: 0.000000
RouterOpts.initial_pres_fac: 0.500000
RouterOpts.pres_fac_mult: 1.300000
RouterOpts.max_pres_fac: 1000.000000
RouterOpts.max_router_iterations: 50
RouterOpts.min_incremental_reroute_fanout: 16
RouterOpts.do_check_rr_graph: true
RouterOpts.verify_binary_search: false
RouterOpts.min_channel_width_hint: 0
RouterOpts.read_rr_edge_metadata: false
RouterOpts.exit_after_first_routing_iteration: false
RouterOpts.astar_fac: 1.200000
RouterOpts.astar_offset: 0.000000
RouterOpts.router_profiler_astar_fac: 1.200000
RouterOpts.criticality_exp: 1.000000
RouterOpts.max_criticality: 0.990000
RouterOpts.init_wirelength_abort_threshold: 0.850000
RouterOpts.incr_reroute_delay_ripup: AUTO
RouterOpts.save_routing_per_iteration: false
RouterOpts.congested_routing_iteration_threshold_frac: 1.000000
RouterOpts.high_fanout_threshold: 64
RouterOpts.router_debug_net: -2
RouterOpts.router_debug_sink_rr: -2
RouterOpts.router_debug_iteration: -2
RouterOpts.max_convergence_count: 1
RouterOpts.reconvergence_cpd_threshold: 0.990000
RouterOpts.update_lower_bound_delays: true
RouterOpts.first_iteration_timing_report_file: 
RouterOpts.route_bb_update: DYNAMIC
RouterOpts.lookahead_type: MAP
RouterOpts.initial_timing: LOOKAHEAD
RouterOpts.router_heap: FOUR_ARY_HEAP
RouterOpts.routing_failure_predictor = SAFE
RouterOpts.routing_budgets_algorithm = DISABLE

AnalysisOpts.gen_post_synthesis_netlist: false
AnalysisOpts.timing_report_npaths: 100
AnalysisOpts.timing_report_skew: false
AnalysisOpts.echo_dot_timing_graph_node: -1
AnalysisOpts.timing_report_detail: NETLIST
AnalysisOpts.post_synth_netlist_unconn_input_handling: UNCONNECTED
AnalysisOpts.post_synth_netlist_unconn_output_handling: UNCONNECTED

# Building complex block graph
Warning 1: io[0].clock[0] unconnected pin in architecture.
# Building complex block graph took 0.01 seconds (max_rss 456.4 MiB, delta_rss +0.0 MiB)
Circuit file: boundtop.blif
# Load circuit
Found constant-zero generator 'top^tm3_sram_addr~18'
Found constant-zero generator 'unconn'
Found constant-zero generator 'n2240'
Found constant-zero generator 'n3090'
Found constant-zero generator 'n3175'
Found constant-zero generator 'n3700'
Found constant-zero generator 'n4105'
Found constant-zero generator 'n4885'
Found constant-zero generator 'n4890'
Found constant-zero generator 'n4895'
Found constant-zero generator 'n4900'
Found constant-zero generator 'n5105'
Found constant-zero generator 'n5110'
Found constant-zero generator 'n5115'
Found constant-zero generator 'n5540'
Found constant-zero generator 'n5945'
Found constant-zero generator 'n6735'
Found constant-zero generator 'n6740'
Found constant-zero generator 'n6745'
Found constant-zero generator 'n6750'
Found constant-zero generator 'n10555'
Found constant-zero generator 'n10559'
Found constant-zero generator 'n10563'
Found constant-zero generator 'n10567'
Found constant-zero generator 'n10571'
Found constant-zero generator 'n10575'
Found constant-zero generator 'n10579'
Found constant-zero generator 'n10583'
Found constant-zero generator 'n10587'
Found constant-zero generator 'n10591'
Found constant-zero generator 'n10595'
Found constant-zero generator 'n10599'
Found constant-zero generator 'n10603'
Found constant-zero generator 'n10607'
Found constant-zero generator 'n10611'
Found constant-zero generator 'n10615'
Found constant-zero generator 'n10619'
Found constant-zero generator 'n10623'
Found constant-zero generator 'n10627'
Found constant-zero generator 'n10631'
Found constant-zero generator 'n10635'
Found constant-zero generator 'n10639'
Found constant-zero generator 'n10643'
Found constant-zero generator 'n10647'
Found constant-zero generator 'n10651'
Found constant-zero generator 'n10655'
# Load circuit took 0.03 seconds (max_rss 456.4 MiB, delta_rss +0.0 MiB)
# Clean circuit
Absorbed 77 LUT buffers
Inferred    0 additional primitive pins as constant generators since they have no combinationally connected inputs
Inferred   44 additional primitive pins as constant generators due to constant inputs
Inferred    0 additional primitive pins as constant generators since they have no combinationally connected inputs
Inferred    0 additional primitive pins as constant generators due to constant inputs
Swept input(s)      : 0
Swept output(s)     : 0 (0 dangling, 0 constant)
Swept net(s)        : 0
Swept block(s)      : 0
Constant Pins Marked: 44
# Clean circuit took 0.00 seconds (max_rss 456.4 MiB, delta_rss +0.0 MiB)
# Compress circuit
# Compress circuit took 0.00 seconds (max_rss 456.4 MiB, delta_rss +0.0 MiB)
# Verify circuit
# Verify circuit took 0.00 seconds (max_rss 456.4 MiB, delta_rss +0.0 MiB)
Circuit Statistics:
  Blocks: 5224
    .input         :     275
    .latch         :    1671
    .names         :    3054
        0-LUT:      45
        2-LUT:     681
        3-LUT:     461
        4-LUT:     360
        5-LUT:     289
        6-LUT:    1218
    .output        :     192
    single_port_ram:      32
  Nets  : 5032
    Avg Fanout:     3.4
    Max Fanout:  1703.0
    Min Fanout:     1.0
  Netlist Clocks: 1
# Build Timing Graph
  Timing Graph Nodes: 21920
  Timing Graph Edges: 33584
  Timing Graph Levels: 22
# Build Timing Graph took 0.01 seconds (max_rss 456.4 MiB, delta_rss +0.0 MiB)
Netlist contains 1 clocks
  Netlist Clock 'top^tm3_clk_v0' Fanout: 1703 pins (7.8%), 1703 blocks (32.6%)
# Load Timing Constraints

SDC file 'boundtop.sdc' not found
Setting default timing constraints:
   * constrain all primay inputs and primary outputs on netlist clock 'top^tm3_clk_v0'
   * optimize netlist clock to run as fast as possible
Timing constraints created 1 clocks
  Constrained Clock 'top^tm3_clk_v0' Source: 'top^tm3_clk_v0.inpad[0]'

# Load Timing Constraints took 0.00 seconds (max_rss 456.4 MiB, delta_rss +0.0 MiB)
# Packing
Begin packing 'boundtop.blif'.

After removing unused inputs...
	total blocks: 5224, total nets: 5032, total inputs: 275, total outputs: 192
Begin prepacking.
0 attraction groups were created during prepacking.
Finish prepacking.
Using inter-cluster delay: 1.33777e-09
Packing with pin utilization targets: io:1,1 clb:0.8,0.6 mult_36:1,1 memory:1,1
Packing with high fanout thresholds: io:128 clb:32 mult_36:128 memory:128
Starting Clustering - Clustering Progress: 
-------------------   --------------------------   ---------
Molecules processed   Number of clusters created   FPGA size
-------------------   --------------------------   ---------
   151/3569      4%                           13     8 x 8     
   299/3569      8%                           28     9 x 9     
   449/3569     12%                           43    10 x 10    
   599/3569     16%                           58    11 x 11    
   749/3569     20%                           73    13 x 13    
   897/3569     25%                           88    13 x 13    
  1047/3569     29%                          103    14 x 14    
  1193/3569     33%                          118    15 x 15    
  1336/3569     37%                          135    16 x 16    
  1481/3569     41%                          151    17 x 17    
  1627/3569     45%                          166    17 x 17    
  1774/3569     49%                          181    18 x 18    
  1920/3569     53%                          198    19 x 19    
  2063/3569     57%                          213    19 x 19    
  2210/3569     61%                          229    20 x 20    
  2355/3569     65%                          248    21 x 21    
  2499/3569     70%                          268    22 x 22    
  2646/3569     74%                          287    22 x 22    
  2790/3569     78%                          305    23 x 23    
  2936/3569     82%                          329    23 x 23    
  3082/3569     86%                          361    25 x 25    
  3224/3569     90%                          488    25 x 25    
  3366/3569     94%                          630    25 x 25    
  3508/3569     98%                          772    25 x 25    
  3569/3569    100%                          833    25 x 25    

Logic Element (fle) detailed count:
  Total number of Logic Elements used : 3070
  LEs used for logic and registers    : 1655
  LEs used for logic only             : 1399
  LEs used for registers only         : 16

Incr Slack updates 1 in 0.000209546 sec
Full Max Req/Worst Slack updates 1 in 2.1391e-05 sec
Incr Max Req/Worst Slack updates 0 in 0 sec
Incr Criticality updates 0 in 0 sec
Full Criticality updates 1 in 0.000319495 sec
FPGA sized to 25 x 25 (auto)
Device Utilization: 0.69 (target 1.00)
	Block Utilization: 0.63 Type: io
	Block Utilization: 0.93 Type: clb
	Block Utilization: 0.11 Type: memory

Start the iterative improvement process
the iterative improvement process is done
Final Clustering Statistics: 
----------   --------   ------------------------------------   --------------------------
Block Type   # Blocks   Avg. # of input clocks and pins used   Avg. # of output pins used
----------   --------   ------------------------------------   --------------------------
     EMPTY          0                                      0                            0   
        io        467                               0.411135                     0.588865   
       clb        365                                17.0877                      5.12603   
   mult_36          0                                      0                            0   
    memory          1                                     44                           32   
Absorbed logical nets 2854 out of 5032 nets, 2178 nets not absorbed.

Netlist conversion complete.

# Packing took 0.61 seconds (max_rss 456.4 MiB, delta_rss +0.0 MiB)
# Load packing
Begin loading packed FPGA netlist file.
Netlist generated from file 'boundtop.net'.
Detected 45 constant generators (to see names run with higher pack verbosity)
Finished loading packed FPGA netlist file (took 0.145105 seconds).
Warning 2: Treated 37 constant nets as global which will not be routed (to see net names increase packer verbosity).
Warning 3: Netlist contains 91 global net to non-global architecture pin connections
Warning 4: Logic block #365 (top^tm3_sram_addr~18) has only 1 output pin 'top^tm3_sram_addr~18.O[9]'. It may be a constant generator.
Completed clustering consistency check successfully.
Cluster level netlist and block usage statistics
Netlist num_nets: 2178
Netlist num_blocks: 833
Netlist EMPTY blocks: 0.
Netlist io blocks: 467.
Netlist clb blocks: 365.
Netlist mult_36 blocks: 0.
Netlist memory blocks: 1.
Netlist inputs pins: 275
Netlist output pins: 192

Pb types usage...
  io                 : 467
   inpad             : 275
   outpad            : 192
  clb                : 365
   fle               : 3070
    ble6             : 3070
     lut6            : 3054
      lut            : 3054
     ff              : 1671
  memory             : 1
   mem_1024x32_sp    : 1
    memory_slice     : 32

# Load packing took 0.23 seconds (max_rss 456.4 MiB, delta_rss +0.0 MiB)
# Create Device
## Build Device Grid
FPGA sized to 25 x 25: 625 grid tiles (auto)

Resource usage...
	Netlist
		467	blocks of type: io
	Architecture
		736	blocks of type: io
	Netlist
		365	blocks of type: clb
	Architecture
		391	blocks of type: clb
	Netlist
		0	blocks of type: mult_36
	Architecture
		15	blocks of type: mult_36
	Netlist
		1	blocks of type: memory
	Architecture
		9	blocks of type: memory

Device Utilization: 0.69 (target 1.00)
	Physical Tile io:
	Block Utilization: 0.63 Logical Block: io
	Physical Tile clb:
	Block Utilization: 0.93 Logical Block: clb
	Physical Tile mult_36:
	Block Utilization: 0.00 Logical Block: mult_36
	Physical Tile memory:
	Block Utilization: 0.11 Logical Block: memory

FPGA size limited by block type(s): clb

## Build Device Grid took 0.00 seconds (max_rss 456.4 MiB, delta_rss +0.0 MiB)
## Build routing resource graph
## Build routing resource graph took 0.12 seconds (max_rss 456.4 MiB, delta_rss +0.0 MiB)
  RR Graph Nodes: 50220
  RR Graph Edges: 335054
# Create Device took 0.13 seconds (max_rss 456.4 MiB, delta_rss +0.0 MiB)

# Computing router lookahead map
## Computing wire lookahead
## Computing wire lookahead took 0.04 seconds (max_rss 456.4 MiB, delta_rss +0.0 MiB)
## Computing src/opin lookahead
Warning 5: Found no more sample locations for SOURCE in io
Warning 6: Found no more sample locations for OPIN in io
Warning 7: Found no more sample locations for SOURCE in clb
Warning 8: Found no more sample locations for OPIN in clb
Warning 9: Found no more sample locations for SOURCE in mult_36
Warning 10: Found no more sample locations for OPIN in mult_36
Warning 11: Found no more sample locations for SOURCE in memory
Warning 12: Found no more sample locations for OPIN in memory
## Computing src/opin lookahead took 0.00 seconds (max_rss 456.4 MiB, delta_rss +0.0 MiB)
# Computing router lookahead map took 0.05 seconds (max_rss 456.4 MiB, delta_rss +0.0 MiB)
# Computing placement delta delay look-up
RR graph channel widths unchanged, skipping RR graph rebuild
Serial Connection Router is being destroyed. Time spent on path search: 0.000 seconds.
# Computing placement delta delay look-up took 0.00 seconds (max_rss 456.4 MiB, delta_rss +0.0 MiB)

Bounding box mode is Cube

# Compressed grid construction
# Compressed grid construction took 0.00 seconds (max_rss 456.4 MiB, delta_rss +0.0 MiB)
# Placement
## Initial Placement
Initial placement iteration 0 has finished successfully
## Initial Placement took 0.00 seconds (max_rss 456.4 MiB, delta_rss +0.0 MiB)
Using simple RL 'Softmax agent' for choosing move and block types

BB estimate of min-dist (placement) wire length: 51545

Completed placement consistency check successfully.
Initial placement cost: 1 bb_cost: 920.449 td_cost: 1.58311e-06
Initial placement estimated Critical Path Delay (CPD): 13.2367 ns
Initial placement estimated setup Total Negative Slack (sTNS): -9070.34 ns
Initial placement estimated setup Worst Negative Slack (sWNS): -13.2367 ns

Initial placement estimated setup slack histogram:
[ -1.3e-08: -1.2e-08)  87 (  4.0%) |****
[ -1.2e-08: -1.1e-08) 155 (  7.0%) |*******
[ -1.1e-08: -9.5e-09)   9 (  0.4%) |
[ -9.5e-09: -8.2e-09)  48 (  2.2%) |**
[ -8.2e-09: -6.9e-09)  57 (  2.6%) |***
[ -6.9e-09: -5.7e-09)   7 (  0.3%) |
[ -5.7e-09: -4.4e-09)  76 (  3.5%) |****
[ -4.4e-09: -3.2e-09) 567 ( 25.7%) |***************************
[ -3.2e-09: -1.9e-09) 988 ( 44.9%) |***********************************************
[ -1.9e-09: -6.4e-10) 208 (  9.4%) |**********
Placement contains 0 placement macros involving 0 blocks (average macro size -nan)

Moves per temperature: 3918
Warning 13: Starting t: 356 of 833 configurations accepted.

---- ------ ------- ------- ---------- ---------- ------- ---------- -------- ------- ------- ------ -------- --------- ------
Tnum   Time       T Av Cost Av BB Cost Av TD Cost     CPD       sTNS     sWNS Ac Rate Std Dev  R lim Crit Exp Tot Moves  Alpha
      (sec)                                          (ns)       (ns)     (ns)                                                 
---- ------ ------- ------- ---------- ---------- ------- ---------- -------- ------- ------- ------ -------- --------- ------
   1    0.0 6.4e-04   0.911     742.49 1.3467e-06  10.375  -8.02e+03  -10.375   0.717  0.0459   24.0     1.00      3918  1.000
   2    0.0 6.1e-04   0.951     652.06 1.3631e-06   8.462  -7.14e+03   -8.462   0.694  0.0234   24.0     1.00      7836  0.950
   3    0.0 5.8e-04   0.953     606.44 1.2853e-06   8.048  -6.75e+03   -8.048   0.675  0.0208   24.0     1.00     11754  0.950
   4    0.0 5.5e-04   0.981     566.45 1.2314e-06   7.990  -6.75e+03   -7.990   0.633  0.0100   24.0     1.00     15672  0.950
   5    0.0 5.2e-04   0.979     547.36 1.2633e-06   7.625  -6.68e+03   -7.625   0.625  0.0107   24.0     1.00     19590  0.950
   6    0.0 5.0e-04   0.985     535.54 1.2186e-06   7.595   -6.6e+03   -7.595   0.607  0.0074   24.0     1.00     23508  0.950
   7    0.0 4.7e-04   0.998     523.15 1.2218e-06   7.586  -6.58e+03   -7.586   0.587  0.0054   24.0     1.00     27426  0.950
   8    0.0 4.5e-04   0.980     518.46 1.212e-06    7.612  -6.63e+03   -7.612   0.596  0.0090   24.0     1.00     31344  0.950
   9    0.0 4.3e-04   0.987     499.25 1.1973e-06   7.595  -6.63e+03   -7.595   0.548  0.0066   24.0     1.00     35262  0.950
  10    0.0 4.1e-04   0.990     495.84 1.1981e-06   7.537  -6.63e+03   -7.537   0.562  0.0051   24.0     1.00     39180  0.950
  11    0.0 3.9e-04   0.998     493.55 1.221e-06    7.265  -6.49e+03   -7.265   0.535  0.0026   24.0     1.00     43098  0.950
  12    0.0 3.7e-04   0.985     487.70 1.1284e-06   7.907   -6.6e+03   -7.907   0.526  0.0081   24.0     1.00     47016  0.950
  13    0.0 3.5e-04   0.988     478.75 1.185e-06    7.211  -6.38e+03   -7.211   0.492  0.0051   24.0     1.00     50934  0.950
  14    0.0 3.3e-04   0.992     480.08 1.1322e-06   7.595  -6.49e+03   -7.595   0.489  0.0070   24.0     1.00     54852  0.950
  15    0.0 3.1e-04   0.985     464.95 1.0971e-06   7.799   -6.6e+03   -7.799   0.495  0.0051   24.0     1.00     58770  0.950
  16    0.0 3.0e-04   0.986     457.63 1.0748e-06   7.977   -6.6e+03   -7.977   0.454  0.0060   24.0     1.00     62688  0.950
  17    0.0 2.8e-04   0.990     447.95 1.0454e-06   8.189  -6.68e+03   -8.189   0.450  0.0070   24.0     1.00     66606  0.950
  18    0.0 2.7e-04   0.999     440.41 1.1469e-06   7.271  -6.38e+03   -7.271   0.435  0.0034   24.0     1.00     70524  0.950
  19    0.0 2.6e-04   0.990     433.95 1.1033e-06   7.263  -6.44e+03   -7.263   0.426  0.0046   23.9     1.04     74442  0.950
  20    0.0 2.4e-04   0.994     433.19 1.0452e-06   7.130  -6.34e+03   -7.130   0.418  0.0031   23.5     1.14     78360  0.950
  21    0.0 2.3e-04   0.993     425.14 9.7527e-07   6.959  -6.34e+03   -6.959   0.401  0.0035   23.0     1.30     82278  0.950
  22    0.0 2.2e-04   0.999     425.57 8.154e-07    7.172  -6.36e+03   -7.172   0.395  0.0033   22.1     1.57     86196  0.950
  23    0.0 2.1e-04   0.998     420.79 6.9632e-07   7.234  -6.33e+03   -7.234   0.379  0.0042   21.1     1.88     90114  0.950
  24    0.0 2.0e-04   1.002     418.47 6.2084e-07   7.081  -6.37e+03   -7.081   0.379  0.0021   19.8     2.27     94032  0.950
  25    0.0 1.9e-04   0.995     415.49 5.6408e-07   6.940  -6.28e+03   -6.940   0.383  0.0015   18.6     2.64     97950  0.950
  26    0.0 1.8e-04   0.993     413.62 5.256e-07    6.851  -6.28e+03   -6.851   0.373  0.0050   17.5     2.97    101868  0.950
  27    0.0 1.7e-04   0.997     410.60 4.652e-07    6.950  -6.25e+03   -6.950   0.370  0.0019   16.4     3.32    105786  0.950
  28    0.0 1.6e-04   0.989     404.45 4.394e-07    7.000  -6.27e+03   -7.000   0.350  0.0025   15.2     3.67    109704  0.950
  29    0.0 1.5e-04   0.996     402.52 4.081e-07    6.922  -6.29e+03   -6.922   0.362  0.0031   13.8     4.09    113622  0.950
  30    0.0 1.5e-04   0.995     397.77 4.0532e-07   6.842  -6.32e+03   -6.842   0.339  0.0023   12.8     4.42    117540  0.950
  31    0.0 1.4e-04   0.996     393.89 3.7229e-07   6.799  -6.24e+03   -6.799   0.334  0.0034   11.5     4.81    121458  0.950
  32    0.0 1.3e-04   0.998     391.99 3.5875e-07   6.779   -6.3e+03   -6.779   0.350  0.0010   10.3     5.18    125376  0.950
  33    0.0 1.2e-04   0.995     387.51 3.0327e-07   7.030  -6.32e+03   -7.030   0.331  0.0042    9.3     5.46    129294  0.950
  34    0.0 1.2e-04   0.996     382.47 3.1204e-07   6.889  -6.35e+03   -6.889   0.319  0.0023    8.3     5.77    133212  0.950
  35    0.0 1.1e-04   0.995     378.08 3.0301e-07   6.812  -6.24e+03   -6.812   0.303  0.0023    7.3     6.08    137130  0.950
  36    0.0 1.1e-04   0.997     377.07 2.9213e-07   6.812  -6.28e+03   -6.812   0.309  0.0017    6.3     6.39    141048  0.950
  37    0.0 1.0e-04   0.999     375.99 2.8533e-07   6.740  -6.22e+03   -6.740   0.290  0.0006    5.5     6.64    144966  0.950
  38    0.0 9.7e-05   0.996     374.81 2.4366e-07   6.953  -6.29e+03   -6.953   0.311  0.0028    4.7     6.89    148884  0.950
  39    0.0 9.2e-05   0.996     369.79 2.4181e-07   6.953  -6.26e+03   -6.953   0.301  0.0016    4.1     7.07    152802  0.950
  40    0.0 8.7e-05   0.995     367.17 2.3808e-07   6.929  -6.22e+03   -6.929   0.336  0.0037    3.5     7.24    156720  0.950
  41    0.0 8.3e-05   0.992     362.12 2.726e-07    6.770  -6.26e+03   -6.770   0.330  0.0049    3.1     7.35    160638  0.950
  42    0.0 7.9e-05   0.996     357.83 2.7002e-07   6.701  -6.22e+03   -6.701   0.368  0.0026    2.8     7.46    164556  0.950
  43    0.0 7.5e-05   0.995     353.35 2.5425e-07   6.770  -6.26e+03   -6.770   0.354  0.0025    2.6     7.52    168474  0.950
  44    0.0 7.1e-05   0.998     352.16 2.8465e-07   6.566   -6.2e+03   -6.566   0.329  0.0010    2.4     7.59    172392  0.950
  45    0.0 6.7e-05   0.998     351.52 2.7889e-07   6.599  -6.22e+03   -6.599   0.335  0.0021    2.1     7.67    176310  0.950
  46    0.0 6.4e-05   0.997     348.77 2.8148e-07   6.599  -6.22e+03   -6.599   0.312  0.0020    1.9     7.73    180228  0.950
  47    0.0 6.1e-05   0.998     347.38 2.5091e-07   6.705  -6.24e+03   -6.705   0.307  0.0009    1.6     7.81    184146  0.950
  48    0.0 5.8e-05   0.996     344.93 2.6035e-07   6.636  -6.24e+03   -6.636   0.308  0.0017    1.4     7.87    188064  0.950
  49    0.0 5.5e-05   1.000     344.30 2.661e-07    6.586   -6.2e+03   -6.586   0.297  0.0004    1.2     7.93    191982  0.950
  50    0.0 5.2e-05   0.998     344.67 2.5239e-07   6.636  -6.17e+03   -6.636   0.295  0.0012    1.1     7.98    195900  0.950
  51    0.0 5.0e-05   0.998     343.14 2.5218e-07   6.629  -6.21e+03   -6.629   0.278  0.0009    1.0     8.00    199818  0.950
  52    0.0 4.7e-05   0.999     342.54 2.7326e-07   6.550   -6.2e+03   -6.550   0.273  0.0005    1.0     8.00    203736  0.950
  53    0.0 4.5e-05   0.998     341.60 2.6604e-07   6.569   -6.2e+03   -6.569   0.282  0.0009    1.0     8.00    207654  0.950
  54    0.0 4.3e-05   0.999     341.21 2.5384e-07   6.636  -6.23e+03   -6.636   0.263  0.0008    1.0     8.00    211572  0.950
  55    0.0 4.0e-05   0.999     341.04 2.6923e-07   6.566  -6.21e+03   -6.566   0.268  0.0009    1.0     8.00    215490  0.950
  56    0.0 3.8e-05   0.998     340.22 2.6499e-07   6.566  -6.21e+03   -6.566   0.256  0.0008    1.0     8.00    219408  0.950
  57    0.0 3.6e-05   0.999     339.70 2.7359e-07   6.550  -6.21e+03   -6.550   0.245  0.0005    1.0     8.00    223326  0.950
  58    0.0 3.5e-05   0.999     339.46 2.431e-07    6.658  -6.19e+03   -6.658   0.241  0.0010    1.0     8.00    227244  0.950
  59    0.0 3.3e-05   0.999     339.22 2.3845e-07   6.671  -6.21e+03   -6.671   0.242  0.0006    1.0     8.00    231162  0.950
  60    0.0 3.1e-05   0.999     338.96 2.3603e-07   6.658  -6.19e+03   -6.658   0.235  0.0006    1.0     8.00    235080  0.950
  61    0.0 3.0e-05   0.998     338.92 2.3427e-07   6.671  -6.19e+03   -6.671   0.235  0.0006    1.0     8.00    238998  0.950
  62    0.0 2.8e-05   0.998     338.46 2.5884e-07   6.566  -6.18e+03   -6.566   0.229  0.0005    1.0     8.00    242916  0.950
  63    0.0 2.7e-05   0.999     338.50 2.6489e-07   6.517  -6.18e+03   -6.517   0.222  0.0006    1.0     8.00    246834  0.950
  64    0.0 2.5e-05   0.998     338.06 2.3697e-07   6.658   -6.2e+03   -6.658   0.219  0.0006    1.0     8.00    250752  0.950
  65    0.0 2.4e-05   1.000     338.16 2.3569e-07   6.658   -6.2e+03   -6.658   0.205  0.0002    1.0     8.00    254670  0.950
  66    0.0 2.3e-05   0.999     337.86 2.3595e-07   6.658   -6.2e+03   -6.658   0.222  0.0006    1.0     8.00    258588  0.950
  67    0.0 2.2e-05   0.999     337.20 2.3563e-07   6.658   -6.2e+03   -6.658   0.186  0.0006    1.0     8.00    262506  0.950
  68    0.0 2.1e-05   0.999     337.39 2.3819e-07   6.638  -6.18e+03   -6.638   0.204  0.0006    1.0     8.00    266424  0.950
  69    0.0 2.0e-05   0.999     337.35 2.3568e-07   6.658   -6.2e+03   -6.658   0.188  0.0003    1.0     8.00    270342  0.950
  70    0.0 1.9e-05   0.999     337.08 2.3783e-07   6.599  -6.17e+03   -6.599   0.193  0.0006    1.0     8.00    274260  0.950
  71    0.0 1.8e-05   0.999     336.62 2.4141e-07   6.599  -6.17e+03   -6.599   0.192  0.0008    1.0     8.00    278178  0.950
  72    0.0 1.7e-05   0.999     336.29 2.4982e-07   6.566  -6.16e+03   -6.566   0.170  0.0004    1.0     8.00    282096  0.950
  73    0.0 1.6e-05   0.999     335.92 2.5872e-07   6.580  -6.19e+03   -6.580   0.184  0.0007    1.0     8.00    286014  0.950
  74    0.0 1.5e-05   0.999     336.05 2.4949e-07   6.629  -6.17e+03   -6.629   0.181  0.0005    1.0     8.00    289932  0.950
  75    0.0 1.4e-05   0.999     335.75 2.6459e-07   6.560  -6.18e+03   -6.560   0.172  0.0006    1.0     8.00    293850  0.950
  76    0.0 1.4e-05   0.999     335.43 2.5884e-07   6.586  -6.19e+03   -6.586   0.168  0.0003    1.0     8.00    297768  0.950
  77    0.0 1.3e-05   0.999     335.43 2.6007e-07   6.580  -6.19e+03   -6.580   0.172  0.0005    1.0     8.00    301686  0.950
  78    0.0 1.2e-05   0.999     335.29 2.4885e-07   6.580  -6.17e+03   -6.580   0.164  0.0005    1.0     8.00    305604  0.950
  79    0.0 1.2e-05   0.999     334.70 2.7304e-07   6.536  -6.18e+03   -6.536   0.157  0.0006    1.0     8.00    309522  0.950
  80    0.0 1.1e-05   1.000     334.61 2.6282e-07   6.586   -6.2e+03   -6.586   0.159  0.0003    1.0     8.00    313440  0.950
  81    0.0 1.1e-05   0.999     334.35 2.6239e-07   6.586  -6.18e+03   -6.586   0.157  0.0004    1.0     8.00    317358  0.950
  82    0.0 1.0e-05   0.999     334.45 2.5853e-07   6.586  -6.19e+03   -6.586   0.148  0.0004    1.0     8.00    321276  0.950
Agent's 2nd state: 
  83    0.0 8.1e-06   0.999     334.37 2.5701e-07   6.586  -6.17e+03   -6.586   0.143  0.0003    1.0     8.00    325194  0.800
Checkpoint saved: bb_costs=334.432, TD costs=2.60315e-07, CPD=  6.586 (ns) 
  84    0.0 6.5e-06   0.998     334.47 2.5948e-07   6.586  -6.17e+03   -6.586   0.096  0.0005    1.0     8.00    329112  0.800
  85    0.0 5.2e-06   0.999     334.53 2.56e-07     6.560  -6.17e+03   -6.560   0.100  0.0003    1.0     8.00    333030  0.800
  86    0.0 4.1e-06   0.998     334.59 2.4443e-07   6.658  -6.19e+03   -6.658   0.100  0.0006    1.0     8.00    336948  0.800
  87    0.0 3.3e-06   0.999     334.44 2.6524e-07   6.536  -6.16e+03   -6.536   0.100  0.0004    1.0     8.00    340866  0.800
  88    0.0 2.7e-06   0.999     334.27 2.4335e-07   6.629  -6.17e+03   -6.629   0.091  0.0003    1.0     8.00    344784  0.800
  89    0.0 0.0e+00   0.999     334.34 2.426e-07    6.658  -6.19e+03   -6.658   0.054  0.0005    1.0     8.00    348702  0.800
## Placement Quench took 0.02 seconds (max_rss 456.4 MiB)
post-quench CPD = 6.53571 (ns) 

BB estimate of min-dist (placement) wire length: 18723

Completed placement consistency check successfully.

Swaps called: 349535

Aborted Move Reasons:
  No moves aborted

Placement estimated critical path delay (least slack): 6.53571 ns, Fmax: 153.005 MHz
Placement estimated setup Worst Negative Slack (sWNS): -6.53571 ns
Placement estimated setup Total Negative Slack (sTNS): -6159.88 ns

Placement estimated setup slack histogram:
[ -6.5e-09: -5.9e-09) 204 (  9.3%) |*************
[ -5.9e-09: -5.3e-09)  53 (  2.4%) |***
[ -5.3e-09: -4.7e-09)  56 (  2.5%) |****
[ -4.7e-09: -4.1e-09)  33 (  1.5%) |**
[ -4.1e-09: -3.5e-09)  48 (  2.2%) |***
[ -3.5e-09: -2.9e-09) 176 (  8.0%) |***********
[ -2.9e-09: -2.3e-09) 721 ( 32.7%) |***********************************************
[ -2.3e-09: -1.7e-09) 599 ( 27.2%) |***************************************
[ -1.7e-09: -1.1e-09) 167 (  7.6%) |***********
[ -1.1e-09:   -5e-10) 145 (  6.6%) |*********

Placement estimated geomean non-virtual intra-domain period: 6.53571 ns (153.005 MHz)
Placement estimated fanout-weighted geomean non-virtual intra-domain period: 6.53571 ns (153.005 MHz)

Placement cost: 0.99806, bb_cost: 334.346, td_cost: 2.69504e-07, 

Placement resource usage:
  io     implemented as io    : 467
  clb    implemented as clb   : 365
  memory implemented as memory: 1

Placement number of temperatures: 89
Placement total # of swap attempts: 349535
	Swaps accepted: 112043 (32.1 %)
	Swaps rejected: 221125 (63.3 %)
	Swaps aborted:  16367 ( 4.7 %)


Placement perturbation distribution by block and move type: 
------------------ ----------------- ---------------- ---------------- --------------- ------------ 
    Block Type         Move Type       (%) of Total      Accepted(%)     Rejected(%)    Aborted(%)
------------------ ----------------- ---------------- ---------------- --------------- ------------ 
io                 Uniform                13.70            45.47           54.53          0.00         
                   Median                 13.66            50.10           39.47          10.43        
                   Centroid               13.49            50.39           40.00          9.61         
                   W. Centroid            13.68            50.16           40.26          9.58         
                   W. Median              0.52             19.92           58.12          21.95        

clb                Uniform                10.60            5.28            94.72          0.00         
                   Median                 10.65            15.88           80.09          4.03         
                   Centroid               10.58            13.91           85.56          0.53         
                   W. Centroid            10.65            13.79           85.94          0.27         
                   W. Median              0.44             2.42            92.21          5.37         
                   Crit. Uniform          0.94             1.09            98.91          0.00         
                   Feasible Region        0.97             0.71            99.29          0.00         

memory             Uniform                0.03             0.98            99.02          0.00         
                   Median                 0.03             0.89            99.11          0.00         
                   Centroid               0.03             0.00            100.00         0.00         
                   W. Centroid            0.03             1.01            98.99          0.00         
                   W. Median              0.00             0.00            100.00         0.00         


Placement Quench timing analysis took 0.0027229 seconds (0.00236043 STA, 0.000362463 slack) (1 full updates: 1 setup, 0 hold, 0 combined).
Placement Total  timing analysis took 0.269802 seconds (0.233993 STA, 0.0358083 slack) (91 full updates: 91 setup, 0 hold, 0 combined).
update_td_costs: connections 0 nets 0 sum_nets 0 total 0
# Placement took 1.12 seconds (max_rss 456.4 MiB, delta_rss +0.0 MiB)

# Routing
RR graph channel widths unchanged, skipping RR graph rebuild
## Initializing router criticalities
Initial Net Connection Criticality Histogram:
[        0:      0.1)  396 (  6.1%) |*************
[      0.1:      0.2) 1431 ( 22.1%) |**********************************************
[      0.2:      0.3)  991 ( 15.3%) |********************************
[      0.3:      0.4) 1003 ( 15.5%) |********************************
[      0.4:      0.5)  467 (  7.2%) |***************
[      0.5:      0.6)  230 (  3.6%) |*******
[      0.6:      0.7)  230 (  3.6%) |*******
[      0.7:      0.8)  462 (  7.1%) |***************
[      0.8:      0.9)  783 ( 12.1%) |*************************
[      0.9:        1)  480 (  7.4%) |***************
## Initializing router criticalities took 0.04 seconds (max_rss 456.4 MiB, delta_rss +0.0 MiB)
---- ------ ------- ---- ------- ------- ------- ----------------- --------------- -------- ---------- ---------- ---------- ---------- --------
Iter   Time    pres  BBs    Heap  Re-Rtd  Re-Rtd Overused RR Nodes      Wirelength      CPD       sTNS       sWNS       hTNS       hWNS Est Succ
      (sec)     fac Updt    push    Nets   Conns                                       (ns)       (ns)       (ns)       (ns)       (ns)     Iter
---- ------ ------- ---- ------- ------- ------- ----------------- --------------- -------- ---------- ---------- ---------- ---------- --------
   1    0.0     0.0    0  202607    2140    6094    3308 ( 6.587%)   22085 (35.7%)    6.473     -6111.     -6.473    -0.7953     -0.200      N/A
Incr Slack updates 91 in 0.0123554 sec
Full Max Req/Worst Slack updates 55 in 0.00124526 sec
Incr Max Req/Worst Slack updates 36 in 0.00100925 sec
Incr Criticality updates 13 in 0.00253229 sec
Full Criticality updates 78 in 0.0155072 sec
   2    0.0     0.5    0  206947    1882    5688    1940 ( 3.863%)   22135 (35.8%)    6.476     -6103.     -6.476    -0.7389     -0.200      N/A
   3    0.0     0.6    0  171863    1417    4742    1707 ( 3.399%)   22332 (36.1%)    6.479     -6134.     -6.479    -0.6973     -0.200      N/A
   4    0.0     0.8    0  171216    1304    4581    1507 ( 3.001%)   22435 (36.3%)    6.477     -6115.     -6.477    -0.7389     -0.200      N/A
   5    0.0     1.1    0  153771    1098    4204    1075 ( 2.141%)   22624 (36.6%)    6.478     -6153.     -6.478    -0.7389     -0.200      N/A
   6    0.0     1.4    0  131495     907    3457     852 ( 1.697%)   22963 (37.1%)    6.478     -6184.     -6.478    -0.7389     -0.200      N/A
   7    0.0     1.9    0  116231     722    3142     632 ( 1.258%)   23262 (37.6%)    6.469     -6118.     -6.469    -0.7389     -0.200      N/A
   8    0.0     2.4    0  100259     558    2572     492 ( 0.980%)   23468 (38.0%)    6.482     -6144.     -6.482    -0.7389     -0.200      N/A
   9    0.0     3.1    0   90239     426    2331     356 ( 0.709%)   23608 (38.2%)    6.483     -6241.     -6.483    -0.7389     -0.200      N/A
  10    0.0     4.1    0   67624     316    1676     263 ( 0.524%)   23962 (38.8%)    6.491     -6294.     -6.491    -0.7389     -0.200       30
  11    0.0     5.3    0   55041     239    1376     164 ( 0.327%)   24124 (39.0%)    6.481     -6245.     -6.481    -0.7389     -0.200       29
  12    0.0     6.9    0   53561     182    1307     130 ( 0.259%)   24390 (39.5%)    6.486     -6272.     -6.486    -0.7389     -0.200       27
  13    0.0     9.0    0   47924     151    1072     113 ( 0.225%)   24686 (39.9%)    6.477     -6282.     -6.477    -0.7389     -0.200       27
  14    0.0    11.6    0   41472     128     833      62 ( 0.123%)   24785 (40.1%)    6.523     -6289.     -6.523    -0.7389     -0.200       28
  15    0.0    15.1    0   30918     110     683      42 ( 0.084%)   24905 (40.3%)    6.538     -6300.     -6.538    -0.7389     -0.200       27
  16    0.0    19.7    0   27890     106     606      31 ( 0.062%)   24965 (40.4%)    6.487     -6282.     -6.487    -0.7389     -0.200       26
  17    0.0    25.6    0   25510      91     602      18 ( 0.036%)   25009 (40.5%)    6.538     -6301.     -6.538    -0.7389     -0.200       26
  18    0.0    33.3    0   22207      80     488      12 ( 0.024%)   25067 (40.5%)    6.679     -6347.     -6.679    -0.7389     -0.200       25
  19    0.0    43.3    0   20030      59     452      13 ( 0.026%)   25063 (40.5%)    6.544     -6313.     -6.544    -0.7389     -0.200       25
  20    0.0    56.2    0   23972      75     520       7 ( 0.014%)   25100 (40.6%)    6.539     -6300.     -6.539    -0.7389     -0.200       25
  21    0.0    73.1    0   20809      68     467       3 ( 0.006%)   25100 (40.6%)    6.822     -6384.     -6.822    -0.7389     -0.200       25
  22    0.0    95.0    0   15539      37     330       3 ( 0.006%)   25103 (40.6%)    6.545     -6302.     -6.545    -0.7389     -0.200       25
  23    0.0   123.5    0   20482      67     465       3 ( 0.006%)   25133 (40.7%)    6.539     -6300.     -6.539    -0.7389     -0.200       25
  24    0.0   160.6    0   20786      66     463       2 ( 0.004%)   25126 (40.6%)    6.539     -6302.     -6.539    -0.7389     -0.200       25
  25    0.0   208.8    0   21284      65     470       2 ( 0.004%)   25174 (40.7%)    6.539     -6302.     -6.539    -0.7389     -0.200       25
  26    0.0   271.4    0   21228      65     470       0 ( 0.000%)   25150 (40.7%)    6.539     -6302.     -6.539    -0.7389     -0.200       26
Restoring best routing
Critical path: 6.53868 ns
Successfully routed after 26 routing iterations.
Final Net Connection Criticality Histogram:
[        0:      0.1)  459 (  7.1%) |******************
[      0.1:      0.2) 1147 ( 17.7%) |**********************************************
[      0.2:      0.3)  946 ( 14.6%) |**************************************
[      0.3:      0.4) 1158 ( 17.9%) |**********************************************
[      0.4:      0.5)  554 (  8.6%) |**********************
[      0.5:      0.6)  221 (  3.4%) |*********
[      0.6:      0.7)  212 (  3.3%) |********
[      0.7:      0.8)  396 (  6.1%) |****************
[      0.8:      0.9)  786 ( 12.1%) |*******************************
[      0.9:        1)  594 (  9.2%) |************************
Router Stats: total_nets_routed: 12359 total_connections_routed: 49091 total_heap_pushes: 1880905 total_heap_pops: 304306 
Serial Connection Router is being destroyed. Time spent on path search: 0.063 seconds.
# Routing took 0.40 seconds (max_rss 456.4 MiB, delta_rss +0.0 MiB)

Checking to ensure routing is legal...
# Checking to ensure non-configurable edges are legal
# Checking to ensure non-configurable edges are legal took 0.00 seconds (max_rss 456.4 MiB, delta_rss +0.0 MiB)
Completed routing consistency check successfully.

Serial number (magic cookie) for the routing is: -316457486
Circuit successfully routed with a channel width factor of 56.
# Synchronize the packed netlist to routing optimization
## Annotating rr_node with routed nets
## Annotating rr_node with routed nets took 0.00 seconds (max_rss 456.4 MiB, delta_rss +0.0 MiB)
Found 8459 mismatches between routing and packing results.
Fixed 5739 routing traces due to mismatch between routing and packing results.
# Synchronize the packed netlist to routing optimization took 0.03 seconds (max_rss 456.4 MiB, delta_rss +0.0 MiB)
Final Clustering Statistics: 
----------   --------   ------------------------------------   --------------------------
Block Type   # Blocks   Avg. # of input clocks and pins used   Avg. # of output pins used
----------   --------   ------------------------------------   --------------------------
     EMPTY          0                                      0                            0   
        io        467                               0.411135                     0.588865   
       clb        365                                17.0877                      5.12603   
   mult_36          0                                      0                            0   
    memory          1                                     44                           32   
Absorbed logical nets 2854 out of 5032 nets, 2178 nets not absorbed.


Average number of bends per net: 0.914019  Maximum # of bends: 39

Number of global nets: 38
Number of routed nets (nonglobal): 2140
Wire length results (in units of 1 clb segments)...
	Total wirelength: 25150, average net length: 11.7523
	Maximum net length: 551

Wire length results in terms of physical segments...
	Total wiring segments used: 6595, average wire segments per net: 3.08178
	Maximum segments used by a net: 150
	Total local nets with reserved CLB opins: 0
Total number of nets absorbed: 0

Routing channel utilization histogram:
[        1:      inf)   0 (  0.0%) |
[      0.9:        1)   0 (  0.0%) |
[      0.8:      0.9)   0 (  0.0%) |
[      0.7:      0.8) 214 ( 18.6%) |*******************************************
[      0.5:      0.6) 176 ( 15.3%) |************************************
[      0.4:      0.5) 232 ( 20.1%) |***********************************************
[      0.3:      0.4) 196 ( 17.0%) |****************************************
[      0.2:      0.3) 126 ( 10.9%) |**************************
[      0.1:      0.2) 134 ( 11.6%) |***************************
[        0:      0.1)  74 (  6.4%) |***************
Maximum routing channel utilization:      0.79 at (16,16)

X - Directed channels:   j max occ ave occ capacity
                      ---- ------- ------- --------
                         0      43  29.680       56
                         1      27  12.440       56
                         2      33  12.400       56
                         3      30  13.400       56
                         4      33  18.560       56
                         5      27  17.360       56
                         6      32  19.720       56
                         7      30  21.200       56
                         8      37  21.680       56
                         9      33  19.760       56
                        10      29  19.200       56
                        11      32  18.560       56
                        12      33  20.520       56
                        13      38  24.160       56
                        14      38  24.560       56
                        15      41  27.760       56
                        16      44  29.240       56
                        17      40  27.680       56
                        18      41  26.200       56
                        19      41  27.280       56
                        20      41  26.360       56
                        21      39  22.800       56
                        22      37  18.840       56
                        23      39  26.760       56
Y - Directed channels:   i max occ ave occ capacity
                      ---- ------- ------- --------
                         0      25  10.920       56
                         1      24   9.320       56
                         2      25  12.040       56
                         3      36  21.320       56
                         4      33  23.720       56
                         5      33  20.600       56
                         6      32  19.360       56
                         7      44  29.800       56
                         8      39  26.000       56
                         9      33  21.640       56
                        10      34  24.680       56
                        11      38  20.520       56
                        12      37  22.280       56
                        13      36  20.120       56
                        14      36  17.040       56
                        15      41  24.240       56
                        16      39  27.640       56
                        17      36  21.640       56
                        18      35  18.640       56
                        19      38  23.920       56
                        20      40  22.920       56
                        21      25  15.720       56
                        22      16   9.320       56
                        23      31  16.480       56

Total tracks in x-direction: 1344, in y-direction: 1344

Logic area (in minimum width transistor areas, excludes I/Os and empty grid tiles)...
	Total logic block area (Warning, need to add pitch of routing to blocks with height > 3): 3.19446e+07
	Total used logic block area: 2.02193e+07

Routing area (in minimum width transistor areas)...
	Total routing area: 2.15933e+06, per logic tile: 3454.93

Total Number of Wiring Segments by Direction: direction length number
                                              --------- ------ -------
                                                      X      4   8736
                                                      Y      4   8736

X - Directed Wiring Segment usage by length: length utilization
                                             ------ -----------
                                             4        0.39

Y - Directed Wiring Segment usage by length: length utilization
                                             ------ -----------
                                             4       0.365

Segment occupancy by length: Length utilization
                             ------ -----------
                             L4           0.377

Segment occupancy by type:              name type utilization
                           ----------------- ---- -----------
                           unnamed_segment_0    0       0.377

Final hold Worst Negative Slack (hWNS): -0.199722 ns
Final hold Total Negative Slack (hTNS): -0.738862 ns

Final hold slack histogram:
[   -2e-10:  3.5e-12)  11 (  0.5%) |*
[  3.5e-12:  2.1e-10)  15 (  0.7%) |*
[  2.1e-10:  4.1e-10) 973 ( 44.2%) |***********************************************
[  4.1e-10:  6.1e-10) 479 ( 21.8%) |***********************
[  6.1e-10:  8.2e-10) 449 ( 20.4%) |**********************
[  8.2e-10:    1e-09) 134 (  6.1%) |******
[    1e-09:  1.2e-09)  60 (  2.7%) |***
[  1.2e-09:  1.4e-09)  47 (  2.1%) |**
[  1.4e-09:  1.6e-09)  32 (  1.5%) |**
[  1.6e-09:  1.8e-09)   2 (  0.1%) |

Final critical path delay (least slack): 6.53868 ns, Fmax: 152.936 MHz
Final setup Worst Negative Slack (sWNS): -6.53868 ns
Final setup Total Negative Slack (sTNS): -6302.02 ns

Final setup slack histogram:
[ -6.5e-09: -5.9e-09) 202 (  9.2%) |***********
[ -5.9e-09: -5.3e-09)  54 (  2.5%) |***
[ -5.3e-09: -4.7e-09)  58 (  2.6%) |***
[ -4.7e-09: -4.1e-09)  45 (  2.0%) |**
[ -4.1e-09: -3.5e-09)  51 (  2.3%) |***
[ -3.5e-09: -2.8e-09) 250 ( 11.4%) |*************
[ -2.8e-09: -2.2e-09) 904 ( 41.1%) |***********************************************
[ -2.2e-09: -1.6e-09) 419 ( 19.0%) |**********************
[ -1.6e-09: -9.9e-10) 119 (  5.4%) |******
[ -9.9e-10: -3.7e-10) 100 (  4.5%) |*****

Final geomean non-virtual intra-domain period: 6.53868 ns (152.936 MHz)
Final fanout-weighted geomean non-virtual intra-domain period: 6.53868 ns (152.936 MHz)

Incr Slack updates 1 in 0.000186182 sec
Full Max Req/Worst Slack updates 1 in 3.4186e-05 sec
Incr Max Req/Worst Slack updates 0 in 0 sec
Incr Criticality updates 0 in 0 sec
Full Criticality updates 1 in 0.000194734 sec
Flow timing analysis took 0.486538 seconds (0.432711 STA, 0.0538276 slack) (120 full updates: 92 setup, 0 hold, 28 combined).
VPR succeeded
The entire flow of VPR took 2.78 seconds (max_rss 456.4 MiB)
Incr Slack updates 27 in 0.00347002 sec
Full Max Req/Worst Slack updates 11 in 0.000245049 sec
Incr Max Req/Worst Slack updates 16 in 0.00045568 sec
Incr Criticality updates 3 in 0.000448159 sec
Full Criticality updates 24 in 0.00485189 sec

=== STDERR ===

=== RETURN CODE: 0 ===
