=== STDOUT ===
VPR FPGA Placement and Routing.
Version: 9.0.0-dev+v8.0.0-11943-g8cb20aa52
Revision: v8.0.0-11943-g8cb20aa52
Compiled: 2025-11-07T01:24:15
Compiler: GNU 13.3.0 on Linux-6.6.87.2-microsoft-standard-WSL2 x86_64
Build Info: release IPO VTR_ASSERT_LEVEL=2

University of Toronto
verilogtorouting.org
vtr-users@googlegroups.com
This is free open source code under MIT license.

VPR was run with the following command-line:
./vtr-verilog-to-routing/vpr/vpr k6_N10_mem32K_40nm.xml boundtop.blif --route_chan_width 56 --seed 500


Architecture file: k6_N10_mem32K_40nm.xml
Circuit name: boundtop

# Loading Architecture Description
# Loading Architecture Description took 0.00 seconds (max_rss 456.4 MiB, delta_rss +0.0 MiB)

Timing analysis: ON
Circuit netlist file: boundtop.net
Circuit placement file: boundtop.place
Circuit routing file: boundtop.route
Circuit SDC file: boundtop.sdc
Vpr floorplanning constraints file: not specified

Packer: ENABLED
Placer: ENABLED
Analytical Placer: DISABLED
Router: ENABLED
Analysis: ENABLED

VPR was run with the following options:

NetlistOpts.absorb_buffer_luts            : true
NetlistOpts.sweep_dangling_primary_ios    : true
NetlistOpts.sweep_dangling_nets           : true
NetlistOpts.sweep_dangling_blocks         : true
NetlistOpts.sweep_constant_primary_outputs: false
NetlistOpts.netlist_verbosity             : 1
NetlistOpts.const_gen_inference           : COMB_SEQ

PackerOpts.allow_unrelated_clustering: auto
PackerOpts.alpha_clustering: 0.750000
PackerOpts.beta_clustering: 0.900000
PackerOpts.cluster_seed_type: BLEND2
PackerOpts.connection_driven: true
PackerOpts.global_clocks: true
PackerOpts.inter_cluster_net_delay: 1.000000
PackerOpts.timing_driven: true
PackerOpts.target_external_pin_util: auto

PlacerOpts.place_freq: PLACE_ONCE
PlacerOpts.place_algorithm: CRITICALITY_TIMING_PLACE
PlacerOpts.pad_loc_type: FREE
PlacerOpts.constraints_file: No constraints file given
PlacerOpts.place_chan_width: 56
PlacerOpts.inner_loop_recompute_divider: 0
PlacerOpts.recompute_crit_iter: 1
PlacerOpts.timing_tradeoff: 0.500000
PlacerOpts.td_place_exp_first: 1.000000
PlacerOpts.td_place_exp_last: 8.000000
PlacerOpts.delay_offset: 0.000000
PlacerOpts.delay_ramp_delta_threshold: -1
PlacerOpts.delay_ramp_slope: 0.000000
PlacerOpts.tsu_rel_margin: 1.000000
PlacerOpts.tsu_abs_margin: 0.000000
PlacerOpts.post_place_timing_report_file: 
PlacerOpts.allowed_tiles_for_delay_model: 
PlacerOpts.delay_model_reducer: MIN
PlacerOpts.delay_model_type: SIMPLE
PlacerOpts.rlim_escape_fraction: 0.000000
PlacerOpts.move_stats_file: 
PlacerOpts.placement_saves_per_temperature: 0
PlacerOpts.effort_scaling: CIRCUIT
PlacerOpts.place_delta_delay_matrix_calculation_method: ASTAR_ROUTE
PlaceOpts.seed: 500
AnnealSched.type: AUTO_SCHED
AnnealSched.inner_num: 0.500000

RouterOpts.route_type: DETAILED
RouterOpts.flat_routing: false
RouterOpts.choke_points: on
RouterOpts.router_algorithm: TIMING_DRIVEN
RouterOpts.base_cost_type: DELAY_NORMALIZED_LENGTH
RouterOpts.fixed_channel_width: 56
RouterOpts.check_route: FULL
RouterOpts.acc_fac: 1.000000
RouterOpts.bb_factor: 3
RouterOpts.bend_cost: 0.000000
RouterOpts.first_iter_pres_fac: 0.000000
RouterOpts.initial_pres_fac: 0.500000
RouterOpts.pres_fac_mult: 1.300000
RouterOpts.max_pres_fac: 1000.000000
RouterOpts.max_router_iterations: 50
RouterOpts.min_incremental_reroute_fanout: 16
RouterOpts.do_check_rr_graph: true
RouterOpts.verify_binary_search: false
RouterOpts.min_channel_width_hint: 0
RouterOpts.read_rr_edge_metadata: false
RouterOpts.exit_after_first_routing_iteration: false
RouterOpts.astar_fac: 1.200000
RouterOpts.astar_offset: 0.000000
RouterOpts.router_profiler_astar_fac: 1.200000
RouterOpts.criticality_exp: 1.000000
RouterOpts.max_criticality: 0.990000
RouterOpts.init_wirelength_abort_threshold: 0.850000
RouterOpts.incr_reroute_delay_ripup: AUTO
RouterOpts.save_routing_per_iteration: false
RouterOpts.congested_routing_iteration_threshold_frac: 1.000000
RouterOpts.high_fanout_threshold: 64
RouterOpts.router_debug_net: -2
RouterOpts.router_debug_sink_rr: -2
RouterOpts.router_debug_iteration: -2
RouterOpts.max_convergence_count: 1
RouterOpts.reconvergence_cpd_threshold: 0.990000
RouterOpts.update_lower_bound_delays: true
RouterOpts.first_iteration_timing_report_file: 
RouterOpts.route_bb_update: DYNAMIC
RouterOpts.lookahead_type: MAP
RouterOpts.initial_timing: LOOKAHEAD
RouterOpts.router_heap: FOUR_ARY_HEAP
RouterOpts.routing_failure_predictor = SAFE
RouterOpts.routing_budgets_algorithm = DISABLE

AnalysisOpts.gen_post_synthesis_netlist: false
AnalysisOpts.timing_report_npaths: 100
AnalysisOpts.timing_report_skew: false
AnalysisOpts.echo_dot_timing_graph_node: -1
AnalysisOpts.timing_report_detail: NETLIST
AnalysisOpts.post_synth_netlist_unconn_input_handling: UNCONNECTED
AnalysisOpts.post_synth_netlist_unconn_output_handling: UNCONNECTED

# Building complex block graph
Warning 1: io[0].clock[0] unconnected pin in architecture.
# Building complex block graph took 0.01 seconds (max_rss 456.4 MiB, delta_rss +0.0 MiB)
Circuit file: boundtop.blif
# Load circuit
Found constant-zero generator 'top^tm3_sram_addr~18'
Found constant-zero generator 'unconn'
Found constant-zero generator 'n2240'
Found constant-zero generator 'n3090'
Found constant-zero generator 'n3175'
Found constant-zero generator 'n3700'
Found constant-zero generator 'n4105'
Found constant-zero generator 'n4885'
Found constant-zero generator 'n4890'
Found constant-zero generator 'n4895'
Found constant-zero generator 'n4900'
Found constant-zero generator 'n5105'
Found constant-zero generator 'n5110'
Found constant-zero generator 'n5115'
Found constant-zero generator 'n5540'
Found constant-zero generator 'n5945'
Found constant-zero generator 'n6735'
Found constant-zero generator 'n6740'
Found constant-zero generator 'n6745'
Found constant-zero generator 'n6750'
Found constant-zero generator 'n10555'
Found constant-zero generator 'n10559'
Found constant-zero generator 'n10563'
Found constant-zero generator 'n10567'
Found constant-zero generator 'n10571'
Found constant-zero generator 'n10575'
Found constant-zero generator 'n10579'
Found constant-zero generator 'n10583'
Found constant-zero generator 'n10587'
Found constant-zero generator 'n10591'
Found constant-zero generator 'n10595'
Found constant-zero generator 'n10599'
Found constant-zero generator 'n10603'
Found constant-zero generator 'n10607'
Found constant-zero generator 'n10611'
Found constant-zero generator 'n10615'
Found constant-zero generator 'n10619'
Found constant-zero generator 'n10623'
Found constant-zero generator 'n10627'
Found constant-zero generator 'n10631'
Found constant-zero generator 'n10635'
Found constant-zero generator 'n10639'
Found constant-zero generator 'n10643'
Found constant-zero generator 'n10647'
Found constant-zero generator 'n10651'
Found constant-zero generator 'n10655'
# Load circuit took 0.03 seconds (max_rss 456.4 MiB, delta_rss +0.0 MiB)
# Clean circuit
Absorbed 77 LUT buffers
Inferred    0 additional primitive pins as constant generators since they have no combinationally connected inputs
Inferred   44 additional primitive pins as constant generators due to constant inputs
Inferred    0 additional primitive pins as constant generators since they have no combinationally connected inputs
Inferred    0 additional primitive pins as constant generators due to constant inputs
Swept input(s)      : 0
Swept output(s)     : 0 (0 dangling, 0 constant)
Swept net(s)        : 0
Swept block(s)      : 0
Constant Pins Marked: 44
# Clean circuit took 0.00 seconds (max_rss 456.4 MiB, delta_rss +0.0 MiB)
# Compress circuit
# Compress circuit took 0.00 seconds (max_rss 456.4 MiB, delta_rss +0.0 MiB)
# Verify circuit
# Verify circuit took 0.00 seconds (max_rss 456.4 MiB, delta_rss +0.0 MiB)
Circuit Statistics:
  Blocks: 5224
    .input         :     275
    .latch         :    1671
    .names         :    3054
        0-LUT:      45
        2-LUT:     681
        3-LUT:     461
        4-LUT:     360
        5-LUT:     289
        6-LUT:    1218
    .output        :     192
    single_port_ram:      32
  Nets  : 5032
    Avg Fanout:     3.4
    Max Fanout:  1703.0
    Min Fanout:     1.0
  Netlist Clocks: 1
# Build Timing Graph
  Timing Graph Nodes: 21920
  Timing Graph Edges: 33584
  Timing Graph Levels: 22
# Build Timing Graph took 0.01 seconds (max_rss 456.4 MiB, delta_rss +0.0 MiB)
Netlist contains 1 clocks
  Netlist Clock 'top^tm3_clk_v0' Fanout: 1703 pins (7.8%), 1703 blocks (32.6%)
# Load Timing Constraints

SDC file 'boundtop.sdc' not found
Setting default timing constraints:
   * constrain all primay inputs and primary outputs on netlist clock 'top^tm3_clk_v0'
   * optimize netlist clock to run as fast as possible
Timing constraints created 1 clocks
  Constrained Clock 'top^tm3_clk_v0' Source: 'top^tm3_clk_v0.inpad[0]'

# Load Timing Constraints took 0.00 seconds (max_rss 456.4 MiB, delta_rss +0.0 MiB)
# Packing
Begin packing 'boundtop.blif'.

After removing unused inputs...
	total blocks: 5224, total nets: 5032, total inputs: 275, total outputs: 192
Begin prepacking.
0 attraction groups were created during prepacking.
Finish prepacking.
Using inter-cluster delay: 1.33777e-09
Packing with pin utilization targets: io:1,1 clb:0.8,0.6 mult_36:1,1 memory:1,1
Packing with high fanout thresholds: io:128 clb:32 mult_36:128 memory:128
Starting Clustering - Clustering Progress: 
-------------------   --------------------------   ---------
Molecules processed   Number of clusters created   FPGA size
-------------------   --------------------------   ---------
   151/3569      4%                           13     8 x 8     
   299/3569      8%                           28     9 x 9     
   449/3569     12%                           43    10 x 10    
   599/3569     16%                           58    11 x 11    
   749/3569     20%                           73    13 x 13    
   897/3569     25%                           88    13 x 13    
  1047/3569     29%                          103    14 x 14    
  1193/3569     33%                          118    15 x 15    
  1336/3569     37%                          135    16 x 16    
  1481/3569     41%                          151    17 x 17    
  1627/3569     45%                          166    17 x 17    
  1774/3569     49%                          181    18 x 18    
  1920/3569     53%                          198    19 x 19    
  2063/3569     57%                          213    19 x 19    
  2210/3569     61%                          229    20 x 20    
  2355/3569     65%                          248    21 x 21    
  2499/3569     70%                          268    22 x 22    
  2646/3569     74%                          287    22 x 22    
  2790/3569     78%                          305    23 x 23    
  2936/3569     82%                          329    23 x 23    
  3082/3569     86%                          361    25 x 25    
  3224/3569     90%                          488    25 x 25    
  3366/3569     94%                          630    25 x 25    
  3508/3569     98%                          772    25 x 25    
  3569/3569    100%                          833    25 x 25    

Logic Element (fle) detailed count:
  Total number of Logic Elements used : 3070
  LEs used for logic and registers    : 1655
  LEs used for logic only             : 1399
  LEs used for registers only         : 16

Incr Slack updates 1 in 0.000216344 sec
Full Max Req/Worst Slack updates 1 in 2.1073e-05 sec
Incr Max Req/Worst Slack updates 0 in 0 sec
Incr Criticality updates 0 in 0 sec
Full Criticality updates 1 in 0.00024757 sec
FPGA sized to 25 x 25 (auto)
Device Utilization: 0.69 (target 1.00)
	Block Utilization: 0.63 Type: io
	Block Utilization: 0.93 Type: clb
	Block Utilization: 0.11 Type: memory

Start the iterative improvement process
the iterative improvement process is done
Final Clustering Statistics: 
----------   --------   ------------------------------------   --------------------------
Block Type   # Blocks   Avg. # of input clocks and pins used   Avg. # of output pins used
----------   --------   ------------------------------------   --------------------------
     EMPTY          0                                      0                            0   
        io        467                               0.411135                     0.588865   
       clb        365                                17.0877                      5.12603   
   mult_36          0                                      0                            0   
    memory          1                                     44                           32   
Absorbed logical nets 2854 out of 5032 nets, 2178 nets not absorbed.

Netlist conversion complete.

# Packing took 0.61 seconds (max_rss 456.4 MiB, delta_rss +0.0 MiB)
# Load packing
Begin loading packed FPGA netlist file.
Netlist generated from file 'boundtop.net'.
Detected 45 constant generators (to see names run with higher pack verbosity)
Finished loading packed FPGA netlist file (took 0.153175 seconds).
Warning 2: Treated 37 constant nets as global which will not be routed (to see net names increase packer verbosity).
Warning 3: Netlist contains 91 global net to non-global architecture pin connections
Warning 4: Logic block #365 (top^tm3_sram_addr~18) has only 1 output pin 'top^tm3_sram_addr~18.O[9]'. It may be a constant generator.
Completed clustering consistency check successfully.
Cluster level netlist and block usage statistics
Netlist num_nets: 2178
Netlist num_blocks: 833
Netlist EMPTY blocks: 0.
Netlist io blocks: 467.
Netlist clb blocks: 365.
Netlist mult_36 blocks: 0.
Netlist memory blocks: 1.
Netlist inputs pins: 275
Netlist output pins: 192

Pb types usage...
  io                 : 467
   inpad             : 275
   outpad            : 192
  clb                : 365
   fle               : 3070
    ble6             : 3070
     lut6            : 3054
      lut            : 3054
     ff              : 1671
  memory             : 1
   mem_1024x32_sp    : 1
    memory_slice     : 32

# Load packing took 0.24 seconds (max_rss 456.4 MiB, delta_rss +0.0 MiB)
# Create Device
## Build Device Grid
FPGA sized to 25 x 25: 625 grid tiles (auto)

Resource usage...
	Netlist
		467	blocks of type: io
	Architecture
		736	blocks of type: io
	Netlist
		365	blocks of type: clb
	Architecture
		391	blocks of type: clb
	Netlist
		0	blocks of type: mult_36
	Architecture
		15	blocks of type: mult_36
	Netlist
		1	blocks of type: memory
	Architecture
		9	blocks of type: memory

Device Utilization: 0.69 (target 1.00)
	Physical Tile io:
	Block Utilization: 0.63 Logical Block: io
	Physical Tile clb:
	Block Utilization: 0.93 Logical Block: clb
	Physical Tile mult_36:
	Block Utilization: 0.00 Logical Block: mult_36
	Physical Tile memory:
	Block Utilization: 0.11 Logical Block: memory

FPGA size limited by block type(s): clb

## Build Device Grid took 0.00 seconds (max_rss 456.4 MiB, delta_rss +0.0 MiB)
## Build routing resource graph
## Build routing resource graph took 0.12 seconds (max_rss 456.4 MiB, delta_rss +0.0 MiB)
  RR Graph Nodes: 50220
  RR Graph Edges: 335054
# Create Device took 0.13 seconds (max_rss 456.4 MiB, delta_rss +0.0 MiB)

# Computing router lookahead map
## Computing wire lookahead
## Computing wire lookahead took 0.05 seconds (max_rss 456.4 MiB, delta_rss +0.0 MiB)
## Computing src/opin lookahead
Warning 5: Found no more sample locations for SOURCE in io
Warning 6: Found no more sample locations for OPIN in io
Warning 7: Found no more sample locations for SOURCE in clb
Warning 8: Found no more sample locations for OPIN in clb
Warning 9: Found no more sample locations for SOURCE in mult_36
Warning 10: Found no more sample locations for OPIN in mult_36
Warning 11: Found no more sample locations for SOURCE in memory
Warning 12: Found no more sample locations for OPIN in memory
## Computing src/opin lookahead took 0.00 seconds (max_rss 456.4 MiB, delta_rss +0.0 MiB)
# Computing router lookahead map took 0.05 seconds (max_rss 456.4 MiB, delta_rss +0.0 MiB)
# Computing placement delta delay look-up
RR graph channel widths unchanged, skipping RR graph rebuild
Serial Connection Router is being destroyed. Time spent on path search: 0.000 seconds.
# Computing placement delta delay look-up took 0.00 seconds (max_rss 456.4 MiB, delta_rss +0.0 MiB)

Bounding box mode is Cube

# Compressed grid construction
# Compressed grid construction took 0.00 seconds (max_rss 456.4 MiB, delta_rss +0.0 MiB)
# Placement
## Initial Placement
Initial placement iteration 0 has finished successfully
## Initial Placement took 0.00 seconds (max_rss 456.4 MiB, delta_rss +0.0 MiB)
Using simple RL 'Softmax agent' for choosing move and block types

BB estimate of min-dist (placement) wire length: 52683

Completed placement consistency check successfully.
Initial placement cost: 1 bb_cost: 940.761 td_cost: 1.63e-06
Initial placement estimated Critical Path Delay (CPD): 11.7159 ns
Initial placement estimated setup Total Negative Slack (sTNS): -8658.57 ns
Initial placement estimated setup Worst Negative Slack (sWNS): -11.7159 ns

Initial placement estimated setup slack histogram:
[ -1.2e-08: -1.1e-08)  70 (  3.2%) |****
[ -1.1e-08: -9.5e-09) 198 (  9.0%) |************
[ -9.5e-09: -8.4e-09)  35 (  1.6%) |**
[ -8.4e-09: -7.2e-09)  52 (  2.4%) |***
[ -7.2e-09: -6.1e-09)  10 (  0.5%) |*
[ -6.1e-09:   -5e-09)  11 (  0.5%) |*
[   -5e-09: -3.9e-09) 183 (  8.3%) |***********
[ -3.9e-09: -2.8e-09) 674 ( 30.6%) |***************************************
[ -2.8e-09: -1.6e-09) 806 ( 36.6%) |***********************************************
[ -1.6e-09: -5.2e-10) 163 (  7.4%) |**********
Placement contains 0 placement macros involving 0 blocks (average macro size -nan)

Moves per temperature: 3918
Warning 13: Starting t: 358 of 833 configurations accepted.

---- ------ ------- ------- ---------- ---------- ------- ---------- -------- ------- ------- ------ -------- --------- ------
Tnum   Time       T Av Cost Av BB Cost Av TD Cost     CPD       sTNS     sWNS Ac Rate Std Dev  R lim Crit Exp Tot Moves  Alpha
      (sec)                                          (ns)       (ns)     (ns)                                                 
---- ------ ------- ------- ---------- ---------- ------- ---------- -------- ------- ------- ------ -------- --------- ------
   1    0.0 5.3e-04   0.912     764.71 1.4414e-06   9.882  -7.83e+03   -9.882   0.684  0.0431   24.0     1.00      3918  1.000
   2    0.0 5.1e-04   0.944     663.37 1.3294e-06   9.069  -7.54e+03   -9.069   0.636  0.0268   24.0     1.00      7836  0.950
   3    0.0 4.8e-04   0.962     619.05 1.3514e-06   7.970  -7.19e+03   -7.970   0.602  0.0156   24.0     1.00     11754  0.950
   4    0.0 4.6e-04   0.966     580.85 1.2984e-06   7.771  -6.87e+03   -7.771   0.591  0.0154   24.0     1.00     15672  0.950
   5    0.0 4.3e-04   0.972     559.57 1.2868e-06   7.445  -6.75e+03   -7.445   0.567  0.0115   24.0     1.00     19590  0.950
   6    0.0 4.1e-04   0.979     536.46 1.257e-06    7.335  -6.39e+03   -7.335   0.540  0.0143   24.0     1.00     23508  0.950
   7    0.0 3.9e-04   0.989     523.26 1.1247e-06   8.181  -6.76e+03   -8.181   0.534  0.0092   24.0     1.00     27426  0.950
   8    0.0 3.7e-04   0.981     509.31 1.1748e-06   7.623  -6.57e+03   -7.623   0.536  0.0094   24.0     1.00     31344  0.950
   9    0.0 3.5e-04   0.984     496.79 1.146e-06    7.625  -6.47e+03   -7.625   0.508  0.0065   24.0     1.00     35262  0.950
  10    0.0 3.4e-04   0.986     484.54 1.1353e-06   7.595  -6.48e+03   -7.595   0.485  0.0048   24.0     1.00     39180  0.950
  11    0.0 3.2e-04   0.997     484.18 1.1657e-06   7.355  -6.43e+03   -7.355   0.480  0.0028   24.0     1.00     43098  0.950
  12    0.0 3.0e-04   0.990     478.18 1.1758e-06   7.283  -6.46e+03   -7.283   0.474  0.0037   24.0     1.00     47016  0.950
  13    0.0 2.9e-04   0.988     470.59 1.1224e-06   7.625  -6.46e+03   -7.625   0.447  0.0039   24.0     1.00     50934  0.950
  14    0.0 2.7e-04   0.988     466.61 1.1761e-06   7.162  -6.37e+03   -7.162   0.460  0.0056   24.0     1.00     54852  0.950
  15    0.0 2.6e-04   0.983     454.52 1.1526e-06   7.254  -6.38e+03   -7.254   0.412  0.0086   24.0     1.00     58770  0.950
  16    0.0 2.5e-04   0.995     451.59 9.6689e-07   7.397  -6.31e+03   -7.397   0.421  0.0034   23.3     1.20     62688  0.950
  17    0.0 2.3e-04   0.990     444.93 9.3415e-07   7.072  -6.33e+03   -7.072   0.408  0.0050   22.9     1.34     66606  0.950
  18    0.0 2.2e-04   0.991     442.02 8.0966e-07   7.150  -6.29e+03   -7.150   0.395  0.0051   22.2     1.56     70524  0.950
  19    0.0 2.1e-04   0.995     436.97 7.4583e-07   6.938  -6.31e+03   -6.938   0.393  0.0039   21.2     1.87     74442  0.950
  20    0.0 2.0e-04   0.992     432.58 6.5523e-07   6.949  -6.31e+03   -6.949   0.394  0.0032   20.2     2.17     78360  0.950
  21    0.0 1.9e-04   0.989     425.67 5.8259e-07   6.980  -6.29e+03   -6.980   0.370  0.0054   19.2     2.45     82278  0.950
  22    0.0 1.8e-04   0.994     419.78 5.2221e-07   6.907  -6.18e+03   -6.907   0.360  0.0020   17.9     2.86     86196  0.950
  23    0.0 1.7e-04   1.000     421.61 4.7097e-07   6.916  -6.29e+03   -6.916   0.353  0.0018   16.4     3.30     90114  0.950
  24    0.0 1.6e-04   0.995     420.86 4.4071e-07   6.846  -6.35e+03   -6.846   0.362  0.0038   15.0     3.73     94032  0.950
  25    0.0 1.6e-04   0.996     415.74 3.9938e-07   6.852  -6.24e+03   -6.852   0.369  0.0014   13.8     4.09     97950  0.950
  26    0.0 1.5e-04   0.994     413.20 3.6262e-07   6.938  -6.26e+03   -6.938   0.334  0.0032   12.9     4.39    101868  0.950
  27    0.0 1.4e-04   0.995     409.39 3.5851e-07   6.777  -6.24e+03   -6.777   0.356  0.0028   11.5     4.81    105786  0.950
  28    0.0 1.3e-04   0.994     403.25 3.503e-07    6.777  -6.24e+03   -6.777   0.336  0.0028   10.5     5.10    109704  0.950
  29    0.0 1.3e-04   0.995     399.17 3.2973e-07   6.779  -6.29e+03   -6.779   0.324  0.0025    9.4     5.44    113622  0.950
  30    0.0 1.2e-04   0.997     396.77 3.1755e-07   6.779  -6.32e+03   -6.779   0.312  0.0017    8.3     5.77    117540  0.950
  31    0.0 1.1e-04   0.996     394.53 3.3569e-07   6.612   -6.3e+03   -6.612   0.303  0.0014    7.3     6.09    121458  0.950
  32    0.0 1.1e-04   0.998     394.85 3.0169e-07   6.713   -6.3e+03   -6.713   0.319  0.0012    6.3     6.40    125376  0.950
  33    0.0 1.0e-04   0.997     394.29 2.8781e-07   6.713   -6.3e+03   -6.713   0.306  0.0012    5.5     6.63    129294  0.950
  34    0.0 9.8e-05   0.993     389.06 2.554e-07    6.834  -6.34e+03   -6.834   0.302  0.0036    4.8     6.85    133212  0.950
  35    0.0 9.3e-05   0.995     387.55 2.6053e-07   6.764  -6.29e+03   -6.764   0.306  0.0033    4.1     7.05    137130  0.950
  36    0.0 8.9e-05   0.993     384.72 2.5612e-07   6.721  -6.29e+03   -6.721   0.369  0.0030    3.6     7.22    141048  0.950
  37    0.0 8.4e-05   0.996     380.63 2.6188e-07   6.704  -6.23e+03   -6.704   0.355  0.0018    3.3     7.30    144966  0.950
  38    0.0 8.0e-05   0.995     377.24 2.493e-07    6.741  -6.25e+03   -6.741   0.331  0.0030    3.0     7.38    148884  0.950
  39    0.0 7.6e-05   0.995     374.36 2.6435e-07   6.650  -6.21e+03   -6.650   0.383  0.0027    2.7     7.48    152802  0.950
  40    0.0 7.2e-05   0.997     371.78 2.5384e-07   6.670  -6.22e+03   -6.670   0.358  0.0015    2.5     7.53    156720  0.950
  41    0.0 6.9e-05   0.995     369.51 2.3068e-07   6.738  -6.21e+03   -6.738   0.351  0.0026    2.3     7.59    160638  0.950
  42    0.0 6.5e-05   0.997     367.54 2.3142e-07   6.738  -6.25e+03   -6.738   0.359  0.0016    2.1     7.66    164556  0.950
  43    0.0 6.2e-05   0.995     365.54 2.4688e-07   6.613  -6.24e+03   -6.613   0.335  0.0024    2.0     7.71    168474  0.950
  44    0.0 5.9e-05   0.997     363.63 2.5574e-07   6.560  -6.19e+03   -6.560   0.322  0.0015    1.7     7.77    172392  0.950
  45    0.0 5.6e-05   0.996     360.91 2.8251e-07   6.486  -6.18e+03   -6.486   0.312  0.0021    1.5     7.83    176310  0.950
  46    0.0 5.3e-05   0.998     358.63 2.5246e-07   6.556  -6.16e+03   -6.556   0.293  0.0008    1.3     7.89    180228  0.950
  47    0.0 5.0e-05   0.997     357.41 2.5901e-07   6.507  -6.18e+03   -6.507   0.295  0.0012    1.1     7.95    184146  0.950
  48    0.0 4.8e-05   0.997     356.84 2.5054e-07   6.560  -6.18e+03   -6.560   0.289  0.0009    1.0     8.00    188064  0.950
  49    0.0 4.5e-05   0.998     355.20 2.3076e-07   6.656   -6.2e+03   -6.656   0.266  0.0011    1.0     8.00    191982  0.950
  50    0.0 4.3e-05   0.997     354.20 2.3226e-07   6.613  -6.18e+03   -6.613   0.269  0.0013    1.0     8.00    195900  0.950
  51    0.0 4.1e-05   0.999     354.34 2.4431e-07   6.576  -6.18e+03   -6.576   0.263  0.0005    1.0     8.00    199818  0.950
  52    0.0 3.9e-05   0.998     354.21 2.2731e-07   6.613  -6.16e+03   -6.613   0.270  0.0010    1.0     8.00    203736  0.950
  53    0.0 3.7e-05   0.998     353.45 2.5134e-07   6.535  -6.15e+03   -6.535   0.262  0.0008    1.0     8.00    207654  0.950
  54    0.0 3.5e-05   0.998     352.85 2.2597e-07   6.613  -6.15e+03   -6.613   0.254  0.0011    1.0     8.00    211572  0.950
  55    0.0 3.3e-05   0.998     352.55 2.41e-07     6.570  -6.15e+03   -6.570   0.253  0.0010    1.0     8.00    215490  0.950
  56    0.0 3.2e-05   0.999     351.94 2.2935e-07   6.613  -6.15e+03   -6.613   0.252  0.0006    1.0     8.00    219408  0.950
  57    0.0 3.0e-05   0.999     352.21 2.2529e-07   6.613  -6.14e+03   -6.613   0.224  0.0008    1.0     8.00    223326  0.950
  58    0.0 2.9e-05   0.998     351.74 2.3781e-07   6.570  -6.15e+03   -6.570   0.242  0.0004    1.0     8.00    227244  0.950
  59    0.0 2.7e-05   0.998     351.42 2.2642e-07   6.613  -6.13e+03   -6.613   0.239  0.0012    1.0     8.00    231162  0.950
  60    0.0 2.6e-05   0.999     350.75 2.3564e-07   6.570  -6.15e+03   -6.570   0.221  0.0005    1.0     8.00    235080  0.950
  61    0.0 2.5e-05   0.999     350.19 2.3895e-07   6.560  -6.13e+03   -6.560   0.211  0.0006    1.0     8.00    238998  0.950
  62    0.0 2.3e-05   0.999     349.80 2.2677e-07   6.613  -6.14e+03   -6.613   0.204  0.0007    1.0     8.00    242916  0.950
  63    0.0 2.2e-05   0.999     350.26 2.3771e-07   6.570  -6.15e+03   -6.570   0.203  0.0008    1.0     8.00    246834  0.950
  64    0.0 2.1e-05   0.999     349.79 2.2644e-07   6.613  -6.16e+03   -6.613   0.208  0.0007    1.0     8.00    250752  0.950
  65    0.0 2.0e-05   0.998     349.50 2.3971e-07   6.570  -6.14e+03   -6.570   0.197  0.0009    1.0     8.00    254670  0.950
  66    0.0 1.9e-05   0.999     349.22 2.2116e-07   6.613  -6.14e+03   -6.613   0.189  0.0007    1.0     8.00    258588  0.950
  67    0.0 1.8e-05   0.998     348.45 2.3941e-07   6.570  -6.15e+03   -6.570   0.185  0.0009    1.0     8.00    262506  0.950
  68    0.0 1.7e-05   0.998     348.24 2.2181e-07   6.613  -6.15e+03   -6.613   0.188  0.0005    1.0     8.00    266424  0.950
  69    0.0 1.6e-05   0.999     348.45 2.3877e-07   6.560  -6.13e+03   -6.560   0.195  0.0005    1.0     8.00    270342  0.950
  70    0.0 1.5e-05   0.998     348.55 2.2253e-07   6.613  -6.15e+03   -6.613   0.187  0.0006    1.0     8.00    274260  0.950
  71    0.0 1.5e-05   0.998     348.30 2.4054e-07   6.570  -6.14e+03   -6.570   0.174  0.0003    1.0     8.00    278178  0.950
  72    0.0 1.4e-05   0.999     348.16 2.2708e-07   6.613  -6.14e+03   -6.613   0.161  0.0007    1.0     8.00    282096  0.950
  73    0.0 1.3e-05   0.998     348.24 2.3692e-07   6.570  -6.14e+03   -6.570   0.162  0.0007    1.0     8.00    286014  0.950
  74    0.0 1.3e-05   0.999     348.11 2.3582e-07   6.570  -6.14e+03   -6.570   0.166  0.0003    1.0     8.00    289932  0.950
  75    0.0 1.2e-05   0.999     347.85 2.3667e-07   6.570  -6.16e+03   -6.570   0.172  0.0006    1.0     8.00    293850  0.950
  76    0.0 1.1e-05   0.999     347.60 2.2098e-07   6.613  -6.16e+03   -6.613   0.172  0.0006    1.0     8.00    297768  0.950
  77    0.0 1.1e-05   0.999     347.51 2.3675e-07   6.570  -6.17e+03   -6.570   0.166  0.0007    1.0     8.00    301686  0.950
  78    0.0 1.0e-05   0.999     347.47 2.2709e-07   6.613  -6.16e+03   -6.613   0.156  0.0009    1.0     8.00    305604  0.950
  79    0.0 9.8e-06   0.998     347.12 2.3674e-07   6.570  -6.15e+03   -6.570   0.150  0.0008    1.0     8.00    309522  0.950
Agent's 2nd state: 
  80    0.0 7.8e-06   0.999     346.87 2.2531e-07   6.613  -6.14e+03   -6.613   0.144  0.0007    1.0     8.00    313440  0.800
Checkpoint saved: bb_costs=346.484, TD costs=2.39238e-07, CPD=  6.570 (ns) 
  81    0.0 6.2e-06   0.998     346.34 2.3831e-07   6.570  -6.15e+03   -6.570   0.108  0.0008    1.0     8.00    317358  0.800
Checkpoint saved: bb_costs=346.098, TD costs=2.53179e-07, CPD=  6.497 (ns) 
  82    0.0 5.0e-06   0.997     345.98 2.5196e-07   6.497  -6.14e+03   -6.497   0.108  0.0011    1.0     8.00    321276  0.800
  83    0.0 4.0e-06   0.999     345.87 2.4331e-07   6.570  -6.16e+03   -6.570   0.096  0.0005    1.0     8.00    325194  0.800
  84    0.0 3.2e-06   0.997     346.14 2.2608e-07   6.589  -6.14e+03   -6.589   0.093  0.0006    1.0     8.00    329112  0.800
  85    0.0 2.6e-06   0.998     345.56 2.4408e-07   6.570  -6.16e+03   -6.570   0.095  0.0005    1.0     8.00    333030  0.800
  86    0.0 0.0e+00   0.998     345.84 2.5602e-07   6.478  -6.14e+03   -6.478   0.045  0.0005    1.0     8.00    336948  0.800
## Placement Quench took 0.02 seconds (max_rss 456.4 MiB)
post-quench CPD = 6.56985 (ns) 

Checkpoint restored

BB estimate of min-dist (placement) wire length: 19381

Completed placement consistency check successfully.

Swaps called: 337781

Aborted Move Reasons:
  No moves aborted

Placement estimated critical path delay (least slack): 6.49659 ns, Fmax: 153.927 MHz
Placement estimated setup Worst Negative Slack (sWNS): -6.49659 ns
Placement estimated setup Total Negative Slack (sTNS): -6136.15 ns

Placement estimated setup slack histogram:
[ -6.5e-09: -5.9e-09) 176 (  8.0%) |***********
[ -5.9e-09: -5.3e-09)  82 (  3.7%) |*****
[ -5.3e-09: -4.7e-09)  53 (  2.4%) |***
[ -4.7e-09: -4.1e-09)  37 (  1.7%) |**
[ -4.1e-09: -3.5e-09)  53 (  2.4%) |***
[ -3.5e-09: -2.9e-09) 214 (  9.7%) |*************
[ -2.9e-09: -2.3e-09) 786 ( 35.7%) |***********************************************
[ -2.3e-09: -1.7e-09) 445 ( 20.2%) |***************************
[ -1.7e-09: -1.1e-09) 198 (  9.0%) |************
[ -1.1e-09:   -5e-10) 158 (  7.2%) |*********

Placement estimated geomean non-virtual intra-domain period: 6.49659 ns (153.927 MHz)
Placement estimated fanout-weighted geomean non-virtual intra-domain period: 6.49659 ns (153.927 MHz)

Placement cost: 1, bb_cost: 346.098, td_cost: 2.53179e-07, 

Placement resource usage:
  io     implemented as io    : 467
  clb    implemented as clb   : 365
  memory implemented as memory: 1

Placement number of temperatures: 86
Placement total # of swap attempts: 337781
	Swaps accepted: 104107 (30.8 %)
	Swaps rejected: 217743 (64.5 %)
	Swaps aborted:  15931 ( 4.7 %)


Placement perturbation distribution by block and move type: 
------------------ ----------------- ---------------- ---------------- --------------- ------------ 
    Block Type         Move Type       (%) of Total      Accepted(%)     Rejected(%)    Aborted(%)
------------------ ----------------- ---------------- ---------------- --------------- ------------ 
io                 Uniform                13.77            45.02           54.98          0.00         
                   Median                 13.58            48.08           41.36          10.56        
                   Centroid               13.54            48.62           41.39          9.99         
                   W. Centroid            13.68            48.91           41.06          10.03        
                   W. Median              0.55             20.35           58.54          21.10        

clb                Uniform                10.63            5.49            94.51          0.00         
                   Median                 10.61            14.95           81.63          3.42         
                   Centroid               10.55            12.11           87.39          0.49         
                   W. Centroid            10.55            11.61           88.39          0.00         
                   W. Median              0.44             2.23            91.75          6.02         
                   Crit. Uniform          1.00             1.51            98.49          0.00         
                   Feasible Region        0.99             0.84            99.16          0.00         

memory             Uniform                0.03             1.10            98.90          0.00         
                   Median                 0.03             1.06            98.94          0.00         
                   Centroid               0.03             0.00            100.00         0.00         
                   W. Centroid            0.03             0.98            99.02          0.00         
                   W. Median              0.00             0.00            100.00         0.00         


Placement Quench timing analysis took 0.00476873 seconds (0.00425104 STA, 0.000517682 slack) (1 full updates: 1 setup, 0 hold, 0 combined).
Placement Total  timing analysis took 0.277483 seconds (0.241539 STA, 0.0359433 slack) (89 full updates: 89 setup, 0 hold, 0 combined).
update_td_costs: connections 0 nets 0 sum_nets 0 total 0
# Placement took 1.11 seconds (max_rss 456.4 MiB, delta_rss +0.0 MiB)

# Routing
RR graph channel widths unchanged, skipping RR graph rebuild
## Initializing router criticalities
Initial Net Connection Criticality Histogram:
[        0:      0.1)  404 (  6.2%) |*************
[      0.1:      0.2) 1403 ( 21.7%) |**********************************************
[      0.2:      0.3)  984 ( 15.2%) |********************************
[      0.3:      0.4)  959 ( 14.8%) |*******************************
[      0.4:      0.5)  501 (  7.7%) |****************
[      0.5:      0.6)  223 (  3.4%) |*******
[      0.6:      0.7)  259 (  4.0%) |********
[      0.7:      0.8)  460 (  7.1%) |***************
[      0.8:      0.9)  666 ( 10.3%) |**********************
[      0.9:        1)  614 (  9.5%) |********************
## Initializing router criticalities took 0.04 seconds (max_rss 456.4 MiB, delta_rss +0.0 MiB)
---- ------ ------- ---- ------- ------- ------- ----------------- --------------- -------- ---------- ---------- ---------- ---------- --------
Iter   Time    pres  BBs    Heap  Re-Rtd  Re-Rtd Overused RR Nodes      Wirelength      CPD       sTNS       sWNS       hTNS       hWNS Est Succ
      (sec)     fac Updt    push    Nets   Conns                                       (ns)       (ns)       (ns)       (ns)       (ns)     Iter
---- ------ ------- ---- ------- ------- ------- ----------------- --------------- -------- ---------- ---------- ---------- ---------- --------
   1    0.0     0.0    0  201525    2140    6094    3445 ( 6.860%)   22576 (36.5%)    6.189     -6081.     -6.189     -1.908     -0.295      N/A
Incr Slack updates 89 in 0.0123736 sec
Full Max Req/Worst Slack updates 50 in 0.00105264 sec
Incr Max Req/Worst Slack updates 39 in 0.00109174 sec
Incr Criticality updates 7 in 0.00140573 sec
Full Criticality updates 82 in 0.0169239 sec
   2    0.0     0.5    0  210936    1920    5718    1930 ( 3.843%)   22853 (37.0%)    6.197     -6033.     -6.197     -1.774     -0.295      N/A
   3    0.0     0.6    0  181518    1425    4589    1884 ( 3.751%)   23091 (37.3%)    6.197     -6065.     -6.197     -1.622     -0.295      N/A
   4    0.0     0.8    0  179888    1331    4605    1576 ( 3.138%)   23253 (37.6%)    6.189     -6112.     -6.189     -1.465     -0.295      N/A
   5    0.0     1.1    0  158427    1160    4239    1162 ( 2.314%)   23131 (37.4%)    6.197     -6138.     -6.197     -1.465     -0.295      N/A
   6    0.0     1.4    0  138316     899    3509     842 ( 1.677%)   23539 (38.1%)    6.192     -6165.     -6.192     -1.465     -0.295      N/A
   7    0.0     1.9    0  121929     722    3098     653 ( 1.300%)   23767 (38.4%)    6.197     -6183.     -6.197     -1.465     -0.295      N/A
   8    0.0     2.4    0   94892     551    2481     437 ( 0.870%)   24002 (38.8%)    6.200     -6191.     -6.200     -1.465     -0.295      N/A
   9    0.0     3.1    0   70838     387    1815     302 ( 0.601%)   24226 (39.2%)    6.201     -6209.     -6.201     -1.465     -0.295      N/A
  10    0.0     4.1    0   63886     295    1631     273 ( 0.544%)   24533 (39.7%)    6.205     -6202.     -6.205     -1.465     -0.295       26
  11    0.0     5.3    0   63901     240    1630     208 ( 0.414%)   24805 (40.1%)    6.202     -6192.     -6.202     -1.465     -0.295       28
  12    0.0     6.9    0   54213     206    1310     145 ( 0.289%)   25053 (40.5%)    6.244     -6222.     -6.244     -1.465     -0.295       30
  13    0.0     9.0    0   49715     185    1174     135 ( 0.269%)   25283 (40.9%)    6.202     -6221.     -6.202     -1.465     -0.295       30
  14    0.0    11.6    0   40904     126     922      91 ( 0.181%)   25482 (41.2%)    6.196     -6208.     -6.196     -1.465     -0.295       31
  15    0.0    15.1    0   33016      97     793      43 ( 0.086%)   25570 (41.4%)    6.335     -6209.     -6.335     -1.465     -0.295       32
  16    0.0    19.7    0   31850     108     764      27 ( 0.054%)   25657 (41.5%)    6.382     -6244.     -6.382     -1.465     -0.295       29
  17    0.0    25.6    0   32625      91     735      26 ( 0.052%)   25933 (41.9%)    6.587     -6234.     -6.587     -1.465     -0.295       26
  18    0.0    33.3    0   28188      86     618      12 ( 0.024%)   26008 (42.1%)    6.559     -6256.     -6.559     -1.465     -0.295       27
  19    0.0    43.3    0   20432      75     429      11 ( 0.022%)   26014 (42.1%)    6.338     -6225.     -6.338     -1.465     -0.295       25
  20    0.0    56.2    0   26092      79     594       9 ( 0.018%)   25969 (42.0%)    6.338     -6225.     -6.338     -1.465     -0.295       25
  21    0.0    73.1    0   29120      74     616       5 ( 0.010%)   25993 (42.0%)    6.485     -6246.     -6.485     -1.465     -0.295       25
  22    0.0    95.0    0   23336      54     510       2 ( 0.004%)   26040 (42.1%)    6.485     -6247.     -6.485     -1.465     -0.295       25
  23    0.0   123.5    0   22938      56     508       0 ( 0.000%)   26052 (42.1%)    6.485     -6252.     -6.485     -1.465     -0.295       25
Restoring best routing
Critical path: 6.48455 ns
Successfully routed after 23 routing iterations.
Final Net Connection Criticality Histogram:
[        0:      0.1)  473 (  7.3%) |********************
[      0.1:      0.2) 1107 ( 17.1%) |**********************************************
[      0.2:      0.3)  979 ( 15.1%) |*****************************************
[      0.3:      0.4) 1090 ( 16.8%) |*********************************************
[      0.4:      0.5)  588 (  9.1%) |************************
[      0.5:      0.6)  245 (  3.8%) |**********
[      0.6:      0.7)  264 (  4.1%) |***********
[      0.7:      0.8)  414 (  6.4%) |*****************
[      0.8:      0.9)  777 ( 12.0%) |********************************
[      0.9:        1)  536 (  8.3%) |**********************
Router Stats: total_nets_routed: 12307 total_connections_routed: 48382 total_heap_pushes: 1878485 total_heap_pops: 307152 
Serial Connection Router is being destroyed. Time spent on path search: 0.062 seconds.
# Routing took 0.37 seconds (max_rss 456.4 MiB, delta_rss +0.0 MiB)

Checking to ensure routing is legal...
# Checking to ensure non-configurable edges are legal
# Checking to ensure non-configurable edges are legal took 0.00 seconds (max_rss 456.4 MiB, delta_rss +0.0 MiB)
Completed routing consistency check successfully.

Serial number (magic cookie) for the routing is: -152655052
Circuit successfully routed with a channel width factor of 56.
# Synchronize the packed netlist to routing optimization
## Annotating rr_node with routed nets
## Annotating rr_node with routed nets took 0.00 seconds (max_rss 456.4 MiB, delta_rss +0.0 MiB)
Found 8426 mismatches between routing and packing results.
Fixed 5732 routing traces due to mismatch between routing and packing results.
# Synchronize the packed netlist to routing optimization took 0.03 seconds (max_rss 456.4 MiB, delta_rss +0.0 MiB)
Final Clustering Statistics: 
----------   --------   ------------------------------------   --------------------------
Block Type   # Blocks   Avg. # of input clocks and pins used   Avg. # of output pins used
----------   --------   ------------------------------------   --------------------------
     EMPTY          0                                      0                            0   
        io        467                               0.411135                     0.588865   
       clb        365                                17.0877                      5.12603   
   mult_36          0                                      0                            0   
    memory          1                                     44                           32   
Absorbed logical nets 2854 out of 5032 nets, 2178 nets not absorbed.


Average number of bends per net: 0.988318  Maximum # of bends: 39

Number of global nets: 38
Number of routed nets (nonglobal): 2140
Wire length results (in units of 1 clb segments)...
	Total wirelength: 26052, average net length: 12.1738
	Maximum net length: 581

Wire length results in terms of physical segments...
	Total wiring segments used: 6807, average wire segments per net: 3.18084
	Maximum segments used by a net: 154
	Total local nets with reserved CLB opins: 0
Total number of nets absorbed: 0

Routing channel utilization histogram:
[        1:      inf)   0 (  0.0%) |
[      0.9:        1)   0 (  0.0%) |
[      0.8:      0.9)   0 (  0.0%) |
[      0.7:      0.8) 160 ( 13.9%) |*****************************
[      0.5:      0.6) 250 ( 21.7%) |*********************************************
[      0.4:      0.5) 262 ( 22.7%) |***********************************************
[      0.3:      0.4) 194 ( 16.8%) |***********************************
[      0.2:      0.3) 106 (  9.2%) |*******************
[      0.1:      0.2)  80 (  6.9%) |**************
[        0:      0.1) 100 (  8.7%) |******************
Maximum routing channel utilization:      0.77 at (8,16)

X - Directed channels:   j max occ ave occ capacity
                      ---- ------- ------- --------
                         0      40  27.840       56
                         1      32  13.360       56
                         2      33  16.560       56
                         3      29  18.200       56
                         4      31  19.520       56
                         5      37  20.120       56
                         6      33  21.000       56
                         7      38  24.320       56
                         8      35  22.160       56
                         9      32  21.720       56
                        10      33  24.360       56
                        11      40  26.880       56
                        12      36  24.040       56
                        13      35  23.760       56
                        14      32  21.520       56
                        15      39  23.400       56
                        16      43  26.360       56
                        17      39  24.760       56
                        18      38  24.280       56
                        19      43  25.280       56
                        20      38  21.600       56
                        21      32  18.120       56
                        22      29  14.400       56
                        23      36  25.360       56
Y - Directed channels:   i max occ ave occ capacity
                      ---- ------- ------- --------
                         0      24  13.120       56
                         1      24  10.600       56
                         2      30  16.320       56
                         3      40  23.200       56
                         4      44  27.000       56
                         5      41  25.400       56
                         6      34  23.640       56
                         7      47  31.080       56
                         8      48  31.560       56
                         9      41  25.040       56
                        10      37  24.400       56
                        11      36  26.120       56
                        12      43  28.000       56
                        13      36  18.960       56
                        14      31  18.920       56
                        15      43  26.320       56
                        16      40  24.480       56
                        17      30  18.520       56
                        18      26  14.920       56
                        19      38  24.480       56
                        20      36  19.640       56
                        21      33  15.080       56
                        22      21   8.880       56
                        23      36  17.480       56

Total tracks in x-direction: 1344, in y-direction: 1344

Logic area (in minimum width transistor areas, excludes I/Os and empty grid tiles)...
	Total logic block area (Warning, need to add pitch of routing to blocks with height > 3): 3.19446e+07
	Total used logic block area: 2.02193e+07

Routing area (in minimum width transistor areas)...
	Total routing area: 2.15933e+06, per logic tile: 3454.93

Total Number of Wiring Segments by Direction: direction length number
                                              --------- ------ -------
                                                      X      4   8736
                                                      Y      4   8736

X - Directed Wiring Segment usage by length: length utilization
                                             ------ -----------
                                             4       0.393

Y - Directed Wiring Segment usage by length: length utilization
                                             ------ -----------
                                             4       0.386

Segment occupancy by length: Length utilization
                             ------ -----------
                             L4            0.39

Segment occupancy by type:              name type utilization
                           ----------------- ---- -----------
                           unnamed_segment_0    0        0.39

Final hold Worst Negative Slack (hWNS): -0.295467 ns
Final hold Total Negative Slack (hTNS): -1.46544 ns

Final hold slack histogram:
[   -3e-10: -9.3e-11)    5 (  0.2%) |
[ -9.3e-11:  1.1e-10)   16 (  0.7%) |*
[  1.1e-10:  3.1e-10)    7 (  0.3%) |
[  3.1e-10:  5.2e-10) 1136 ( 51.6%) |**********************************************
[  5.2e-10:  7.2e-10)  589 ( 26.7%) |************************
[  7.2e-10:  9.2e-10)  284 ( 12.9%) |************
[  9.2e-10:  1.1e-09)  104 (  4.7%) |****
[  1.1e-09:  1.3e-09)   23 (  1.0%) |*
[  1.3e-09:  1.5e-09)   11 (  0.5%) |
[  1.5e-09:  1.7e-09)   27 (  1.2%) |*

Final critical path delay (least slack): 6.48455 ns, Fmax: 154.213 MHz
Final setup Worst Negative Slack (sWNS): -6.48455 ns
Final setup Total Negative Slack (sTNS): -6252.18 ns

Final setup slack histogram:
[ -6.5e-09: -5.9e-09) 157 (  7.1%) |*********
[ -5.9e-09: -5.3e-09)  98 (  4.5%) |******
[ -5.3e-09: -4.7e-09)  52 (  2.4%) |***
[ -4.7e-09: -4.1e-09)  43 (  2.0%) |***
[ -4.1e-09: -3.4e-09)  92 (  4.2%) |*****
[ -3.4e-09: -2.8e-09) 276 ( 12.5%) |****************
[ -2.8e-09: -2.2e-09) 794 ( 36.1%) |***********************************************
[ -2.2e-09: -1.6e-09) 460 ( 20.9%) |***************************
[ -1.6e-09:   -1e-09) 116 (  5.3%) |*******
[   -1e-09: -4.1e-10) 114 (  5.2%) |*******

Final geomean non-virtual intra-domain period: 6.48455 ns (154.213 MHz)
Final fanout-weighted geomean non-virtual intra-domain period: 6.48455 ns (154.213 MHz)

Incr Slack updates 1 in 0.000133916 sec
Full Max Req/Worst Slack updates 1 in 2.1698e-05 sec
Incr Max Req/Worst Slack updates 0 in 0 sec
Incr Criticality updates 0 in 0 sec
Full Criticality updates 1 in 0.00022687 sec
Flow timing analysis took 0.475288 seconds (0.422913 STA, 0.052375 slack) (115 full updates: 90 setup, 0 hold, 25 combined).
VPR succeeded
The entire flow of VPR took 2.74 seconds (max_rss 456.4 MiB)
Incr Slack updates 24 in 0.00309042 sec
Full Max Req/Worst Slack updates 11 in 0.00023415 sec
Incr Max Req/Worst Slack updates 13 in 0.0003646 sec
Incr Criticality updates 4 in 0.000652344 sec
Full Criticality updates 20 in 0.00416203 sec

=== STDERR ===

=== RETURN CODE: 0 ===
