=== STDOUT ===
VPR FPGA Placement and Routing.
Version: 9.0.0-dev+v8.0.0-11943-g8cb20aa52
Revision: v8.0.0-11943-g8cb20aa52
Compiled: 2025-11-07T01:24:15
Compiler: GNU 13.3.0 on Linux-6.6.87.2-microsoft-standard-WSL2 x86_64
Build Info: release IPO VTR_ASSERT_LEVEL=2

University of Toronto
verilogtorouting.org
vtr-users@googlegroups.com
This is free open source code under MIT license.

VPR was run with the following command-line:
./vtr-verilog-to-routing/vpr/vpr k6_N10_mem32K_40nm.xml raygentop.blif --route_chan_width 48 --seed 500


Architecture file: k6_N10_mem32K_40nm.xml
Circuit name: raygentop

# Loading Architecture Description
# Loading Architecture Description took 0.00 seconds (max_rss 456.4 MiB, delta_rss +0.0 MiB)

Timing analysis: ON
Circuit netlist file: raygentop.net
Circuit placement file: raygentop.place
Circuit routing file: raygentop.route
Circuit SDC file: raygentop.sdc
Vpr floorplanning constraints file: not specified

Packer: ENABLED
Placer: ENABLED
Analytical Placer: DISABLED
Router: ENABLED
Analysis: ENABLED

VPR was run with the following options:

NetlistOpts.absorb_buffer_luts            : true
NetlistOpts.sweep_dangling_primary_ios    : true
NetlistOpts.sweep_dangling_nets           : true
NetlistOpts.sweep_dangling_blocks         : true
NetlistOpts.sweep_constant_primary_outputs: false
NetlistOpts.netlist_verbosity             : 1
NetlistOpts.const_gen_inference           : COMB_SEQ

PackerOpts.allow_unrelated_clustering: auto
PackerOpts.alpha_clustering: 0.750000
PackerOpts.beta_clustering: 0.900000
PackerOpts.cluster_seed_type: BLEND2
PackerOpts.connection_driven: true
PackerOpts.global_clocks: true
PackerOpts.inter_cluster_net_delay: 1.000000
PackerOpts.timing_driven: true
PackerOpts.target_external_pin_util: auto

PlacerOpts.place_freq: PLACE_ONCE
PlacerOpts.place_algorithm: CRITICALITY_TIMING_PLACE
PlacerOpts.pad_loc_type: FREE
PlacerOpts.constraints_file: No constraints file given
PlacerOpts.place_chan_width: 48
PlacerOpts.inner_loop_recompute_divider: 0
PlacerOpts.recompute_crit_iter: 1
PlacerOpts.timing_tradeoff: 0.500000
PlacerOpts.td_place_exp_first: 1.000000
PlacerOpts.td_place_exp_last: 8.000000
PlacerOpts.delay_offset: 0.000000
PlacerOpts.delay_ramp_delta_threshold: -1
PlacerOpts.delay_ramp_slope: 0.000000
PlacerOpts.tsu_rel_margin: 1.000000
PlacerOpts.tsu_abs_margin: 0.000000
PlacerOpts.post_place_timing_report_file: 
PlacerOpts.allowed_tiles_for_delay_model: 
PlacerOpts.delay_model_reducer: MIN
PlacerOpts.delay_model_type: SIMPLE
PlacerOpts.rlim_escape_fraction: 0.000000
PlacerOpts.move_stats_file: 
PlacerOpts.placement_saves_per_temperature: 0
PlacerOpts.effort_scaling: CIRCUIT
PlacerOpts.place_delta_delay_matrix_calculation_method: ASTAR_ROUTE
PlaceOpts.seed: 500
AnnealSched.type: AUTO_SCHED
AnnealSched.inner_num: 0.500000

RouterOpts.route_type: DETAILED
RouterOpts.flat_routing: false
RouterOpts.choke_points: on
RouterOpts.router_algorithm: TIMING_DRIVEN
RouterOpts.base_cost_type: DELAY_NORMALIZED_LENGTH
RouterOpts.fixed_channel_width: 48
RouterOpts.check_route: FULL
RouterOpts.acc_fac: 1.000000
RouterOpts.bb_factor: 3
RouterOpts.bend_cost: 0.000000
RouterOpts.first_iter_pres_fac: 0.000000
RouterOpts.initial_pres_fac: 0.500000
RouterOpts.pres_fac_mult: 1.300000
RouterOpts.max_pres_fac: 1000.000000
RouterOpts.max_router_iterations: 50
RouterOpts.min_incremental_reroute_fanout: 16
RouterOpts.do_check_rr_graph: true
RouterOpts.verify_binary_search: false
RouterOpts.min_channel_width_hint: 0
RouterOpts.read_rr_edge_metadata: false
RouterOpts.exit_after_first_routing_iteration: false
RouterOpts.astar_fac: 1.200000
RouterOpts.astar_offset: 0.000000
RouterOpts.router_profiler_astar_fac: 1.200000
RouterOpts.criticality_exp: 1.000000
RouterOpts.max_criticality: 0.990000
RouterOpts.init_wirelength_abort_threshold: 0.850000
RouterOpts.incr_reroute_delay_ripup: AUTO
RouterOpts.save_routing_per_iteration: false
RouterOpts.congested_routing_iteration_threshold_frac: 1.000000
RouterOpts.high_fanout_threshold: 64
RouterOpts.router_debug_net: -2
RouterOpts.router_debug_sink_rr: -2
RouterOpts.router_debug_iteration: -2
RouterOpts.max_convergence_count: 1
RouterOpts.reconvergence_cpd_threshold: 0.990000
RouterOpts.update_lower_bound_delays: true
RouterOpts.first_iteration_timing_report_file: 
RouterOpts.route_bb_update: DYNAMIC
RouterOpts.lookahead_type: MAP
RouterOpts.initial_timing: LOOKAHEAD
RouterOpts.router_heap: FOUR_ARY_HEAP
RouterOpts.routing_failure_predictor = SAFE
RouterOpts.routing_budgets_algorithm = DISABLE

AnalysisOpts.gen_post_synthesis_netlist: false
AnalysisOpts.timing_report_npaths: 100
AnalysisOpts.timing_report_skew: false
AnalysisOpts.echo_dot_timing_graph_node: -1
AnalysisOpts.timing_report_detail: NETLIST
AnalysisOpts.post_synth_netlist_unconn_input_handling: UNCONNECTED
AnalysisOpts.post_synth_netlist_unconn_output_handling: UNCONNECTED

# Building complex block graph
Warning 1: io[0].clock[0] unconnected pin in architecture.
# Building complex block graph took 0.01 seconds (max_rss 456.4 MiB, delta_rss +0.0 MiB)
Circuit file: raygentop.blif
# Load circuit
Found constant-one generator 'top^raygroup10~1'
Found constant-zero generator 'top^tm3_sram_addr~18'
Found constant-zero generator 'top^tm3_sram_adsp'
Found constant-zero generator 'top^raygroup01~1'
Found constant-zero generator 'unconn'
# Load circuit took 0.03 seconds (max_rss 456.4 MiB, delta_rss +0.0 MiB)
# Clean circuit
Absorbed 483 LUT buffers
Inferred    0 additional primitive pins as constant generators since they have no combinationally connected inputs
Inferred    0 additional primitive pins as constant generators due to constant inputs
Inferred    0 additional primitive pins as constant generators since they have no combinationally connected inputs
Inferred    0 additional primitive pins as constant generators due to constant inputs
Inferred    0 additional primitive pins as constant generators since they have no combinationally connected inputs
Inferred    0 additional primitive pins as constant generators due to constant inputs
Swept input(s)      : 16
Swept output(s)     : 0 (0 dangling, 0 constant)
Swept net(s)        : 1105
Swept block(s)      : 0
Constant Pins Marked: 0
# Clean circuit took 0.00 seconds (max_rss 456.4 MiB, delta_rss +0.0 MiB)
# Compress circuit
# Compress circuit took 0.00 seconds (max_rss 456.4 MiB, delta_rss +0.0 MiB)
# Verify circuit
# Verify circuit took 0.00 seconds (max_rss 456.4 MiB, delta_rss +0.0 MiB)
Circuit Statistics:
  Blocks: 4153
    .input         :     239
    .latch         :    1423
    .names         :    2147
        0-LUT:       4
        1-LUT:       1
        2-LUT:     304
        3-LUT:     403
        4-LUT:     434
        5-LUT:     375
        6-LUT:     626
    .output        :     305
    multiply       :      18
    single_port_ram:      21
  Nets  : 4037
    Avg Fanout:     3.2
    Max Fanout:  1444.0
    Min Fanout:     1.0
  Netlist Clocks: 1
# Build Timing Graph
  Timing Graph Nodes: 17027
  Timing Graph Edges: 30805
  Timing Graph Levels: 20
# Build Timing Graph took 0.01 seconds (max_rss 456.4 MiB, delta_rss +0.0 MiB)
Netlist contains 1 clocks
  Netlist Clock 'top^tm3_clk_v0' Fanout: 1444 pins (8.5%), 1444 blocks (34.8%)
# Load Timing Constraints

SDC file 'raygentop.sdc' not found
Setting default timing constraints:
   * constrain all primay inputs and primary outputs on netlist clock 'top^tm3_clk_v0'
   * optimize netlist clock to run as fast as possible
Timing constraints created 1 clocks
  Constrained Clock 'top^tm3_clk_v0' Source: 'top^tm3_clk_v0.inpad[0]'

# Load Timing Constraints took 0.00 seconds (max_rss 456.4 MiB, delta_rss +0.0 MiB)
# Packing
Begin packing 'raygentop.blif'.

After removing unused inputs...
	total blocks: 4153, total nets: 4037, total inputs: 239, total outputs: 305
Begin prepacking.
0 attraction groups were created during prepacking.
Finish prepacking.
Using inter-cluster delay: 1.33777e-09
Packing with pin utilization targets: io:1,1 clb:0.8,0.6 mult_36:1,1 memory:1,1
Packing with high fanout thresholds: io:128 clb:32 mult_36:128 memory:128
Starting Clustering - Clustering Progress: 
-------------------   --------------------------   ---------
Molecules processed   Number of clusters created   FPGA size
-------------------   --------------------------   ---------
   128/3012      4%                           20    22 x 22    
   255/3012      8%                           33    22 x 22    
   382/3012     12%                           46    22 x 22    
   510/3012     16%                           60    22 x 22    
   630/3012     20%                           72    22 x 22    
   750/3012     24%                           84    22 x 22    
   870/3012     28%                           96    22 x 22    
   990/3012     32%                          110    22 x 22    
  1115/3012     37%                          125    22 x 22    
  1238/3012     41%                          139    22 x 22    
  1366/3012     45%                          152    22 x 22    
  1486/3012     49%                          164    22 x 22    
  1610/3012     53%                          178    22 x 22    
  1731/3012     57%                          196    22 x 22    
  1853/3012     61%                          218    22 x 22    
  1974/3012     65%                          236    22 x 22    
  2110/3012     70%                          255    22 x 22    
  2234/3012     74%                          272    22 x 22    
  2354/3012     78%                          292    22 x 22    
  2479/3012     82%                          331    23 x 23    
  2599/3012     86%                          450    23 x 23    
  2719/3012     90%                          570    23 x 23    
  2839/3012     94%                          690    23 x 23    
  2959/3012     98%                          810    23 x 23    
  3012/3012    100%                          863    23 x 23    

Logic Element (fle) detailed count:
  Total number of Logic Elements used : 2429
  LEs used for logic and registers    : 1141
  LEs used for logic only             : 1006
  LEs used for registers only         : 282

Incr Slack updates 1 in 0.000153464 sec
Full Max Req/Worst Slack updates 1 in 2.2517e-05 sec
Incr Max Req/Worst Slack updates 0 in 0 sec
Incr Criticality updates 0 in 0 sec
Full Criticality updates 1 in 0.000187532 sec
FPGA sized to 23 x 23 (auto)
Device Utilization: 0.79 (target 1.00)
	Block Utilization: 0.81 Type: io
	Block Utilization: 0.92 Type: clb
	Block Utilization: 0.90 Type: mult_36
	Block Utilization: 0.11 Type: memory

Start the iterative improvement process
the iterative improvement process is done
Final Clustering Statistics: 
----------   --------   ------------------------------------   --------------------------
Block Type   # Blocks   Avg. # of input clocks and pins used   Avg. # of output pins used
----------   --------   ------------------------------------   --------------------------
     EMPTY          0                                      0                            0   
        io        544                               0.560662                     0.439338   
       clb        309                                14.9191                      5.08414   
   mult_36          9                                     47                           23   
    memory          1                                     31                           21   
Absorbed logical nets 1999 out of 4037 nets, 2038 nets not absorbed.

Netlist conversion complete.

# Packing took 0.69 seconds (max_rss 456.4 MiB, delta_rss +0.0 MiB)
# Load packing
Begin loading packed FPGA netlist file.
Netlist generated from file 'raygentop.net'.
Detected 4 constant generators (to see names run with higher pack verbosity)
Finished loading packed FPGA netlist file (took 0.120361 seconds).
Warning 2: Treated 4 constant nets as global which will not be routed (to see net names increase packer verbosity).
Warning 3: Netlist contains 4 global net to non-global architecture pin connections
Warning 4: Logic block #412 (top^raygroup10~1) has only 1 output pin 'top^raygroup10~1.O[9]'. It may be a constant generator.
Warning 5: Logic block #413 (top^tm3_sram_addr~18) has only 1 output pin 'top^tm3_sram_addr~18.O[9]'. It may be a constant generator.
Warning 6: Logic block #414 (top^tm3_sram_adsp) has only 1 output pin 'top^tm3_sram_adsp.O[9]'. It may be a constant generator.
Warning 7: Logic block #415 (top^raygroup01~1) has only 1 output pin 'top^raygroup01~1.O[9]'. It may be a constant generator.
Completed clustering consistency check successfully.
Cluster level netlist and block usage statistics
Netlist num_nets: 2038
Netlist num_blocks: 863
Netlist EMPTY blocks: 0.
Netlist io blocks: 544.
Netlist clb blocks: 309.
Netlist mult_36 blocks: 9.
Netlist memory blocks: 1.
Netlist inputs pins: 239
Netlist output pins: 305

Pb types usage...
  io                       : 544
   inpad                   : 239
   outpad                  : 305
  clb                      : 309
   fle                     : 2429
    ble6                   : 2429
     lut6                  : 2147
      lut                  : 2147
     ff                    : 1423
  mult_36                  : 9
   divisible_mult_18x18    : 15
    mult_9x9_slice         : 9
     mult_9x9              : 9
    mult_18x18_slice       : 9
     mult_18x18            : 9
  memory                   : 1
   mem_512x64_sp           : 1
    memory_slice           : 21

# Load packing took 0.20 seconds (max_rss 456.4 MiB, delta_rss +0.0 MiB)
# Create Device
## Build Device Grid
FPGA sized to 23 x 23: 529 grid tiles (auto)

Resource usage...
	Netlist
		544	blocks of type: io
	Architecture
		672	blocks of type: io
	Netlist
		309	blocks of type: clb
	Architecture
		336	blocks of type: clb
	Netlist
		9	blocks of type: mult_36
	Architecture
		10	blocks of type: mult_36
	Netlist
		1	blocks of type: memory
	Architecture
		9	blocks of type: memory

Device Utilization: 0.79 (target 1.00)
	Physical Tile io:
	Block Utilization: 0.81 Logical Block: io
	Physical Tile clb:
	Block Utilization: 0.92 Logical Block: clb
	Physical Tile mult_36:
	Block Utilization: 0.90 Logical Block: mult_36
	Physical Tile memory:
	Block Utilization: 0.11 Logical Block: memory

FPGA size limited by block type(s): clb

## Build Device Grid took 0.00 seconds (max_rss 456.4 MiB, delta_rss +0.0 MiB)
## Build routing resource graph
## Build routing resource graph took 0.08 seconds (max_rss 456.4 MiB, delta_rss +0.0 MiB)
  RR Graph Nodes: 40626
  RR Graph Edges: 248015
# Create Device took 0.09 seconds (max_rss 456.4 MiB, delta_rss +0.0 MiB)

# Computing router lookahead map
## Computing wire lookahead
## Computing wire lookahead took 0.03 seconds (max_rss 456.4 MiB, delta_rss +0.0 MiB)
## Computing src/opin lookahead
Warning 8: Found no more sample locations for SOURCE in io
Warning 9: Found no more sample locations for OPIN in io
Warning 10: Found no more sample locations for SOURCE in clb
Warning 11: Found no more sample locations for OPIN in clb
Warning 12: Found no more sample locations for SOURCE in mult_36
Warning 13: Found no more sample locations for OPIN in mult_36
Warning 14: Found no more sample locations for SOURCE in memory
Warning 15: Found no more sample locations for OPIN in memory
## Computing src/opin lookahead took 0.00 seconds (max_rss 456.4 MiB, delta_rss +0.0 MiB)
# Computing router lookahead map took 0.04 seconds (max_rss 456.4 MiB, delta_rss +0.0 MiB)
# Computing placement delta delay look-up
RR graph channel widths unchanged, skipping RR graph rebuild
Serial Connection Router is being destroyed. Time spent on path search: 0.000 seconds.
# Computing placement delta delay look-up took 0.00 seconds (max_rss 456.4 MiB, delta_rss +0.0 MiB)

Bounding box mode is Cube

# Compressed grid construction
# Compressed grid construction took 0.00 seconds (max_rss 456.4 MiB, delta_rss +0.0 MiB)
# Placement
## Initial Placement
Initial placement iteration 0 has finished successfully
## Initial Placement took 0.00 seconds (max_rss 456.4 MiB, delta_rss +0.0 MiB)
Using simple RL 'Softmax agent' for choosing move and block types

BB estimate of min-dist (placement) wire length: 44444

Completed placement consistency check successfully.
Initial placement cost: 1 bb_cost: 925.908 td_cost: 1.19021e-06
Initial placement estimated Critical Path Delay (CPD): 9.57442 ns
Initial placement estimated setup Total Negative Slack (sTNS): -5454.75 ns
Initial placement estimated setup Worst Negative Slack (sWNS): -9.57442 ns

Initial placement estimated setup slack histogram:
[ -9.6e-09: -8.6e-09)   5 (  0.3%) |
[ -8.6e-09: -7.7e-09)   6 (  0.3%) |*
[ -7.7e-09: -6.8e-09)  11 (  0.6%) |*
[ -6.8e-09: -5.8e-09)  29 (  1.5%) |***
[ -5.8e-09: -4.9e-09) 168 (  8.7%) |****************
[ -4.9e-09: -3.9e-09) 262 ( 13.5%) |*************************
[ -3.9e-09:   -3e-09) 275 ( 14.2%) |**************************
[   -3e-09: -2.1e-09) 446 ( 23.1%) |******************************************
[ -2.1e-09: -1.1e-09) 501 ( 25.9%) |***********************************************
[ -1.1e-09: -1.9e-10) 231 ( 11.9%) |**********************
Placement contains 0 placement macros involving 0 blocks (average macro size -nan)

Moves per temperature: 4107
Warning 16: Starting t: 364 of 863 configurations accepted.

---- ------ ------- ------- ---------- ---------- ------- ---------- -------- ------- ------- ------ -------- --------- ------
Tnum   Time       T Av Cost Av BB Cost Av TD Cost     CPD       sTNS     sWNS Ac Rate Std Dev  R lim Crit Exp Tot Moves  Alpha
      (sec)                                          (ns)       (ns)     (ns)                                                 
---- ------ ------- ------- ---------- ---------- ------- ---------- -------- ------- ------- ------ -------- --------- ------
   1    0.0 6.5e-04   0.944     762.27 1.1771e-06   7.158  -5.09e+03   -7.158   0.727  0.0345   22.0     1.00      4107  1.000
   2    0.0 6.2e-04   0.966     699.38 1.1425e-06   6.609   -4.7e+03   -6.609   0.701  0.0188   22.0     1.00      8214  0.950
   3    0.0 5.9e-04   0.967     652.35 1.0833e-06   6.519  -4.61e+03   -6.519   0.676  0.0102   22.0     1.00     12321  0.950
   4    0.0 5.6e-04   0.965     628.93 1.0992e-06   6.126  -4.63e+03   -6.126   0.652  0.0121   22.0     1.00     16428  0.950
   5    0.0 5.3e-04   0.994     619.01 1.0679e-06   6.179  -4.58e+03   -6.179   0.639  0.0037   22.0     1.00     20535  0.950
   6    0.0 5.1e-04   0.968     599.19 1.0684e-06   6.039  -4.52e+03   -6.039   0.630  0.0116   22.0     1.00     24642  0.950
   7    0.0 4.8e-04   0.977     577.90 1.0677e-06   5.844  -4.49e+03   -5.844   0.608  0.0066   22.0     1.00     28749  0.950
   8    0.0 4.6e-04   0.989     574.48 1.0539e-06   5.777  -4.45e+03   -5.777   0.609  0.0046   22.0     1.00     32856  0.950
   9    0.0 4.3e-04   0.992     570.47 9.8306e-07   6.137   -4.4e+03   -6.137   0.595  0.0059   22.0     1.00     36963  0.950
  10    0.0 4.1e-04   0.985     559.12 1.0598e-06   5.593  -4.34e+03   -5.593   0.575  0.0086   22.0     1.00     41070  0.950
  11    0.0 3.9e-04   0.993     549.21 9.903e-07    6.010  -4.46e+03   -6.010   0.566  0.0025   22.0     1.00     45177  0.950
  12    0.0 3.7e-04   0.982     541.88 9.9703e-07   5.903  -4.41e+03   -5.903   0.539  0.0053   22.0     1.00     49284  0.950
  13    0.0 3.5e-04   0.992     536.44 9.9318e-07   5.862  -4.41e+03   -5.862   0.540  0.0035   22.0     1.00     53391  0.950
  14    0.0 3.4e-04   0.993     532.71 1.0103e-06   5.684  -4.34e+03   -5.684   0.544  0.0070   22.0     1.00     57498  0.950
  15    0.0 3.2e-04   0.988     524.20 1.0018e-06   5.684  -4.48e+03   -5.684   0.516  0.0047   22.0     1.00     61605  0.950
  16    0.0 3.0e-04   0.996     518.67 9.9232e-07   5.625  -4.23e+03   -5.625   0.498  0.0035   22.0     1.00     65712  0.950
  17    0.0 2.9e-04   0.993     515.58 9.9221e-07   5.631  -4.32e+03   -5.631   0.479  0.0044   22.0     1.00     69819  0.950
  18    0.0 2.7e-04   0.994     512.25 9.6052e-07   5.743  -4.26e+03   -5.743   0.472  0.0036   22.0     1.00     73926  0.950
  19    0.0 2.6e-04   0.992     507.06 9.7775e-07   5.742  -4.32e+03   -5.742   0.452  0.0040   22.0     1.00     78033  0.950
  20    0.0 2.5e-04   0.994     502.50 9.5009e-07   5.778  -4.21e+03   -5.778   0.450  0.0048   22.0     1.00     82140  0.950
  21    0.0 2.3e-04   0.995     499.80 9.583e-07    5.635  -4.17e+03   -5.635   0.433  0.0041   22.0     1.00     86247  0.950
  22    0.0 2.2e-04   0.995     498.40 9.3275e-07   5.574  -4.27e+03   -5.574   0.442  0.0014   21.8     1.05     90354  0.950
  23    0.0 2.1e-04   0.991     494.48 9.3021e-07   5.594  -4.18e+03   -5.594   0.430  0.0034   21.9     1.03     94461  0.950
  24    0.0 2.0e-04   0.992     490.28 8.6559e-07   5.712  -4.33e+03   -5.712   0.414  0.0032   21.7     1.11     98568  0.950
  25    0.0 1.9e-04   0.995     489.81 7.4322e-07   5.786  -4.28e+03   -5.786   0.414  0.0027   21.1     1.30    102675  0.950
  26    0.0 1.8e-04   0.993     485.30 6.9315e-07   5.524  -4.25e+03   -5.524   0.407  0.0047   20.6     1.48    106782  0.950
  27    0.0 1.7e-04   0.992     481.66 5.9955e-07   5.545  -4.22e+03   -5.545   0.393  0.0022   19.9     1.71    110889  0.950
  28    0.0 1.6e-04   0.991     477.16 5.1104e-07   5.554  -4.38e+03   -5.554   0.384  0.0051   18.9     2.02    114996  0.950
  29    0.0 1.6e-04   0.995     473.48 4.1503e-07   5.595  -4.19e+03   -5.595   0.369  0.0017   17.9     2.37    119103  0.950
  30    0.0 1.5e-04   0.993     471.74 3.1861e-07   5.758  -4.22e+03   -5.758   0.368  0.0036   16.6     2.79    123210  0.950
  31    0.0 1.4e-04   0.995     471.36 2.6121e-07   5.805  -4.21e+03   -5.805   0.377  0.0031   15.4     3.19    127317  0.950
  32    0.0 1.3e-04   0.995     469.55 2.3516e-07   5.728  -4.17e+03   -5.728   0.359  0.0038   14.5     3.52    131424  0.950
  33    0.0 1.3e-04   0.993     465.11 2.019e-07    5.742  -4.14e+03   -5.742   0.357  0.0036   13.3     3.91    135531  0.950
  34    0.0 1.2e-04   0.996     460.21 2.0347e-07   5.571  -4.22e+03   -5.571   0.359  0.0021   12.2     4.27    139638  0.950
  35    0.0 1.1e-04   0.999     458.87 1.8294e-07   5.568  -4.14e+03   -5.568   0.330  0.0009   11.2     4.60    143745  0.950
  36    0.0 1.1e-04   0.994     456.04 1.747e-07    5.496  -4.24e+03   -5.496   0.318  0.0032   10.0     5.01    147852  0.950
  37    0.0 1.0e-04   0.997     454.44 1.5782e-07   5.496  -4.34e+03   -5.496   0.324  0.0011    8.7     5.42    151959  0.950
  38    0.0 9.8e-05   0.994     450.95 1.4376e-07   5.496  -4.14e+03   -5.496   0.320  0.0031    7.7     5.76    156066  0.950
  39    0.0 9.3e-05   0.998     448.27 1.3335e-07   5.496  -4.09e+03   -5.496   0.299  0.0020    6.8     6.07    160173  0.950
  40    0.0 8.8e-05   0.995     446.97 9.9336e-08   5.709  -4.15e+03   -5.709   0.295  0.0029    5.8     6.39    164280  0.950
  41    0.0 8.4e-05   0.998     443.85 1.121e-07    5.524  -4.21e+03   -5.524   0.298  0.0011    5.0     6.67    168387  0.950
  42    0.0 8.0e-05   0.995     441.09 1.0884e-07   5.494  -4.21e+03   -5.494   0.289  0.0030    4.3     6.91    172494  0.950
  43    0.0 7.6e-05   0.994     434.87 1.0764e-07   5.447  -4.15e+03   -5.447   0.276  0.0024    3.6     7.12    176601  0.950
  44    0.0 7.2e-05   0.997     431.06 1.0604e-07   5.418  -4.13e+03   -5.418   0.345  0.0019    3.0     7.32    180708  0.950
  45    0.0 6.8e-05   0.996     427.27 1.0515e-07   5.398  -4.14e+03   -5.398   0.384  0.0026    2.7     7.42    184815  0.950
  46    0.0 6.5e-05   0.998     423.59 1.014e-07    5.418   -4.1e+03   -5.418   0.346  0.0008    2.6     7.47    188922  0.950
  47    0.0 6.2e-05   0.998     422.51 9.9155e-08   5.413  -4.09e+03   -5.413   0.358  0.0010    2.4     7.55    193029  0.950
  48    0.0 5.9e-05   0.998     420.57 1.0248e-07   5.363  -4.13e+03   -5.363   0.329  0.0012    2.2     7.61    197136  0.950
  49    0.0 5.6e-05   0.998     418.52 9.1236e-08   5.453  -4.14e+03   -5.453   0.333  0.0017    1.9     7.69    201243  0.950
  50    0.0 5.3e-05   0.998     415.71 9.5087e-08   5.413  -4.12e+03   -5.413   0.323  0.0006    1.7     7.76    205350  0.950
  51    0.0 5.0e-05   0.998     414.27 9.5803e-08   5.398  -4.13e+03   -5.398   0.309  0.0012    1.5     7.83    209457  0.950
  52    0.0 4.8e-05   0.999     413.52 9.4111e-08   5.404  -4.13e+03   -5.404   0.306  0.0005    1.3     7.89    213564  0.950
  53    0.0 4.5e-05   0.999     412.99 9.8088e-08   5.363  -4.11e+03   -5.363   0.299  0.0007    1.1     7.95    217671  0.950
  54    0.0 4.3e-05   0.999     411.81 1.0188e-07   5.320   -4.1e+03   -5.320   0.287  0.0006    1.0     8.00    221778  0.950
  55    0.0 4.1e-05   0.998     410.75 1.0138e-07   5.320  -4.13e+03   -5.320   0.287  0.0007    1.0     8.00    225885  0.950
  56    0.0 3.9e-05   0.999     410.16 1.0224e-07   5.320  -4.11e+03   -5.320   0.270  0.0008    1.0     8.00    229992  0.950
  57    0.0 3.7e-05   0.998     409.45 9.0546e-08   5.404  -4.12e+03   -5.404   0.271  0.0011    1.0     8.00    234099  0.950
  58    0.0 3.5e-05   0.999     408.73 9.5985e-08   5.360  -4.08e+03   -5.360   0.255  0.0004    1.0     8.00    238206  0.950
  59    0.0 3.3e-05   0.999     407.95 9.2566e-08   5.383   -4.1e+03   -5.383   0.248  0.0007    1.0     8.00    242313  0.950
  60    0.0 3.2e-05   0.999     406.35 9.5974e-08   5.360  -4.11e+03   -5.360   0.252  0.0006    1.0     8.00    246420  0.950
  61    0.0 3.0e-05   0.999     405.81 9.0123e-08   5.404   -4.1e+03   -5.404   0.237  0.0005    1.0     8.00    250527  0.950
  62    0.0 2.9e-05   0.999     405.09 9.5349e-08   5.360  -4.09e+03   -5.360   0.228  0.0005    1.0     8.00    254634  0.950
  63    0.0 2.7e-05   1.000     404.99 9.6013e-08   5.360  -4.09e+03   -5.360   0.235  0.0003    1.0     8.00    258741  0.950
  64    0.0 2.6e-05   0.999     404.30 9.2097e-08   5.383  -4.09e+03   -5.383   0.224  0.0005    1.0     8.00    262848  0.950
  65    0.0 2.4e-05   1.000     404.46 9.2001e-08   5.383  -4.09e+03   -5.383   0.221  0.0002    1.0     8.00    266955  0.950
  66    0.0 2.3e-05   0.999     403.74 9.1801e-08   5.383  -4.08e+03   -5.383   0.214  0.0005    1.0     8.00    271062  0.950
  67    0.0 2.2e-05   1.000     403.88 1.0126e-07   5.320  -4.08e+03   -5.320   0.206  0.0003    1.0     8.00    275169  0.950
  68    0.0 2.1e-05   0.999     403.25 1.0104e-07   5.320  -4.09e+03   -5.320   0.202  0.0006    1.0     8.00    279276  0.950
  69    0.0 2.0e-05   0.999     402.78 9.2361e-08   5.383  -4.11e+03   -5.383   0.196  0.0003    1.0     8.00    283383  0.950
  70    0.0 1.9e-05   0.999     401.97 9.5803e-08   5.360  -4.12e+03   -5.360   0.185  0.0003    1.0     8.00    287490  0.950
  71    0.0 1.8e-05   0.999     401.79 9.2936e-08   5.383   -4.1e+03   -5.383   0.181  0.0003    1.0     8.00    291597  0.950
  72    0.0 1.7e-05   1.000     401.67 1.0166e-07   5.320   -4.1e+03   -5.320   0.177  0.0002    1.0     8.00    295704  0.950
  73    0.0 1.6e-05   0.999     401.52 1.017e-07    5.320  -4.12e+03   -5.320   0.183  0.0002    1.0     8.00    299811  0.950
  74    0.0 1.5e-05   1.000     401.34 9.2104e-08   5.383  -4.07e+03   -5.383   0.173  0.0002    1.0     8.00    303918  0.950
  75    0.0 1.5e-05   0.999     400.94 9.2243e-08   5.383  -4.09e+03   -5.383   0.176  0.0004    1.0     8.00    308025  0.950
  76    0.0 1.4e-05   0.999     400.39 9.5795e-08   5.360  -4.09e+03   -5.360   0.172  0.0005    1.0     8.00    312132  0.950
  77    0.0 1.3e-05   0.999     399.95 9.2228e-08   5.383  -4.09e+03   -5.383   0.161  0.0002    1.0     8.00    316239  0.950
  78    0.0 1.3e-05   0.999     399.58 9.2207e-08   5.383  -4.08e+03   -5.383   0.153  0.0004    1.0     8.00    320346  0.950
  79    0.0 1.2e-05   1.000     398.97 9.2216e-08   5.383  -4.09e+03   -5.383   0.163  0.0002    1.0     8.00    324453  0.950
  80    0.0 1.1e-05   0.999     398.90 9.235e-08    5.383  -4.09e+03   -5.383   0.143  0.0003    1.0     8.00    328560  0.950
Agent's 2nd state: 
  81    0.0 9.1e-06   0.999     398.37 9.2613e-08   5.383  -4.03e+03   -5.383   0.131  0.0003    1.0     8.00    332667  0.800
Checkpoint saved: bb_costs=398.053, TD costs=9.24125e-08, CPD=  5.383 (ns) 
  82    0.0 7.3e-06   0.999     398.21 9.2279e-08   5.383  -4.02e+03   -5.383   0.086  0.0003    1.0     8.00    336774  0.800
  83    0.0 5.8e-06   1.000     397.65 9.5594e-08   5.360  -4.03e+03   -5.360   0.071  0.0002    1.0     8.00    340881  0.800
  84    0.0 4.6e-06   0.999     397.62 9.2419e-08   5.383  -4.05e+03   -5.383   0.074  0.0002    1.0     8.00    344988  0.800
Checkpoint saved: bb_costs=397.574, TD costs=9.5708e-08, CPD=  5.360 (ns) 
  85    0.0 3.7e-06   1.000     397.32 9.5706e-08   5.360  -4.04e+03   -5.360   0.066  0.0001    1.0     8.00    349095  0.800
  86    0.0 3.0e-06   1.000     397.30 9.2412e-08   5.383  -4.04e+03   -5.383   0.068  0.0002    1.0     8.00    353202  0.800
  87    0.0 0.0e+00   1.000     397.05 9.5688e-08   5.360  -4.03e+03   -5.360   0.027  0.0002    1.0     8.00    357309  0.800
## Placement Quench took 0.01 seconds (max_rss 456.4 MiB)
post-quench CPD = 5.38344 (ns) 

Checkpoint restored

BB estimate of min-dist (placement) wire length: 19084

Completed placement consistency check successfully.

Swaps called: 358172

Aborted Move Reasons:
  No moves aborted

Placement estimated critical path delay (least slack): 5.36041 ns, Fmax: 186.553 MHz
Placement estimated setup Worst Negative Slack (sWNS): -5.36041 ns
Placement estimated setup Total Negative Slack (sTNS): -4044.52 ns

Placement estimated setup slack histogram:
[ -5.4e-09: -4.8e-09)  11 (  0.6%) |*
[ -4.8e-09: -4.3e-09) 138 (  7.1%) |*****************
[ -4.3e-09: -3.8e-09) 108 (  5.6%) |*************
[ -3.8e-09: -3.3e-09)  71 (  3.7%) |*********
[ -3.3e-09: -2.8e-09) 123 (  6.4%) |***************
[ -2.8e-09: -2.3e-09) 247 ( 12.8%) |******************************
[ -2.3e-09: -1.7e-09) 392 ( 20.3%) |***********************************************
[ -1.7e-09: -1.2e-09) 297 ( 15.4%) |************************************
[ -1.2e-09:   -7e-10) 348 ( 18.0%) |******************************************
[   -7e-10: -1.9e-10) 199 ( 10.3%) |************************

Placement estimated geomean non-virtual intra-domain period: 5.36041 ns (186.553 MHz)
Placement estimated fanout-weighted geomean non-virtual intra-domain period: 5.36041 ns (186.553 MHz)

Placement cost: 1, bb_cost: 397.574, td_cost: 9.5708e-08, 

Placement resource usage:
  io      implemented as io     : 544
  clb     implemented as clb    : 309
  mult_36 implemented as mult_36: 9
  memory  implemented as memory : 1

Placement number of temperatures: 87
Placement total # of swap attempts: 358172
	Swaps accepted: 120601 (33.7 %)
	Swaps rejected: 220980 (61.7 %)
	Swaps aborted:  16591 ( 4.6 %)


Placement perturbation distribution by block and move type: 
------------------ ----------------- ---------------- ---------------- --------------- ------------ 
    Block Type         Move Type       (%) of Total      Accepted(%)     Rejected(%)    Aborted(%)
------------------ ----------------- ---------------- ---------------- --------------- ------------ 
io                 Uniform                15.42            45.68           54.32          0.00         
                   Median                 15.45            47.85           43.86          8.29         
                   Centroid               15.18            49.69           41.36          8.94         
                   W. Centroid            15.33            49.38           42.00          8.62         
                   W. Median              0.63             13.45           68.81          17.74        

clb                Uniform                8.69             5.25            94.75          0.00         
                   Median                 8.59             14.34           82.08          3.58         
                   Centroid               8.67             13.48           86.41          0.11         
                   W. Centroid            8.64             13.46           86.41          0.13         
                   W. Median              0.35             0.88            95.36          3.76         
                   Crit. Uniform          0.97             0.09            99.91          0.00         
                   Feasible Region        0.99             0.48            99.52          0.00         

mult_36            Uniform                0.25             0.45            99.55          0.00         
                   Median                 0.24             0.57            69.42          30.01        
                   Centroid               0.25             1.00            68.67          30.33        
                   W. Centroid            0.24             1.15            71.59          27.25        
                   W. Median              0.01             0.00            43.48          56.52        

memory             Uniform                0.03             1.10            98.90          0.00         
                   Median                 0.02             1.14            98.86          0.00         
                   Centroid               0.03             0.00            100.00         0.00         
                   W. Centroid            0.03             2.17            97.83          0.00         


Placement Quench timing analysis took 0.00267238 seconds (0.00238741 STA, 0.000284971 slack) (1 full updates: 1 setup, 0 hold, 0 combined).
Placement Total  timing analysis took 0.256361 seconds (0.228883 STA, 0.0274778 slack) (90 full updates: 90 setup, 0 hold, 0 combined).
update_td_costs: connections 0 nets 0 sum_nets 0 total 0
# Placement took 1.02 seconds (max_rss 456.4 MiB, delta_rss +0.0 MiB)

# Routing
RR graph channel widths unchanged, skipping RR graph rebuild
## Initializing router criticalities
Initial Net Connection Criticality Histogram:
[        0:      0.1)  425 (  7.9%) |*******************
[      0.1:      0.2)  595 ( 11.1%) |**************************
[      0.2:      0.3)  804 ( 15.0%) |***********************************
[      0.3:      0.4) 1056 ( 19.7%) |**********************************************
[      0.4:      0.5)  839 ( 15.6%) |*************************************
[      0.5:      0.6)  321 (  6.0%) |**************
[      0.6:      0.7)  245 (  4.6%) |***********
[      0.7:      0.8)  285 (  5.3%) |************
[      0.8:      0.9)  659 ( 12.3%) |*****************************
[      0.9:        1)  140 (  2.6%) |******
## Initializing router criticalities took 0.03 seconds (max_rss 456.4 MiB, delta_rss +0.0 MiB)
---- ------ ------- ---- ------- ------- ------- ----------------- --------------- -------- ---------- ---------- ---------- ---------- --------
Iter   Time    pres  BBs    Heap  Re-Rtd  Re-Rtd Overused RR Nodes      Wirelength      CPD       sTNS       sWNS       hTNS       hWNS Est Succ
      (sec)     fac Updt    push    Nets   Conns                                       (ns)       (ns)       (ns)       (ns)       (ns)     Iter
---- ------ ------- ---- ------- ------- ------- ----------------- --------------- -------- ---------- ---------- ---------- ---------- --------
   1    0.0     0.0    0  342107    2033    5072    3088 ( 7.601%)   24363 (54.9%)    4.899     -4119.     -4.899     -2.600     -0.032      N/A
Incr Slack updates 90 in 0.00958618 sec
Full Max Req/Worst Slack updates 45 in 0.000842867 sec
Incr Max Req/Worst Slack updates 45 in 0.0011644 sec
Incr Criticality updates 17 in 0.0025717 sec
Full Criticality updates 73 in 0.0107992 sec
   2    0.0     0.5    0  343276    1891    4884    2169 ( 5.339%)   24465 (55.2%)    4.899     -4097.     -4.899     -2.507     -0.032      N/A
   3    0.0     0.6    0  350638    1545    4223    2004 ( 4.933%)   24959 (56.3%)    4.901     -4105.     -4.901     -2.438     -0.032      N/A
   4    0.0     0.8    0  362224    1460    4202    1752 ( 4.313%)   25254 (56.9%)    4.909     -4142.     -4.909     -2.391     -0.030      N/A
   5    0.0     1.1    0  361623    1290    3766    1327 ( 3.266%)   25558 (57.6%)    4.912     -4159.     -4.912     -2.391     -0.030      N/A
   6    0.0     1.4    0  324153    1102    3290    1030 ( 2.535%)   25945 (58.5%)    4.892     -4166.     -4.892     -2.391     -0.030      N/A
   7    0.0     1.9    0  296122     897    2857     829 ( 2.041%)   26334 (59.4%)    4.902     -4209.     -4.902     -2.391     -0.030      N/A
   8    0.0     2.4    0  246339     768    2539     574 ( 1.413%)   26582 (59.9%)    4.895     -4227.     -4.895     -2.391     -0.030      N/A
   9    0.0     3.1    0  209843     593    2150     446 ( 1.098%)   27173 (61.3%)    4.902     -4267.     -4.902     -2.391     -0.030      N/A
  10    0.0     4.1    0  170797     499    1693     335 ( 0.825%)   27437 (61.9%)    4.918     -4291.     -4.918     -2.391     -0.030       31
  11    0.0     5.3    0  148615     420    1488     249 ( 0.613%)   27699 (62.5%)    4.902     -4290.     -4.902     -2.391     -0.030       30
  12    0.0     6.9    0  116806     335    1168     196 ( 0.482%)   28025 (63.2%)    4.915     -4305.     -4.915     -2.391     -0.030       30
  13    0.0     9.0    0  108736     295    1111     150 ( 0.369%)   28330 (63.9%)    5.020     -4408.     -5.020     -2.391     -0.030       30
  14    0.0    11.6    0   78739     229     797     110 ( 0.271%)   28556 (64.4%)    5.003     -4440.     -5.003     -2.391     -0.030       31
  15    0.0    15.1    0   70528     210     609      98 ( 0.241%)   28707 (64.7%)    5.109     -4486.     -5.109     -2.391     -0.030       31
  16    0.0    19.7    0   61511     173     561      65 ( 0.160%)   28925 (65.2%)    5.227     -4532.     -5.227     -2.391     -0.030       32
  17    0.0    25.6    0   60950     137     401      53 ( 0.130%)   29118 (65.7%)    5.852     -4575.     -5.852     -2.391     -0.030       32
  18    0.0    33.3    0   43511      80     216      38 ( 0.094%)   29363 (66.2%)    6.253     -4599.     -6.253     -2.391     -0.030       32
  19    0.0    43.3    0   42652      66     179      27 ( 0.066%)   29544 (66.6%)    6.899     -4663.     -6.899     -2.391     -0.030       32
  20    0.0    56.2    0   40309      43     107      20 ( 0.049%)   29825 (67.2%)    7.026     -4663.     -7.026     -2.391     -0.030       31
  21    0.0    73.1    0   13308      29      69      15 ( 0.037%)   29860 (67.3%)    6.103     -4675.     -6.103     -2.391     -0.030       31
  22    0.0    95.0    0   30889      45     178      14 ( 0.034%)   29784 (67.2%)    5.765     -4620.     -5.765     -2.391     -0.030       31
  23    0.0   123.5    0   41993      69     241      11 ( 0.027%)   29895 (67.4%)    6.326     -4651.     -6.326     -2.391     -0.030       31
  24    0.0   160.6    0   14371      23      74      11 ( 0.027%)   29908 (67.4%)    5.905     -4609.     -5.905     -2.391     -0.030       31
  25    0.0   208.8    0   27235      42     141       8 ( 0.020%)   29932 (67.5%)    6.182     -4629.     -6.182     -2.391     -0.030       32
  26    0.0   271.4    0   10892      18      88       6 ( 0.015%)   29915 (67.4%)    6.038     -4622.     -6.038     -2.391     -0.030       33
  27    0.0   352.8    0   18539      22      72       5 ( 0.012%)   29888 (67.4%)    6.063     -4619.     -6.063     -2.391     -0.030       33
  28    0.0   458.7    0   12013      20      67       2 ( 0.005%)   29925 (67.5%)    6.281     -4645.     -6.281     -2.391     -0.030       33
  29    0.0   596.3    0    9457      12      43       3 ( 0.007%)   29949 (67.5%)    6.281     -4638.     -6.281     -2.391     -0.030       32
  30    0.0   775.1    0   11197      13      63       1 ( 0.002%)   29989 (67.6%)    6.281     -4649.     -6.281     -2.391     -0.030       33
  31    0.0  1000.0    0    7860      12      45       0 ( 0.000%)   30016 (67.7%)    6.281     -4642.     -6.281     -2.391     -0.030       32
Restoring best routing
Critical path: 6.28133 ns
Successfully routed after 31 routing iterations.
Final Net Connection Criticality Histogram:
[        0:      0.1)  411 (  7.7%) |******************
[      0.1:      0.2)  736 ( 13.7%) |********************************
[      0.2:      0.3)  990 ( 18.4%) |*******************************************
[      0.3:      0.4) 1058 ( 19.7%) |**********************************************
[      0.4:      0.5)  726 ( 13.5%) |********************************
[      0.5:      0.6)  364 (  6.8%) |****************
[      0.6:      0.7)  335 (  6.2%) |***************
[      0.7:      0.8)  501 (  9.3%) |**********************
[      0.8:      0.9)  207 (  3.9%) |*********
[      0.9:        1)   41 (  0.8%) |**
Router Stats: total_nets_routed: 14371 total_connections_routed: 42394 total_heap_pushes: 3977233 total_heap_pops: 947389 
Serial Connection Router is being destroyed. Time spent on path search: 0.235 seconds.
# Routing took 0.57 seconds (max_rss 456.4 MiB, delta_rss +0.0 MiB)

Checking to ensure routing is legal...
# Checking to ensure non-configurable edges are legal
# Checking to ensure non-configurable edges are legal took 0.00 seconds (max_rss 456.4 MiB, delta_rss +0.0 MiB)
Completed routing consistency check successfully.

Serial number (magic cookie) for the routing is: -4015213
Circuit successfully routed with a channel width factor of 48.
# Synchronize the packed netlist to routing optimization
## Annotating rr_node with routed nets
## Annotating rr_node with routed nets took 0.00 seconds (max_rss 456.4 MiB, delta_rss +0.0 MiB)
Found 6285 mismatches between routing and packing results.
Fixed 4179 routing traces due to mismatch between routing and packing results.
# Synchronize the packed netlist to routing optimization took 0.02 seconds (max_rss 456.4 MiB, delta_rss +0.0 MiB)
Final Clustering Statistics: 
----------   --------   ------------------------------------   --------------------------
Block Type   # Blocks   Avg. # of input clocks and pins used   Avg. # of output pins used
----------   --------   ------------------------------------   --------------------------
     EMPTY          0                                      0                            0   
        io        544                               0.560662                     0.439338   
       clb        309                                14.9191                      5.08414   
   mult_36          9                                     47                           23   
    memory          1                                     31                           21   
Absorbed logical nets 1999 out of 4037 nets, 2038 nets not absorbed.


Average number of bends per net: 1.70880  Maximum # of bends: 41

Number of global nets: 5
Number of routed nets (nonglobal): 2033
Wire length results (in units of 1 clb segments)...
	Total wirelength: 30016, average net length: 14.7644
	Maximum net length: 458

Wire length results in terms of physical segments...
	Total wiring segments used: 7952, average wire segments per net: 3.91146
	Maximum segments used by a net: 124
	Total local nets with reserved CLB opins: 0
Total number of nets absorbed: 0

Routing channel utilization histogram:
[        1:      inf)   0 (  0.0%) |
[      0.9:        1)  60 (  6.2%) |********
[      0.8:      0.9) 246 ( 25.4%) |********************************
[      0.7:      0.8) 364 ( 37.6%) |***********************************************
[      0.5:      0.6)  56 (  5.8%) |*******
[      0.4:      0.5)  70 (  7.2%) |*********
[      0.3:      0.4)  68 (  7.0%) |*********
[      0.2:      0.3)  28 (  2.9%) |****
[      0.1:      0.2)  20 (  2.1%) |***
[        0:      0.1)  56 (  5.8%) |*******
Maximum routing channel utilization:      0.96 at (11,0)

X - Directed channels:   j max occ ave occ capacity
                      ---- ------- ------- --------
                         0      46  32.130       48
                         1      38  23.826       48
                         2      45  30.696       48
                         3      44  30.087       48
                         4      40  29.174       48
                         5      45  31.609       48
                         6      45  32.913       48
                         7      44  32.087       48
                         8      44  31.609       48
                         9      42  31.261       48
                        10      42  31.304       48
                        11      44  33.391       48
                        12      43  31.609       48
                        13      43  30.000       48
                        14      45  33.652       48
                        15      44  30.565       48
                        16      44  28.391       48
                        17      44  28.478       48
                        18      44  26.696       48
                        19      43  22.304       48
                        20      44  23.304       48
                        21      44  30.478       48
Y - Directed channels:   i max occ ave occ capacity
                      ---- ------- ------- --------
                         0      38  23.870       48
                         1      24  14.565       48
                         2      32  22.130       48
                         3      40  29.000       48
                         4      41  30.522       48
                         5      43  31.913       48
                         6      41  30.913       48
                         7      43  31.652       48
                         8      44  33.000       48
                         9      42  31.522       48
                        10      41  31.435       48
                        11      42  32.913       48
                        12      42  33.217       48
                        13      47  36.130       48
                        14      45  32.174       48
                        15      43  33.000       48
                        16      46  32.043       48
                        17      45  30.043       48
                        18      41  25.000       48
                        19      41  26.957       48
                        20      42  26.913       48
                        21      48  30.565       48

Total tracks in x-direction: 1056, in y-direction: 1056

Logic area (in minimum width transistor areas, excludes I/Os and empty grid tiles)...
	Total logic block area (Warning, need to add pitch of routing to blocks with height > 3): 2.70004e+07
	Total used logic block area: 2.07652e+07

Routing area (in minimum width transistor areas)...
	Total routing area: 1.58672e+06, per logic tile: 2999.48

Total Number of Wiring Segments by Direction: direction length number
                                              --------- ------ -------
                                                      X      4   6336
                                                      Y      4   6336

X - Directed Wiring Segment usage by length: length utilization
                                             ------ -----------
                                             4       0.628

Y - Directed Wiring Segment usage by length: length utilization
                                             ------ -----------
                                             4       0.628

Segment occupancy by length: Length utilization
                             ------ -----------
                             L4           0.628

Segment occupancy by type:              name type utilization
                           ----------------- ---- -----------
                           unnamed_segment_0    0       0.628

Final hold Worst Negative Slack (hWNS): -0.0304031 ns
Final hold Total Negative Slack (hTNS): -2.39114 ns

Final hold slack histogram:
[   -3e-11:  2.7e-10) 209 ( 10.8%) |**************
[  2.7e-10:  5.8e-10) 684 ( 35.4%) |***********************************************
[  5.8e-10:  8.8e-10) 584 ( 30.2%) |****************************************
[  8.8e-10:  1.2e-09) 174 (  9.0%) |************
[  1.2e-09:  1.5e-09)  49 (  2.5%) |***
[  1.5e-09:  1.8e-09)  18 (  0.9%) |*
[  1.8e-09:  2.1e-09)  30 (  1.6%) |**
[  2.1e-09:  2.4e-09) 132 (  6.8%) |*********
[  2.4e-09:  2.7e-09)  53 (  2.7%) |****
[  2.7e-09:    3e-09)   1 (  0.1%) |

Final critical path delay (least slack): 6.28133 ns, Fmax: 159.202 MHz
Final setup Worst Negative Slack (sWNS): -6.28133 ns
Final setup Total Negative Slack (sTNS): -4642.29 ns

Final setup slack histogram:
[ -6.3e-09: -5.7e-09)  33 (  1.7%) |****
[ -5.7e-09: -5.1e-09)  90 (  4.7%) |**********
[ -5.1e-09: -4.5e-09) 107 (  5.5%) |************
[ -4.5e-09: -3.9e-09)  19 (  1.0%) |**
[ -3.9e-09: -3.2e-09) 126 (  6.5%) |**************
[ -3.2e-09: -2.6e-09) 328 ( 17.0%) |************************************
[ -2.6e-09:   -2e-09) 425 ( 22.0%) |***********************************************
[   -2e-09: -1.4e-09) 272 ( 14.1%) |******************************
[ -1.4e-09: -8.1e-10) 348 ( 18.0%) |**************************************
[ -8.1e-10: -2.1e-10) 186 (  9.6%) |*********************

Final geomean non-virtual intra-domain period: 6.28133 ns (159.202 MHz)
Final fanout-weighted geomean non-virtual intra-domain period: 6.28133 ns (159.202 MHz)

Incr Slack updates 1 in 0.000110922 sec
Full Max Req/Worst Slack updates 1 in 1.8368e-05 sec
Incr Max Req/Worst Slack updates 0 in 0 sec
Incr Criticality updates 0 in 0 sec
Full Criticality updates 1 in 0.000141348 sec
Flow timing analysis took 0.472677 seconds (0.429801 STA, 0.0428758 slack) (124 full updates: 91 setup, 0 hold, 33 combined).
VPR succeeded
The entire flow of VPR took 2.80 seconds (max_rss 456.4 MiB)
Incr Slack updates 32 in 0.00309587 sec
Full Max Req/Worst Slack updates 12 in 0.000265761 sec
Incr Max Req/Worst Slack updates 20 in 0.00050427 sec
Incr Criticality updates 4 in 0.000489257 sec
Full Criticality updates 28 in 0.00405432 sec

=== STDERR ===

=== RETURN CODE: 0 ===
