=== STDOUT ===
VPR FPGA Placement and Routing.
Version: 9.0.0-dev+v8.0.0-11943-g8cb20aa52
Revision: v8.0.0-11943-g8cb20aa52
Compiled: 2025-11-07T01:24:15
Compiler: GNU 13.3.0 on Linux-6.6.87.2-microsoft-standard-WSL2 x86_64
Build Info: release IPO VTR_ASSERT_LEVEL=2

University of Toronto
verilogtorouting.org
vtr-users@googlegroups.com
This is free open source code under MIT license.

VPR was run with the following command-line:
./vtr-verilog-to-routing/vpr/vpr k6_N10_mem32K_40nm.xml raygentop.blif --route_chan_width 48 --seed 1000


Architecture file: k6_N10_mem32K_40nm.xml
Circuit name: raygentop

# Loading Architecture Description
# Loading Architecture Description took 0.00 seconds (max_rss 456.4 MiB, delta_rss +0.0 MiB)

Timing analysis: ON
Circuit netlist file: raygentop.net
Circuit placement file: raygentop.place
Circuit routing file: raygentop.route
Circuit SDC file: raygentop.sdc
Vpr floorplanning constraints file: not specified

Packer: ENABLED
Placer: ENABLED
Analytical Placer: DISABLED
Router: ENABLED
Analysis: ENABLED

VPR was run with the following options:

NetlistOpts.absorb_buffer_luts            : true
NetlistOpts.sweep_dangling_primary_ios    : true
NetlistOpts.sweep_dangling_nets           : true
NetlistOpts.sweep_dangling_blocks         : true
NetlistOpts.sweep_constant_primary_outputs: false
NetlistOpts.netlist_verbosity             : 1
NetlistOpts.const_gen_inference           : COMB_SEQ

PackerOpts.allow_unrelated_clustering: auto
PackerOpts.alpha_clustering: 0.750000
PackerOpts.beta_clustering: 0.900000
PackerOpts.cluster_seed_type: BLEND2
PackerOpts.connection_driven: true
PackerOpts.global_clocks: true
PackerOpts.inter_cluster_net_delay: 1.000000
PackerOpts.timing_driven: true
PackerOpts.target_external_pin_util: auto

PlacerOpts.place_freq: PLACE_ONCE
PlacerOpts.place_algorithm: CRITICALITY_TIMING_PLACE
PlacerOpts.pad_loc_type: FREE
PlacerOpts.constraints_file: No constraints file given
PlacerOpts.place_chan_width: 48
PlacerOpts.inner_loop_recompute_divider: 0
PlacerOpts.recompute_crit_iter: 1
PlacerOpts.timing_tradeoff: 0.500000
PlacerOpts.td_place_exp_first: 1.000000
PlacerOpts.td_place_exp_last: 8.000000
PlacerOpts.delay_offset: 0.000000
PlacerOpts.delay_ramp_delta_threshold: -1
PlacerOpts.delay_ramp_slope: 0.000000
PlacerOpts.tsu_rel_margin: 1.000000
PlacerOpts.tsu_abs_margin: 0.000000
PlacerOpts.post_place_timing_report_file: 
PlacerOpts.allowed_tiles_for_delay_model: 
PlacerOpts.delay_model_reducer: MIN
PlacerOpts.delay_model_type: SIMPLE
PlacerOpts.rlim_escape_fraction: 0.000000
PlacerOpts.move_stats_file: 
PlacerOpts.placement_saves_per_temperature: 0
PlacerOpts.effort_scaling: CIRCUIT
PlacerOpts.place_delta_delay_matrix_calculation_method: ASTAR_ROUTE
PlaceOpts.seed: 1000
AnnealSched.type: AUTO_SCHED
AnnealSched.inner_num: 0.500000

RouterOpts.route_type: DETAILED
RouterOpts.flat_routing: false
RouterOpts.choke_points: on
RouterOpts.router_algorithm: TIMING_DRIVEN
RouterOpts.base_cost_type: DELAY_NORMALIZED_LENGTH
RouterOpts.fixed_channel_width: 48
RouterOpts.check_route: FULL
RouterOpts.acc_fac: 1.000000
RouterOpts.bb_factor: 3
RouterOpts.bend_cost: 0.000000
RouterOpts.first_iter_pres_fac: 0.000000
RouterOpts.initial_pres_fac: 0.500000
RouterOpts.pres_fac_mult: 1.300000
RouterOpts.max_pres_fac: 1000.000000
RouterOpts.max_router_iterations: 50
RouterOpts.min_incremental_reroute_fanout: 16
RouterOpts.do_check_rr_graph: true
RouterOpts.verify_binary_search: false
RouterOpts.min_channel_width_hint: 0
RouterOpts.read_rr_edge_metadata: false
RouterOpts.exit_after_first_routing_iteration: false
RouterOpts.astar_fac: 1.200000
RouterOpts.astar_offset: 0.000000
RouterOpts.router_profiler_astar_fac: 1.200000
RouterOpts.criticality_exp: 1.000000
RouterOpts.max_criticality: 0.990000
RouterOpts.init_wirelength_abort_threshold: 0.850000
RouterOpts.incr_reroute_delay_ripup: AUTO
RouterOpts.save_routing_per_iteration: false
RouterOpts.congested_routing_iteration_threshold_frac: 1.000000
RouterOpts.high_fanout_threshold: 64
RouterOpts.router_debug_net: -2
RouterOpts.router_debug_sink_rr: -2
RouterOpts.router_debug_iteration: -2
RouterOpts.max_convergence_count: 1
RouterOpts.reconvergence_cpd_threshold: 0.990000
RouterOpts.update_lower_bound_delays: true
RouterOpts.first_iteration_timing_report_file: 
RouterOpts.route_bb_update: DYNAMIC
RouterOpts.lookahead_type: MAP
RouterOpts.initial_timing: LOOKAHEAD
RouterOpts.router_heap: FOUR_ARY_HEAP
RouterOpts.routing_failure_predictor = SAFE
RouterOpts.routing_budgets_algorithm = DISABLE

AnalysisOpts.gen_post_synthesis_netlist: false
AnalysisOpts.timing_report_npaths: 100
AnalysisOpts.timing_report_skew: false
AnalysisOpts.echo_dot_timing_graph_node: -1
AnalysisOpts.timing_report_detail: NETLIST
AnalysisOpts.post_synth_netlist_unconn_input_handling: UNCONNECTED
AnalysisOpts.post_synth_netlist_unconn_output_handling: UNCONNECTED

# Building complex block graph
Warning 1: io[0].clock[0] unconnected pin in architecture.
# Building complex block graph took 0.01 seconds (max_rss 456.4 MiB, delta_rss +0.0 MiB)
Circuit file: raygentop.blif
# Load circuit
Found constant-one generator 'top^raygroup10~1'
Found constant-zero generator 'top^tm3_sram_addr~18'
Found constant-zero generator 'top^tm3_sram_adsp'
Found constant-zero generator 'top^raygroup01~1'
Found constant-zero generator 'unconn'
# Load circuit took 0.03 seconds (max_rss 456.4 MiB, delta_rss +0.0 MiB)
# Clean circuit
Absorbed 483 LUT buffers
Inferred    0 additional primitive pins as constant generators since they have no combinationally connected inputs
Inferred    0 additional primitive pins as constant generators due to constant inputs
Inferred    0 additional primitive pins as constant generators since they have no combinationally connected inputs
Inferred    0 additional primitive pins as constant generators due to constant inputs
Inferred    0 additional primitive pins as constant generators since they have no combinationally connected inputs
Inferred    0 additional primitive pins as constant generators due to constant inputs
Swept input(s)      : 16
Swept output(s)     : 0 (0 dangling, 0 constant)
Swept net(s)        : 1105
Swept block(s)      : 0
Constant Pins Marked: 0
# Clean circuit took 0.00 seconds (max_rss 456.4 MiB, delta_rss +0.0 MiB)
# Compress circuit
# Compress circuit took 0.00 seconds (max_rss 456.4 MiB, delta_rss +0.0 MiB)
# Verify circuit
# Verify circuit took 0.00 seconds (max_rss 456.4 MiB, delta_rss +0.0 MiB)
Circuit Statistics:
  Blocks: 4153
    .input         :     239
    .latch         :    1423
    .names         :    2147
        0-LUT:       4
        1-LUT:       1
        2-LUT:     304
        3-LUT:     403
        4-LUT:     434
        5-LUT:     375
        6-LUT:     626
    .output        :     305
    multiply       :      18
    single_port_ram:      21
  Nets  : 4037
    Avg Fanout:     3.2
    Max Fanout:  1444.0
    Min Fanout:     1.0
  Netlist Clocks: 1
# Build Timing Graph
  Timing Graph Nodes: 17027
  Timing Graph Edges: 30805
  Timing Graph Levels: 20
# Build Timing Graph took 0.01 seconds (max_rss 456.4 MiB, delta_rss +0.0 MiB)
Netlist contains 1 clocks
  Netlist Clock 'top^tm3_clk_v0' Fanout: 1444 pins (8.5%), 1444 blocks (34.8%)
# Load Timing Constraints

SDC file 'raygentop.sdc' not found
Setting default timing constraints:
   * constrain all primay inputs and primary outputs on netlist clock 'top^tm3_clk_v0'
   * optimize netlist clock to run as fast as possible
Timing constraints created 1 clocks
  Constrained Clock 'top^tm3_clk_v0' Source: 'top^tm3_clk_v0.inpad[0]'

# Load Timing Constraints took 0.00 seconds (max_rss 456.4 MiB, delta_rss +0.0 MiB)
# Packing
Begin packing 'raygentop.blif'.

After removing unused inputs...
	total blocks: 4153, total nets: 4037, total inputs: 239, total outputs: 305
Begin prepacking.
0 attraction groups were created during prepacking.
Finish prepacking.
Using inter-cluster delay: 1.33777e-09
Packing with pin utilization targets: io:1,1 clb:0.8,0.6 mult_36:1,1 memory:1,1
Packing with high fanout thresholds: io:128 clb:32 mult_36:128 memory:128
Starting Clustering - Clustering Progress: 
-------------------   --------------------------   ---------
Molecules processed   Number of clusters created   FPGA size
-------------------   --------------------------   ---------
   128/3012      4%                           20    22 x 22    
   255/3012      8%                           33    22 x 22    
   382/3012     12%                           46    22 x 22    
   510/3012     16%                           60    22 x 22    
   630/3012     20%                           72    22 x 22    
   750/3012     24%                           84    22 x 22    
   870/3012     28%                           96    22 x 22    
   990/3012     32%                          110    22 x 22    
  1115/3012     37%                          125    22 x 22    
  1238/3012     41%                          139    22 x 22    
  1366/3012     45%                          152    22 x 22    
  1486/3012     49%                          164    22 x 22    
  1610/3012     53%                          178    22 x 22    
  1731/3012     57%                          196    22 x 22    
  1853/3012     61%                          218    22 x 22    
  1974/3012     65%                          236    22 x 22    
  2110/3012     70%                          255    22 x 22    
  2234/3012     74%                          272    22 x 22    
  2354/3012     78%                          292    22 x 22    
  2479/3012     82%                          331    23 x 23    
  2599/3012     86%                          450    23 x 23    
  2719/3012     90%                          570    23 x 23    
  2839/3012     94%                          690    23 x 23    
  2959/3012     98%                          810    23 x 23    
  3012/3012    100%                          863    23 x 23    

Logic Element (fle) detailed count:
  Total number of Logic Elements used : 2429
  LEs used for logic and registers    : 1141
  LEs used for logic only             : 1006
  LEs used for registers only         : 282

Incr Slack updates 1 in 0.000142579 sec
Full Max Req/Worst Slack updates 1 in 1.8379e-05 sec
Incr Max Req/Worst Slack updates 0 in 0 sec
Incr Criticality updates 0 in 0 sec
Full Criticality updates 1 in 0.000210368 sec
FPGA sized to 23 x 23 (auto)
Device Utilization: 0.79 (target 1.00)
	Block Utilization: 0.81 Type: io
	Block Utilization: 0.92 Type: clb
	Block Utilization: 0.90 Type: mult_36
	Block Utilization: 0.11 Type: memory

Start the iterative improvement process
the iterative improvement process is done
Final Clustering Statistics: 
----------   --------   ------------------------------------   --------------------------
Block Type   # Blocks   Avg. # of input clocks and pins used   Avg. # of output pins used
----------   --------   ------------------------------------   --------------------------
     EMPTY          0                                      0                            0   
        io        544                               0.560662                     0.439338   
       clb        309                                14.9191                      5.08414   
   mult_36          9                                     47                           23   
    memory          1                                     31                           21   
Absorbed logical nets 1999 out of 4037 nets, 2038 nets not absorbed.

Netlist conversion complete.

# Packing took 0.67 seconds (max_rss 456.4 MiB, delta_rss +0.0 MiB)
# Load packing
Begin loading packed FPGA netlist file.
Netlist generated from file 'raygentop.net'.
Detected 4 constant generators (to see names run with higher pack verbosity)
Finished loading packed FPGA netlist file (took 0.123905 seconds).
Warning 2: Treated 4 constant nets as global which will not be routed (to see net names increase packer verbosity).
Warning 3: Netlist contains 4 global net to non-global architecture pin connections
Warning 4: Logic block #412 (top^raygroup10~1) has only 1 output pin 'top^raygroup10~1.O[9]'. It may be a constant generator.
Warning 5: Logic block #413 (top^tm3_sram_addr~18) has only 1 output pin 'top^tm3_sram_addr~18.O[9]'. It may be a constant generator.
Warning 6: Logic block #414 (top^tm3_sram_adsp) has only 1 output pin 'top^tm3_sram_adsp.O[9]'. It may be a constant generator.
Warning 7: Logic block #415 (top^raygroup01~1) has only 1 output pin 'top^raygroup01~1.O[9]'. It may be a constant generator.
Completed clustering consistency check successfully.
Cluster level netlist and block usage statistics
Netlist num_nets: 2038
Netlist num_blocks: 863
Netlist EMPTY blocks: 0.
Netlist io blocks: 544.
Netlist clb blocks: 309.
Netlist mult_36 blocks: 9.
Netlist memory blocks: 1.
Netlist inputs pins: 239
Netlist output pins: 305

Pb types usage...
  io                       : 544
   inpad                   : 239
   outpad                  : 305
  clb                      : 309
   fle                     : 2429
    ble6                   : 2429
     lut6                  : 2147
      lut                  : 2147
     ff                    : 1423
  mult_36                  : 9
   divisible_mult_18x18    : 15
    mult_9x9_slice         : 9
     mult_9x9              : 9
    mult_18x18_slice       : 9
     mult_18x18            : 9
  memory                   : 1
   mem_512x64_sp           : 1
    memory_slice           : 21

# Load packing took 0.20 seconds (max_rss 456.4 MiB, delta_rss +0.0 MiB)
# Create Device
## Build Device Grid
FPGA sized to 23 x 23: 529 grid tiles (auto)

Resource usage...
	Netlist
		544	blocks of type: io
	Architecture
		672	blocks of type: io
	Netlist
		309	blocks of type: clb
	Architecture
		336	blocks of type: clb
	Netlist
		9	blocks of type: mult_36
	Architecture
		10	blocks of type: mult_36
	Netlist
		1	blocks of type: memory
	Architecture
		9	blocks of type: memory

Device Utilization: 0.79 (target 1.00)
	Physical Tile io:
	Block Utilization: 0.81 Logical Block: io
	Physical Tile clb:
	Block Utilization: 0.92 Logical Block: clb
	Physical Tile mult_36:
	Block Utilization: 0.90 Logical Block: mult_36
	Physical Tile memory:
	Block Utilization: 0.11 Logical Block: memory

FPGA size limited by block type(s): clb

## Build Device Grid took 0.00 seconds (max_rss 456.4 MiB, delta_rss +0.0 MiB)
## Build routing resource graph
## Build routing resource graph took 0.08 seconds (max_rss 456.4 MiB, delta_rss +0.0 MiB)
  RR Graph Nodes: 40626
  RR Graph Edges: 248015
# Create Device took 0.09 seconds (max_rss 456.4 MiB, delta_rss +0.0 MiB)

# Computing router lookahead map
## Computing wire lookahead
## Computing wire lookahead took 0.03 seconds (max_rss 456.4 MiB, delta_rss +0.0 MiB)
## Computing src/opin lookahead
Warning 8: Found no more sample locations for SOURCE in io
Warning 9: Found no more sample locations for OPIN in io
Warning 10: Found no more sample locations for SOURCE in clb
Warning 11: Found no more sample locations for OPIN in clb
Warning 12: Found no more sample locations for SOURCE in mult_36
Warning 13: Found no more sample locations for OPIN in mult_36
Warning 14: Found no more sample locations for SOURCE in memory
Warning 15: Found no more sample locations for OPIN in memory
## Computing src/opin lookahead took 0.00 seconds (max_rss 456.4 MiB, delta_rss +0.0 MiB)
# Computing router lookahead map took 0.03 seconds (max_rss 456.4 MiB, delta_rss +0.0 MiB)
# Computing placement delta delay look-up
RR graph channel widths unchanged, skipping RR graph rebuild
Serial Connection Router is being destroyed. Time spent on path search: 0.000 seconds.
# Computing placement delta delay look-up took 0.00 seconds (max_rss 456.4 MiB, delta_rss +0.0 MiB)

Bounding box mode is Cube

# Compressed grid construction
# Compressed grid construction took 0.00 seconds (max_rss 456.4 MiB, delta_rss +0.0 MiB)
# Placement
## Initial Placement
Initial placement iteration 0 has finished successfully
## Initial Placement took 0.00 seconds (max_rss 456.4 MiB, delta_rss +0.0 MiB)
Using simple RL 'Softmax agent' for choosing move and block types

BB estimate of min-dist (placement) wire length: 45543

Completed placement consistency check successfully.
Initial placement cost: 1 bb_cost: 948.822 td_cost: 1.2756e-06
Initial placement estimated Critical Path Delay (CPD): 8.83871 ns
Initial placement estimated setup Total Negative Slack (sTNS): -5438.17 ns
Initial placement estimated setup Worst Negative Slack (sWNS): -8.83871 ns

Initial placement estimated setup slack histogram:
[ -8.8e-09:   -8e-09)   8 (  0.4%) |*
[   -8e-09: -7.1e-09)   8 (  0.4%) |*
[ -7.1e-09: -6.2e-09)  20 (  1.0%) |**
[ -6.2e-09: -5.4e-09)  73 (  3.8%) |******
[ -5.4e-09: -4.5e-09) 216 ( 11.2%) |*******************
[ -4.5e-09: -3.6e-09) 172 (  8.9%) |***************
[ -3.6e-09: -2.8e-09) 419 ( 21.7%) |************************************
[ -2.8e-09: -1.9e-09) 333 ( 17.2%) |*****************************
[ -1.9e-09: -1.1e-09) 545 ( 28.2%) |***********************************************
[ -1.1e-09: -1.9e-10) 140 (  7.2%) |************
Placement contains 0 placement macros involving 0 blocks (average macro size -nan)

Moves per temperature: 4107
Warning 16: Starting t: 349 of 863 configurations accepted.

---- ------ ------- ------- ---------- ---------- ------- ---------- -------- ------- ------- ------ -------- --------- ------
Tnum   Time       T Av Cost Av BB Cost Av TD Cost     CPD       sTNS     sWNS Ac Rate Std Dev  R lim Crit Exp Tot Moves  Alpha
      (sec)                                          (ns)       (ns)     (ns)                                                 
---- ------ ------- ------- ---------- ---------- ------- ---------- -------- ------- ------- ------ -------- --------- ------
   1    0.0 5.9e-04   0.921     752.05 9.8497e-07   8.524  -4.97e+03   -8.524   0.712  0.0376   22.0     1.00      4107  1.000
   2    0.0 5.6e-04   0.937     667.75 1.1258e-06   6.462  -4.79e+03   -6.462   0.670  0.0353   22.0     1.00      8214  0.950
   3    0.0 5.3e-04   0.976     626.25 1.0708e-06   6.252  -4.73e+03   -6.252   0.637  0.0102   22.0     1.00     12321  0.950
   4    0.0 5.0e-04   0.982     607.03 1.0817e-06   5.970  -4.52e+03   -5.970   0.626  0.0097   22.0     1.00     16428  0.950
   5    0.0 4.8e-04   0.978     595.60 1.0994e-06   5.764  -4.47e+03   -5.764   0.619  0.0111   22.0     1.00     20535  0.950
   6    0.0 4.5e-04   0.988     583.04 9.8928e-07   6.357  -4.53e+03   -6.357   0.593  0.0041   22.0     1.00     24642  0.950
   7    0.0 4.3e-04   0.991     577.06 1.0497e-06   5.927   -4.5e+03   -5.927   0.578  0.0034   22.0     1.00     28749  0.950
   8    0.0 4.1e-04   0.992     578.43 1.0558e-06   5.801  -4.34e+03   -5.801   0.592  0.0064   22.0     1.00     32856  0.950
   9    0.0 3.9e-04   0.983     571.26 1.0333e-06   5.850  -4.46e+03   -5.850   0.586  0.0058   22.0     1.00     36963  0.950
  10    0.0 3.7e-04   0.981     562.83 9.9734e-07   5.977  -4.34e+03   -5.977   0.556  0.0090   22.0     1.00     41070  0.950
  11    0.0 3.5e-04   0.981     552.97 9.8517e-07   5.940  -4.41e+03   -5.940   0.541  0.0077   22.0     1.00     45177  0.950
  12    0.0 3.3e-04   0.987     546.79 9.735e-07    5.940  -4.33e+03   -5.940   0.525  0.0034   22.0     1.00     49284  0.950
  13    0.0 3.2e-04   0.992     545.31 9.8914e-07   5.793  -4.34e+03   -5.793   0.509  0.0055   22.0     1.00     53391  0.950
  14    0.0 3.0e-04   0.987     535.37 9.632e-07    5.940  -4.33e+03   -5.940   0.489  0.0076   22.0     1.00     57498  0.950
  15    0.0 2.9e-04   0.993     528.31 9.341e-07    6.014   -4.3e+03   -6.014   0.476  0.0027   22.0     1.00     61605  0.950
  16    0.0 2.7e-04   0.985     524.08 9.9241e-07   5.665  -4.29e+03   -5.665   0.481  0.0049   22.0     1.00     65712  0.950
  17    0.0 2.6e-04   0.987     522.00 9.4005e-07   5.917  -4.24e+03   -5.917   0.459  0.0054   22.0     1.00     69819  0.950
  18    0.0 2.5e-04   0.993     521.14 9.5133e-07   5.784   -4.2e+03   -5.784   0.465  0.0041   22.0     1.00     73926  0.950
  19    0.0 2.3e-04   0.990     513.94 9.1184e-07   6.005  -4.19e+03   -6.005   0.461  0.0045   22.0     1.00     78033  0.950
  20    0.0 2.2e-04   0.985     506.32 9.3729e-07   5.776  -4.35e+03   -5.776   0.425  0.0077   22.0     1.00     82140  0.950
  21    0.0 2.1e-04   0.998     502.59 8.4952e-07   5.842  -4.21e+03   -5.842   0.428  0.0032   21.7     1.11     86247  0.950
  22    0.0 2.0e-04   0.996     500.03 7.8079e-07   5.925  -4.21e+03   -5.925   0.413  0.0018   21.4     1.20     90354  0.950
  23    0.0 1.9e-04   0.996     503.75 6.7996e-07   5.963  -4.35e+03   -5.963   0.413  0.0048   20.8     1.39     94461  0.950
  24    0.0 1.8e-04   0.985     492.60 6.3839e-07   5.621  -4.18e+03   -5.621   0.392  0.0068   20.3     1.58     98568  0.950
  25    0.0 1.7e-04   0.991     485.91 5.1566e-07   5.642  -4.26e+03   -5.642   0.386  0.0036   19.3     1.90    102675  0.950
  26    0.0 1.6e-04   0.995     482.63 4.2487e-07   5.642  -4.21e+03   -5.642   0.379  0.0023   18.3     2.25    106782  0.950
  27    0.0 1.5e-04   0.991     480.63 3.8481e-07   5.475  -4.29e+03   -5.475   0.374  0.0040   17.1     2.62    110889  0.950
  28    0.0 1.5e-04   0.994     477.48 3.2531e-07   5.493  -4.17e+03   -5.493   0.359  0.0032   16.0     3.00    114996  0.950
  29    0.0 1.4e-04   0.992     472.73 2.6718e-07   5.545  -4.16e+03   -5.545   0.343  0.0030   14.7     3.43    119103  0.950
  30    0.0 1.3e-04   0.999     472.75 2.1987e-07   5.609  -4.14e+03   -5.609   0.349  0.0012   13.3     3.91    123210  0.950
  31    0.0 1.3e-04   0.996     471.17 1.921e-07    5.650  -4.26e+03   -5.650   0.375  0.0032   12.1     4.31    127317  0.950
  32    0.0 1.2e-04   0.996     466.52 1.7946e-07   5.609  -4.18e+03   -5.609   0.344  0.0030   11.3     4.57    131424  0.950
  33    0.0 1.1e-04   0.996     463.88 1.6573e-07   5.566  -4.19e+03   -5.566   0.331  0.0016   10.2     4.93    135531  0.950
  34    0.0 1.1e-04   0.997     463.79 1.5741e-07   5.496   -4.2e+03   -5.496   0.337  0.0018    9.1     5.30    139638  0.950
  35    0.0 1.0e-04   0.998     460.94 1.4522e-07   5.511  -4.25e+03   -5.511   0.316  0.0022    8.2     5.62    143745  0.950
  36    0.0 9.7e-05   0.995     457.22 1.3216e-07   5.511  -4.19e+03   -5.511   0.311  0.0018    7.1     5.95    147852  0.950
  37    0.0 9.3e-05   0.998     455.91 1.2197e-07   5.511   -4.2e+03   -5.511   0.296  0.0015    6.2     6.26    151959  0.950
  38    0.0 8.8e-05   0.998     456.14 1.2932e-07   5.369   -4.2e+03   -5.369   0.293  0.0022    5.3     6.56    156066  0.950
  39    0.0 8.4e-05   0.997     454.08 1.1746e-07   5.413   -4.3e+03   -5.413   0.293  0.0013    4.5     6.82    160173  0.950
  40    0.0 7.9e-05   0.996     450.86 1.0861e-07   5.433  -4.29e+03   -5.433   0.290  0.0021    3.9     7.04    164280  0.950
  41    0.0 7.5e-05   0.994     446.30 1.0923e-07   5.402  -4.19e+03   -5.402   0.351  0.0031    3.3     7.24    168387  0.950
  42    0.0 7.2e-05   0.998     441.56 1.0191e-07   5.433  -4.14e+03   -5.433   0.374  0.0009    3.0     7.33    172494  0.950
  43    0.0 6.8e-05   0.997     438.48 1.0139e-07   5.425  -4.11e+03   -5.425   0.388  0.0017    2.8     7.40    176601  0.950
  44    0.0 6.5e-05   0.995     436.22 1.0459e-07   5.349  -4.13e+03   -5.349   0.374  0.0029    2.7     7.45    180708  0.950
  45    0.0 6.1e-05   0.997     432.72 9.89e-08     5.413  -4.17e+03   -5.413   0.353  0.0019    2.5     7.51    184815  0.950
  46    0.0 5.8e-05   0.998     431.20 9.0124e-08   5.490  -4.16e+03   -5.490   0.343  0.0011    2.3     7.58    188922  0.950
  47    0.0 5.5e-05   0.997     428.90 9.2384e-08   5.433  -4.17e+03   -5.433   0.345  0.0011    2.0     7.65    193029  0.950
  48    0.0 5.3e-05   0.997     426.97 9.768e-08    5.369  -4.16e+03   -5.369   0.321  0.0012    1.9     7.72    197136  0.950
  49    0.0 5.0e-05   0.998     424.87 9.0264e-08   5.433  -4.13e+03   -5.433   0.310  0.0011    1.6     7.79    201243  0.950
  50    0.0 4.8e-05   0.999     423.17 8.9166e-08   5.433  -4.19e+03   -5.433   0.299  0.0005    1.4     7.86    205350  0.950
  51    0.0 4.5e-05   0.999     423.25 9.44e-08     5.369  -4.17e+03   -5.369   0.312  0.0008    1.2     7.93    209457  0.950
  52    0.0 4.3e-05   0.998     422.06 8.6343e-08   5.433  -4.13e+03   -5.433   0.292  0.0011    1.1     7.98    213564  0.950
  53    0.0 4.1e-05   0.999     421.19 9.1577e-08   5.369  -4.11e+03   -5.369   0.295  0.0006    1.0     8.00    217671  0.950
  54    0.0 3.9e-05   0.999     420.70 8.6261e-08   5.433  -4.18e+03   -5.433   0.285  0.0002    1.0     8.00    221778  0.950
  55    0.0 3.7e-05   0.998     419.49 9.1414e-08   5.369  -4.13e+03   -5.369   0.264  0.0009    1.0     8.00    225885  0.950
  56    0.0 3.5e-05   0.999     418.81 8.6073e-08   5.433  -4.18e+03   -5.433   0.277  0.0006    1.0     8.00    229992  0.950
  57    0.0 3.3e-05   0.999     417.61 9.1955e-08   5.369  -4.16e+03   -5.369   0.253  0.0004    1.0     8.00    234099  0.950
  58    0.0 3.2e-05   0.999     416.23 8.6496e-08   5.433  -4.19e+03   -5.433   0.259  0.0006    1.0     8.00    238206  0.950
  59    0.0 3.0e-05   0.999     415.95 9.252e-08    5.369  -4.08e+03   -5.369   0.236  0.0003    1.0     8.00    242313  0.950
  60    0.0 2.8e-05   0.999     416.23 8.5959e-08   5.433  -4.14e+03   -5.433   0.241  0.0003    1.0     8.00    246420  0.950
  61    0.0 2.7e-05   1.000     416.36 9.1116e-08   5.369  -4.19e+03   -5.369   0.240  0.0001    1.0     8.00    250527  0.950
  62    0.0 2.6e-05   0.999     415.71 8.6156e-08   5.433  -4.18e+03   -5.433   0.236  0.0005    1.0     8.00    254634  0.950
  63    0.0 2.4e-05   1.000     415.44 9.1437e-08   5.369  -4.18e+03   -5.369   0.223  0.0002    1.0     8.00    258741  0.950
  64    0.0 2.3e-05   0.999     414.55 8.5589e-08   5.433  -4.15e+03   -5.433   0.216  0.0007    1.0     8.00    262848  0.950
  65    0.0 2.2e-05   0.999     413.88 9.1944e-08   5.369  -4.17e+03   -5.369   0.215  0.0003    1.0     8.00    266955  0.950
  66    0.0 2.1e-05   0.999     413.22 9.129e-08    5.369  -4.14e+03   -5.369   0.210  0.0006    1.0     8.00    271062  0.950
  67    0.0 2.0e-05   1.000     412.70 9.1571e-08   5.369  -4.13e+03   -5.369   0.218  0.0005    1.0     8.00    275169  0.950
  68    0.0 1.9e-05   1.000     412.45 9.1199e-08   5.369  -4.15e+03   -5.369   0.205  0.0003    1.0     8.00    279276  0.950
  69    0.0 1.8e-05   0.999     412.14 9.1556e-08   5.369  -4.15e+03   -5.369   0.185  0.0003    1.0     8.00    283383  0.950
  70    0.0 1.7e-05   1.000     411.50 9.1424e-08   5.369  -4.06e+03   -5.369   0.197  0.0002    1.0     8.00    287490  0.950
  71    0.0 1.6e-05   0.999     411.26 9.1428e-08   5.369  -4.06e+03   -5.369   0.185  0.0004    1.0     8.00    291597  0.950
  72    0.0 1.5e-05   1.000     410.75 9.1565e-08   5.369  -4.15e+03   -5.369   0.183  0.0002    1.0     8.00    295704  0.950
  73    0.0 1.5e-05   1.000     410.58 9.1528e-08   5.369  -4.11e+03   -5.369   0.167  0.0001    1.0     8.00    299811  0.950
  74    0.0 1.4e-05   1.000     410.63 9.1511e-08   5.369  -4.13e+03   -5.369   0.164  0.0002    1.0     8.00    303918  0.950
  75    0.0 1.3e-05   1.000     410.80 9.1299e-08   5.369  -4.12e+03   -5.369   0.165  0.0001    1.0     8.00    308025  0.950
  76    0.0 1.3e-05   1.000     410.41 9.1298e-08   5.369  -4.15e+03   -5.369   0.142  0.0001    1.0     8.00    312132  0.950
Agent's 2nd state: 
  77    0.0 1.0e-05   0.999     410.12 9.1472e-08   5.369  -4.14e+03   -5.369   0.145  0.0003    1.0     8.00    316239  0.800
Checkpoint saved: bb_costs=409.942, TD costs=9.14893e-08, CPD=  5.369 (ns) 
  78    0.0 8.0e-06   0.999     409.55 9.1469e-08   5.369  -4.13e+03   -5.369   0.098  0.0003    1.0     8.00    320346  0.800
  79    0.0 6.4e-06   1.000     409.24 9.1688e-08   5.369  -4.14e+03   -5.369   0.082  0.0001    1.0     8.00    324453  0.800
  80    0.0 5.1e-06   1.000     408.89 9.1681e-08   5.369  -4.13e+03   -5.369   0.077  0.0002    1.0     8.00    328560  0.800
  81    0.0 4.1e-06   1.000     408.78 9.1672e-08   5.369  -4.13e+03   -5.369   0.079  0.0001    1.0     8.00    332667  0.800
  82    0.0 3.3e-06   1.000     408.66 9.1351e-08   5.369  -4.11e+03   -5.369   0.067  0.0001    1.0     8.00    336774  0.800
  83    0.0 2.6e-06   1.000     408.45 9.1221e-08   5.369  -4.11e+03   -5.369   0.064  0.0000    1.0     8.00    340881  0.800
  84    0.0 0.0e+00   1.000     408.27 9.1185e-08   5.369  -4.11e+03   -5.369   0.028  0.0001    1.0     8.00    344988  0.800
## Placement Quench took 0.01 seconds (max_rss 456.4 MiB)
post-quench CPD = 5.36945 (ns) 

BB estimate of min-dist (placement) wire length: 19595

Completed placement consistency check successfully.

Swaps called: 345851

Aborted Move Reasons:
  No moves aborted

Placement estimated critical path delay (least slack): 5.36945 ns, Fmax: 186.239 MHz
Placement estimated setup Worst Negative Slack (sWNS): -5.36945 ns
Placement estimated setup Total Negative Slack (sTNS): -4110.48 ns

Placement estimated setup slack histogram:
[ -5.4e-09: -4.9e-09)  13 (  0.7%) |*
[ -4.9e-09: -4.3e-09) 123 (  6.4%) |*************
[ -4.3e-09: -3.8e-09) 129 (  6.7%) |**************
[ -3.8e-09: -3.3e-09)  35 (  1.8%) |****
[ -3.3e-09: -2.8e-09) 158 (  8.2%) |*****************
[ -2.8e-09: -2.3e-09) 326 ( 16.9%) |***********************************
[ -2.3e-09: -1.7e-09) 247 ( 12.8%) |**************************
[ -1.7e-09: -1.2e-09) 440 ( 22.8%) |***********************************************
[ -1.2e-09: -7.1e-10) 267 ( 13.8%) |*****************************
[ -7.1e-10: -1.9e-10) 196 ( 10.1%) |*********************

Placement estimated geomean non-virtual intra-domain period: 5.36945 ns (186.239 MHz)
Placement estimated fanout-weighted geomean non-virtual intra-domain period: 5.36945 ns (186.239 MHz)

Placement cost: 0.999761, bb_cost: 408.22, td_cost: 9.13892e-08, 

Placement resource usage:
  io      implemented as io     : 544
  clb     implemented as clb    : 309
  mult_36 implemented as mult_36: 9
  memory  implemented as memory : 1

Placement number of temperatures: 84
Placement total # of swap attempts: 345851
	Swaps accepted: 115275 (33.3 %)
	Swaps rejected: 214907 (62.1 %)
	Swaps aborted:  15669 ( 4.5 %)


Placement perturbation distribution by block and move type: 
------------------ ----------------- ---------------- ---------------- --------------- ------------ 
    Block Type         Move Type       (%) of Total      Accepted(%)     Rejected(%)    Aborted(%)
------------------ ----------------- ---------------- ---------------- --------------- ------------ 
io                 Uniform                15.49            45.53           54.47          0.00         
                   Median                 15.25            47.63           44.25          8.11         
                   Centroid               15.17            49.36           42.35          8.29         
                   W. Centroid            15.14            49.36           42.38          8.26         
                   W. Median              0.76             14.78           69.75          15.47        

clb                Uniform                8.63             5.34            94.66          0.00         
                   Median                 8.60             14.27           81.11          4.62         
                   Centroid               8.55             13.33           86.63          0.04         
                   W. Centroid            8.50             12.99           86.54          0.47         
                   W. Median              0.41             1.47            91.48          7.05         
                   Crit. Uniform          1.22             0.00            100.00         0.00         
                   Feasible Region        1.17             0.00            100.00         0.00         

mult_36            Uniform                0.24             0.60            99.40          0.00         
                   Median                 0.25             0.23            75.38          24.38        
                   Centroid               0.24             0.60            71.98          27.43        
                   W. Centroid            0.26             0.56            76.74          22.70        
                   W. Median              0.01             0.00            40.00          60.00        

memory             Uniform                0.03             2.61            97.39          0.00         
                   Median                 0.03             1.05            91.58          7.37         
                   Centroid               0.03             1.00            93.00          6.00         
                   W. Centroid            0.03             0.00            91.92          8.08         
                   W. Median              0.00             0.00            100.00         0.00         


Placement Quench timing analysis took 0.00233363 seconds (0.0020906 STA, 0.00024302 slack) (1 full updates: 1 setup, 0 hold, 0 combined).
Placement Total  timing analysis took 0.243538 seconds (0.215219 STA, 0.0283189 slack) (86 full updates: 86 setup, 0 hold, 0 combined).
update_td_costs: connections 0 nets 0 sum_nets 0 total 0
# Placement took 0.97 seconds (max_rss 456.4 MiB, delta_rss +0.0 MiB)

# Routing
RR graph channel widths unchanged, skipping RR graph rebuild
## Initializing router criticalities
Initial Net Connection Criticality Histogram:
[        0:      0.1)  426 (  7.9%) |*******************
[      0.1:      0.2)  556 ( 10.4%) |*************************
[      0.2:      0.3)  849 ( 15.8%) |***************************************
[      0.3:      0.4) 1005 ( 18.7%) |**********************************************
[      0.4:      0.5)  814 ( 15.2%) |*************************************
[      0.5:      0.6)  427 (  8.0%) |********************
[      0.6:      0.7)  200 (  3.7%) |*********
[      0.7:      0.8)  336 (  6.3%) |***************
[      0.8:      0.9)  618 ( 11.5%) |****************************
[      0.9:        1)  138 (  2.6%) |******
## Initializing router criticalities took 0.02 seconds (max_rss 456.4 MiB, delta_rss +0.0 MiB)
---- ------ ------- ---- ------- ------- ------- ----------------- --------------- -------- ---------- ---------- ---------- ---------- --------
Iter   Time    pres  BBs    Heap  Re-Rtd  Re-Rtd Overused RR Nodes      Wirelength      CPD       sTNS       sWNS       hTNS       hWNS Est Succ
      (sec)     fac Updt    push    Nets   Conns                                       (ns)       (ns)       (ns)       (ns)       (ns)     Iter
---- ------ ------- ---- ------- ------- ------- ----------------- --------------- -------- ---------- ---------- ---------- ---------- --------
   1    0.0     0.0    0  353912    2033    5072    3057 ( 7.525%)   24935 (56.2%)    4.890     -4196.     -4.890     -1.175     -0.037      N/A
Incr Slack updates 86 in 0.00876082 sec
Full Max Req/Worst Slack updates 36 in 0.000657636 sec
Incr Max Req/Worst Slack updates 50 in 0.0012183 sec
Incr Criticality updates 24 in 0.00428086 sec
Full Criticality updates 62 in 0.0113042 sec
   2    0.0     0.5    0  360660    1896    4891    2196 ( 5.405%)   24990 (56.3%)    4.889     -4244.     -4.889     -1.128     -0.037      N/A
   3    0.0     0.6    0  363308    1528    4233    2039 ( 5.019%)   25346 (57.1%)    4.916     -4224.     -4.916     -1.137     -0.027      N/A
   4    0.0     0.8    0  391255    1444    4222    1804 ( 4.441%)   25693 (57.9%)    4.897     -4253.     -4.897     -1.175     -0.037      N/A
   5    0.0     1.1    0  390980    1321    4064    1365 ( 3.360%)   26093 (58.8%)    4.918     -4268.     -4.918     -1.175     -0.037      N/A
   6    0.0     1.4    0  362036    1140    3428    1051 ( 2.587%)   26352 (59.4%)    4.899     -4308.     -4.899     -1.175     -0.037      N/A
   7    0.0     1.9    0  327429     950    3056     877 ( 2.159%)   26889 (60.6%)    4.899     -4380.     -4.899     -1.137     -0.027      N/A
   8    0.0     2.4    0  292619     807    2741     666 ( 1.639%)   27089 (61.1%)    4.931     -4398.     -4.931     -1.175     -0.037      N/A
   9    0.0     3.1    0  243716     636    2189     497 ( 1.223%)   27594 (62.2%)    4.907     -4503.     -4.907     -1.175     -0.037      N/A
  10    0.0     4.1    0  213349     535    1874     379 ( 0.933%)   27979 (63.1%)    4.952     -4531.     -4.952     -1.175     -0.037       34
  11    0.0     5.3    0  179715     450    1504     289 ( 0.711%)   28406 (64.0%)    4.907     -4558.     -4.907     -1.175     -0.037       33
  12    0.0     6.9    0  160948     384    1377     273 ( 0.672%)   28762 (64.8%)    4.937     -4571.     -4.937     -1.175     -0.037       32
  13    0.0     9.0    0  162940     376    1485     222 ( 0.546%)   29270 (66.0%)    4.902     -4596.     -4.902     -1.175     -0.037       34
  14    0.0    11.6    0  147327     339    1212     189 ( 0.465%)   29587 (66.7%)    4.953     -4675.     -4.953     -1.175     -0.037       36
  15    0.0    15.1    0  122805     295    1012     149 ( 0.367%)   29986 (67.6%)    5.059     -4734.     -5.059     -1.175     -0.037       39
  16    0.0    19.7    0  102247     237     795     112 ( 0.276%)   30312 (68.3%)    5.489     -4788.     -5.489     -1.175     -0.037       40
  17    0.0    25.6    0  103341     165     605      93 ( 0.229%)   30745 (69.3%)    5.871     -4975.     -5.871     -1.175     -0.037       40
  18    0.0    33.3    0   94342     123     442      75 ( 0.185%)   31120 (70.2%)    6.042     -5025.     -6.042     -1.175     -0.037       40
  19    0.0    43.3    0   66646     104     328      59 ( 0.145%)   31449 (70.9%)    6.386     -5031.     -6.386     -1.175     -0.037       40
  20    0.0    56.2    0   56794      80     271      50 ( 0.123%)   31419 (70.8%)    6.266     -4997.     -6.266     -1.175     -0.037       39
  21    0.0    73.1    0   46152      73     284      32 ( 0.079%)   31773 (71.6%)    6.756     -5042.     -6.756     -1.175     -0.037       39
  22    0.0    95.0    0   66487      50     216      32 ( 0.079%)   32066 (72.3%)    6.689     -5147.     -6.689     -1.175     -0.037       38
  23    0.0   123.5    0   45784      58     205      29 ( 0.071%)   32187 (72.6%)    6.202     -5129.     -6.202     -1.175     -0.037       37
  24    0.0   160.6    0   53394      83     269      33 ( 0.081%)   32316 (72.9%)    6.103     -5120.     -6.103     -1.175     -0.037       38
  25    0.0   208.8    0   60044      94     387      28 ( 0.069%)   32278 (72.8%)    6.017     -5035.     -6.017     -1.175     -0.037       40
  26    0.0   271.4    0   66228      83     314      27 ( 0.066%)   32425 (73.1%)    6.298     -5052.     -6.298     -1.175     -0.037       41
  27    0.0   352.8    0   34584      45     206      17 ( 0.042%)   32471 (73.2%)    5.899     -5046.     -5.899     -1.175     -0.037       44
  28    0.0   458.7    0   48022      78     310      20 ( 0.049%)   32479 (73.2%)    5.925     -5052.     -5.925     -1.175     -0.037       44
  29    0.0   596.3    0   57267      70     254      18 ( 0.044%)   32511 (73.3%)    6.651     -5061.     -6.651     -1.175     -0.037       46
  30    0.0   775.1    0   42305      29     167      16 ( 0.039%)   32569 (73.4%)    6.651     -5084.     -6.651     -1.175     -0.037       47
  31    0.0  1000.0    0   44699      32     161      16 ( 0.039%)   32686 (73.7%)    6.651     -5090.     -6.651     -1.175     -0.037       50
  32    0.0  1000.0    0   23906      25     116       8 ( 0.020%)   32701 (73.7%)    6.281     -5086.     -6.281     -1.175     -0.037       51
  33    0.0  1000.0    0   26605      31     139       6 ( 0.015%)   32695 (73.7%)    6.281     -5086.     -6.281     -1.175     -0.037       51
  34    0.0  1000.0    0   13277      23      76       6 ( 0.015%)   32694 (73.7%)    6.281     -5086.     -6.281     -1.175     -0.037       49
  35    0.0  1000.0    0   19178      28     141       7 ( 0.017%)   32659 (73.6%)    6.281     -5086.     -6.281     -1.175     -0.037       48
  36    0.0  1000.0    0   17205      26     113       7 ( 0.017%)   32700 (73.7%)    6.281     -5087.     -6.281     -1.175     -0.037       49
  37    0.0  1000.0    0   59917      37     360      11 ( 0.027%)   33005 (74.4%)    6.281     -5507.     -6.281     -1.175     -0.037       50
  38    0.0  1000.0    0   47819      36     351       8 ( 0.020%)   32899 (74.2%)    6.220     -5527.     -6.220     -1.175     -0.037       52
  39    0.0  1000.0    0   17624      30     104       6 ( 0.015%)   32967 (74.3%)    6.220     -5525.     -6.220     -1.175     -0.037       54
  40    0.0  1000.0    0   21415      28      88       3 ( 0.007%)   32966 (74.3%)    6.220     -5526.     -6.220     -1.175     -0.037       55
  41    0.0  1000.0    0   21177      22      78       4 ( 0.010%)   32954 (74.3%)    6.220     -5525.     -6.220     -1.175     -0.037       53
  42    0.0  1000.0    0   19907      23      95       3 ( 0.007%)   32973 (74.3%)    6.220     -5527.     -6.220     -1.175     -0.037       53
  43    0.0  1000.0    0   16997      27     132       2 ( 0.005%)   32951 (74.3%)    6.220     -5526.     -6.220     -1.175     -0.037       52
  44    0.0  1000.0    0   12046      22      69       2 ( 0.005%)   32957 (74.3%)    6.220     -5526.     -6.220     -1.175     -0.037       51
  45    0.0  1000.0    0   12235      19      59       2 ( 0.005%)   32953 (74.3%)    6.220     -5526.     -6.220     -1.175     -0.037       51
  46    0.0  1000.0    0   10848      20      63       3 ( 0.007%)   32942 (74.3%)    6.220     -5526.     -6.220     -1.175     -0.037       51
  47    0.0  1000.0    0   11687      23      84       4 ( 0.010%)   32940 (74.3%)    6.220     -5526.     -6.220     -1.175     -0.037       51
  48    0.0  1000.0    0   12575      23      93       4 ( 0.010%)   32966 (74.3%)    6.220     -5526.     -6.220     -1.175     -0.037       53
  49    0.0  1000.0    0   12625      22      94       2 ( 0.005%)   32947 (74.3%)    6.220     -5522.     -6.220     -1.175     -0.037       55
  50    0.0  1000.0    0    9811      19      65       2 ( 0.005%)   32943 (74.3%)    6.220     -5522.     -6.220     -1.175     -0.037       55
Routing failed.

Failed routing attempt
Total number of overused nodes: 2
Routing Failure Diagnostics: Printing Overused Nodes Information
------ ------- ---------- --------- -------- ------------ ------- ------- ------- ------- ------- ------- -------
   No.  NodeId  Occupancy  Capacity  RR Node    Direction    Side     PTC   Block    Xlow    Ylow   Xhigh   Yhigh
                                        type                          NUM    Name                                 
------ ------- ---------- --------- -------- ------------ ------- ------- ------- ------- ------- ------- -------
     0   16872          2         1     IPIN          N/A    LEFT       3     clb      13      21      13      21
     1   37422          2         1    CHANY      INC_DIR     N/A       0   EMPTY      10      19      10      21

Final Net Connection Criticality Histogram:
[        0:      0.1) 404 (  7.5%) |**********************
[      0.1:      0.2) 604 ( 11.2%) |********************************
[      0.2:      0.3) 881 ( 16.4%) |***********************************************
[      0.3:      0.4) 850 ( 15.8%) |*********************************************
[      0.4:      0.5) 693 ( 12.9%) |*************************************
[      0.5:      0.6) 524 (  9.8%) |****************************
[      0.6:      0.7) 519 (  9.7%) |****************************
[      0.7:      0.8) 554 ( 10.3%) |******************************
[      0.8:      0.9) 301 (  5.6%) |****************
[      0.9:        1)  39 (  0.7%) |**
Router Stats: total_nets_routed: 16022 total_connections_routed: 49894 total_heap_pushes: 5448189 total_heap_pops: 1312385 
Serial Connection Router is being destroyed. Time spent on path search: 0.330 seconds.
# Routing took 0.78 seconds (max_rss 456.4 MiB, delta_rss +0.0 MiB)
Circuit is unroutable with a channel width factor of 48.
For a detailed report on the RR node overuse information (report_overused_nodes.rpt), specify --generate_rr_node_overuse_report on.
VPR failed to implement circuit
The entire flow of VPR took 2.83 seconds (max_rss 456.4 MiB)
Incr Slack updates 51 in 0.00450155 sec
Full Max Req/Worst Slack updates 21 in 0.000373931 sec
Incr Max Req/Worst Slack updates 30 in 0.000744884 sec
Incr Criticality updates 20 in 0.00245439 sec
Full Criticality updates 31 in 0.00445062 sec

=== STDERR ===

=== RETURN CODE: 2 ===
