=== STDOUT ===
VPR FPGA Placement and Routing.
Version: 9.0.0-dev+v8.0.0-11943-g8cb20aa52
Revision: v8.0.0-11943-g8cb20aa52
Compiled: 2025-11-07T01:24:15
Compiler: GNU 13.3.0 on Linux-6.6.87.2-microsoft-standard-WSL2 x86_64
Build Info: release IPO VTR_ASSERT_LEVEL=2

University of Toronto
verilogtorouting.org
vtr-users@googlegroups.com
This is free open source code under MIT license.

VPR was run with the following command-line:
./vtr-verilog-to-routing/vpr/vpr k6_N10_mem32K_40nm.xml raygentop.blif --route_chan_width 48 --seed 100


Architecture file: k6_N10_mem32K_40nm.xml
Circuit name: raygentop

# Loading Architecture Description
# Loading Architecture Description took 0.00 seconds (max_rss 456.4 MiB, delta_rss +0.0 MiB)

Timing analysis: ON
Circuit netlist file: raygentop.net
Circuit placement file: raygentop.place
Circuit routing file: raygentop.route
Circuit SDC file: raygentop.sdc
Vpr floorplanning constraints file: not specified

Packer: ENABLED
Placer: ENABLED
Analytical Placer: DISABLED
Router: ENABLED
Analysis: ENABLED

VPR was run with the following options:

NetlistOpts.absorb_buffer_luts            : true
NetlistOpts.sweep_dangling_primary_ios    : true
NetlistOpts.sweep_dangling_nets           : true
NetlistOpts.sweep_dangling_blocks         : true
NetlistOpts.sweep_constant_primary_outputs: false
NetlistOpts.netlist_verbosity             : 1
NetlistOpts.const_gen_inference           : COMB_SEQ

PackerOpts.allow_unrelated_clustering: auto
PackerOpts.alpha_clustering: 0.750000
PackerOpts.beta_clustering: 0.900000
PackerOpts.cluster_seed_type: BLEND2
PackerOpts.connection_driven: true
PackerOpts.global_clocks: true
PackerOpts.inter_cluster_net_delay: 1.000000
PackerOpts.timing_driven: true
PackerOpts.target_external_pin_util: auto

PlacerOpts.place_freq: PLACE_ONCE
PlacerOpts.place_algorithm: CRITICALITY_TIMING_PLACE
PlacerOpts.pad_loc_type: FREE
PlacerOpts.constraints_file: No constraints file given
PlacerOpts.place_chan_width: 48
PlacerOpts.inner_loop_recompute_divider: 0
PlacerOpts.recompute_crit_iter: 1
PlacerOpts.timing_tradeoff: 0.500000
PlacerOpts.td_place_exp_first: 1.000000
PlacerOpts.td_place_exp_last: 8.000000
PlacerOpts.delay_offset: 0.000000
PlacerOpts.delay_ramp_delta_threshold: -1
PlacerOpts.delay_ramp_slope: 0.000000
PlacerOpts.tsu_rel_margin: 1.000000
PlacerOpts.tsu_abs_margin: 0.000000
PlacerOpts.post_place_timing_report_file: 
PlacerOpts.allowed_tiles_for_delay_model: 
PlacerOpts.delay_model_reducer: MIN
PlacerOpts.delay_model_type: SIMPLE
PlacerOpts.rlim_escape_fraction: 0.000000
PlacerOpts.move_stats_file: 
PlacerOpts.placement_saves_per_temperature: 0
PlacerOpts.effort_scaling: CIRCUIT
PlacerOpts.place_delta_delay_matrix_calculation_method: ASTAR_ROUTE
PlaceOpts.seed: 100
AnnealSched.type: AUTO_SCHED
AnnealSched.inner_num: 0.500000

RouterOpts.route_type: DETAILED
RouterOpts.flat_routing: false
RouterOpts.choke_points: on
RouterOpts.router_algorithm: TIMING_DRIVEN
RouterOpts.base_cost_type: DELAY_NORMALIZED_LENGTH
RouterOpts.fixed_channel_width: 48
RouterOpts.check_route: FULL
RouterOpts.acc_fac: 1.000000
RouterOpts.bb_factor: 3
RouterOpts.bend_cost: 0.000000
RouterOpts.first_iter_pres_fac: 0.000000
RouterOpts.initial_pres_fac: 0.500000
RouterOpts.pres_fac_mult: 1.300000
RouterOpts.max_pres_fac: 1000.000000
RouterOpts.max_router_iterations: 50
RouterOpts.min_incremental_reroute_fanout: 16
RouterOpts.do_check_rr_graph: true
RouterOpts.verify_binary_search: false
RouterOpts.min_channel_width_hint: 0
RouterOpts.read_rr_edge_metadata: false
RouterOpts.exit_after_first_routing_iteration: false
RouterOpts.astar_fac: 1.200000
RouterOpts.astar_offset: 0.000000
RouterOpts.router_profiler_astar_fac: 1.200000
RouterOpts.criticality_exp: 1.000000
RouterOpts.max_criticality: 0.990000
RouterOpts.init_wirelength_abort_threshold: 0.850000
RouterOpts.incr_reroute_delay_ripup: AUTO
RouterOpts.save_routing_per_iteration: false
RouterOpts.congested_routing_iteration_threshold_frac: 1.000000
RouterOpts.high_fanout_threshold: 64
RouterOpts.router_debug_net: -2
RouterOpts.router_debug_sink_rr: -2
RouterOpts.router_debug_iteration: -2
RouterOpts.max_convergence_count: 1
RouterOpts.reconvergence_cpd_threshold: 0.990000
RouterOpts.update_lower_bound_delays: true
RouterOpts.first_iteration_timing_report_file: 
RouterOpts.route_bb_update: DYNAMIC
RouterOpts.lookahead_type: MAP
RouterOpts.initial_timing: LOOKAHEAD
RouterOpts.router_heap: FOUR_ARY_HEAP
RouterOpts.routing_failure_predictor = SAFE
RouterOpts.routing_budgets_algorithm = DISABLE

AnalysisOpts.gen_post_synthesis_netlist: false
AnalysisOpts.timing_report_npaths: 100
AnalysisOpts.timing_report_skew: false
AnalysisOpts.echo_dot_timing_graph_node: -1
AnalysisOpts.timing_report_detail: NETLIST
AnalysisOpts.post_synth_netlist_unconn_input_handling: UNCONNECTED
AnalysisOpts.post_synth_netlist_unconn_output_handling: UNCONNECTED

# Building complex block graph
Warning 1: io[0].clock[0] unconnected pin in architecture.
# Building complex block graph took 0.01 seconds (max_rss 456.4 MiB, delta_rss +0.0 MiB)
Circuit file: raygentop.blif
# Load circuit
Found constant-one generator 'top^raygroup10~1'
Found constant-zero generator 'top^tm3_sram_addr~18'
Found constant-zero generator 'top^tm3_sram_adsp'
Found constant-zero generator 'top^raygroup01~1'
Found constant-zero generator 'unconn'
# Load circuit took 0.03 seconds (max_rss 456.4 MiB, delta_rss +0.0 MiB)
# Clean circuit
Absorbed 483 LUT buffers
Inferred    0 additional primitive pins as constant generators since they have no combinationally connected inputs
Inferred    0 additional primitive pins as constant generators due to constant inputs
Inferred    0 additional primitive pins as constant generators since they have no combinationally connected inputs
Inferred    0 additional primitive pins as constant generators due to constant inputs
Inferred    0 additional primitive pins as constant generators since they have no combinationally connected inputs
Inferred    0 additional primitive pins as constant generators due to constant inputs
Swept input(s)      : 16
Swept output(s)     : 0 (0 dangling, 0 constant)
Swept net(s)        : 1105
Swept block(s)      : 0
Constant Pins Marked: 0
# Clean circuit took 0.00 seconds (max_rss 456.4 MiB, delta_rss +0.0 MiB)
# Compress circuit
# Compress circuit took 0.00 seconds (max_rss 456.4 MiB, delta_rss +0.0 MiB)
# Verify circuit
# Verify circuit took 0.00 seconds (max_rss 456.4 MiB, delta_rss +0.0 MiB)
Circuit Statistics:
  Blocks: 4153
    .input         :     239
    .latch         :    1423
    .names         :    2147
        0-LUT:       4
        1-LUT:       1
        2-LUT:     304
        3-LUT:     403
        4-LUT:     434
        5-LUT:     375
        6-LUT:     626
    .output        :     305
    multiply       :      18
    single_port_ram:      21
  Nets  : 4037
    Avg Fanout:     3.2
    Max Fanout:  1444.0
    Min Fanout:     1.0
  Netlist Clocks: 1
# Build Timing Graph
  Timing Graph Nodes: 17027
  Timing Graph Edges: 30805
  Timing Graph Levels: 20
# Build Timing Graph took 0.01 seconds (max_rss 456.4 MiB, delta_rss +0.0 MiB)
Netlist contains 1 clocks
  Netlist Clock 'top^tm3_clk_v0' Fanout: 1444 pins (8.5%), 1444 blocks (34.8%)
# Load Timing Constraints

SDC file 'raygentop.sdc' not found
Setting default timing constraints:
   * constrain all primay inputs and primary outputs on netlist clock 'top^tm3_clk_v0'
   * optimize netlist clock to run as fast as possible
Timing constraints created 1 clocks
  Constrained Clock 'top^tm3_clk_v0' Source: 'top^tm3_clk_v0.inpad[0]'

# Load Timing Constraints took 0.00 seconds (max_rss 456.4 MiB, delta_rss +0.0 MiB)
# Packing
Begin packing 'raygentop.blif'.

After removing unused inputs...
	total blocks: 4153, total nets: 4037, total inputs: 239, total outputs: 305
Begin prepacking.
0 attraction groups were created during prepacking.
Finish prepacking.
Using inter-cluster delay: 1.33777e-09
Packing with pin utilization targets: io:1,1 clb:0.8,0.6 mult_36:1,1 memory:1,1
Packing with high fanout thresholds: io:128 clb:32 mult_36:128 memory:128
Starting Clustering - Clustering Progress: 
-------------------   --------------------------   ---------
Molecules processed   Number of clusters created   FPGA size
-------------------   --------------------------   ---------
   128/3012      4%                           20    22 x 22    
   255/3012      8%                           33    22 x 22    
   382/3012     12%                           46    22 x 22    
   510/3012     16%                           60    22 x 22    
   630/3012     20%                           72    22 x 22    
   750/3012     24%                           84    22 x 22    
   870/3012     28%                           96    22 x 22    
   990/3012     32%                          110    22 x 22    
  1115/3012     37%                          125    22 x 22    
  1238/3012     41%                          139    22 x 22    
  1366/3012     45%                          152    22 x 22    
  1486/3012     49%                          164    22 x 22    
  1610/3012     53%                          178    22 x 22    
  1731/3012     57%                          196    22 x 22    
  1853/3012     61%                          218    22 x 22    
  1974/3012     65%                          236    22 x 22    
  2110/3012     70%                          255    22 x 22    
  2234/3012     74%                          272    22 x 22    
  2354/3012     78%                          292    22 x 22    
  2479/3012     82%                          331    23 x 23    
  2599/3012     86%                          450    23 x 23    
  2719/3012     90%                          570    23 x 23    
  2839/3012     94%                          690    23 x 23    
  2959/3012     98%                          810    23 x 23    
  3012/3012    100%                          863    23 x 23    

Logic Element (fle) detailed count:
  Total number of Logic Elements used : 2429
  LEs used for logic and registers    : 1141
  LEs used for logic only             : 1006
  LEs used for registers only         : 282

Incr Slack updates 1 in 0.000139868 sec
Full Max Req/Worst Slack updates 1 in 1.8975e-05 sec
Incr Max Req/Worst Slack updates 0 in 0 sec
Incr Criticality updates 0 in 0 sec
Full Criticality updates 1 in 0.000181042 sec
FPGA sized to 23 x 23 (auto)
Device Utilization: 0.79 (target 1.00)
	Block Utilization: 0.81 Type: io
	Block Utilization: 0.92 Type: clb
	Block Utilization: 0.90 Type: mult_36
	Block Utilization: 0.11 Type: memory

Start the iterative improvement process
the iterative improvement process is done
Final Clustering Statistics: 
----------   --------   ------------------------------------   --------------------------
Block Type   # Blocks   Avg. # of input clocks and pins used   Avg. # of output pins used
----------   --------   ------------------------------------   --------------------------
     EMPTY          0                                      0                            0   
        io        544                               0.560662                     0.439338   
       clb        309                                14.9191                      5.08414   
   mult_36          9                                     47                           23   
    memory          1                                     31                           21   
Absorbed logical nets 1999 out of 4037 nets, 2038 nets not absorbed.

Netlist conversion complete.

# Packing took 0.69 seconds (max_rss 456.4 MiB, delta_rss +0.0 MiB)
# Load packing
Begin loading packed FPGA netlist file.
Netlist generated from file 'raygentop.net'.
Detected 4 constant generators (to see names run with higher pack verbosity)
Finished loading packed FPGA netlist file (took 0.122435 seconds).
Warning 2: Treated 4 constant nets as global which will not be routed (to see net names increase packer verbosity).
Warning 3: Netlist contains 4 global net to non-global architecture pin connections
Warning 4: Logic block #412 (top^raygroup10~1) has only 1 output pin 'top^raygroup10~1.O[9]'. It may be a constant generator.
Warning 5: Logic block #413 (top^tm3_sram_addr~18) has only 1 output pin 'top^tm3_sram_addr~18.O[9]'. It may be a constant generator.
Warning 6: Logic block #414 (top^tm3_sram_adsp) has only 1 output pin 'top^tm3_sram_adsp.O[9]'. It may be a constant generator.
Warning 7: Logic block #415 (top^raygroup01~1) has only 1 output pin 'top^raygroup01~1.O[9]'. It may be a constant generator.
Completed clustering consistency check successfully.
Cluster level netlist and block usage statistics
Netlist num_nets: 2038
Netlist num_blocks: 863
Netlist EMPTY blocks: 0.
Netlist io blocks: 544.
Netlist clb blocks: 309.
Netlist mult_36 blocks: 9.
Netlist memory blocks: 1.
Netlist inputs pins: 239
Netlist output pins: 305

Pb types usage...
  io                       : 544
   inpad                   : 239
   outpad                  : 305
  clb                      : 309
   fle                     : 2429
    ble6                   : 2429
     lut6                  : 2147
      lut                  : 2147
     ff                    : 1423
  mult_36                  : 9
   divisible_mult_18x18    : 15
    mult_9x9_slice         : 9
     mult_9x9              : 9
    mult_18x18_slice       : 9
     mult_18x18            : 9
  memory                   : 1
   mem_512x64_sp           : 1
    memory_slice           : 21

# Load packing took 0.20 seconds (max_rss 456.4 MiB, delta_rss +0.0 MiB)
# Create Device
## Build Device Grid
FPGA sized to 23 x 23: 529 grid tiles (auto)

Resource usage...
	Netlist
		544	blocks of type: io
	Architecture
		672	blocks of type: io
	Netlist
		309	blocks of type: clb
	Architecture
		336	blocks of type: clb
	Netlist
		9	blocks of type: mult_36
	Architecture
		10	blocks of type: mult_36
	Netlist
		1	blocks of type: memory
	Architecture
		9	blocks of type: memory

Device Utilization: 0.79 (target 1.00)
	Physical Tile io:
	Block Utilization: 0.81 Logical Block: io
	Physical Tile clb:
	Block Utilization: 0.92 Logical Block: clb
	Physical Tile mult_36:
	Block Utilization: 0.90 Logical Block: mult_36
	Physical Tile memory:
	Block Utilization: 0.11 Logical Block: memory

FPGA size limited by block type(s): clb

## Build Device Grid took 0.00 seconds (max_rss 456.4 MiB, delta_rss +0.0 MiB)
## Build routing resource graph
## Build routing resource graph took 0.08 seconds (max_rss 456.4 MiB, delta_rss +0.0 MiB)
  RR Graph Nodes: 40626
  RR Graph Edges: 248015
# Create Device took 0.09 seconds (max_rss 456.4 MiB, delta_rss +0.0 MiB)

# Computing router lookahead map
## Computing wire lookahead
## Computing wire lookahead took 0.03 seconds (max_rss 456.4 MiB, delta_rss +0.0 MiB)
## Computing src/opin lookahead
Warning 8: Found no more sample locations for SOURCE in io
Warning 9: Found no more sample locations for OPIN in io
Warning 10: Found no more sample locations for SOURCE in clb
Warning 11: Found no more sample locations for OPIN in clb
Warning 12: Found no more sample locations for SOURCE in mult_36
Warning 13: Found no more sample locations for OPIN in mult_36
Warning 14: Found no more sample locations for SOURCE in memory
Warning 15: Found no more sample locations for OPIN in memory
## Computing src/opin lookahead took 0.00 seconds (max_rss 456.4 MiB, delta_rss +0.0 MiB)
# Computing router lookahead map took 0.04 seconds (max_rss 456.4 MiB, delta_rss +0.0 MiB)
# Computing placement delta delay look-up
RR graph channel widths unchanged, skipping RR graph rebuild
Serial Connection Router is being destroyed. Time spent on path search: 0.000 seconds.
# Computing placement delta delay look-up took 0.00 seconds (max_rss 456.4 MiB, delta_rss +0.0 MiB)

Bounding box mode is Cube

# Compressed grid construction
# Compressed grid construction took 0.00 seconds (max_rss 456.4 MiB, delta_rss +0.0 MiB)
# Placement
## Initial Placement
Initial placement iteration 0 has finished successfully
## Initial Placement took 0.00 seconds (max_rss 456.4 MiB, delta_rss +0.0 MiB)
Using simple RL 'Softmax agent' for choosing move and block types

BB estimate of min-dist (placement) wire length: 44984

Completed placement consistency check successfully.
Initial placement cost: 1 bb_cost: 937.171 td_cost: 1.32021e-06
Initial placement estimated Critical Path Delay (CPD): 8.59367 ns
Initial placement estimated setup Total Negative Slack (sTNS): -5275.66 ns
Initial placement estimated setup Worst Negative Slack (sWNS): -8.59367 ns

Initial placement estimated setup slack histogram:
[ -8.6e-09: -7.8e-09)  13 (  0.7%) |*
[ -7.8e-09: -6.9e-09)   8 (  0.4%) |*
[ -6.9e-09: -6.1e-09)  14 (  0.7%) |*
[ -6.1e-09: -5.2e-09)  91 (  4.7%) |********
[ -5.2e-09: -4.4e-09) 200 ( 10.3%) |*****************
[ -4.4e-09: -3.5e-09) 240 ( 12.4%) |********************
[ -3.5e-09: -2.7e-09) 272 ( 14.1%) |***********************
[ -2.7e-09: -1.9e-09) 367 ( 19.0%) |*******************************
[ -1.9e-09:   -1e-09) 556 ( 28.7%) |***********************************************
[   -1e-09: -1.9e-10) 173 (  8.9%) |***************
Placement contains 0 placement macros involving 0 blocks (average macro size -nan)

Moves per temperature: 4107
Warning 16: Starting t: 354 of 863 configurations accepted.

---- ------ ------- ------- ---------- ---------- ------- ---------- -------- ------- ------- ------ -------- --------- ------
Tnum   Time       T Av Cost Av BB Cost Av TD Cost     CPD       sTNS     sWNS Ac Rate Std Dev  R lim Crit Exp Tot Moves  Alpha
      (sec)                                          (ns)       (ns)     (ns)                                                 
---- ------ ------- ------- ---------- ---------- ------- ---------- -------- ------- ------- ------ -------- --------- ------
   1    0.0 6.4e-04   0.932     761.57 1.1952e-06   7.246  -5.04e+03   -7.246   0.719  0.0286   22.0     1.00      4107  1.000
   2    0.0 6.1e-04   0.958     698.58 1.2397e-06   6.242  -4.86e+03   -6.242   0.680  0.0150   22.0     1.00      8214  0.950
   3    0.0 5.8e-04   0.959     674.17 1.166e-06    6.227  -4.72e+03   -6.227   0.689  0.0183   22.0     1.00     12321  0.950
   4    0.0 5.5e-04   0.958     637.51 1.0309e-06   6.540  -4.61e+03   -6.540   0.665  0.0221   22.0     1.00     16428  0.950
   5    0.0 5.2e-04   0.987     615.24 1.0421e-06   6.190  -4.65e+03   -6.190   0.630  0.0068   22.0     1.00     20535  0.950
   6    0.0 4.9e-04   0.979     595.88 1.0666e-06   5.903  -4.52e+03   -5.903   0.616  0.0070   22.0     1.00     24642  0.950
   7    0.0 4.7e-04   0.980     581.79 9.9617e-07   6.126  -4.54e+03   -6.126   0.617  0.0078   22.0     1.00     28749  0.950
   8    0.0 4.5e-04   0.977     564.69 9.8971e-07   6.159  -4.49e+03   -6.159   0.590  0.0090   22.0     1.00     32856  0.950
   9    0.0 4.2e-04   0.989     557.03 1.0433e-06   5.729  -4.39e+03   -5.729   0.568  0.0052   22.0     1.00     36963  0.950
  10    0.0 4.0e-04   0.987     547.51 9.9228e-07   5.928  -4.45e+03   -5.928   0.564  0.0066   22.0     1.00     41070  0.950
  11    0.0 3.8e-04   0.996     541.22 9.9167e-07   5.836  -4.36e+03   -5.836   0.552  0.0045   22.0     1.00     45177  0.950
  12    0.0 3.6e-04   0.986     536.89 9.5264e-07   6.018  -4.29e+03   -6.018   0.550  0.0053   22.0     1.00     49284  0.950
  13    0.0 3.5e-04   0.994     533.33 9.8317e-07   5.853   -4.4e+03   -5.853   0.521  0.0038   22.0     1.00     53391  0.950
  14    0.0 3.3e-04   0.989     531.20 9.7186e-07   5.799   -4.4e+03   -5.799   0.519  0.0076   22.0     1.00     57498  0.950
  15    0.0 3.1e-04   0.988     523.00 9.7126e-07   5.752  -4.31e+03   -5.752   0.505  0.0039   22.0     1.00     61605  0.950
  16    0.0 3.0e-04   0.987     521.12 9.7011e-07   5.748  -4.38e+03   -5.748   0.479  0.0096   22.0     1.00     65712  0.950
  17    0.0 2.8e-04   0.985     509.08 9.5902e-07   5.735  -4.31e+03   -5.735   0.444  0.0059   22.0     1.00     69819  0.950
  18    0.0 2.7e-04   0.993     509.09 9.2116e-07   5.963  -4.28e+03   -5.963   0.461  0.0046   22.0     1.00     73926  0.950
  19    0.0 2.5e-04   0.988     506.00 9.0405e-07   6.024  -4.35e+03   -6.024   0.436  0.0054   22.0     1.00     78033  0.950
  20    0.0 2.4e-04   0.983     495.56 8.9449e-07   5.893  -4.31e+03   -5.893   0.426  0.0071   21.9     1.03     82140  0.950
  21    0.0 2.3e-04   0.997     495.46 8.2166e-07   5.836  -4.19e+03   -5.836   0.435  0.0025   21.6     1.13     86247  0.950
  22    0.0 2.2e-04   0.988     491.66 8.0711e-07   5.786  -4.21e+03   -5.786   0.406  0.0059   21.5     1.17     90354  0.950
  23    0.0 2.1e-04   0.990     484.79 6.8031e-07   5.762  -4.15e+03   -5.762   0.393  0.0042   20.8     1.41     94461  0.950
  24    0.0 2.0e-04   0.996     481.65 5.4385e-07   5.832  -4.22e+03   -5.832   0.386  0.0015   19.8     1.73     98568  0.950
  25    0.0 1.9e-04   0.990     481.04 4.6271e-07   5.671  -4.15e+03   -5.671   0.390  0.0034   18.7     2.09    102675  0.950
  26    0.0 1.8e-04   0.990     476.99 3.9348e-07   5.673  -4.24e+03   -5.673   0.378  0.0052   17.8     2.41    106782  0.950
  27    0.0 1.7e-04   0.992     475.21 3.2454e-07   5.673  -4.13e+03   -5.673   0.385  0.0035   16.7     2.77    110889  0.950
  28    0.0 1.6e-04   0.988     469.76 2.8253e-07   5.693  -4.16e+03   -5.693   0.378  0.0050   15.8     3.08    114996  0.950
  29    0.0 1.5e-04   0.995     464.60 2.4368e-07   5.723  -4.13e+03   -5.723   0.357  0.0019   14.8     3.40    119103  0.950
  30    0.0 1.4e-04   0.996     461.43 2.1636e-07   5.672  -4.19e+03   -5.672   0.344  0.0034   13.6     3.81    123210  0.950
  31    0.0 1.4e-04   0.996     463.34 1.7739e-07   5.713  -4.13e+03   -5.713   0.364  0.0030   12.3     4.25    127317  0.950
  32    0.0 1.3e-04   0.997     459.11 1.7933e-07   5.574  -4.21e+03   -5.574   0.351  0.0020   11.3     4.56    131424  0.950
  33    0.0 1.2e-04   0.995     457.35 1.6287e-07   5.587  -4.16e+03   -5.587   0.333  0.0032   10.3     4.89    135531  0.950
  34    0.0 1.2e-04   0.994     451.97 1.6117e-07   5.433  -4.13e+03   -5.433   0.317  0.0031    9.2     5.26    139638  0.950
  35    0.0 1.1e-04   0.998     450.82 1.3594e-07   5.523  -4.19e+03   -5.523   0.308  0.0016    8.1     5.64    143745  0.950
  36    0.0 1.1e-04   0.993     445.89 1.2521e-07   5.523  -4.13e+03   -5.523   0.293  0.0036    7.0     6.00    147852  0.950
  37    0.0 1.0e-04   0.999     444.52 1.1462e-07   5.523  -4.22e+03   -5.523   0.294  0.0016    6.0     6.34    151959  0.950
  38    0.0 9.6e-05   0.997     443.38 1.337e-07    5.319  -4.13e+03   -5.319   0.297  0.0017    5.1     6.63    156066  0.950
  39    0.0 9.1e-05   0.997     442.97 1.1603e-07   5.390  -4.24e+03   -5.390   0.283  0.0014    4.4     6.87    160173  0.950
  40    0.0 8.6e-05   0.996     438.66 1.0944e-07   5.390  -4.18e+03   -5.390   0.291  0.0024    3.7     7.10    164280  0.950
  41    0.0 8.2e-05   0.996     434.44 1.0522e-07   5.390  -4.21e+03   -5.390   0.350  0.0018    3.1     7.29    168387  0.950
  42    0.0 7.8e-05   0.995     431.37 1.029e-07    5.390  -4.14e+03   -5.390   0.402  0.0023    2.9     7.38    172494  0.950
  43    0.0 7.4e-05   0.995     426.83 1.107e-07    5.319  -4.15e+03   -5.319   0.394  0.0029    2.7     7.42    176601  0.950
  44    0.0 7.0e-05   0.995     422.77 1.0844e-07   5.333  -4.14e+03   -5.333   0.375  0.0036    2.6     7.46    180708  0.950
  45    0.0 6.7e-05   0.998     418.87 1.0726e-07   5.319  -4.08e+03   -5.319   0.334  0.0006    2.5     7.52    184815  0.950
  46    0.0 6.4e-05   0.997     416.31 9.6835e-08   5.396   -4.1e+03   -5.396   0.338  0.0010    2.2     7.60    188922  0.950
  47    0.0 6.0e-05   0.997     414.90 1.0507e-07   5.319  -4.08e+03   -5.319   0.336  0.0012    2.0     7.68    193029  0.950
  48    0.0 5.7e-05   0.998     413.87 9.306e-08    5.396  -4.06e+03   -5.396   0.313  0.0011    1.8     7.75    197136  0.950
  49    0.0 5.4e-05   0.998     412.70 1.008e-07    5.319  -4.09e+03   -5.319   0.311  0.0008    1.5     7.82    201243  0.950
  50    0.0 5.2e-05   0.998     411.15 9.0449e-08   5.396  -4.07e+03   -5.396   0.308  0.0009    1.3     7.89    205350  0.950
  51    0.0 4.9e-05   0.998     409.63 9.8327e-08   5.319  -4.09e+03   -5.319   0.300  0.0006    1.2     7.95    209457  0.950
  52    0.0 4.7e-05   0.999     409.09 9.8727e-08   5.313  -4.09e+03   -5.313   0.305  0.0007    1.0     8.00    213564  0.950
  53    0.0 4.4e-05   0.998     407.14 8.7412e-08   5.402  -4.07e+03   -5.402   0.292  0.0008    1.0     8.00    217671  0.950
  54    0.0 4.2e-05   0.999     406.01 9.8098e-08   5.319  -4.15e+03   -5.319   0.286  0.0007    1.0     8.00    221778  0.950
  55    0.0 4.0e-05   0.999     405.44 8.8068e-08   5.396  -4.09e+03   -5.396   0.266  0.0007    1.0     8.00    225885  0.950
  56    0.0 3.8e-05   1.000     405.31 9.8225e-08   5.319  -4.07e+03   -5.319   0.284  0.0004    1.0     8.00    229992  0.950
  57    0.0 3.6e-05   0.998     404.88 8.7414e-08   5.402   -4.1e+03   -5.402   0.265  0.0011    1.0     8.00    234099  0.950
  58    0.0 3.4e-05   0.999     403.92 9.8121e-08   5.319   -4.1e+03   -5.319   0.266  0.0005    1.0     8.00    238206  0.950
  59    0.0 3.3e-05   0.999     403.56 9.8063e-08   5.319  -4.09e+03   -5.319   0.257  0.0006    1.0     8.00    242313  0.950
  60    0.0 3.1e-05   0.999     402.04 8.7256e-08   5.402   -4.1e+03   -5.402   0.244  0.0006    1.0     8.00    246420  0.950
  61    0.0 2.9e-05   0.998     401.81 9.8011e-08   5.319  -4.12e+03   -5.319   0.247  0.0009    1.0     8.00    250527  0.950
  62    0.0 2.8e-05   0.999     401.18 8.6679e-08   5.402  -4.11e+03   -5.402   0.238  0.0005    1.0     8.00    254634  0.950
  63    0.0 2.7e-05   1.000     400.80 9.7506e-08   5.319  -4.09e+03   -5.319   0.236  0.0004    1.0     8.00    258741  0.950
  64    0.0 2.5e-05   0.999     400.03 9.6937e-08   5.319  -4.08e+03   -5.319   0.222  0.0003    1.0     8.00    262848  0.950
  65    0.0 2.4e-05   0.999     399.33 8.6618e-08   5.402  -4.09e+03   -5.402   0.218  0.0004    1.0     8.00    266955  0.950
  66    0.0 2.3e-05   1.000     399.40 9.6773e-08   5.319  -4.09e+03   -5.319   0.214  0.0002    1.0     8.00    271062  0.950
  67    0.0 2.2e-05   0.999     398.94 8.7416e-08   5.396   -4.1e+03   -5.396   0.196  0.0005    1.0     8.00    275169  0.950
  68    0.0 2.1e-05   1.000     398.70 9.7659e-08   5.319   -4.1e+03   -5.319   0.192  0.0002    1.0     8.00    279276  0.950
  69    0.0 2.0e-05   0.999     398.61 9.6932e-08   5.319   -4.1e+03   -5.319   0.191  0.0003    1.0     8.00    283383  0.950
  70    0.0 1.9e-05   0.999     398.16 8.6242e-08   5.402  -4.06e+03   -5.402   0.184  0.0004    1.0     8.00    287490  0.950
  71    0.0 1.8e-05   1.000     397.75 9.6887e-08   5.319  -4.08e+03   -5.319   0.178  0.0003    1.0     8.00    291597  0.950
  72    0.0 1.7e-05   0.999     397.44 8.7557e-08   5.396  -4.08e+03   -5.396   0.167  0.0004    1.0     8.00    295704  0.950
  73    0.0 1.6e-05   0.999     397.05 9.718e-08    5.319  -4.09e+03   -5.319   0.161  0.0004    1.0     8.00    299811  0.950
  74    0.0 1.5e-05   0.999     396.35 8.7587e-08   5.396  -4.09e+03   -5.396   0.161  0.0004    1.0     8.00    303918  0.950
  75    0.0 1.4e-05   0.999     396.21 9.6804e-08   5.319  -4.08e+03   -5.319   0.166  0.0003    1.0     8.00    308025  0.950
  76    0.0 1.4e-05   1.000     395.80 9.6598e-08   5.319  -4.09e+03   -5.319   0.145  0.0004    1.0     8.00    312132  0.950
Agent's 2nd state: 
  77    0.0 1.1e-05   0.999     395.45 8.7161e-08   5.396  -4.09e+03   -5.396   0.133  0.0003    1.0     8.00    316239  0.800
Checkpoint saved: bb_costs=395.356, TD costs=9.6652e-08, CPD=  5.319 (ns) 
  78    0.0 8.7e-06   1.000     395.14 9.6637e-08   5.319  -4.06e+03   -5.319   0.087  0.0002    1.0     8.00    320346  0.800
  79    0.0 7.0e-06   0.999     394.89 8.7355e-08   5.396  -4.07e+03   -5.396   0.086  0.0002    1.0     8.00    324453  0.800
  80    0.0 5.6e-06   1.000     394.70 9.6607e-08   5.319  -4.08e+03   -5.319   0.073  0.0001    1.0     8.00    328560  0.800
  81    0.0 4.5e-06   1.000     394.69 8.7021e-08   5.396  -4.08e+03   -5.396   0.056  0.0002    1.0     8.00    332667  0.800
  82    0.0 3.6e-06   1.000     394.28 9.657e-08    5.319  -4.08e+03   -5.319   0.064  0.0001    1.0     8.00    336774  0.800
  83    0.0 2.9e-06   0.999     394.31 8.7025e-08   5.396  -4.08e+03   -5.396   0.055  0.0002    1.0     8.00    340881  0.800
  84    0.0 0.0e+00   1.000     394.15 9.6507e-08   5.319  -4.06e+03   -5.319   0.023  0.0001    1.0     8.00    344988  0.800
## Placement Quench took 0.01 seconds (max_rss 456.4 MiB)
post-quench CPD = 5.39624 (ns) 

Checkpoint restored

BB estimate of min-dist (placement) wire length: 18977

Completed placement consistency check successfully.

Swaps called: 345851

Aborted Move Reasons:
  No moves aborted

Placement estimated critical path delay (least slack): 5.31893 ns, Fmax: 188.008 MHz
Placement estimated setup Worst Negative Slack (sWNS): -5.31893 ns
Placement estimated setup Total Negative Slack (sTNS): -4057.79 ns

Placement estimated setup slack histogram:
[ -5.3e-09: -4.8e-09)  11 (  0.6%) |*
[ -4.8e-09: -4.3e-09) 139 (  7.2%) |*******************
[ -4.3e-09: -3.8e-09) 108 (  5.6%) |**************
[ -3.8e-09: -3.3e-09)  41 (  2.1%) |*****
[ -3.3e-09: -2.8e-09) 167 (  8.6%) |**********************
[ -2.8e-09: -2.2e-09) 303 ( 15.7%) |****************************************
[ -2.2e-09: -1.7e-09) 352 ( 18.2%) |***********************************************
[ -1.7e-09: -1.2e-09) 288 ( 14.9%) |**************************************
[ -1.2e-09:   -7e-10) 338 ( 17.5%) |*********************************************
[   -7e-10: -1.9e-10) 187 (  9.7%) |*************************

Placement estimated geomean non-virtual intra-domain period: 5.31893 ns (188.008 MHz)
Placement estimated fanout-weighted geomean non-virtual intra-domain period: 5.31893 ns (188.008 MHz)

Placement cost: 1, bb_cost: 395.356, td_cost: 9.6652e-08, 

Placement resource usage:
  io      implemented as io     : 544
  clb     implemented as clb    : 309
  mult_36 implemented as mult_36: 9
  memory  implemented as memory : 1

Placement number of temperatures: 84
Placement total # of swap attempts: 345851
	Swaps accepted: 115892 (33.5 %)
	Swaps rejected: 214609 (62.1 %)
	Swaps aborted:  15350 ( 4.4 %)


Placement perturbation distribution by block and move type: 
------------------ ----------------- ---------------- ---------------- --------------- ------------ 
    Block Type         Move Type       (%) of Total      Accepted(%)     Rejected(%)    Aborted(%)
------------------ ----------------- ---------------- ---------------- --------------- ------------ 
io                 Uniform                15.39            46.44           53.56          0.00         
                   Median                 15.23            47.12           44.95          7.93         
                   Centroid               15.15            49.16           42.71          8.13         
                   W. Centroid            15.28            48.77           43.15          8.08         
                   W. Median              0.74             12.92           71.43          15.66        

clb                Uniform                8.58             5.95            94.05          0.00         
                   Median                 8.60             14.96           81.31          3.73         
                   Centroid               8.55             13.61           85.58          0.82         
                   W. Centroid            8.56             14.16           85.34          0.50         
                   W. Median              0.44             0.72            95.23          4.05         
                   Crit. Uniform          1.19             0.05            99.95          0.00         
                   Feasible Region        1.20             0.24            99.76          0.00         

mult_36            Uniform                0.23             0.74            99.26          0.00         
                   Median                 0.23             1.91            72.83          25.26        
                   Centroid               0.26             0.78            72.37          26.85        
                   W. Centroid            0.25             0.80            74.00          25.20        
                   W. Median              0.02             0.00            47.37          52.63        

memory             Uniform                0.02             1.22            98.78          0.00         
                   Median                 0.03             0.00            100.00         0.00         
                   Centroid               0.03             2.27            97.73          0.00         
                   W. Centroid            0.03             1.00            99.00          0.00         
                   W. Median              0.00             0.00            100.00         0.00         


Placement Quench timing analysis took 0.00257109 seconds (0.00228224 STA, 0.000288854 slack) (1 full updates: 1 setup, 0 hold, 0 combined).
Placement Total  timing analysis took 0.247249 seconds (0.220864 STA, 0.0263854 slack) (87 full updates: 87 setup, 0 hold, 0 combined).
update_td_costs: connections 0 nets 0 sum_nets 0 total 0
# Placement took 0.99 seconds (max_rss 456.4 MiB, delta_rss +0.0 MiB)

# Routing
RR graph channel widths unchanged, skipping RR graph rebuild
## Initializing router criticalities
Initial Net Connection Criticality Histogram:
[        0:      0.1)  435 (  8.1%) |******************
[      0.1:      0.2)  549 ( 10.2%) |***********************
[      0.2:      0.3)  868 ( 16.2%) |************************************
[      0.3:      0.4) 1095 ( 20.4%) |**********************************************
[      0.4:      0.5)  735 ( 13.7%) |*******************************
[      0.5:      0.6)  410 (  7.6%) |*****************
[      0.6:      0.7)  196 (  3.7%) |********
[      0.7:      0.8)  495 (  9.2%) |*********************
[      0.8:      0.9)  482 (  9.0%) |********************
[      0.9:        1)  104 (  1.9%) |****
## Initializing router criticalities took 0.03 seconds (max_rss 456.4 MiB, delta_rss +0.0 MiB)
---- ------ ------- ---- ------- ------- ------- ----------------- --------------- -------- ---------- ---------- ---------- ---------- --------
Iter   Time    pres  BBs    Heap  Re-Rtd  Re-Rtd Overused RR Nodes      Wirelength      CPD       sTNS       sWNS       hTNS       hWNS Est Succ
      (sec)     fac Updt    push    Nets   Conns                                       (ns)       (ns)       (ns)       (ns)       (ns)     Iter
---- ------ ------- ---- ------- ------- ------- ----------------- --------------- -------- ---------- ---------- ---------- ---------- --------
   1    0.0     0.0    0  337369    2033    5072    3072 ( 7.562%)   24337 (54.9%)    5.059     -4192.     -5.059     -8.621     -0.194      N/A
Incr Slack updates 87 in 0.00913188 sec
Full Max Req/Worst Slack updates 48 in 0.000898418 sec
Incr Max Req/Worst Slack updates 39 in 0.000985574 sec
Incr Criticality updates 9 in 0.0014184 sec
Full Criticality updates 78 in 0.0114424 sec
   2    0.0     0.5    0  349570    1888    4871    2101 ( 5.172%)   24406 (55.0%)    5.111     -4129.     -5.111     -8.120     -0.194      N/A
   3    0.0     0.6    0  352183    1521    4284    1914 ( 4.711%)   24760 (55.8%)    5.104     -4194.     -5.104     -7.554     -0.194      N/A
   4    0.0     0.8    0  377665    1446    4202    1704 ( 4.194%)   25181 (56.8%)    5.060     -4163.     -5.060     -7.544     -0.196      N/A
   5    0.0     1.1    0  350059    1256    3871    1262 ( 3.106%)   25415 (57.3%)    5.062     -4173.     -5.062     -7.502     -0.196      N/A
   6    0.0     1.4    0  316168    1061    3387    1007 ( 2.479%)   25779 (58.1%)    5.062     -4197.     -5.062     -7.481     -0.194      N/A
   7    0.0     1.9    0  285506     903    3027     744 ( 1.831%)   26186 (59.0%)    5.059     -4197.     -5.059     -7.481     -0.194      N/A
   8    0.0     2.4    0  246940     731    2463     576 ( 1.418%)   26621 (60.0%)    5.062     -4238.     -5.062     -7.481     -0.194      N/A
   9    0.0     3.1    0  204478     605    2030     421 ( 1.036%)   27110 (61.1%)    5.059     -4277.     -5.059     -7.481     -0.194      N/A
  10    0.0     4.1    0  158685     435    1556     316 ( 0.778%)   27483 (62.0%)    5.066     -4280.     -5.066     -7.481     -0.194       31
  11    0.0     5.3    0  154717     402    1407     251 ( 0.618%)   27830 (62.7%)    5.061     -4320.     -5.061     -7.481     -0.194       30
  12    0.0     6.9    0  117969     300    1081     203 ( 0.500%)   28135 (63.4%)    5.038     -4333.     -5.038     -7.481     -0.194       31
  13    0.0     9.0    0   96182     241     884     142 ( 0.350%)   28415 (64.1%)    5.089     -4357.     -5.089     -7.481     -0.194       32
  14    0.0    11.6    0   80305     245     788     108 ( 0.266%)   28672 (64.6%)    5.038     -4386.     -5.038     -7.481     -0.194       31
  15    0.0    15.1    0   47302     145     470      85 ( 0.209%)   28888 (65.1%)    5.143     -4406.     -5.143     -7.481     -0.194       31
  16    0.0    19.7    0   71615     194     662      83 ( 0.204%)   29010 (65.4%)    5.332     -4434.     -5.332     -7.481     -0.194       31
  17    0.0    25.6    0   61482     141     499      51 ( 0.126%)   29362 (66.2%)    5.588     -4474.     -5.588     -7.481     -0.194       33
  18    0.0    33.3    0   41406      90     276      32 ( 0.079%)   29586 (66.7%)    5.892     -4514.     -5.892     -7.481     -0.194       33
  19    0.0    43.3    0   27534      55     159      24 ( 0.059%)   29618 (66.8%)    5.614     -4500.     -5.614     -7.481     -0.194       31
  20    0.0    56.2    0   39263      70     238      28 ( 0.069%)   29773 (67.1%)    6.048     -4537.     -6.048     -7.481     -0.194       31
  21    0.0    73.1    0   33395      44     209      22 ( 0.054%)   29993 (67.6%)    7.029     -4573.     -7.029     -7.481     -0.194       32
  22    0.0    95.0    0   26891      45     194      20 ( 0.049%)   30074 (67.8%)    5.899     -4567.     -5.899     -7.481     -0.194       32
  23    0.0   123.5    0   31690      46     200      14 ( 0.034%)   30016 (67.7%)    6.058     -4568.     -6.058     -7.481     -0.194       33
  24    0.0   160.6    0   20007      29     108       7 ( 0.017%)   30058 (67.8%)    5.955     -4552.     -5.955     -7.481     -0.194       34
  25    0.0   208.8    0   13511      21      48       4 ( 0.010%)   30095 (67.9%)    6.058     -4577.     -6.058     -7.481     -0.194       33
  26    0.0   271.4    0   18789      24      53       5 ( 0.012%)   30075 (67.8%)    5.757     -4553.     -5.757     -7.481     -0.194       32
  27    0.0   352.8    0   18444      35     104       4 ( 0.010%)   30106 (67.9%)    5.619     -4548.     -5.619     -7.481     -0.194       32
  28    0.0   458.7    0   27472      52     169       4 ( 0.010%)   30063 (67.8%)    5.619     -4548.     -5.619     -7.481     -0.194       32
  29    0.0   596.3    0   23797      49     166       2 ( 0.005%)   30153 (68.0%)    6.233     -4550.     -6.233     -7.481     -0.194       32
  30    0.0   775.1    0    4283      10      35       1 ( 0.002%)   30109 (67.9%)    5.745     -4551.     -5.745     -7.481     -0.194       32
  31    0.0  1000.0    0   18308      33     105       0 ( 0.000%)   30160 (68.0%)    6.233     -4549.     -6.233     -7.481     -0.194       32
Restoring best routing
Critical path: 6.23328 ns
Successfully routed after 31 routing iterations.
Final Net Connection Criticality Histogram:
[        0:      0.1)  405 (  7.5%) |*****************
[      0.1:      0.2)  686 ( 12.8%) |****************************
[      0.2:      0.3) 1009 ( 18.8%) |*****************************************
[      0.3:      0.4) 1126 ( 21.0%) |**********************************************
[      0.4:      0.5)  718 ( 13.4%) |*****************************
[      0.5:      0.6)  358 (  6.7%) |***************
[      0.6:      0.7)  301 (  5.6%) |************
[      0.7:      0.8)  551 ( 10.3%) |***********************
[      0.8:      0.9)  200 (  3.7%) |********
[      0.9:        1)   15 (  0.3%) |*
Router Stats: total_nets_routed: 14150 total_connections_routed: 42618 total_heap_pushes: 3952985 total_heap_pops: 952469 
Serial Connection Router is being destroyed. Time spent on path search: 0.234 seconds.
# Routing took 0.56 seconds (max_rss 456.4 MiB, delta_rss +0.0 MiB)

Checking to ensure routing is legal...
# Checking to ensure non-configurable edges are legal
# Checking to ensure non-configurable edges are legal took 0.00 seconds (max_rss 456.4 MiB, delta_rss +0.0 MiB)
Completed routing consistency check successfully.

Serial number (magic cookie) for the routing is: -283667284
Circuit successfully routed with a channel width factor of 48.
# Synchronize the packed netlist to routing optimization
## Annotating rr_node with routed nets
## Annotating rr_node with routed nets took 0.00 seconds (max_rss 456.4 MiB, delta_rss +0.0 MiB)
Found 6300 mismatches between routing and packing results.
Fixed 4195 routing traces due to mismatch between routing and packing results.
# Synchronize the packed netlist to routing optimization took 0.02 seconds (max_rss 456.4 MiB, delta_rss +0.0 MiB)
Final Clustering Statistics: 
----------   --------   ------------------------------------   --------------------------
Block Type   # Blocks   Avg. # of input clocks and pins used   Avg. # of output pins used
----------   --------   ------------------------------------   --------------------------
     EMPTY          0                                      0                            0   
        io        544                               0.560662                     0.439338   
       clb        309                                14.9191                      5.08414   
   mult_36          9                                     47                           23   
    memory          1                                     31                           21   
Absorbed logical nets 1999 out of 4037 nets, 2038 nets not absorbed.


Average number of bends per net: 1.75504  Maximum # of bends: 37

Number of global nets: 5
Number of routed nets (nonglobal): 2033
Wire length results (in units of 1 clb segments)...
	Total wirelength: 30160, average net length: 14.8352
	Maximum net length: 387

Wire length results in terms of physical segments...
	Total wiring segments used: 8057, average wire segments per net: 3.96311
	Maximum segments used by a net: 109
	Total local nets with reserved CLB opins: 0
Total number of nets absorbed: 0

Routing channel utilization histogram:
[        1:      inf)   0 (  0.0%) |
[      0.9:        1)  94 (  9.7%) |**************
[      0.8:      0.9) 312 ( 32.2%) |***********************************************
[      0.7:      0.8) 286 ( 29.5%) |*******************************************
[      0.5:      0.6)  56 (  5.8%) |********
[      0.4:      0.5)  60 (  6.2%) |*********
[      0.3:      0.4)  68 (  7.0%) |**********
[      0.2:      0.3)  32 (  3.3%) |*****
[      0.1:      0.2)  14 (  1.4%) |**
[        0:      0.1)  46 (  4.8%) |*******
Maximum routing channel utilization:      0.96 at (7,2)

X - Directed channels:   j max occ ave occ capacity
                      ---- ------- ------- --------
                         0      45  35.043       48
                         1      44  27.826       48
                         2      46  28.217       48
                         3      44  31.522       48
                         4      40  27.870       48
                         5      43  28.913       48
                         6      44  30.043       48
                         7      39  28.739       48
                         8      43  31.043       48
                         9      41  29.522       48
                        10      41  30.609       48
                        11      45  32.304       48
                        12      43  33.652       48
                        13      45  33.435       48
                        14      45  32.739       48
                        15      44  32.652       48
                        16      44  31.565       48
                        17      46  31.391       48
                        18      46  31.478       48
                        19      44  29.261       48
                        20      43  30.696       48
                        21      45  34.739       48
Y - Directed channels:   i max occ ave occ capacity
                      ---- ------- ------- --------
                         0      45  31.043       48
                         1      43  26.783       48
                         2      43  29.391       48
                         3      43  31.609       48
                         4      44  33.609       48
                         5      45  34.478       48
                         6      42  33.913       48
                         7      46  34.435       48
                         8      44  32.391       48
                         9      43  31.435       48
                        10      41  30.043       48
                        11      42  32.000       48
                        12      45  32.913       48
                        13      41  31.739       48
                        14      43  31.087       48
                        15      41  28.000       48
                        16      40  26.043       48
                        17      29  21.913       48
                        18      26  17.391       48
                        19      31  21.391       48
                        20      27  13.565       48
                        21      36  22.870       48

Total tracks in x-direction: 1056, in y-direction: 1056

Logic area (in minimum width transistor areas, excludes I/Os and empty grid tiles)...
	Total logic block area (Warning, need to add pitch of routing to blocks with height > 3): 2.70004e+07
	Total used logic block area: 2.07652e+07

Routing area (in minimum width transistor areas)...
	Total routing area: 1.58672e+06, per logic tile: 2999.48

Total Number of Wiring Segments by Direction: direction length number
                                              --------- ------ -------
                                                      X      4   6336
                                                      Y      4   6336

X - Directed Wiring Segment usage by length: length utilization
                                             ------ -----------
                                             4       0.659

Y - Directed Wiring Segment usage by length: length utilization
                                             ------ -----------
                                             4       0.613

Segment occupancy by length: Length utilization
                             ------ -----------
                             L4           0.636

Segment occupancy by type:              name type utilization
                           ----------------- ---- -----------
                           unnamed_segment_0    0       0.636

Final hold Worst Negative Slack (hWNS): -0.194417 ns
Final hold Total Negative Slack (hTNS): -7.4815 ns

Final hold slack histogram:
[ -1.9e-10:  9.6e-11) 139 (  7.2%) |************
[  9.6e-11:  3.9e-10) 467 ( 24.1%) |****************************************
[  3.9e-10:  6.8e-10) 549 ( 28.4%) |***********************************************
[  6.8e-10:  9.7e-10) 399 ( 20.6%) |**********************************
[  9.7e-10:  1.3e-09) 125 (  6.5%) |***********
[  1.3e-09:  1.5e-09)  33 (  1.7%) |***
[  1.5e-09:  1.8e-09)  15 (  0.8%) |*
[  1.8e-09:  2.1e-09)  41 (  2.1%) |****
[  2.1e-09:  2.4e-09) 122 (  6.3%) |**********
[  2.4e-09:  2.7e-09)  44 (  2.3%) |****

Final critical path delay (least slack): 6.23328 ns, Fmax: 160.429 MHz
Final setup Worst Negative Slack (sWNS): -6.23328 ns
Final setup Total Negative Slack (sTNS): -4548.72 ns

Final setup slack histogram:
[ -6.2e-09: -5.6e-09)   2 (  0.1%) |
[ -5.6e-09:   -5e-09) 125 (  6.5%) |**************
[   -5e-09: -4.4e-09) 100 (  5.2%) |***********
[ -4.4e-09: -3.8e-09)  28 (  1.4%) |***
[ -3.8e-09: -3.2e-09)  92 (  4.8%) |**********
[ -3.2e-09: -2.6e-09) 348 ( 18.0%) |**************************************
[ -2.6e-09:   -2e-09) 426 ( 22.0%) |***********************************************
[   -2e-09: -1.4e-09) 294 ( 15.2%) |********************************
[ -1.4e-09: -8.1e-10) 355 ( 18.4%) |***************************************
[ -8.1e-10: -2.1e-10) 164 (  8.5%) |******************

Final geomean non-virtual intra-domain period: 6.23328 ns (160.429 MHz)
Final fanout-weighted geomean non-virtual intra-domain period: 6.23328 ns (160.429 MHz)

Incr Slack updates 1 in 9.998e-05 sec
Full Max Req/Worst Slack updates 1 in 1.8832e-05 sec
Incr Max Req/Worst Slack updates 0 in 0 sec
Incr Criticality updates 0 in 0 sec
Full Criticality updates 1 in 0.000145313 sec
Flow timing analysis took 0.46341 seconds (0.421583 STA, 0.041827 slack) (121 full updates: 88 setup, 0 hold, 33 combined).
VPR succeeded
The entire flow of VPR took 2.78 seconds (max_rss 456.4 MiB)
Incr Slack updates 32 in 0.00301837 sec
Full Max Req/Worst Slack updates 19 in 0.000388584 sec
Incr Max Req/Worst Slack updates 13 in 0.000363898 sec
Incr Criticality updates 2 in 0.000281682 sec
Full Criticality updates 30 in 0.00430847 sec

=== STDERR ===

=== RETURN CODE: 0 ===
