=== STDOUT ===
VPR FPGA Placement and Routing.
Version: 9.0.0-dev+v8.0.0-11943-g8cb20aa52
Revision: v8.0.0-11943-g8cb20aa52
Compiled: 2025-11-07T01:24:15
Compiler: GNU 13.3.0 on Linux-6.6.87.2-microsoft-standard-WSL2 x86_64
Build Info: release IPO VTR_ASSERT_LEVEL=2

University of Toronto
verilogtorouting.org
vtr-users@googlegroups.com
This is free open source code under MIT license.

VPR was run with the following command-line:
./vtr-verilog-to-routing/vpr/vpr k6_N10_mem32K_40nm.xml sha.blif --route_chan_width 42 --seed 100


Architecture file: k6_N10_mem32K_40nm.xml
Circuit name: sha

# Loading Architecture Description
# Loading Architecture Description took 0.00 seconds (max_rss 456.4 MiB, delta_rss +0.0 MiB)

Timing analysis: ON
Circuit netlist file: sha.net
Circuit placement file: sha.place
Circuit routing file: sha.route
Circuit SDC file: sha.sdc
Vpr floorplanning constraints file: not specified

Packer: ENABLED
Placer: ENABLED
Analytical Placer: DISABLED
Router: ENABLED
Analysis: ENABLED

VPR was run with the following options:

NetlistOpts.absorb_buffer_luts            : true
NetlistOpts.sweep_dangling_primary_ios    : true
NetlistOpts.sweep_dangling_nets           : true
NetlistOpts.sweep_dangling_blocks         : true
NetlistOpts.sweep_constant_primary_outputs: false
NetlistOpts.netlist_verbosity             : 1
NetlistOpts.const_gen_inference           : COMB_SEQ

PackerOpts.allow_unrelated_clustering: auto
PackerOpts.alpha_clustering: 0.750000
PackerOpts.beta_clustering: 0.900000
PackerOpts.cluster_seed_type: BLEND2
PackerOpts.connection_driven: true
PackerOpts.global_clocks: true
PackerOpts.inter_cluster_net_delay: 1.000000
PackerOpts.timing_driven: true
PackerOpts.target_external_pin_util: auto

PlacerOpts.place_freq: PLACE_ONCE
PlacerOpts.place_algorithm: CRITICALITY_TIMING_PLACE
PlacerOpts.pad_loc_type: FREE
PlacerOpts.constraints_file: No constraints file given
PlacerOpts.place_chan_width: 42
PlacerOpts.inner_loop_recompute_divider: 0
PlacerOpts.recompute_crit_iter: 1
PlacerOpts.timing_tradeoff: 0.500000
PlacerOpts.td_place_exp_first: 1.000000
PlacerOpts.td_place_exp_last: 8.000000
PlacerOpts.delay_offset: 0.000000
PlacerOpts.delay_ramp_delta_threshold: -1
PlacerOpts.delay_ramp_slope: 0.000000
PlacerOpts.tsu_rel_margin: 1.000000
PlacerOpts.tsu_abs_margin: 0.000000
PlacerOpts.post_place_timing_report_file: 
PlacerOpts.allowed_tiles_for_delay_model: 
PlacerOpts.delay_model_reducer: MIN
PlacerOpts.delay_model_type: SIMPLE
PlacerOpts.rlim_escape_fraction: 0.000000
PlacerOpts.move_stats_file: 
PlacerOpts.placement_saves_per_temperature: 0
PlacerOpts.effort_scaling: CIRCUIT
PlacerOpts.place_delta_delay_matrix_calculation_method: ASTAR_ROUTE
PlaceOpts.seed: 100
AnnealSched.type: AUTO_SCHED
AnnealSched.inner_num: 0.500000

RouterOpts.route_type: DETAILED
RouterOpts.flat_routing: false
RouterOpts.choke_points: on
RouterOpts.router_algorithm: TIMING_DRIVEN
RouterOpts.base_cost_type: DELAY_NORMALIZED_LENGTH
RouterOpts.fixed_channel_width: 42
RouterOpts.check_route: FULL
RouterOpts.acc_fac: 1.000000
RouterOpts.bb_factor: 3
RouterOpts.bend_cost: 0.000000
RouterOpts.first_iter_pres_fac: 0.000000
RouterOpts.initial_pres_fac: 0.500000
RouterOpts.pres_fac_mult: 1.300000
RouterOpts.max_pres_fac: 1000.000000
RouterOpts.max_router_iterations: 50
RouterOpts.min_incremental_reroute_fanout: 16
RouterOpts.do_check_rr_graph: true
RouterOpts.verify_binary_search: false
RouterOpts.min_channel_width_hint: 0
RouterOpts.read_rr_edge_metadata: false
RouterOpts.exit_after_first_routing_iteration: false
RouterOpts.astar_fac: 1.200000
RouterOpts.astar_offset: 0.000000
RouterOpts.router_profiler_astar_fac: 1.200000
RouterOpts.criticality_exp: 1.000000
RouterOpts.max_criticality: 0.990000
RouterOpts.init_wirelength_abort_threshold: 0.850000
RouterOpts.incr_reroute_delay_ripup: AUTO
RouterOpts.save_routing_per_iteration: false
RouterOpts.congested_routing_iteration_threshold_frac: 1.000000
RouterOpts.high_fanout_threshold: 64
RouterOpts.router_debug_net: -2
RouterOpts.router_debug_sink_rr: -2
RouterOpts.router_debug_iteration: -2
RouterOpts.max_convergence_count: 1
RouterOpts.reconvergence_cpd_threshold: 0.990000
RouterOpts.update_lower_bound_delays: true
RouterOpts.first_iteration_timing_report_file: 
RouterOpts.route_bb_update: DYNAMIC
RouterOpts.lookahead_type: MAP
RouterOpts.initial_timing: LOOKAHEAD
RouterOpts.router_heap: FOUR_ARY_HEAP
RouterOpts.routing_failure_predictor = SAFE
RouterOpts.routing_budgets_algorithm = DISABLE

AnalysisOpts.gen_post_synthesis_netlist: false
AnalysisOpts.timing_report_npaths: 100
AnalysisOpts.timing_report_skew: false
AnalysisOpts.echo_dot_timing_graph_node: -1
AnalysisOpts.timing_report_detail: NETLIST
AnalysisOpts.post_synth_netlist_unconn_input_handling: UNCONNECTED
AnalysisOpts.post_synth_netlist_unconn_output_handling: UNCONNECTED

# Building complex block graph
Warning 1: io[0].clock[0] unconnected pin in architecture.
# Building complex block graph took 0.01 seconds (max_rss 456.4 MiB, delta_rss +0.0 MiB)
Circuit file: sha.blif
# Load circuit
Found constant-zero generator 'n4589'
# Load circuit took 0.02 seconds (max_rss 456.4 MiB, delta_rss +0.0 MiB)
# Clean circuit
Absorbed 36 LUT buffers
Inferred    0 additional primitive pins as constant generators since they have no combinationally connected inputs
Inferred    1 additional primitive pins as constant generators due to constant inputs
Inferred    0 additional primitive pins as constant generators since they have no combinationally connected inputs
Inferred    0 additional primitive pins as constant generators due to constant inputs
Swept input(s)      : 0
Swept output(s)     : 0 (0 dangling, 0 constant)
Swept net(s)        : 0
Swept block(s)      : 0
Constant Pins Marked: 1
# Clean circuit took 0.00 seconds (max_rss 456.4 MiB, delta_rss +0.0 MiB)
# Compress circuit
# Compress circuit took 0.00 seconds (max_rss 456.4 MiB, delta_rss +0.0 MiB)
# Verify circuit
# Verify circuit took 0.00 seconds (max_rss 456.4 MiB, delta_rss +0.0 MiB)
Circuit Statistics:
  Blocks: 3262
    .input :      38
    .latch :     911
    .names :    2277
        0-LUT:       1
        1-LUT:       3
        2-LUT:      80
        3-LUT:     169
        4-LUT:     606
        5-LUT:     663
        6-LUT:     755
    .output:      36
  Nets  : 3226
    Avg Fanout:     4.0
    Max Fanout:   911.0
    Min Fanout:     1.0
  Netlist Clocks: 1
# Build Timing Graph
  Timing Graph Nodes: 16023
  Timing Graph Edges: 25558
  Timing Graph Levels: 46
# Build Timing Graph took 0.01 seconds (max_rss 456.4 MiB, delta_rss +0.0 MiB)
Netlist contains 1 clocks
  Netlist Clock 'top^clk_i' Fanout: 911 pins (5.7%), 911 blocks (27.9%)
# Load Timing Constraints

SDC file 'sha.sdc' not found
Setting default timing constraints:
   * constrain all primay inputs and primary outputs on netlist clock 'top^clk_i'
   * optimize netlist clock to run as fast as possible
Timing constraints created 1 clocks
  Constrained Clock 'top^clk_i' Source: 'top^clk_i.inpad[0]'

# Load Timing Constraints took 0.00 seconds (max_rss 456.4 MiB, delta_rss +0.0 MiB)
# Packing
Begin packing 'sha.blif'.

After removing unused inputs...
	total blocks: 3262, total nets: 3226, total inputs: 38, total outputs: 36
Begin prepacking.
0 attraction groups were created during prepacking.
Finish prepacking.
Using inter-cluster delay: 1.33777e-09
Packing with pin utilization targets: io:1,1 clb:0.8,0.6 mult_36:1,1 memory:1,1
Packing with high fanout thresholds: io:128 clb:32 mult_36:128 memory:128
Starting Clustering - Clustering Progress: 
-------------------   --------------------------   ---------
Molecules processed   Number of clusters created   FPGA size
-------------------   --------------------------   ---------
    98/2354      4%                           10     6 x 6     
   194/2354      8%                           20     7 x 7     
   294/2354     12%                           30     9 x 9     
   393/2354     16%                           40    10 x 10    
   489/2354     20%                           50    11 x 11    
   585/2354     24%                           60    11 x 11    
   682/2354     28%                           70    12 x 12    
   779/2354     33%                           80    13 x 13    
   874/2354     37%                           93    14 x 14    
   972/2354     41%                          106    14 x 14    
  1068/2354     45%                          118    15 x 15    
  1168/2354     49%                          130    15 x 15    
  1268/2354     53%                          140    16 x 16    
  1368/2354     58%                          150    17 x 17    
  1471/2354     62%                          162    17 x 17    
  1571/2354     66%                          172    18 x 18    
  1671/2354     70%                          182    18 x 18    
  1771/2354     75%                          192    18 x 18    
  1871/2354     79%                          202    19 x 19    
  1971/2354     83%                          212    19 x 19    
  2071/2354     87%                          222    20 x 20    
  2171/2354     92%                          232    20 x 20    
  2265/2354     96%                          245    21 x 21    
  2354/2354    100%                          325    21 x 21    

Logic Element (fle) detailed count:
  Total number of Logic Elements used : 2280
  LEs used for logic and registers    : 908
  LEs used for logic only             : 1369
  LEs used for registers only         : 3

Incr Slack updates 1 in 0.000134455 sec
Full Max Req/Worst Slack updates 1 in 1.0177e-05 sec
Incr Max Req/Worst Slack updates 0 in 0 sec
Incr Criticality updates 0 in 0 sec
Full Criticality updates 1 in 0.000194041 sec
FPGA sized to 21 x 21 (auto)
Device Utilization: 0.59 (target 1.00)
	Block Utilization: 0.12 Type: io
	Block Utilization: 0.94 Type: clb

Start the iterative improvement process
the iterative improvement process is done
Final Clustering Statistics: 
----------   --------   ------------------------------------   --------------------------
Block Type   # Blocks   Avg. # of input clocks and pins used   Avg. # of output pins used
----------   --------   ------------------------------------   --------------------------
     EMPTY          0                                      0                            0   
        io         74                               0.486486                     0.513514   
       clb        251                                19.7092                      4.53386   
   mult_36          0                                      0                            0   
    memory          0                                      0                            0   
Absorbed logical nets 2050 out of 3226 nets, 1176 nets not absorbed.

Netlist conversion complete.

# Packing took 0.50 seconds (max_rss 456.4 MiB, delta_rss +0.0 MiB)
# Load packing
Begin loading packed FPGA netlist file.
Netlist generated from file 'sha.net'.
Detected 1 constant generators (to see names run with higher pack verbosity)
Finished loading packed FPGA netlist file (took 0.121354 seconds).
Warning 2: Treated 0 constant nets as global which will not be routed (to see net names increase packer verbosity).
Warning 3: Netlist contains 0 global net to non-global architecture pin connections
Completed clustering consistency check successfully.
Cluster level netlist and block usage statistics
Netlist num_nets: 1176
Netlist num_blocks: 325
Netlist EMPTY blocks: 0.
Netlist io blocks: 74.
Netlist clb blocks: 251.
Netlist mult_36 blocks: 0.
Netlist memory blocks: 0.
Netlist inputs pins: 38
Netlist output pins: 36

Pb types usage...
  io         : 74
   inpad     : 38
   outpad    : 36
  clb        : 251
   fle       : 2280
    ble6     : 2280
     lut6    : 2277
      lut    : 2277
     ff      : 911

# Load packing took 0.19 seconds (max_rss 456.4 MiB, delta_rss +0.0 MiB)
# Create Device
## Build Device Grid
FPGA sized to 21 x 21: 441 grid tiles (auto)

Resource usage...
	Netlist
		74	blocks of type: io
	Architecture
		608	blocks of type: io
	Netlist
		251	blocks of type: clb
	Architecture
		266	blocks of type: clb
	Netlist
		0	blocks of type: mult_36
	Architecture
		8	blocks of type: mult_36
	Netlist
		0	blocks of type: memory
	Architecture
		9	blocks of type: memory

Device Utilization: 0.59 (target 1.00)
	Physical Tile io:
	Block Utilization: 0.12 Logical Block: io
	Physical Tile clb:
	Block Utilization: 0.94 Logical Block: clb
	Physical Tile mult_36:
	Block Utilization: 0.00 Logical Block: mult_36
	Physical Tile memory:
	Block Utilization: 0.00 Logical Block: memory

FPGA size limited by block type(s): clb

## Build Device Grid took 0.00 seconds (max_rss 456.4 MiB, delta_rss +0.0 MiB)
## Build routing resource graph
## Build routing resource graph took 0.06 seconds (max_rss 456.4 MiB, delta_rss +0.0 MiB)
  RR Graph Nodes: 32454
  RR Graph Edges: 177780
# Create Device took 0.06 seconds (max_rss 456.4 MiB, delta_rss +0.0 MiB)

# Computing router lookahead map
## Computing wire lookahead
## Computing wire lookahead took 0.03 seconds (max_rss 456.4 MiB, delta_rss +0.0 MiB)
## Computing src/opin lookahead
Warning 4: Found no more sample locations for SOURCE in io
Warning 5: Found no more sample locations for OPIN in io
Warning 6: Found no more sample locations for SOURCE in clb
Warning 7: Found no more sample locations for OPIN in clb
Warning 8: Found no more sample locations for SOURCE in mult_36
Warning 9: Found no more sample locations for OPIN in mult_36
Warning 10: Found no more sample locations for SOURCE in memory
Warning 11: Found no more sample locations for OPIN in memory
## Computing src/opin lookahead took 0.00 seconds (max_rss 456.4 MiB, delta_rss +0.0 MiB)
# Computing router lookahead map took 0.03 seconds (max_rss 456.4 MiB, delta_rss +0.0 MiB)
# Computing placement delta delay look-up
RR graph channel widths unchanged, skipping RR graph rebuild
Serial Connection Router is being destroyed. Time spent on path search: 0.000 seconds.
# Computing placement delta delay look-up took 0.00 seconds (max_rss 456.4 MiB, delta_rss +0.0 MiB)

Bounding box mode is Cube

# Compressed grid construction
# Compressed grid construction took 0.00 seconds (max_rss 456.4 MiB, delta_rss +0.0 MiB)
# Placement
## Initial Placement
Initial placement iteration 0 has finished successfully
## Initial Placement took 0.00 seconds (max_rss 456.4 MiB, delta_rss +0.0 MiB)
Using simple RL 'Softmax agent' for choosing move and block types

BB estimate of min-dist (placement) wire length: 28591

Completed placement consistency check successfully.
Initial placement cost: 1 bb_cost: 680.732 td_cost: 7.21574e-07
Initial placement estimated Critical Path Delay (CPD): 23.9828 ns
Initial placement estimated setup Total Negative Slack (sTNS): -5596.09 ns
Initial placement estimated setup Worst Negative Slack (sWNS): -23.9828 ns

Initial placement estimated setup slack histogram:
[ -2.4e-08: -2.2e-08)   6 (  0.6%) |
[ -2.2e-08: -1.9e-08)   6 (  0.6%) |
[ -1.9e-08: -1.7e-08)   0 (  0.0%) |
[ -1.7e-08: -1.5e-08)   6 (  0.6%) |
[ -1.5e-08: -1.2e-08)   2 (  0.2%) |
[ -1.2e-08: -9.9e-09)  39 (  4.1%) |***
[ -9.9e-09: -7.6e-09)  31 (  3.3%) |**
[ -7.6e-09: -5.2e-09) 629 ( 66.5%) |***********************************************
[ -5.2e-09: -2.9e-09) 122 ( 12.9%) |*********
[ -2.9e-09: -5.6e-10) 105 ( 11.1%) |********
Placement contains 0 placement macros involving 0 blocks (average macro size -nan)

Moves per temperature: 1117
Warning 12: Starting t: 127 of 325 configurations accepted.

---- ------ ------- ------- ---------- ---------- ------- ---------- -------- ------- ------- ------ -------- --------- ------
Tnum   Time       T Av Cost Av BB Cost Av TD Cost     CPD       sTNS     sWNS Ac Rate Std Dev  R lim Crit Exp Tot Moves  Alpha
      (sec)                                          (ns)       (ns)     (ns)                                                 
---- ------ ------- ------- ---------- ---------- ------- ---------- -------- ------- ------- ------ -------- --------- ------
   1    0.0 5.3e-04   0.927     559.46 6.7883e-07  19.978  -5.42e+03  -19.978   0.480  0.0337   20.0     1.00      1117  1.000
   2    0.0 5.1e-04   0.962     506.77 7.1405e-07  16.868  -5.53e+03  -16.868   0.420  0.0173   20.0     1.00      2234  0.950
   3    0.0 4.8e-04   0.972     480.46 6.003e-07   16.237  -5.42e+03  -16.237   0.399  0.0130   19.6     1.15      3351  0.950
   4    0.0 4.6e-04   0.994     467.26 4.6758e-07  15.512  -5.36e+03  -15.512   0.336  0.0063   18.8     1.44      4468  0.950
   5    0.0 4.3e-04   0.987     456.96 2.8356e-07  15.402  -4.97e+03  -15.402   0.380  0.0075   16.8     2.16      5585  0.950
   6    0.0 4.1e-04   0.979     439.72 2.3163e-07  15.562  -5.19e+03  -15.562   0.338  0.0097   15.8     2.54      6702  0.950
   7    0.0 3.9e-04   0.988     427.03 1.8515e-07  15.105  -4.96e+03  -15.105   0.331  0.0045   14.2     3.14      7819  0.950
   8    0.0 3.7e-04   0.988     418.89 1.6324e-07  15.093  -4.94e+03  -15.093   0.329  0.0063   12.7     3.71      8936  0.950
   9    0.0 3.5e-04   0.990     406.86 1.4527e-07  14.906  -5.09e+03  -14.906   0.278  0.0045   11.3     4.22     10053  0.950
  10    0.0 3.4e-04   0.997     403.65 1.3167e-07  14.906  -5.19e+03  -14.906   0.302  0.0025    9.4     4.89     11170  0.950
  11    0.0 3.2e-04   0.992     402.70 1.2656e-07  14.518  -5.17e+03  -14.518   0.301  0.0018    8.1     5.37     12287  0.950
  12    0.0 3.0e-04   0.994     398.60 1.1767e-07  14.465  -4.95e+03  -14.465   0.288  0.0033    7.0     5.79     13404  0.950
  13    0.0 2.9e-04   0.997     396.15 1.1853e-07  14.185  -4.87e+03  -14.185   0.290  0.0014    5.9     6.18     14521  0.950
  14    0.0 2.7e-04   0.994     391.13 1.1186e-07  14.289  -4.85e+03  -14.289   0.305  0.0045    5.0     6.51     15638  0.950
  15    0.0 2.6e-04   0.985     377.19 1.0693e-07  14.257  -4.76e+03  -14.257   0.264  0.0064    4.4     6.76     16755  0.950
  16    0.0 2.5e-04   0.997     374.40 1.0183e-07  14.252  -4.87e+03  -14.252   0.272  0.0022    3.6     7.04     17872  0.950
  17    0.0 2.3e-04   0.986     364.35 1.01e-07    14.204  -4.95e+03  -14.204   0.402  0.0067    3.0     7.26     18989  0.950
  18    0.0 2.2e-04   0.999     360.60 1.0034e-07  14.156  -5.09e+03  -14.156   0.404  0.0010    2.9     7.31     20106  0.950
  19    0.0 2.1e-04   0.994     355.43 9.9783e-08  14.089  -5.11e+03  -14.089   0.362  0.0029    2.8     7.35     21223  0.950
  20    0.0 2.0e-04   0.998     354.98 9.6625e-08  14.131  -4.97e+03  -14.131   0.396  0.0010    2.6     7.43     22340  0.950
  21    0.0 1.9e-04   1.000     355.06 9.5758e-08  14.131  -4.91e+03  -14.131   0.381  0.0021    2.4     7.47     23457  0.950
  22    0.0 1.8e-04   0.997     351.75 9.6877e-08  13.989  -4.96e+03  -13.989   0.351  0.0015    2.3     7.52     24574  0.950
  23    0.0 1.7e-04   0.997     349.39 9.9625e-08  13.916  -5.05e+03  -13.916   0.311  0.0020    2.1     7.60     25691  0.950
  24    0.0 1.6e-04   0.997     346.03 9.7301e-08  14.135  -5.02e+03  -14.135   0.380  0.0015    1.8     7.70     26808  0.950
  25    0.0 1.6e-04   0.995     343.76 9.5152e-08  13.954  -4.98e+03  -13.954   0.345  0.0019    1.7     7.74     27925  0.950
  26    0.0 1.5e-04   0.996     341.24 9.1893e-08  14.127  -4.94e+03  -14.127   0.342  0.0013    1.6     7.80     29042  0.950
  27    0.0 1.4e-04   1.000     340.38 9.1889e-08  14.024   -4.9e+03  -14.024   0.325  0.0009    1.4     7.85     30159  0.950
  28    0.0 1.3e-04   0.998     338.78 9.1606e-08  14.010  -4.97e+03  -14.010   0.331  0.0016    1.2     7.91     31276  0.950
  29    0.0 1.3e-04   1.000     338.69 8.8836e-08  14.131  -4.82e+03  -14.131   0.298  0.0007    1.1     7.96     32393  0.950
  30    0.0 1.2e-04   0.997     338.31 9.1049e-08  13.934  -4.99e+03  -13.934   0.310  0.0009    1.0     8.00     33510  0.950
  31    0.0 1.1e-04   1.000     337.77 9.0368e-08  13.949  -4.86e+03  -13.949   0.296  0.0004    1.0     8.00     34627  0.950
  32    0.0 1.1e-04   0.999     337.78 9.084e-08   13.914  -5.05e+03  -13.914   0.275  0.0005    1.0     8.00     35744  0.950
  33    0.0 1.0e-04   0.998     336.24 9.0749e-08  13.909  -4.88e+03  -13.909   0.270  0.0013    1.0     8.00     36861  0.950
  34    0.0 9.8e-05   1.000     335.01 9.025e-08   13.949  -4.96e+03  -13.949   0.241  0.0006    1.0     8.00     37978  0.950
  35    0.0 9.3e-05   0.999     334.30 9.0072e-08  13.992  -4.96e+03  -13.992   0.256  0.0009    1.0     8.00     39095  0.950
  36    0.0 8.8e-05   0.999     333.26 9.035e-08   13.913  -4.89e+03  -13.913   0.267  0.0008    1.0     8.00     40212  0.950
  37    0.0 8.4e-05   0.999     332.93 8.9735e-08  13.929  -4.99e+03  -13.929   0.237  0.0003    1.0     8.00     41329  0.950
  38    0.0 8.0e-05   0.999     332.27 8.9965e-08  13.914  -4.96e+03  -13.914   0.225  0.0005    1.0     8.00     42446  0.950
  39    0.0 7.6e-05   1.000     332.31 8.7865e-08  13.984  -4.97e+03  -13.984   0.227  0.0003    1.0     8.00     43563  0.950
  40    0.0 7.2e-05   0.998     331.77 8.7692e-08  13.959     -5e+03  -13.959   0.224  0.0007    1.0     8.00     44680  0.950
  41    0.0 6.8e-05   0.999     330.96 8.856e-08   13.955  -4.91e+03  -13.955   0.215  0.0002    1.0     8.00     45797  0.950
  42    0.0 6.5e-05   1.000     331.07 8.8776e-08  13.940     -5e+03  -13.940   0.204  0.0003    1.0     8.00     46914  0.950
  43    0.0 6.2e-05   0.999     330.56 8.8484e-08  13.920  -4.97e+03  -13.920   0.210  0.0003    1.0     8.00     48031  0.950
  44    0.0 5.9e-05   0.999     329.91 8.7245e-08  13.959  -4.98e+03  -13.959   0.190  0.0004    1.0     8.00     49148  0.950
  45    0.0 5.6e-05   0.999     329.07 8.8482e-08  13.920  -4.96e+03  -13.920   0.183  0.0005    1.0     8.00     50265  0.950
  46    0.0 5.3e-05   1.000     328.63 8.8589e-08  13.935  -5.04e+03  -13.935   0.174  0.0002    1.0     8.00     51382  0.950
  47    0.0 5.0e-05   0.999     328.67 8.8495e-08  13.920  -5.06e+03  -13.920   0.172  0.0004    1.0     8.00     52499  0.950
  48    0.0 4.8e-05   0.999     328.20 8.8466e-08  13.920  -5.04e+03  -13.920   0.163  0.0005    1.0     8.00     53616  0.950
  49    0.0 4.5e-05   1.000     327.80 8.845e-08   13.920  -4.97e+03  -13.920   0.174  0.0002    1.0     8.00     54733  0.950
  50    0.0 4.3e-05   1.000     327.98 8.8575e-08  13.920  -5.04e+03  -13.920   0.158  0.0001    1.0     8.00     55850  0.950
  51    0.0 4.1e-05   1.000     327.83 8.857e-08   13.920  -5.05e+03  -13.920   0.156  0.0003    1.0     8.00     56967  0.950
  52    0.0 3.9e-05   1.000     327.87 8.8467e-08  13.920  -4.97e+03  -13.920   0.128  0.0002    1.0     8.00     58084  0.950
Agent's 2nd state: 
  53    0.0 3.1e-05   0.999     327.63 8.8456e-08  13.920  -5.05e+03  -13.920   0.129  0.0003    1.0     8.00     59201  0.800
Checkpoint saved: bb_costs=327.255, TD costs=8.84407e-08, CPD= 13.920 (ns) 
  54    0.0 2.5e-05   1.000     327.05 8.8428e-08  13.920  -5.05e+03  -13.920   0.068  0.0001    1.0     8.00     60318  0.800
  55    0.0 2.0e-05   1.000     326.86 8.8494e-08  13.920  -5.05e+03  -13.920   0.066  0.0001    1.0     8.00     61435  0.800
  56    0.0 1.6e-05   1.000     326.63 8.8501e-08  13.920  -5.05e+03  -13.920   0.057  0.0001    1.0     8.00     62552  0.800
  57    0.0 1.3e-05   1.000     326.56 8.8445e-08  13.920  -5.04e+03  -13.920   0.064  0.0001    1.0     8.00     63669  0.800
  58    0.0 1.0e-05   1.000     326.47 8.8384e-08  13.920  -5.04e+03  -13.920   0.052  0.0000    1.0     8.00     64786  0.800
  59    0.0 8.2e-06   1.000     326.45 8.8395e-08  13.920  -5.04e+03  -13.920   0.056  0.0000    1.0     8.00     65903  0.800
  60    0.0 6.5e-06   1.000     326.43 8.8396e-08  13.920  -5.04e+03  -13.920   0.056  0.0000    1.0     8.00     67020  0.800
  61    0.0 5.2e-06   1.000     326.35 8.8399e-08  13.920  -5.04e+03  -13.920   0.057  0.0001    1.0     8.00     68137  0.800
  62    0.0 0.0e+00   1.000     326.21 8.8417e-08  13.920  -5.05e+03  -13.920   0.021  0.0000    1.0     8.00     69254  0.800
## Placement Quench took 0.01 seconds (max_rss 456.4 MiB)
post-quench CPD = 13.9202 (ns) 

BB estimate of min-dist (placement) wire length: 13701

Completed placement consistency check successfully.

Swaps called: 69579

Aborted Move Reasons:
  No moves aborted

Placement estimated critical path delay (least slack): 13.9202 ns, Fmax: 71.8378 MHz
Placement estimated setup Worst Negative Slack (sWNS): -13.9202 ns
Placement estimated setup Total Negative Slack (sTNS): -5046.67 ns

Placement estimated setup slack histogram:
[ -1.4e-08: -1.3e-08)   7 (  0.7%) |*
[ -1.3e-08: -1.1e-08)   5 (  0.5%) |
[ -1.1e-08: -9.9e-09)  23 (  2.4%) |**
[ -9.9e-09: -8.6e-09)  22 (  2.3%) |**
[ -8.6e-09: -7.2e-09)  20 (  2.1%) |*
[ -7.2e-09: -5.9e-09) 107 ( 11.3%) |********
[ -5.9e-09: -4.5e-09) 650 ( 68.7%) |***********************************************
[ -4.5e-09: -3.2e-09)   6 (  0.6%) |
[ -3.2e-09: -1.8e-09)  11 (  1.2%) |*
[ -1.8e-09:   -5e-10)  95 ( 10.0%) |*******

Placement estimated geomean non-virtual intra-domain period: 13.9202 ns (71.8378 MHz)
Placement estimated fanout-weighted geomean non-virtual intra-domain period: 13.9202 ns (71.8378 MHz)

Placement cost: 0.999996, bb_cost: 326.217, td_cost: 8.84168e-08, 

Placement resource usage:
  io  implemented as io : 74
  clb implemented as clb: 251

Placement number of temperatures: 62
Placement total # of swap attempts: 69579
	Swaps accepted: 17464 (25.1 %)
	Swaps rejected: 48596 (69.8 %)
	Swaps aborted:  3519 ( 5.1 %)


Placement perturbation distribution by block and move type: 
------------------ ----------------- ---------------- ---------------- --------------- ------------ 
    Block Type         Move Type       (%) of Total      Accepted(%)     Rejected(%)    Aborted(%)
------------------ ----------------- ---------------- ---------------- --------------- ------------ 
io                 Uniform                5.24             73.63           26.37          0.00         
                   Median                 5.47             49.70           16.30          34.00        
                   Centroid               5.30             58.51           17.30          24.19        
                   W. Centroid            5.27             58.71           17.89          23.40        
                   W. Median              0.47             17.48           36.20          46.32        

clb                Uniform                18.09            12.88           87.12          0.00         
                   Median                 18.30            22.43           75.48          2.09         
                   Centroid               17.81            16.21           83.79          0.00         
                   W. Centroid            18.32            15.79           84.09          0.12         
                   W. Median              1.59             1.63            94.39          3.98         
                   Crit. Uniform          2.00             0.07            99.93          0.00         
                   Feasible Region        2.15             0.13            99.87          0.00         


Placement Quench timing analysis took 0.00158893 seconds (0.00135012 STA, 0.000238807 slack) (1 full updates: 1 setup, 0 hold, 0 combined).
Placement Total  timing analysis took 0.112795 seconds (0.0959572 STA, 0.0168374 slack) (64 full updates: 64 setup, 0 hold, 0 combined).
update_td_costs: connections 0 nets 0 sum_nets 0 total 0
# Placement took 0.41 seconds (max_rss 456.4 MiB, delta_rss +0.0 MiB)

# Routing
RR graph channel widths unchanged, skipping RR graph rebuild
## Initializing router criticalities
Initial Net Connection Criticality Histogram:
[        0:      0.1) 1337 ( 26.8%) |**********************************************
[      0.1:      0.2)  710 ( 14.2%) |************************
[      0.2:      0.3) 1043 ( 20.9%) |************************************
[      0.3:      0.4)  727 ( 14.6%) |*************************
[      0.4:      0.5)  383 (  7.7%) |*************
[      0.5:      0.6)  104 (  2.1%) |****
[      0.6:      0.7)  125 (  2.5%) |****
[      0.7:      0.8)  112 (  2.2%) |****
[      0.8:      0.9)  108 (  2.2%) |****
[      0.9:        1)  334 (  6.7%) |***********
## Initializing router criticalities took 0.03 seconds (max_rss 456.4 MiB, delta_rss +0.0 MiB)
---- ------ ------- ---- ------- ------- ------- ----------------- --------------- -------- ---------- ---------- ---------- ---------- --------
Iter   Time    pres  BBs    Heap  Re-Rtd  Re-Rtd Overused RR Nodes      Wirelength      CPD       sTNS       sWNS       hTNS       hWNS Est Succ
      (sec)     fac Updt    push    Nets   Conns                                       (ns)       (ns)       (ns)       (ns)       (ns)     Iter
---- ------ ------- ---- ------- ------- ------- ----------------- --------------- -------- ---------- ---------- ---------- ---------- --------
   1    0.0     0.0    0  139248    1175    4742    2615 ( 8.058%)   16212 (50.8%)   12.959     -4999.    -12.959      0.000      0.000      N/A
Incr Slack updates 64 in 0.00590081 sec
Full Max Req/Worst Slack updates 33 in 0.000367155 sec
Incr Max Req/Worst Slack updates 31 in 0.000407617 sec
Incr Criticality updates 17 in 0.00213968 sec
Full Criticality updates 47 in 0.00682971 sec
   2    0.0     0.5    0  139632    1100    4565    1726 ( 5.318%)   16148 (50.6%)   13.049     -4963.    -13.049      0.000      0.000      N/A
   3    0.0     0.6    0  138714     953    4204    1688 ( 5.201%)   16493 (51.7%)   13.044     -5016.    -13.044      0.000      0.000      N/A
   4    0.0     0.8    0  146350     916    4173    1493 ( 4.600%)   16507 (51.7%)   13.048     -4966.    -13.048      0.000      0.000      N/A
   5    0.0     1.1    0  150710     853    3899    1119 ( 3.448%)   16908 (53.0%)   12.971     -4943.    -12.971      0.000      0.000      N/A
   6    0.0     1.4    0  141305     714    3319     856 ( 2.638%)   17181 (53.8%)   13.051     -5062.    -13.051      0.000      0.000      N/A
   7    0.0     1.9    0  118433     601    2628     636 ( 1.960%)   17561 (55.0%)   13.051     -5284.    -13.051      0.000      0.000      N/A
   8    0.0     2.4    0   98572     492    2023     449 ( 1.383%)   17976 (56.3%)   13.058     -5347.    -13.058      0.000      0.000      N/A
   9    0.0     3.1    0   81883     381    1642     332 ( 1.023%)   18289 (57.3%)   13.063     -5356.    -13.063      0.000      0.000      N/A
  10    0.0     4.1    0   68833     311    1272     234 ( 0.721%)   18606 (58.3%)   13.063     -5429.    -13.063      0.000      0.000       28
  11    0.0     5.3    0   56114     269     935     210 ( 0.647%)   18960 (59.4%)   13.064     -5412.    -13.064      0.000      0.000       27
  12    0.0     6.9    0   47900     223     775     150 ( 0.462%)   19221 (60.2%)   13.064     -5423.    -13.064      0.000      0.000       29
  13    0.0     9.0    0   39228     186     606     106 ( 0.327%)   19457 (61.0%)   13.064     -5434.    -13.064      0.000      0.000       30
  14    0.0    11.6    0   32312     149     482      88 ( 0.271%)   19729 (61.8%)   13.048     -5449.    -13.048      0.000      0.000       29
  15    0.0    15.1    0   31236     123     466      63 ( 0.194%)   19964 (62.5%)   13.061     -5461.    -13.061      0.000      0.000       30
  16    0.0    19.7    0   20066     121     335      55 ( 0.169%)   20006 (62.7%)   13.065     -5462.    -13.065      0.000      0.000       30
  17    0.0    25.6    0   19895     109     299      43 ( 0.132%)   20182 (63.2%)   13.069     -5463.    -13.069      0.000      0.000       31
  18    0.0    33.3    0   14106      89     251      27 ( 0.083%)   20330 (63.7%)   13.068     -5464.    -13.068      0.000      0.000       31
  19    0.0    43.3    0   12113      81     213      23 ( 0.071%)   20415 (64.0%)   13.067     -5465.    -13.067      0.000      0.000       31
  20    0.0    56.2    0    8842      73     194      13 ( 0.040%)   20422 (64.0%)   13.144     -5471.    -13.144      0.000      0.000       31
  21    0.0    73.1    0    7050      64     168      10 ( 0.031%)   20474 (64.1%)   13.125     -5466.    -13.125      0.000      0.000       30
  22    0.0    95.0    0    7818      58     162       5 ( 0.015%)   20529 (64.3%)   13.123     -5469.    -13.123      0.000      0.000       29
  23    0.0   123.5    0   10499      57     170       4 ( 0.012%)   20584 (64.5%)   13.123     -5470.    -13.123      0.000      0.000       28
  24    0.0   160.6    0    6968      58     159       2 ( 0.006%)   20576 (64.5%)   13.144     -5480.    -13.144      0.000      0.000       28
  25    0.0   208.8    0    7230      54     147       2 ( 0.006%)   20595 (64.5%)   13.144     -5468.    -13.144      0.000      0.000       27
  26    0.0   271.4    0    4844      55     144       2 ( 0.006%)   20606 (64.6%)   13.442     -5471.    -13.442      0.000      0.000       27
  27    0.0   352.8    0    6044      50     144       2 ( 0.006%)   20632 (64.6%)   13.144     -5468.    -13.144      0.000      0.000       27
  28    0.0   458.7    0    5274      56     152       0 ( 0.000%)   20642 (64.7%)   13.594     -5471.    -13.594      0.000      0.000       28
Restoring best routing
Critical path: 13.5938 ns
Successfully routed after 28 routing iterations.
Final Net Connection Criticality Histogram:
[        0:      0.1) 925 ( 18.6%) |********************************************
[      0.1:      0.2) 978 ( 19.6%) |***********************************************
[      0.2:      0.3) 657 ( 13.2%) |********************************
[      0.3:      0.4) 847 ( 17.0%) |*****************************************
[      0.4:      0.5) 736 ( 14.8%) |***********************************
[      0.5:      0.6) 149 (  3.0%) |*******
[      0.6:      0.7) 122 (  2.4%) |******
[      0.7:      0.8) 113 (  2.3%) |*****
[      0.8:      0.9) 120 (  2.4%) |******
[      0.9:        1) 336 (  6.7%) |****************
Router Stats: total_nets_routed: 9371 total_connections_routed: 38269 total_heap_pushes: 1561219 total_heap_pops: 266052 
Serial Connection Router is being destroyed. Time spent on path search: 0.059 seconds.
# Routing took 0.30 seconds (max_rss 456.4 MiB, delta_rss +0.0 MiB)

Checking to ensure routing is legal...
# Checking to ensure non-configurable edges are legal
# Checking to ensure non-configurable edges are legal took 0.00 seconds (max_rss 456.4 MiB, delta_rss +0.0 MiB)
Completed routing consistency check successfully.

Serial number (magic cookie) for the routing is: -1912669911
Circuit successfully routed with a channel width factor of 42.
# Synchronize the packed netlist to routing optimization
## Annotating rr_node with routed nets
## Annotating rr_node with routed nets took 0.00 seconds (max_rss 456.4 MiB, delta_rss +0.0 MiB)
Found 6652 mismatches between routing and packing results.
Fixed 4570 routing traces due to mismatch between routing and packing results.
# Synchronize the packed netlist to routing optimization took 0.02 seconds (max_rss 456.4 MiB, delta_rss +0.0 MiB)
Final Clustering Statistics: 
----------   --------   ------------------------------------   --------------------------
Block Type   # Blocks   Avg. # of input clocks and pins used   Avg. # of output pins used
----------   --------   ------------------------------------   --------------------------
     EMPTY          0                                      0                            0   
        io         74                               0.486486                     0.513514   
       clb        251                                19.7092                      4.53386   
   mult_36          0                                      0                            0   
    memory          0                                      0                            0   
Absorbed logical nets 2050 out of 3226 nets, 1176 nets not absorbed.


Average number of bends per net: 1.71830  Maximum # of bends: 46

Number of global nets: 1
Number of routed nets (nonglobal): 1175
Wire length results (in units of 1 clb segments)...
	Total wirelength: 20642, average net length: 17.5677
	Maximum net length: 501

Wire length results in terms of physical segments...
	Total wiring segments used: 5485, average wire segments per net: 4.66809
	Maximum segments used by a net: 135
	Total local nets with reserved CLB opins: 0
Total number of nets absorbed: 0

Routing channel utilization histogram:
[        1:      inf)   0 (  0.0%) |
[      0.9:        1)  64 (  8.0%) |************
[      0.8:      0.9) 188 ( 23.5%) |************************************
[      0.7:      0.8) 246 ( 30.8%) |***********************************************
[      0.5:      0.6)  68 (  8.5%) |*************
[      0.4:      0.5)  72 (  9.0%) |**************
[      0.3:      0.4)  56 (  7.0%) |***********
[      0.2:      0.3)  28 (  3.5%) |*****
[      0.1:      0.2)  14 (  1.8%) |***
[        0:      0.1)  64 (  8.0%) |************
Maximum routing channel utilization:      0.95 at (9,10)

X - Directed channels:   j max occ ave occ capacity
                      ---- ------- ------- --------
                         0      31  15.381       42
                         1      28  14.905       42
                         2      33  19.190       42
                         3      33  21.190       42
                         4      35  22.048       42
                         5      38  25.524       42
                         6      36  25.571       42
                         7      38  28.095       42
                         8      39  27.810       42
                         9      36  27.286       42
                        10      40  28.333       42
                        11      40  29.190       42
                        12      37  26.762       42
                        13      40  26.524       42
                        14      39  27.952       42
                        15      39  26.714       42
                        16      40  29.000       42
                        17      40  26.476       42
                        18      37  22.762       42
                        19      36  21.619       42
Y - Directed channels:   i max occ ave occ capacity
                      ---- ------- ------- --------
                         0      21  12.476       42
                         1      23  13.286       42
                         2      28  17.333       42
                         3      35  22.476       42
                         4      38  25.810       42
                         5      39  25.048       42
                         6      35  23.048       42
                         7      40  30.286       42
                         8      39  28.381       42
                         9      41  28.048       42
                        10      40  26.714       42
                        11      41  28.286       42
                        12      38  30.286       42
                        13      38  27.429       42
                        14      41  28.476       42
                        15      40  27.667       42
                        16      39  27.095       42
                        17      39  24.857       42
                        18      35  21.619       42
                        19      38  22.000       42

Total tracks in x-direction: 840, in y-direction: 840

Logic area (in minimum width transistor areas, excludes I/Os and empty grid tiles)...
	Total logic block area (Warning, need to add pitch of routing to blocks with height > 3): 2.24358e+07
	Total used logic block area: 1.35274e+07

Routing area (in minimum width transistor areas)...
	Total routing area: 1.15066e+06, per logic tile: 2609.22

Total Number of Wiring Segments by Direction: direction length number
                                              --------- ------ -------
                                                      X      4   4620
                                                      Y      4   4620

X - Directed Wiring Segment usage by length: length utilization
                                             ------ -----------
                                             4       0.597

Y - Directed Wiring Segment usage by length: length utilization
                                             ------ -----------
                                             4        0.59

Segment occupancy by length: Length utilization
                             ------ -----------
                             L4           0.594

Segment occupancy by type:              name type utilization
                           ----------------- ---- -----------
                           unnamed_segment_0    0       0.594

Final hold Worst Negative Slack (hWNS): 0 ns
Final hold Total Negative Slack (hTNS): 0 ns

Final hold slack histogram:
[  3.2e-10:  4.9e-10) 844 ( 89.2%) |***********************************************
[  4.9e-10:  6.6e-10)  43 (  4.5%) |**
[  6.6e-10:  8.3e-10)  31 (  3.3%) |**
[  8.3e-10:    1e-09)  15 (  1.6%) |*
[    1e-09:  1.2e-09)   7 (  0.7%) |
[  1.2e-09:  1.3e-09)   2 (  0.2%) |
[  1.3e-09:  1.5e-09)   1 (  0.1%) |
[  1.5e-09:  1.7e-09)   1 (  0.1%) |
[  1.7e-09:  1.8e-09)   1 (  0.1%) |
[  1.8e-09:    2e-09)   1 (  0.1%) |

Final critical path delay (least slack): 13.5938 ns, Fmax: 73.5628 MHz
Final setup Worst Negative Slack (sWNS): -13.5938 ns
Final setup Total Negative Slack (sTNS): -5471.12 ns

Final setup slack histogram:
[ -1.4e-08: -1.2e-08)   7 (  0.7%) |*
[ -1.2e-08: -1.1e-08)   5 (  0.5%) |
[ -1.1e-08: -9.6e-09)  26 (  2.7%) |**
[ -9.6e-09: -8.3e-09)  19 (  2.0%) |**
[ -8.3e-09:   -7e-09)  34 (  3.6%) |***
[   -7e-09: -5.7e-09) 521 ( 55.1%) |***********************************************
[ -5.7e-09: -4.4e-09) 227 ( 24.0%) |********************
[ -4.4e-09: -3.1e-09)   5 (  0.5%) |
[ -3.1e-09: -1.8e-09)  65 (  6.9%) |******
[ -1.8e-09: -4.4e-10)  37 (  3.9%) |***

Final geomean non-virtual intra-domain period: 13.5938 ns (73.5628 MHz)
Final fanout-weighted geomean non-virtual intra-domain period: 13.5938 ns (73.5628 MHz)

Incr Slack updates 1 in 0.000134823 sec
Full Max Req/Worst Slack updates 1 in 1.0759e-05 sec
Incr Max Req/Worst Slack updates 0 in 0 sec
Incr Criticality updates 0 in 0 sec
Full Criticality updates 1 in 0.000251842 sec
Flow timing analysis took 0.255005 seconds (0.224075 STA, 0.0309305 slack) (95 full updates: 65 setup, 0 hold, 30 combined).
VPR succeeded
The entire flow of VPR took 1.67 seconds (max_rss 456.4 MiB)
Incr Slack updates 29 in 0.00253973 sec
Full Max Req/Worst Slack updates 11 in 0.000119083 sec
Incr Max Req/Worst Slack updates 18 in 0.000285398 sec
Incr Criticality updates 5 in 0.000609894 sec
Full Criticality updates 24 in 0.00388894 sec

=== STDERR ===

=== RETURN CODE: 0 ===
