VPR FPGA Placement and Routing.
Version: 9.0.0-dev+v8.0.0-11943-g8cb20aa52
Revision: v8.0.0-11943-g8cb20aa52
Compiled: 2025-11-06T23:45:49
Compiler: GNU 13.3.0 on Linux-6.6.87.2-microsoft-standard-WSL2 x86_64
Build Info: release IPO VTR_ASSERT_LEVEL=2

University of Toronto
verilogtorouting.org
vtr-users@googlegroups.com
This is free open source code under MIT license.

Warning 1: To use RLPlace for WLdriven placements, the reward function should be basic or nonPenalizing_basic.
you can specify the reward function using --place_reward_fun.
Setting the placement reward function to "basic"
VPR was run with the following command-line:
./vtr-verilog-to-routing/vpr/vpr k6_N10_mem32K_40nm.xml boundtop.blif --pack --place --place_algorithm bounding_box --seed 1 --init_t 10.0 --exit_t 1e-10


Architecture file: k6_N10_mem32K_40nm.xml
Circuit name: boundtop

# Loading Architecture Description
# Loading Architecture Description took 0.00 seconds (max_rss 344.0 MiB, delta_rss +0.0 MiB)

Timing analysis: ON
Circuit netlist file: boundtop.net
Circuit placement file: boundtop.place
Circuit routing file: boundtop.route
Circuit SDC file: boundtop.sdc
Vpr floorplanning constraints file: not specified

Packer: ENABLED
Placer: ENABLED
Analytical Placer: DISABLED
Router: DISABLED
Analysis: DISABLED

VPR was run with the following options:

NetlistOpts.absorb_buffer_luts            : true
NetlistOpts.sweep_dangling_primary_ios    : true
NetlistOpts.sweep_dangling_nets           : true
NetlistOpts.sweep_dangling_blocks         : true
NetlistOpts.sweep_constant_primary_outputs: false
NetlistOpts.netlist_verbosity             : 1
NetlistOpts.const_gen_inference           : COMB_SEQ

PackerOpts.allow_unrelated_clustering: auto
PackerOpts.alpha_clustering: 0.750000
PackerOpts.beta_clustering: 0.900000
PackerOpts.cluster_seed_type: BLEND2
PackerOpts.connection_driven: true
PackerOpts.global_clocks: true
PackerOpts.inter_cluster_net_delay: 1.000000
PackerOpts.timing_driven: true
PackerOpts.target_external_pin_util: auto

PlacerOpts.place_freq: PLACE_ONCE
PlacerOpts.place_algorithm: BOUNDING_BOX_PLACE
PlacerOpts.pad_loc_type: FREE
PlacerOpts.constraints_file: No constraints file given
PlacerOpts.place_chan_width: 100
PlacerOpts.rlim_escape_fraction: 0.000000
PlacerOpts.move_stats_file: 
PlacerOpts.placement_saves_per_temperature: 0
PlacerOpts.effort_scaling: CIRCUIT
PlacerOpts.place_delta_delay_matrix_calculation_method: ASTAR_ROUTE
PlaceOpts.seed: 1
AnnealSched.type: USER_SCHED
AnnealSched.inner_num: 0.500000
AnnealSched.init_t: 10.000000
AnnealSched.alpha_t: 0.800000
AnnealSched.exit_t: 0.000000

# Building complex block graph
Warning 2: io[0].clock[0] unconnected pin in architecture.
# Building complex block graph took 0.01 seconds (max_rss 344.0 MiB, delta_rss +0.0 MiB)
Circuit file: boundtop.blif
# Load circuit
Found constant-zero generator 'top^tm3_sram_addr~18'
Found constant-zero generator 'unconn'
Found constant-zero generator 'n2240'
Found constant-zero generator 'n3090'
Found constant-zero generator 'n3175'
Found constant-zero generator 'n3700'
Found constant-zero generator 'n4105'
Found constant-zero generator 'n4885'
Found constant-zero generator 'n4890'
Found constant-zero generator 'n4895'
Found constant-zero generator 'n4900'
Found constant-zero generator 'n5105'
Found constant-zero generator 'n5110'
Found constant-zero generator 'n5115'
Found constant-zero generator 'n5540'
Found constant-zero generator 'n5945'
Found constant-zero generator 'n6735'
Found constant-zero generator 'n6740'
Found constant-zero generator 'n6745'
Found constant-zero generator 'n6750'
Found constant-zero generator 'n10555'
Found constant-zero generator 'n10559'
Found constant-zero generator 'n10563'
Found constant-zero generator 'n10567'
Found constant-zero generator 'n10571'
Found constant-zero generator 'n10575'
Found constant-zero generator 'n10579'
Found constant-zero generator 'n10583'
Found constant-zero generator 'n10587'
Found constant-zero generator 'n10591'
Found constant-zero generator 'n10595'
Found constant-zero generator 'n10599'
Found constant-zero generator 'n10603'
Found constant-zero generator 'n10607'
Found constant-zero generator 'n10611'
Found constant-zero generator 'n10615'
Found constant-zero generator 'n10619'
Found constant-zero generator 'n10623'
Found constant-zero generator 'n10627'
Found constant-zero generator 'n10631'
Found constant-zero generator 'n10635'
Found constant-zero generator 'n10639'
Found constant-zero generator 'n10643'
Found constant-zero generator 'n10647'
Found constant-zero generator 'n10651'
Found constant-zero generator 'n10655'
# Load circuit took 0.03 seconds (max_rss 344.0 MiB, delta_rss +0.0 MiB)
# Clean circuit
Absorbed 77 LUT buffers
Inferred    0 additional primitive pins as constant generators since they have no combinationally connected inputs
Inferred   44 additional primitive pins as constant generators due to constant inputs
Inferred    0 additional primitive pins as constant generators since they have no combinationally connected inputs
Inferred    0 additional primitive pins as constant generators due to constant inputs
Swept input(s)      : 0
Swept output(s)     : 0 (0 dangling, 0 constant)
Swept net(s)        : 0
Swept block(s)      : 0
Constant Pins Marked: 44
# Clean circuit took 0.00 seconds (max_rss 344.0 MiB, delta_rss +0.0 MiB)
# Compress circuit
# Compress circuit took 0.00 seconds (max_rss 344.0 MiB, delta_rss +0.0 MiB)
# Verify circuit
# Verify circuit took 0.00 seconds (max_rss 344.0 MiB, delta_rss +0.0 MiB)
Circuit Statistics:
  Blocks: 5224
    .input         :     275
    .latch         :    1671
    .names         :    3054
        0-LUT:      45
        2-LUT:     681
        3-LUT:     461
        4-LUT:     360
        5-LUT:     289
        6-LUT:    1218
    .output        :     192
    single_port_ram:      32
  Nets  : 5032
    Avg Fanout:     3.4
    Max Fanout:  1703.0
    Min Fanout:     1.0
  Netlist Clocks: 1
# Build Timing Graph
  Timing Graph Nodes: 21920
  Timing Graph Edges: 33584
  Timing Graph Levels: 22
# Build Timing Graph took 0.01 seconds (max_rss 344.0 MiB, delta_rss +0.0 MiB)
Netlist contains 1 clocks
  Netlist Clock 'top^tm3_clk_v0' Fanout: 1703 pins (7.8%), 1703 blocks (32.6%)
# Load Timing Constraints

SDC file 'boundtop.sdc' not found
Setting default timing constraints:
   * constrain all primay inputs and primary outputs on netlist clock 'top^tm3_clk_v0'
   * optimize netlist clock to run as fast as possible
Timing constraints created 1 clocks
  Constrained Clock 'top^tm3_clk_v0' Source: 'top^tm3_clk_v0.inpad[0]'

# Load Timing Constraints took 0.00 seconds (max_rss 344.0 MiB, delta_rss +0.0 MiB)
# Packing
Begin packing 'boundtop.blif'.

After removing unused inputs...
	total blocks: 5224, total nets: 5032, total inputs: 275, total outputs: 192
Begin prepacking.
0 attraction groups were created during prepacking.
Finish prepacking.
Using inter-cluster delay: 1.33777e-09
Packing with pin utilization targets: io:1,1 clb:0.8,0.6 mult_36:1,1 memory:1,1
Packing with high fanout thresholds: io:128 clb:32 mult_36:128 memory:128
Starting Clustering - Clustering Progress: 
-------------------   --------------------------   ---------
Molecules processed   Number of clusters created   FPGA size
-------------------   --------------------------   ---------
   151/3569      4%                           13     8 x 8     
   299/3569      8%                           28     9 x 9     
   449/3569     12%                           43    10 x 10    
   599/3569     16%                           58    11 x 11    
   749/3569     20%                           73    13 x 13    
   897/3569     25%                           88    13 x 13    
  1047/3569     29%                          103    14 x 14    
  1193/3569     33%                          118    15 x 15    
  1336/3569     37%                          135    16 x 16    
  1481/3569     41%                          151    17 x 17    
  1627/3569     45%                          166    17 x 17    
  1774/3569     49%                          181    18 x 18    
  1920/3569     53%                          198    19 x 19    
  2063/3569     57%                          213    19 x 19    
  2210/3569     61%                          229    20 x 20    
  2355/3569     65%                          248    21 x 21    
  2499/3569     70%                          268    22 x 22    
  2646/3569     74%                          287    22 x 22    
  2790/3569     78%                          305    23 x 23    
  2936/3569     82%                          329    23 x 23    
  3082/3569     86%                          361    25 x 25    
  3224/3569     90%                          488    25 x 25    
  3366/3569     94%                          630    25 x 25    
  3508/3569     98%                          772    25 x 25    
  3569/3569    100%                          833    25 x 25    

Logic Element (fle) detailed count:
  Total number of Logic Elements used : 3070
  LEs used for logic and registers    : 1655
  LEs used for logic only             : 1399
  LEs used for registers only         : 16

Incr Slack updates 1 in 0.000201297 sec
Full Max Req/Worst Slack updates 1 in 2.0315e-05 sec
Incr Max Req/Worst Slack updates 0 in 0 sec
Incr Criticality updates 0 in 0 sec
Full Criticality updates 1 in 0.000232618 sec
FPGA sized to 25 x 25 (auto)
Device Utilization: 0.69 (target 1.00)
	Block Utilization: 0.63 Type: io
	Block Utilization: 0.93 Type: clb
	Block Utilization: 0.11 Type: memory

Start the iterative improvement process
the iterative improvement process is done
Final Clustering Statistics: 
----------   --------   ------------------------------------   --------------------------
Block Type   # Blocks   Avg. # of input clocks and pins used   Avg. # of output pins used
----------   --------   ------------------------------------   --------------------------
     EMPTY          0                                      0                            0   
        io        467                               0.411135                     0.588865   
       clb        365                                17.0877                      5.12603   
   mult_36          0                                      0                            0   
    memory          1                                     44                           32   
Absorbed logical nets 2854 out of 5032 nets, 2178 nets not absorbed.

Netlist conversion complete.

# Packing took 0.59 seconds (max_rss 344.0 MiB, delta_rss +0.0 MiB)
# Load packing
Begin loading packed FPGA netlist file.
Netlist generated from file 'boundtop.net'.
Detected 45 constant generators (to see names run with higher pack verbosity)
Finished loading packed FPGA netlist file (took 0.144924 seconds).
Warning 3: Treated 37 constant nets as global which will not be routed (to see net names increase packer verbosity).
Warning 4: Netlist contains 91 global net to non-global architecture pin connections
Warning 5: Logic block #365 (top^tm3_sram_addr~18) has only 1 output pin 'top^tm3_sram_addr~18.O[9]'. It may be a constant generator.
Completed clustering consistency check successfully.
Cluster level netlist and block usage statistics
Netlist num_nets: 2178
Netlist num_blocks: 833
Netlist EMPTY blocks: 0.
Netlist io blocks: 467.
Netlist clb blocks: 365.
Netlist mult_36 blocks: 0.
Netlist memory blocks: 1.
Netlist inputs pins: 275
Netlist output pins: 192

Pb types usage...
  io                 : 467
   inpad             : 275
   outpad            : 192
  clb                : 365
   fle               : 3070
    ble6             : 3070
     lut6            : 3054
      lut            : 3054
     ff              : 1671
  memory             : 1
   mem_1024x32_sp    : 1
    memory_slice     : 32

# Load packing took 0.22 seconds (max_rss 344.0 MiB, delta_rss +0.0 MiB)
# Create Device
## Build Device Grid
FPGA sized to 25 x 25: 625 grid tiles (auto)

Resource usage...
	Netlist
		467	blocks of type: io
	Architecture
		736	blocks of type: io
	Netlist
		365	blocks of type: clb
	Architecture
		391	blocks of type: clb
	Netlist
		0	blocks of type: mult_36
	Architecture
		15	blocks of type: mult_36
	Netlist
		1	blocks of type: memory
	Architecture
		9	blocks of type: memory

Device Utilization: 0.69 (target 1.00)
	Physical Tile io:
	Block Utilization: 0.63 Logical Block: io
	Physical Tile clb:
	Block Utilization: 0.93 Logical Block: clb
	Physical Tile mult_36:
	Block Utilization: 0.00 Logical Block: mult_36
	Physical Tile memory:
	Block Utilization: 0.11 Logical Block: memory

FPGA size limited by block type(s): clb

## Build Device Grid took 0.00 seconds (max_rss 344.0 MiB, delta_rss +0.0 MiB)
## Build routing resource graph
## Build routing resource graph took 0.21 seconds (max_rss 344.0 MiB, delta_rss +0.0 MiB)
  RR Graph Nodes: 63948
  RR Graph Edges: 577555
# Create Device took 0.23 seconds (max_rss 344.0 MiB, delta_rss +0.0 MiB)


Bounding box mode is Cube

# Compressed grid construction
# Compressed grid construction took 0.00 seconds (max_rss 344.0 MiB, delta_rss +0.0 MiB)
# Placement
## Initial Placement
Initial placement iteration 0 has finished successfully
## Initial Placement took 0.00 seconds (max_rss 344.0 MiB, delta_rss +0.0 MiB)
Using simple RL 'Softmax agent' for choosing move and block types

BB estimate of min-dist (placement) wire length: 51526

Completed placement consistency check successfully.
Initial placement cost: 1 bb_cost: 515.264 td_cost: nan
Placement contains 0 placement macros involving 0 blocks (average macro size -nan)

Moves per temperature: 3918

---- ------ ------- ------- ---------- ---------- ------- ---------- -------- ------- ------- ------ -------- --------- ------
Tnum   Time       T Av Cost Av BB Cost Av TD Cost     CPD       sTNS     sWNS Ac Rate Std Dev  R lim Crit Exp Tot Moves  Alpha
      (sec)                                          (ns)       (ns)     (ns)                                                 
---- ------ ------- ------- ---------- ---------- ------- ---------- -------- ------- ------- ------ -------- --------- ------
   1    0.0 1.0e+01   1.001     515.53 nan            nan        nan      nan   0.995  0.0137   24.0     0.00      3918  1.000
   2    0.0 8.0e+00   1.009     515.70 nan            nan        nan      nan   0.996  0.0135   24.0     0.00      7836  1.000
   3    0.0 6.4e+00   0.998     507.45 nan            nan        nan      nan   0.995  0.0139   24.0     0.00     11754  1.000
   4    0.0 5.1e+00   1.038     509.88 nan            nan        nan      nan   0.996  0.0090   24.0     0.00     15672  1.000
   5    0.0 4.1e+00   1.010     513.94 nan            nan        nan      nan   0.995  0.0132   24.0     0.00     19590  1.000
   6    0.0 3.3e+00   1.009     507.31 nan            nan        nan      nan   0.996  0.0097   24.0     0.00     23508  1.000
   7    0.0 2.6e+00   0.996     513.76 nan            nan        nan      nan   0.996  0.0090   24.0     0.00     27426  1.000
   8    0.0 2.1e+00   0.995     508.93 nan            nan        nan      nan   0.997  0.0096   24.0     0.00     31344  1.000
   9    0.0 1.7e+00   1.025     513.67 nan            nan        nan      nan   0.996  0.0116   24.0     0.00     35262  1.000
  10    0.0 1.3e+00   0.990     511.57 nan            nan        nan      nan   0.995  0.0106   24.0     0.00     39180  1.000
  11    0.0 1.1e+00   1.004     508.78 nan            nan        nan      nan   0.996  0.0120   24.0     0.00     43098  1.000
  12    0.0 8.6e-01   1.005     510.33 nan            nan        nan      nan   0.995  0.0084   24.0     0.00     47016  1.000
  13    0.0 6.9e-01   0.994     512.78 nan            nan        nan      nan   0.996  0.0097   24.0     0.00     50934  1.000
  14    0.0 5.5e-01   1.016     511.98 nan            nan        nan      nan   0.996  0.0161   24.0     0.00     54852  1.000
  15    0.0 4.4e-01   0.989     513.81 nan            nan        nan      nan   0.997  0.0129   24.0     0.00     58770  1.000
  16    0.0 3.5e-01   0.998     512.09 nan            nan        nan      nan   0.995  0.0142   24.0     0.00     62688  1.000
  17    0.0 2.8e-01   1.020     512.66 nan            nan        nan      nan   0.994  0.0115   24.0     0.00     66606  1.000
  18    0.0 2.3e-01   0.990     510.37 nan            nan        nan      nan   0.998  0.0100   24.0     0.00     70524  1.000
  19    0.0 1.8e-01   0.981     509.44 nan            nan        nan      nan   0.994  0.0116   24.0     0.00     74442  1.000
  20    0.0 1.4e-01   0.994     507.26 nan            nan        nan      nan   0.993  0.0104   24.0     0.00     78360  1.000
  21    0.0 1.2e-01   1.011     508.37 nan            nan        nan      nan   0.995  0.0104   24.0     0.00     82278  1.000
  22    0.0 9.2e-02   1.009     505.57 nan            nan        nan      nan   0.993  0.0080   24.0     0.00     86196  1.000
  23    0.0 7.4e-02   1.003     504.81 nan            nan        nan      nan   0.992  0.0146   24.0     0.00     90114  1.000
  24    0.0 5.9e-02   1.006     508.18 nan            nan        nan      nan   0.993  0.0068   24.0     0.00     94032  1.000
  25    0.0 4.7e-02   0.994     509.33 nan            nan        nan      nan   0.992  0.0106   24.0     0.00     97950  1.000
  26    0.0 3.8e-02   0.984     505.27 nan            nan        nan      nan   0.991  0.0140   24.0     0.00    101868  1.000
  27    0.0 3.0e-02   0.999     500.47 nan            nan        nan      nan   0.984  0.0108   24.0     0.00    105786  1.000
  28    0.0 2.4e-02   1.015     508.37 nan            nan        nan      nan   0.985  0.0136   24.0     0.00    109704  1.000
  29    0.0 1.9e-02   1.004     501.22 nan            nan        nan      nan   0.983  0.0093   24.0     0.00    113622  1.000
  30    0.0 1.5e-02   1.014     506.59 nan            nan        nan      nan   0.977  0.0097   24.0     0.00    117540  1.000
  31    0.0 1.2e-02   0.992     506.94 nan            nan        nan      nan   0.977  0.0091   24.0     0.00    121458  1.000
  32    0.0 9.9e-03   1.000     500.55 nan            nan        nan      nan   0.970  0.0116   24.0     0.00    125376  1.000
  33    0.0 7.9e-03   0.997     502.25 nan            nan        nan      nan   0.968  0.0097   24.0     0.00    129294  1.000
  34    0.0 6.3e-03   0.979     494.26 nan            nan        nan      nan   0.953  0.0147   24.0     0.00    133212  1.000
  35    0.0 5.1e-03   0.973     489.62 nan            nan        nan      nan   0.944  0.0123   24.0     0.00    137130  1.000
  36    0.0 4.1e-03   0.995     486.66 nan            nan        nan      nan   0.936  0.0080   24.0     0.00    141048  1.000
  37    0.0 3.2e-03   0.970     469.63 nan            nan        nan      nan   0.913  0.0110   24.0     0.00    144966  1.000
  38    0.0 2.6e-03   0.992     465.49 nan            nan        nan      nan   0.909  0.0068   24.0     0.00    148884  1.000
  39    0.0 2.1e-03   0.977     457.44 nan            nan        nan      nan   0.869  0.0112   24.0     0.00    152802  1.000
  40    0.0 1.7e-03   0.985     445.07 nan            nan        nan      nan   0.841  0.0106   24.0     0.00    156720  1.000
  41    0.0 1.3e-03   0.962     421.00 nan            nan        nan      nan   0.825  0.0183   24.0     0.00    160638  1.000
  42    0.0 1.1e-03   0.976     404.82 nan            nan        nan      nan   0.792  0.0152   24.0     0.00    164556  1.000
  43    0.0 8.5e-04   0.953     372.82 nan            nan        nan      nan   0.759  0.0272   24.0     0.00    168474  1.000
  44    0.0 6.8e-04   0.970     345.24 nan            nan        nan      nan   0.693  0.0138   24.0     0.00    172392  1.000
  45    0.0 5.4e-04   0.969     331.38 nan            nan        nan      nan   0.669  0.0130   24.0     0.00    176310  1.000
  46    0.0 4.4e-04   0.959     310.96 nan            nan        nan      nan   0.605  0.0177   24.0     0.00    180228  1.000
  47    0.0 3.5e-04   0.967     292.76 nan            nan        nan      nan   0.531  0.0155   24.0     0.00    184146  1.000
  48    0.0 2.8e-04   0.972     278.00 nan            nan        nan      nan   0.467  0.0122   24.0     0.00    188064  1.000
  49    0.0 2.2e-04   0.974     264.41 nan            nan        nan      nan   0.432  0.0138   24.0     0.00    191982  1.000
  50    0.0 1.8e-04   0.983     253.75 nan            nan        nan      nan   0.365  0.0079   24.0     0.00    195900  1.000
  51    0.0 1.4e-04   0.984     246.69 nan            nan        nan      nan   0.324  0.0066   24.0     0.00    199818  1.000
  52    0.0 1.1e-04   0.988     241.32 nan            nan        nan      nan   0.305  0.0057   24.0     0.00    203736  1.000
  53    0.0 9.1e-05   0.991     237.00 nan            nan        nan      nan   0.268  0.0057   24.0     0.00    207654  1.000
  54    0.0 7.3e-05   0.993     233.12 nan            nan        nan      nan   0.236  0.0037   24.0     0.00    211572  1.000
  55    0.0 5.8e-05   0.994     230.28 nan            nan        nan      nan   0.204  0.0028   24.0     0.00    215490  1.000
  56    0.0 4.7e-05   0.994     227.93 nan            nan        nan      nan   0.173  0.0033   24.0     0.00    219408  1.000
  57    0.0 3.7e-05   0.995     225.75 nan            nan        nan      nan   0.151  0.0023   24.0     0.00    223326  1.000
  58    0.0 3.0e-05   0.995     223.84 nan            nan        nan      nan   0.137  0.0028   24.0     0.00    227244  1.000
  59    0.0 2.4e-05   0.996     222.04 nan            nan        nan      nan   0.120  0.0028   24.0     0.00    231162  1.000
  60    0.0 1.9e-05   0.997     220.28 nan            nan        nan      nan   0.107  0.0020   24.0     0.00    235080  1.000
  61    0.0 1.5e-05   0.998     219.14 nan            nan        nan      nan   0.097  0.0011   24.0     0.00    238998  1.000
  62    0.0 1.2e-05   0.997     218.16 nan            nan        nan      nan   0.097  0.0015   24.0     0.00    242916  1.000
  63    0.0 9.8e-06   0.998     217.32 nan            nan        nan      nan   0.094  0.0011   24.0     0.00    246834  1.000
  64    0.0 7.8e-06   0.999     216.76 nan            nan        nan      nan   0.084  0.0004   24.0     0.00    250752  1.000
  65    0.0 6.3e-06   0.998     216.14 nan            nan        nan      nan   0.087  0.0011   24.0     0.00    254670  1.000
  66    0.0 5.0e-06   0.999     215.52 nan            nan        nan      nan   0.080  0.0005   24.0     0.00    258588  1.000
  67    0.0 4.0e-06   0.999     215.12 nan            nan        nan      nan   0.080  0.0007   24.0     0.00    262506  1.000
  68    0.0 3.2e-06   0.999     214.67 nan            nan        nan      nan   0.084  0.0008   24.0     0.00    266424  1.000
  69    0.0 2.6e-06   0.998     213.96 nan            nan        nan      nan   0.075  0.0011   24.0     0.00    270342  1.000
  70    0.0 2.1e-06   0.999     213.52 nan            nan        nan      nan   0.090  0.0004   24.0     0.00    274260  1.000
  71    0.0 1.6e-06   0.999     213.20 nan            nan        nan      nan   0.080  0.0005   24.0     0.00    278178  1.000
  72    0.0 1.3e-06   1.000     212.95 nan            nan        nan      nan   0.060  0.0003   24.0     0.00    282096  1.000
  73    0.0 1.1e-06   0.998     212.55 nan            nan        nan      nan   0.071  0.0010   24.0     0.00    286014  1.000
  74    0.0 8.4e-07   0.999     211.99 nan            nan        nan      nan   0.066  0.0005   24.0     0.00    289932  1.000
  75    0.0 6.7e-07   0.999     211.59 nan            nan        nan      nan   0.066  0.0007   24.0     0.00    293850  1.000
  76    0.0 5.4e-07   1.000     211.28 nan            nan        nan      nan   0.064  0.0002   24.0     0.00    297768  1.000
  77    0.0 4.3e-07   1.000     211.07 nan            nan        nan      nan   0.066  0.0003   24.0     0.00    301686  1.000
  78    0.0 3.5e-07   1.000     210.92 nan            nan        nan      nan   0.061  0.0001   24.0     0.00    305604  1.000
  79    0.0 2.8e-07   1.000     210.81 nan            nan        nan      nan   0.064  0.0002   24.0     0.00    309522  1.000
  80    0.0 2.2e-07   1.000     210.71 nan            nan        nan      nan   0.063  0.0003   24.0     0.00    313440  1.000
  81    0.0 1.8e-07   0.999     210.50 nan            nan        nan      nan   0.058  0.0002   24.0     0.00    317358  1.000
  82    0.0 1.4e-07   0.999     210.31 nan            nan        nan      nan   0.066  0.0003   24.0     0.00    321276  1.000
  83    0.0 1.1e-07   1.000     210.22 nan            nan        nan      nan   0.054  0.0001   24.0     0.00    325194  1.000
  84    0.0 9.0e-08   1.000     210.10 nan            nan        nan      nan   0.059  0.0002   24.0     0.00    329112  1.000
  85    0.0 7.2e-08   0.999     209.93 nan            nan        nan      nan   0.063  0.0005   24.0     0.00    333030  1.000
  86    0.0 5.8e-08   0.999     209.54 nan            nan        nan      nan   0.059  0.0005   24.0     0.00    336948  1.000
  87    0.0 4.6e-08   1.000     209.45 nan            nan        nan      nan   0.054  0.0001   24.0     0.00    340866  1.000
  88    0.0 3.7e-08   0.999     209.24 nan            nan        nan      nan   0.060  0.0005   24.0     0.00    344784  1.000
  89    0.0 3.0e-08   1.000     209.07 nan            nan        nan      nan   0.066  0.0001   24.0     0.00    348702  1.000
  90    0.0 2.4e-08   0.999     208.88 nan            nan        nan      nan   0.059  0.0002   24.0     0.00    352620  1.000
  91    0.0 1.9e-08   1.000     208.79 nan            nan        nan      nan   0.066  0.0002   24.0     0.00    356538  1.000
  92    0.0 1.5e-08   1.000     208.60 nan            nan        nan      nan   0.061  0.0003   24.0     0.00    360456  1.000
  93    0.0 1.2e-08   1.000     208.41 nan            nan        nan      nan   0.070  0.0003   24.0     0.00    364374  1.000
  94    0.0 9.7e-09   1.000     208.30 nan            nan        nan      nan   0.063  0.0001   24.0     0.00    368292  1.000
  95    0.0 7.8e-09   1.000     208.22 nan            nan        nan      nan   0.057  0.0003   24.0     0.00    372210  1.000
  96    0.0 6.2e-09   1.000     208.07 nan            nan        nan      nan   0.064  0.0004   24.0     0.00    376128  1.000
  97    0.0 5.0e-09   1.000     207.76 nan            nan        nan      nan   0.062  0.0002   24.0     0.00    380046  1.000
  98    0.0 4.0e-09   1.000     207.65 nan            nan        nan      nan   0.063  0.0002   24.0     0.00    383964  1.000
  99    0.0 3.2e-09   1.000     207.48 nan            nan        nan      nan   0.057  0.0002   24.0     0.00    387882  1.000
 100    0.0 2.5e-09   1.000     207.36 nan            nan        nan      nan   0.056  0.0001   24.0     0.00    391800  1.000
 101    0.0 2.0e-09   1.000     207.28 nan            nan        nan      nan   0.064  0.0001   24.0     0.00    395718  1.000
 102    0.0 1.6e-09   1.000     207.16 nan            nan        nan      nan   0.062  0.0003   24.0     0.00    399636  1.000
 103    0.0 1.3e-09   0.999     206.96 nan            nan        nan      nan   0.055  0.0001   24.0     0.00    403554  1.000
 104    0.0 1.0e-09   1.000     206.93 nan            nan        nan      nan   0.056  0.0001   24.0     0.00    407472  1.000
 105    0.0 8.3e-10   1.000     206.86 nan            nan        nan      nan   0.050  0.0001   24.0     0.00    411390  1.000
 106    0.0 6.7e-10   1.000     206.77 nan            nan        nan      nan   0.059  0.0002   24.0     0.00    415308  1.000
 107    0.0 5.3e-10   1.000     206.71 nan            nan        nan      nan   0.053  0.0001   24.0     0.00    419226  1.000
 108    0.0 4.3e-10   1.000     206.68 nan            nan        nan      nan   0.052  0.0001   24.0     0.00    423144  1.000
 109    0.0 3.4e-10   1.000     206.66 nan            nan        nan      nan   0.049  0.0000   24.0     0.00    427062  1.000
 110    0.0 2.7e-10   0.999     206.47 nan            nan        nan      nan   0.056  0.0006   24.0     0.00    430980  1.000
 111    0.0 2.2e-10   1.000     206.27 nan            nan        nan      nan   0.053  0.0003   24.0     0.00    434898  1.000
 112    0.0 1.7e-10   1.000     206.17 nan            nan        nan      nan   0.049  0.0001   24.0     0.00    438816  1.000
 113    0.0 1.4e-10   1.000     206.15 nan            nan        nan      nan   0.051  0.0000   24.0     0.00    442734  1.000
 114    0.0 1.1e-10   1.000     206.13 nan            nan        nan      nan   0.049  0.0001   24.0     0.00    446652  1.000
 115    0.0 0.0e+00   1.000     206.04 nan            nan        nan      nan   0.042  0.0004   24.0     0.00    450570  1.000
## Placement Quench took 0.00 seconds (max_rss 344.0 MiB)

BB estimate of min-dist (placement) wire length: 20594

Completed placement consistency check successfully.

Swaps called: 450570

Aborted Move Reasons:
  No moves aborted
Placement cost: 0.999192, bb_cost: 205.942, td_cost: nan, 

Placement resource usage:
  io     implemented as io    : 467
  clb    implemented as clb   : 365
  memory implemented as memory: 1

Placement number of temperatures: 115
Placement total # of swap attempts: 450570
	Swaps accepted: 198998 (44.2 %)
	Swaps rejected: 250066 (55.5 %)
	Swaps aborted:   1506 ( 0.3 %)


Placement perturbation distribution by block and move type: 
------------------ ----------------- ---------------- ---------------- --------------- ------------ 
    Block Type         Move Type       (%) of Total      Accepted(%)     Rejected(%)    Aborted(%)
------------------ ----------------- ---------------- ---------------- --------------- ------------ 
io                 Uniform                19.04            39.25           60.75          0.00         
                   Median                 30.41            36.09           63.28          0.63         
                   Centroid               30.45            36.69           63.31          0.00         

clb                Uniform                3.28             87.14           12.86          0.00         
                   Median                 10.33            66.94           31.67          1.39         
                   Centroid               6.38             74.22           25.78          0.00         

memory             Uniform                0.04             30.51           69.49          0.00         
                   Median                 0.04             27.27           72.73          0.00         
                   Centroid               0.03             31.58           68.42          0.00         


Placement Quench timing analysis took 0 seconds (0 STA, 0 slack) (0 full updates: 0 setup, 0 hold, 0 combined).
Placement Total  timing analysis took 0 seconds (0 STA, 0 slack) (0 full updates: 0 setup, 0 hold, 0 combined).
update_td_costs: connections 0 nets 0 sum_nets 0 total 0
# Placement took 0.53 seconds (max_rss 344.0 MiB, delta_rss +0.0 MiB)

Flow timing analysis took 0.00281894 seconds (0.00228479 STA, 0.000534155 slack) (1 full updates: 1 setup, 0 hold, 0 combined).
VPR succeeded
The entire flow of VPR took 1.63 seconds (max_rss 344.0 MiB)
