VPR FPGA Placement and Routing.
Version: 9.0.0-dev+v8.0.0-11943-g8cb20aa52
Revision: v8.0.0-11943-g8cb20aa52
Compiled: 2025-11-06T23:45:49
Compiler: GNU 13.3.0 on Linux-6.6.87.2-microsoft-standard-WSL2 x86_64
Build Info: release IPO VTR_ASSERT_LEVEL=2

University of Toronto
verilogtorouting.org
vtr-users@googlegroups.com
This is free open source code under MIT license.

Warning 1: To use RLPlace for WLdriven placements, the reward function should be basic or nonPenalizing_basic.
you can specify the reward function using --place_reward_fun.
Setting the placement reward function to "basic"
VPR was run with the following command-line:
./vtr-verilog-to-routing/vpr/vpr k6_N10_mem32K_40nm.xml or1200.blif --pack --place --place_algorithm bounding_box --seed 1 --init_t 100.0 --exit_t 1e-10


Architecture file: k6_N10_mem32K_40nm.xml
Circuit name: or1200

# Loading Architecture Description
# Loading Architecture Description took 0.00 seconds (max_rss 344.0 MiB, delta_rss +0.0 MiB)

Timing analysis: ON
Circuit netlist file: or1200.net
Circuit placement file: or1200.place
Circuit routing file: or1200.route
Circuit SDC file: or1200.sdc
Vpr floorplanning constraints file: not specified

Packer: ENABLED
Placer: ENABLED
Analytical Placer: DISABLED
Router: DISABLED
Analysis: DISABLED

VPR was run with the following options:

NetlistOpts.absorb_buffer_luts            : true
NetlistOpts.sweep_dangling_primary_ios    : true
NetlistOpts.sweep_dangling_nets           : true
NetlistOpts.sweep_dangling_blocks         : true
NetlistOpts.sweep_constant_primary_outputs: false
NetlistOpts.netlist_verbosity             : 1
NetlistOpts.const_gen_inference           : COMB_SEQ

PackerOpts.allow_unrelated_clustering: auto
PackerOpts.alpha_clustering: 0.750000
PackerOpts.beta_clustering: 0.900000
PackerOpts.cluster_seed_type: BLEND2
PackerOpts.connection_driven: true
PackerOpts.global_clocks: true
PackerOpts.inter_cluster_net_delay: 1.000000
PackerOpts.timing_driven: true
PackerOpts.target_external_pin_util: auto

PlacerOpts.place_freq: PLACE_ONCE
PlacerOpts.place_algorithm: BOUNDING_BOX_PLACE
PlacerOpts.pad_loc_type: FREE
PlacerOpts.constraints_file: No constraints file given
PlacerOpts.place_chan_width: 100
PlacerOpts.rlim_escape_fraction: 0.000000
PlacerOpts.move_stats_file: 
PlacerOpts.placement_saves_per_temperature: 0
PlacerOpts.effort_scaling: CIRCUIT
PlacerOpts.place_delta_delay_matrix_calculation_method: ASTAR_ROUTE
PlaceOpts.seed: 1
AnnealSched.type: USER_SCHED
AnnealSched.inner_num: 0.500000
AnnealSched.init_t: 100.000000
AnnealSched.alpha_t: 0.800000
AnnealSched.exit_t: 0.000000

# Building complex block graph
Warning 2: io[0].clock[0] unconnected pin in architecture.
# Building complex block graph took 0.01 seconds (max_rss 344.0 MiB, delta_rss +0.0 MiB)
Circuit file: or1200.blif
# Load circuit
Found constant-one generator 'top^icpu_sel_o~0'
Found constant-one generator 'top^icpu_sel_o~1'
Found constant-one generator 'top^icpu_sel_o~2'
Found constant-one generator 'top^icpu_sel_o~3'
Found constant-one generator 'top^icpu_tag_o~0'
Found constant-zero generator 'top^icpu_tag_o~1'
Found constant-zero generator 'top^icpu_tag_o~2'
Found constant-zero generator 'top^icpu_tag_o~3'
Found constant-zero generator 'top^du_except~2'
Found constant-zero generator 'top^dcpu_tag_o~1'
Found constant-zero generator 'top^dcpu_tag_o~2'
Found constant-zero generator 'top^dcpu_tag_o~3'
Found constant-zero generator 'unconn'
Found constant-zero generator 'gnd'
# Load circuit took 0.03 seconds (max_rss 344.0 MiB, delta_rss +0.0 MiB)
# Clean circuit
Absorbed 81 LUT buffers
Inferred    0 additional primitive pins as constant generators since they have no combinationally connected inputs
Inferred    0 additional primitive pins as constant generators due to constant inputs
Inferred    0 additional primitive pins as constant generators since they have no combinationally connected inputs
Inferred    0 additional primitive pins as constant generators due to constant inputs
Inferred    0 additional primitive pins as constant generators since they have no combinationally connected inputs
Inferred    0 additional primitive pins as constant generators due to constant inputs
Swept input(s)      : 3
Swept output(s)     : 0 (0 dangling, 0 constant)
Swept net(s)        : 75
Swept block(s)      : 0
Constant Pins Marked: 0
# Clean circuit took 0.00 seconds (max_rss 344.0 MiB, delta_rss +0.0 MiB)
# Compress circuit
# Compress circuit took 0.00 seconds (max_rss 344.0 MiB, delta_rss +0.0 MiB)
# Verify circuit
# Verify circuit took 0.00 seconds (max_rss 344.0 MiB, delta_rss +0.0 MiB)
Circuit Statistics:
  Blocks: 4589
    .input       :     385
    .latch       :     691
    .names       :    3054
        0-LUT:      13
        2-LUT:     157
        3-LUT:     556
        4-LUT:     405
        5-LUT:     656
        6-LUT:    1267
    .output      :     394
    dual_port_ram:      64
    multiply     :       1
  Nets  : 4258
    Avg Fanout:     4.1
    Max Fanout:   755.0
    Min Fanout:     1.0
  Netlist Clocks: 1
# Build Timing Graph
  Timing Graph Nodes: 21542
  Timing Graph Edges: 38206
  Timing Graph Levels: 58
# Build Timing Graph took 0.01 seconds (max_rss 344.0 MiB, delta_rss +0.0 MiB)
Netlist contains 1 clocks
  Netlist Clock 'top^clk' Fanout: 755 pins (3.5%), 755 blocks (16.5%)
# Load Timing Constraints

SDC file 'or1200.sdc' not found
Setting default timing constraints:
   * constrain all primay inputs and primary outputs on netlist clock 'top^clk'
   * optimize netlist clock to run as fast as possible
Timing constraints created 1 clocks
  Constrained Clock 'top^clk' Source: 'top^clk.inpad[0]'

# Load Timing Constraints took 0.00 seconds (max_rss 344.0 MiB, delta_rss +0.0 MiB)
# Packing
Begin packing 'or1200.blif'.

After removing unused inputs...
	total blocks: 4589, total nets: 4258, total inputs: 385, total outputs: 394
Begin prepacking.
0 attraction groups were created during prepacking.
Finish prepacking.
Using inter-cluster delay: 1.33777e-09
Packing with pin utilization targets: io:1,1 clb:0.8,0.6 mult_36:1,1 memory:1,1
Packing with high fanout thresholds: io:128 clb:32 mult_36:128 memory:128
Starting Clustering - Clustering Progress: 
-------------------   --------------------------   ---------
Molecules processed   Number of clusters created   FPGA size
-------------------   --------------------------   ---------
   162/3898      4%                           13    12 x 12    
   321/3898      8%                           29    12 x 12    
   481/3898     12%                           45    12 x 12    
   637/3898     16%                           61    12 x 12    
   794/3898     20%                           77    13 x 13    
   957/3898     24%                           94    14 x 14    
  1112/3898     28%                          110    14 x 14    
  1274/3898     32%                          127    15 x 15    
  1432/3898     36%                          143    16 x 16    
  1587/3898     40%                          159    17 x 17    
  1744/3898     44%                          176    18 x 18    
  1906/3898     48%                          195    18 x 18    
  2061/3898     52%                          212    19 x 19    
  2222/3898     57%                          230    20 x 20    
  2382/3898     61%                          250    21 x 21    
  2540/3898     65%                          269    21 x 21    
  2698/3898     69%                          294    22 x 22    
  2853/3898     73%                          326    23 x 23    
  3012/3898     77%                          354    23 x 23    
  3167/3898     81%                          416    24 x 24    
  3322/3898     85%                          571    25 x 25    
  3477/3898     89%                          726    25 x 25    
  3632/3898     93%                          881    25 x 25    
  3787/3898     97%                         1036    25 x 25    
  3898/3898    100%                         1147    27 x 27    

Logic Element (fle) detailed count:
  Total number of Logic Elements used : 3054
  LEs used for logic and registers    : 691
  LEs used for logic only             : 2363
  LEs used for registers only         : 0

Incr Slack updates 1 in 0.000210784 sec
Full Max Req/Worst Slack updates 1 in 1.8892e-05 sec
Incr Max Req/Worst Slack updates 0 in 0 sec
Incr Criticality updates 0 in 0 sec
Full Criticality updates 1 in 0.00026007 sec
FPGA sized to 27 x 27 (auto)
Device Utilization: 0.66 (target 1.00)
	Block Utilization: 0.97 Type: io
	Block Utilization: 0.77 Type: clb
	Block Utilization: 0.06 Type: mult_36
	Block Utilization: 0.17 Type: memory

Start the iterative improvement process
the iterative improvement process is done
Final Clustering Statistics: 
----------   --------   ------------------------------------   --------------------------
Block Type   # Blocks   Avg. # of input clocks and pins used   Avg. # of output pins used
----------   --------   ------------------------------------   --------------------------
     EMPTY          0                                      0                            0   
        io        779                               0.505777                     0.494223   
       clb        365                                21.9452                      5.07397   
   mult_36          1                                     64                           64   
    memory          2                                     77                           32   
Absorbed logical nets 1893 out of 4258 nets, 2365 nets not absorbed.

Netlist conversion complete.

# Packing took 0.71 seconds (max_rss 344.0 MiB, delta_rss +0.0 MiB)
# Load packing
Begin loading packed FPGA netlist file.
Netlist generated from file 'or1200.net'.
Detected 13 constant generators (to see names run with higher pack verbosity)
Finished loading packed FPGA netlist file (took 0.156798 seconds).
Warning 3: Treated 13 constant nets as global which will not be routed (to see net names increase packer verbosity).
Warning 4: Netlist contains 79 global net to non-global architecture pin connections
Warning 5: Logic block #440 (top^icpu_sel_o~0) has only 1 output pin 'top^icpu_sel_o~0.O[9]'. It may be a constant generator.
Warning 6: Logic block #441 (top^icpu_sel_o~1) has only 1 output pin 'top^icpu_sel_o~1.O[9]'. It may be a constant generator.
Warning 7: Logic block #442 (top^icpu_sel_o~2) has only 1 output pin 'top^icpu_sel_o~2.O[9]'. It may be a constant generator.
Warning 8: Logic block #443 (top^icpu_sel_o~3) has only 1 output pin 'top^icpu_sel_o~3.O[9]'. It may be a constant generator.
Warning 9: Logic block #444 (top^icpu_tag_o~0) has only 1 output pin 'top^icpu_tag_o~0.O[9]'. It may be a constant generator.
Warning 10: Logic block #445 (top^icpu_tag_o~1) has only 1 output pin 'top^icpu_tag_o~1.O[9]'. It may be a constant generator.
Warning 11: Logic block #446 (top^icpu_tag_o~2) has only 1 output pin 'top^icpu_tag_o~2.O[9]'. It may be a constant generator.
Warning 12: Logic block #447 (top^icpu_tag_o~3) has only 1 output pin 'top^icpu_tag_o~3.O[9]'. It may be a constant generator.
Warning 13: Logic block #448 (top^du_except~2) has only 1 output pin 'top^du_except~2.O[9]'. It may be a constant generator.
Warning 14: Logic block #449 (top^dcpu_tag_o~1) has only 1 output pin 'top^dcpu_tag_o~1.O[9]'. It may be a constant generator.
Warning 15: Logic block #450 (top^dcpu_tag_o~2) has only 1 output pin 'top^dcpu_tag_o~2.O[9]'. It may be a constant generator.
Warning 16: Logic block #451 (top^dcpu_tag_o~3) has only 1 output pin 'top^dcpu_tag_o~3.O[9]'. It may be a constant generator.
Warning 17: Logic block #452 (gnd) has only 1 output pin 'gnd.O[9]'. It may be a constant generator.
Completed clustering consistency check successfully.
Cluster level netlist and block usage statistics
Netlist num_nets: 2365
Netlist num_blocks: 1147
Netlist EMPTY blocks: 0.
Netlist io blocks: 779.
Netlist clb blocks: 365.
Netlist mult_36 blocks: 1.
Netlist memory blocks: 2.
Netlist inputs pins: 385
Netlist output pins: 394

Pb types usage...
  io                   : 779
   inpad               : 385
   outpad              : 394
  clb                  : 365
   fle                 : 3054
    ble6               : 3054
     lut6              : 3054
      lut              : 3054
     ff                : 691
  mult_36              : 1
   mult_36x36_slice    : 1
    mult_36x36         : 1
  memory               : 2
   mem_1024x32_dp      : 2
    memory_slice       : 64

# Load packing took 0.24 seconds (max_rss 344.0 MiB, delta_rss +0.0 MiB)
# Create Device
## Build Device Grid
FPGA sized to 27 x 27: 729 grid tiles (auto)

Resource usage...
	Netlist
		779	blocks of type: io
	Architecture
		800	blocks of type: io
	Netlist
		365	blocks of type: clb
	Architecture
		475	blocks of type: clb
	Netlist
		1	blocks of type: mult_36
	Architecture
		18	blocks of type: mult_36
	Netlist
		2	blocks of type: memory
	Architecture
		12	blocks of type: memory

Device Utilization: 0.66 (target 1.00)
	Physical Tile io:
	Block Utilization: 0.97 Logical Block: io
	Physical Tile clb:
	Block Utilization: 0.77 Logical Block: clb
	Physical Tile mult_36:
	Block Utilization: 0.06 Logical Block: mult_36
	Physical Tile memory:
	Block Utilization: 0.17 Logical Block: memory

FPGA size limited by block type(s): io

## Build Device Grid took 0.00 seconds (max_rss 344.0 MiB, delta_rss +0.0 MiB)
## Build routing resource graph
## Build routing resource graph took 0.26 seconds (max_rss 344.0 MiB, delta_rss +0.0 MiB)
  RR Graph Nodes: 75898
  RR Graph Edges: 693657
# Create Device took 0.28 seconds (max_rss 344.0 MiB, delta_rss +0.0 MiB)


Bounding box mode is Cube

# Compressed grid construction
# Compressed grid construction took 0.00 seconds (max_rss 344.0 MiB, delta_rss +0.0 MiB)
# Placement
## Initial Placement
Initial placement iteration 0 has finished successfully
## Initial Placement took 0.00 seconds (max_rss 344.0 MiB, delta_rss +0.0 MiB)
Using simple RL 'Softmax agent' for choosing move and block types

BB estimate of min-dist (placement) wire length: 70692

Completed placement consistency check successfully.
Initial placement cost: 1 bb_cost: 706.919 td_cost: nan
Placement contains 0 placement macros involving 0 blocks (average macro size -nan)

Moves per temperature: 6001

---- ------ ------- ------- ---------- ---------- ------- ---------- -------- ------- ------- ------ -------- --------- ------
Tnum   Time       T Av Cost Av BB Cost Av TD Cost     CPD       sTNS     sWNS Ac Rate Std Dev  R lim Crit Exp Tot Moves  Alpha
      (sec)                                          (ns)       (ns)     (ns)                                                 
---- ------ ------- ------- ---------- ---------- ------- ---------- -------- ------- ------- ------ -------- --------- ------
   1    0.0 1.0e+02   0.991     700.85 nan            nan        nan      nan   0.985  0.0086   26.0     0.00      6001  1.000
   2    0.0 8.0e+01   0.992     696.61 nan            nan        nan      nan   0.987  0.0102   26.0     0.00     12002  1.000
   3    0.0 6.4e+01   1.013     704.66 nan            nan        nan      nan   0.985  0.0064   26.0     0.00     18003  1.000
   4    0.0 5.1e+01   1.025     703.86 nan            nan        nan      nan   0.986  0.0124   26.0     0.00     24004  1.000
   5    0.0 4.1e+01   0.981     699.76 nan            nan        nan      nan   0.984  0.0170   26.0     0.00     30005  1.000
   6    0.0 3.3e+01   1.018     696.83 nan            nan        nan      nan   0.985  0.0108   26.0     0.00     36006  1.000
   7    0.0 2.6e+01   0.990     696.12 nan            nan        nan      nan   0.986  0.0069   26.0     0.00     42007  1.000
   8    0.0 2.1e+01   0.999     695.24 nan            nan        nan      nan   0.983  0.0109   26.0     0.00     48008  1.000
   9    0.0 1.7e+01   0.987     695.11 nan            nan        nan      nan   0.985  0.0097   26.0     0.00     54009  1.000
  10    0.0 1.3e+01   0.987     692.12 nan            nan        nan      nan   0.983  0.0078   26.0     0.00     60010  1.000
  11    0.0 1.1e+01   1.011     695.08 nan            nan        nan      nan   0.985  0.0083   26.0     0.00     66011  1.000
  12    0.0 8.6e+00   1.001     692.42 nan            nan        nan      nan   0.987  0.0077   26.0     0.00     72012  1.000
  13    0.0 6.9e+00   0.998     700.44 nan            nan        nan      nan   0.984  0.0063   26.0     0.00     78013  1.000
  14    0.0 5.5e+00   0.989     691.66 nan            nan        nan      nan   0.986  0.0069   26.0     0.00     84014  1.000
  15    0.0 4.4e+00   1.013     692.48 nan            nan        nan      nan   0.987  0.0082   26.0     0.00     90015  1.000
  16    0.0 3.5e+00   1.016     694.66 nan            nan        nan      nan   0.987  0.0102   26.0     0.00     96016  1.000
  17    0.0 2.8e+00   1.017     694.84 nan            nan        nan      nan   0.984  0.0129   26.0     0.00    102017  1.000
  18    0.0 2.3e+00   1.032     696.55 nan            nan        nan      nan   0.981  0.0097   26.0     0.00    108018  1.000
  19    0.0 1.8e+00   1.030     701.47 nan            nan        nan      nan   0.984  0.0092   26.0     0.00    114019  1.000
  20    0.0 1.4e+00   0.998     695.67 nan            nan        nan      nan   0.983  0.0102   26.0     0.00    120020  1.000
  21    0.0 1.2e+00   1.007     689.67 nan            nan        nan      nan   0.983  0.0099   26.0     0.00    126021  1.000
  22    0.0 9.2e-01   1.013     692.78 nan            nan        nan      nan   0.986  0.0070   26.0     0.00    132022  1.000
  23    0.0 7.4e-01   0.986     694.40 nan            nan        nan      nan   0.983  0.0078   26.0     0.00    138023  1.000
  24    0.0 5.9e-01   0.968     691.94 nan            nan        nan      nan   0.987  0.0127   26.0     0.00    144024  1.000
  25    0.0 4.7e-01   1.017     688.17 nan            nan        nan      nan   0.983  0.0066   26.0     0.00    150025  1.000
  26    0.0 3.8e-01   0.996     685.84 nan            nan        nan      nan   0.984  0.0098   26.0     0.00    156026  1.000
  27    0.0 3.0e-01   0.992     695.72 nan            nan        nan      nan   0.982  0.0100   26.0     0.00    162027  1.000
  28    0.0 2.4e-01   1.004     695.68 nan            nan        nan      nan   0.981  0.0080   26.0     0.00    168028  1.000
  29    0.0 1.9e-01   0.986     689.79 nan            nan        nan      nan   0.981  0.0069   26.0     0.00    174029  1.000
  30    0.0 1.5e-01   1.008     693.72 nan            nan        nan      nan   0.983  0.0135   26.0     0.00    180030  1.000
  31    0.0 1.2e-01   0.997     698.17 nan            nan        nan      nan   0.981  0.0068   26.0     0.00    186031  1.000
  32    0.0 9.9e-02   0.995     693.06 nan            nan        nan      nan   0.981  0.0070   26.0     0.00    192032  1.000
  33    0.0 7.9e-02   0.987     693.55 nan            nan        nan      nan   0.981  0.0084   26.0     0.00    198033  1.000
  34    0.0 6.3e-02   1.019     693.60 nan            nan        nan      nan   0.984  0.0094   26.0     0.00    204034  1.000
  35    0.0 5.1e-02   1.005     694.68 nan            nan        nan      nan   0.980  0.0078   26.0     0.00    210035  1.000
  36    0.0 4.1e-02   1.010     696.57 nan            nan        nan      nan   0.983  0.0107   26.0     0.00    216036  1.000
  37    0.0 3.2e-02   0.986     682.21 nan            nan        nan      nan   0.976  0.0104   26.0     0.00    222037  1.000
  38    0.0 2.6e-02   1.011     689.48 nan            nan        nan      nan   0.981  0.0128   26.0     0.00    228038  1.000
  39    0.0 2.1e-02   0.998     688.59 nan            nan        nan      nan   0.977  0.0106   26.0     0.00    234039  1.000
  40    0.0 1.7e-02   1.009     682.94 nan            nan        nan      nan   0.977  0.0084   26.0     0.00    240040  1.000
  41    0.0 1.3e-02   1.006     687.57 nan            nan        nan      nan   0.973  0.0066   26.0     0.00    246041  1.000
  42    0.0 1.1e-02   1.006     687.05 nan            nan        nan      nan   0.971  0.0071   26.0     0.00    252042  1.000
  43    0.0 8.5e-03   0.985     686.38 nan            nan        nan      nan   0.969  0.0073   26.0     0.00    258043  1.000
  44    0.0 6.8e-03   0.992     678.27 nan            nan        nan      nan   0.964  0.0075   26.0     0.00    264044  1.000
  45    0.0 5.4e-03   1.015     681.16 nan            nan        nan      nan   0.960  0.0100   26.0     0.00    270045  1.000
  46    0.0 4.4e-03   0.986     665.97 nan            nan        nan      nan   0.953  0.0077   26.0     0.00    276046  1.000
  47    0.0 3.5e-03   1.006     666.28 nan            nan        nan      nan   0.937  0.0068   26.0     0.00    282047  1.000
  48    0.0 2.8e-03   0.983     656.95 nan            nan        nan      nan   0.931  0.0078   26.0     0.00    288048  1.000
  49    0.0 2.2e-03   0.999     653.61 nan            nan        nan      nan   0.915  0.0064   26.0     0.00    294049  1.000
  50    0.0 1.8e-03   0.994     646.92 nan            nan        nan      nan   0.895  0.0063   26.0     0.00    300050  1.000
  51    0.0 1.4e-03   0.988     639.80 nan            nan        nan      nan   0.872  0.0086   26.0     0.00    306051  1.000
  52    0.0 1.1e-03   0.983     620.94 nan            nan        nan      nan   0.849  0.0101   26.0     0.00    312052  1.000
  53    0.0 9.1e-04   0.996     605.85 nan            nan        nan      nan   0.823  0.0056   26.0     0.00    318053  1.000
  54    0.0 7.3e-04   0.968     579.21 nan            nan        nan      nan   0.786  0.0116   26.0     0.00    324054  1.000
  55    0.0 5.8e-04   0.973     561.62 nan            nan        nan      nan   0.750  0.0101   26.0     0.00    330055  1.000
  56    0.0 4.7e-04   0.972     540.52 nan            nan        nan      nan   0.717  0.0110   26.0     0.00    336056  1.000
  57    0.0 3.7e-04   0.966     514.41 nan            nan        nan      nan   0.675  0.0194   26.0     0.00    342057  1.000
  58    0.0 3.0e-04   0.986     491.23 nan            nan        nan      nan   0.621  0.0054   26.0     0.00    348058  1.000
  59    0.0 2.4e-04   0.978     476.68 nan            nan        nan      nan   0.570  0.0097   26.0     0.00    354059  1.000
  60    0.0 1.9e-04   0.978     457.85 nan            nan        nan      nan   0.487  0.0095   26.0     0.00    360060  1.000
  61    0.0 1.5e-04   0.972     438.85 nan            nan        nan      nan   0.418  0.0136   26.0     0.00    366061  1.000
  62    0.0 1.2e-04   0.981     422.41 nan            nan        nan      nan   0.368  0.0094   26.0     0.00    372062  1.000
  63    0.0 9.8e-05   0.986     409.63 nan            nan        nan      nan   0.294  0.0061   26.0     0.00    378063  1.000
  64    0.0 7.8e-05   0.987     400.15 nan            nan        nan      nan   0.272  0.0050   26.0     0.00    384064  1.000
  65    0.0 6.3e-05   0.991     393.90 nan            nan        nan      nan   0.238  0.0043   26.0     0.00    390065  1.000
  66    0.0 5.0e-05   0.992     388.23 nan            nan        nan      nan   0.209  0.0049   26.0     0.00    396066  1.000
  67    0.0 4.0e-05   0.995     382.86 nan            nan        nan      nan   0.185  0.0025   26.0     0.00    402067  1.000
  68    0.0 3.2e-05   0.996     379.77 nan            nan        nan      nan   0.154  0.0026   26.0     0.00    408068  1.000
  69    0.0 2.6e-05   0.997     376.94 nan            nan        nan      nan   0.134  0.0021   26.0     0.00    414069  1.000
  70    0.0 2.1e-05   0.997     374.39 nan            nan        nan      nan   0.130  0.0017   26.0     0.00    420070  1.000
  71    0.0 1.6e-05   0.996     371.94 nan            nan        nan      nan   0.124  0.0016   26.0     0.00    426071  1.000
  72    0.0 1.3e-05   0.998     370.43 nan            nan        nan      nan   0.113  0.0013   26.0     0.00    432072  1.000
  73    0.0 1.1e-05   0.997     368.66 nan            nan        nan      nan   0.104  0.0014   26.0     0.00    438073  1.000
  74    0.0 8.4e-06   0.998     367.18 nan            nan        nan      nan   0.101  0.0009   26.0     0.00    444074  1.000
  75    0.0 6.7e-06   0.997     365.58 nan            nan        nan      nan   0.098  0.0015   26.0     0.00    450075  1.000
  76    0.0 5.4e-06   0.999     364.63 nan            nan        nan      nan   0.096  0.0006   26.0     0.00    456076  1.000
  77    0.0 4.3e-06   0.999     363.84 nan            nan        nan      nan   0.098  0.0006   26.0     0.00    462077  1.000
  78    0.0 3.5e-06   0.999     363.17 nan            nan        nan      nan   0.091  0.0005   26.0     0.00    468078  1.000
  79    0.0 2.8e-06   0.999     362.70 nan            nan        nan      nan   0.087  0.0003   26.0     0.00    474079  1.000
  80    0.0 2.2e-06   0.999     362.27 nan            nan        nan      nan   0.089  0.0005   26.0     0.00    480080  1.000
  81    0.0 1.8e-06   0.999     361.71 nan            nan        nan      nan   0.091  0.0005   26.0     0.00    486081  1.000
  82    0.0 1.4e-06   1.000     361.35 nan            nan        nan      nan   0.082  0.0002   26.0     0.00    492082  1.000
  83    0.0 1.1e-06   0.999     361.03 nan            nan        nan      nan   0.086  0.0003   26.0     0.00    498083  1.000
  84    0.0 9.0e-07   1.000     360.74 nan            nan        nan      nan   0.088  0.0001   26.0     0.00    504084  1.000
  85    0.0 7.2e-07   1.000     360.51 nan            nan        nan      nan   0.087  0.0002   26.0     0.00    510085  1.000
  86    0.0 5.8e-07   0.999     360.06 nan            nan        nan      nan   0.085  0.0004   26.0     0.00    516086  1.000
  87    0.0 4.6e-07   0.999     359.58 nan            nan        nan      nan   0.083  0.0004   26.0     0.00    522087  1.000
  88    0.0 3.7e-07   1.000     359.23 nan            nan        nan      nan   0.088  0.0004   26.0     0.00    528088  1.000
  89    0.0 3.0e-07   0.999     358.78 nan            nan        nan      nan   0.084  0.0003   26.0     0.00    534089  1.000
  90    0.0 2.4e-07   1.000     358.53 nan            nan        nan      nan   0.076  0.0002   26.0     0.00    540090  1.000
  91    0.0 1.9e-07   1.000     358.25 nan            nan        nan      nan   0.078  0.0002   26.0     0.00    546091  1.000
  92    0.0 1.5e-07   1.000     358.01 nan            nan        nan      nan   0.082  0.0002   26.0     0.00    552092  1.000
  93    0.0 1.2e-07   1.000     357.73 nan            nan        nan      nan   0.081  0.0002   26.0     0.00    558093  1.000
  94    0.0 9.7e-08   1.000     357.55 nan            nan        nan      nan   0.083  0.0001   26.0     0.00    564094  1.000
  95    0.0 7.8e-08   1.000     357.34 nan            nan        nan      nan   0.075  0.0003   26.0     0.00    570095  1.000
  96    0.0 6.2e-08   1.000     357.06 nan            nan        nan      nan   0.074  0.0002   26.0     0.00    576096  1.000
  97    0.0 5.0e-08   1.000     356.79 nan            nan        nan      nan   0.080  0.0003   26.0     0.00    582097  1.000
  98    0.0 4.0e-08   1.000     356.61 nan            nan        nan      nan   0.077  0.0001   26.0     0.00    588098  1.000
  99    0.0 3.2e-08   1.000     356.47 nan            nan        nan      nan   0.083  0.0001   26.0     0.00    594099  1.000
 100    0.0 2.5e-08   1.000     356.32 nan            nan        nan      nan   0.076  0.0002   26.0     0.00    600100  1.000
 101    0.0 2.0e-08   1.000     356.15 nan            nan        nan      nan   0.079  0.0001   26.0     0.00    606101  1.000
 102    0.0 1.6e-08   1.000     356.00 nan            nan        nan      nan   0.076  0.0002   26.0     0.00    612102  1.000
 103    0.0 1.3e-08   1.000     355.67 nan            nan        nan      nan   0.086  0.0002   26.0     0.00    618103  1.000
 104    0.0 1.0e-08   1.000     355.57 nan            nan        nan      nan   0.073  0.0000   26.0     0.00    624104  1.000
 105    0.0 8.3e-09   0.999     355.34 nan            nan        nan      nan   0.076  0.0003   26.0     0.00    630105  1.000
 106    0.0 6.7e-09   1.000     355.16 nan            nan        nan      nan   0.079  0.0001   26.0     0.00    636106  1.000
 107    0.0 5.3e-09   1.000     355.08 nan            nan        nan      nan   0.086  0.0000   26.0     0.00    642107  1.000
 108    0.0 4.3e-09   1.000     355.04 nan            nan        nan      nan   0.079  0.0001   26.0     0.00    648108  1.000
 109    0.0 3.4e-09   1.000     354.89 nan            nan        nan      nan   0.077  0.0002   26.0     0.00    654109  1.000
 110    0.0 2.7e-09   1.000     354.65 nan            nan        nan      nan   0.078  0.0002   26.0     0.00    660110  1.000
 111    0.0 2.2e-09   1.000     354.51 nan            nan        nan      nan   0.076  0.0001   26.0     0.00    666111  1.000
 112    0.0 1.7e-09   1.000     354.43 nan            nan        nan      nan   0.078  0.0001   26.0     0.00    672112  1.000
 113    0.0 1.4e-09   1.000     354.37 nan            nan        nan      nan   0.084  0.0000   26.0     0.00    678113  1.000
 114    0.0 1.1e-09   1.000     354.31 nan            nan        nan      nan   0.073  0.0000   26.0     0.00    684114  1.000
 115    0.0 9.0e-10   1.000     354.12 nan            nan        nan      nan   0.080  0.0002   26.0     0.00    690115  1.000
 116    0.0 7.2e-10   1.000     353.99 nan            nan        nan      nan   0.076  0.0001   26.0     0.00    696116  1.000
 117    0.0 5.7e-10   1.000     353.89 nan            nan        nan      nan   0.068  0.0001   26.0     0.00    702117  1.000
 118    0.0 4.6e-10   1.000     353.67 nan            nan        nan      nan   0.076  0.0001   26.0     0.00    708118  1.000
 119    0.0 3.7e-10   1.000     353.60 nan            nan        nan      nan   0.072  0.0000   26.0     0.00    714119  1.000
 120    0.0 2.9e-10   1.000     353.54 nan            nan        nan      nan   0.074  0.0001   26.0     0.00    720120  1.000
 121    0.0 2.3e-10   1.000     353.47 nan            nan        nan      nan   0.077  0.0001   26.0     0.00    726121  1.000
 122    0.0 1.9e-10   1.000     353.41 nan            nan        nan      nan   0.076  0.0001   26.0     0.00    732122  1.000
 123    0.0 1.5e-10   1.000     353.35 nan            nan        nan      nan   0.078  0.0001   26.0     0.00    738123  1.000
 124    0.0 1.2e-10   1.000     353.24 nan            nan        nan      nan   0.072  0.0002   26.0     0.00    744124  1.000
 125    0.0 0.0e+00   1.000     353.12 nan            nan        nan      nan   0.041  0.0001   26.0     0.00    750125  1.000
## Placement Quench took 0.01 seconds (max_rss 344.0 MiB)

BB estimate of min-dist (placement) wire length: 35311

Completed placement consistency check successfully.

Swaps called: 750125

Aborted Move Reasons:
  No moves aborted
Placement cost: 0.999795, bb_cost: 353.109, td_cost: nan, 

Placement resource usage:
  io      implemented as io     : 779
  clb     implemented as clb    : 365
  mult_36 implemented as mult_36: 1
  memory  implemented as memory : 2

Placement number of temperatures: 125
Placement total # of swap attempts: 750125
	Swaps accepted: 377331 (50.3 %)
	Swaps rejected: 360724 (48.1 %)
	Swaps aborted:  12070 ( 1.6 %)


Placement perturbation distribution by block and move type: 
------------------ ----------------- ---------------- ---------------- --------------- ------------ 
    Block Type         Move Type       (%) of Total      Accepted(%)     Rejected(%)    Aborted(%)
------------------ ----------------- ---------------- ---------------- --------------- ------------ 
io                 Uniform                23.24            45.47           54.53          0.00         
                   Median                 29.33            44.78           51.03          4.19         
                   Centroid               29.09            47.40           52.60          0.00         

clb                Uniform                3.57             86.18           13.82          0.00         
                   Median                 8.90             60.57           35.17          4.27         
                   Centroid               5.65             75.46           24.54          0.00         

mult_36            Uniform                0.03             38.94           61.06          0.00         
                   Median                 0.02             33.15           66.85          0.00         
                   Centroid               0.03             38.74           61.26          0.00         

memory             Uniform                0.05             41.95           58.05          0.00         
                   Median                 0.05             37.66           62.34          0.00         
                   Centroid               0.05             40.69           59.31          0.00         


Placement Quench timing analysis took 0 seconds (0 STA, 0 slack) (0 full updates: 0 setup, 0 hold, 0 combined).
Placement Total  timing analysis took 0 seconds (0 STA, 0 slack) (0 full updates: 0 setup, 0 hold, 0 combined).
update_td_costs: connections 0 nets 0 sum_nets 0 total 0
# Placement took 1.00 seconds (max_rss 344.0 MiB, delta_rss +0.0 MiB)

Flow timing analysis took 0.00420601 seconds (0.00365739 STA, 0.000548616 slack) (1 full updates: 1 setup, 0 hold, 0 combined).
VPR succeeded
The entire flow of VPR took 2.32 seconds (max_rss 344.0 MiB)
