VPR FPGA Placement and Routing.
Version: 9.0.0-dev+v8.0.0-11943-g8cb20aa52
Revision: v8.0.0-11943-g8cb20aa52
Compiled: 2025-11-06T23:45:49
Compiler: GNU 13.3.0 on Linux-6.6.87.2-microsoft-standard-WSL2 x86_64
Build Info: release IPO VTR_ASSERT_LEVEL=2

University of Toronto
verilogtorouting.org
vtr-users@googlegroups.com
This is free open source code under MIT license.

Warning 1: To use RLPlace for WLdriven placements, the reward function should be basic or nonPenalizing_basic.
you can specify the reward function using --place_reward_fun.
Setting the placement reward function to "basic"
VPR was run with the following command-line:
./vtr-verilog-to-routing/vpr/vpr k6_N10_mem32K_40nm.xml or1200.blif --pack --place --place_algorithm bounding_box --seed 1 --init_t 0.0001 --exit_t 1e-07


Architecture file: k6_N10_mem32K_40nm.xml
Circuit name: or1200

# Loading Architecture Description
# Loading Architecture Description took 0.00 seconds (max_rss 406.7 MiB, delta_rss +0.0 MiB)

Timing analysis: ON
Circuit netlist file: or1200.net
Circuit placement file: or1200.place
Circuit routing file: or1200.route
Circuit SDC file: or1200.sdc
Vpr floorplanning constraints file: not specified

Packer: ENABLED
Placer: ENABLED
Analytical Placer: DISABLED
Router: DISABLED
Analysis: DISABLED

VPR was run with the following options:

NetlistOpts.absorb_buffer_luts            : true
NetlistOpts.sweep_dangling_primary_ios    : true
NetlistOpts.sweep_dangling_nets           : true
NetlistOpts.sweep_dangling_blocks         : true
NetlistOpts.sweep_constant_primary_outputs: false
NetlistOpts.netlist_verbosity             : 1
NetlistOpts.const_gen_inference           : COMB_SEQ

PackerOpts.allow_unrelated_clustering: auto
PackerOpts.alpha_clustering: 0.750000
PackerOpts.beta_clustering: 0.900000
PackerOpts.cluster_seed_type: BLEND2
PackerOpts.connection_driven: true
PackerOpts.global_clocks: true
PackerOpts.inter_cluster_net_delay: 1.000000
PackerOpts.timing_driven: true
PackerOpts.target_external_pin_util: auto

PlacerOpts.place_freq: PLACE_ONCE
PlacerOpts.place_algorithm: BOUNDING_BOX_PLACE
PlacerOpts.pad_loc_type: FREE
PlacerOpts.constraints_file: No constraints file given
PlacerOpts.place_chan_width: 100
PlacerOpts.rlim_escape_fraction: 0.000000
PlacerOpts.move_stats_file: 
PlacerOpts.placement_saves_per_temperature: 0
PlacerOpts.effort_scaling: CIRCUIT
PlacerOpts.place_delta_delay_matrix_calculation_method: ASTAR_ROUTE
PlaceOpts.seed: 1
AnnealSched.type: USER_SCHED
AnnealSched.inner_num: 0.500000
AnnealSched.init_t: 0.000100
AnnealSched.alpha_t: 0.800000
AnnealSched.exit_t: 0.000000

# Building complex block graph
Warning 2: io[0].clock[0] unconnected pin in architecture.
# Building complex block graph took 0.01 seconds (max_rss 406.7 MiB, delta_rss +0.0 MiB)
Circuit file: or1200.blif
# Load circuit
Found constant-one generator 'top^icpu_sel_o~0'
Found constant-one generator 'top^icpu_sel_o~1'
Found constant-one generator 'top^icpu_sel_o~2'
Found constant-one generator 'top^icpu_sel_o~3'
Found constant-one generator 'top^icpu_tag_o~0'
Found constant-zero generator 'top^icpu_tag_o~1'
Found constant-zero generator 'top^icpu_tag_o~2'
Found constant-zero generator 'top^icpu_tag_o~3'
Found constant-zero generator 'top^du_except~2'
Found constant-zero generator 'top^dcpu_tag_o~1'
Found constant-zero generator 'top^dcpu_tag_o~2'
Found constant-zero generator 'top^dcpu_tag_o~3'
Found constant-zero generator 'unconn'
Found constant-zero generator 'gnd'
# Load circuit took 0.03 seconds (max_rss 406.7 MiB, delta_rss +0.0 MiB)
# Clean circuit
Absorbed 81 LUT buffers
Inferred    0 additional primitive pins as constant generators since they have no combinationally connected inputs
Inferred    0 additional primitive pins as constant generators due to constant inputs
Inferred    0 additional primitive pins as constant generators since they have no combinationally connected inputs
Inferred    0 additional primitive pins as constant generators due to constant inputs
Inferred    0 additional primitive pins as constant generators since they have no combinationally connected inputs
Inferred    0 additional primitive pins as constant generators due to constant inputs
Swept input(s)      : 3
Swept output(s)     : 0 (0 dangling, 0 constant)
Swept net(s)        : 75
Swept block(s)      : 0
Constant Pins Marked: 0
# Clean circuit took 0.00 seconds (max_rss 406.7 MiB, delta_rss +0.0 MiB)
# Compress circuit
# Compress circuit took 0.00 seconds (max_rss 406.7 MiB, delta_rss +0.0 MiB)
# Verify circuit
# Verify circuit took 0.00 seconds (max_rss 406.7 MiB, delta_rss +0.0 MiB)
Circuit Statistics:
  Blocks: 4589
    .input       :     385
    .latch       :     691
    .names       :    3054
        0-LUT:      13
        2-LUT:     157
        3-LUT:     556
        4-LUT:     405
        5-LUT:     656
        6-LUT:    1267
    .output      :     394
    dual_port_ram:      64
    multiply     :       1
  Nets  : 4258
    Avg Fanout:     4.1
    Max Fanout:   755.0
    Min Fanout:     1.0
  Netlist Clocks: 1
# Build Timing Graph
  Timing Graph Nodes: 21542
  Timing Graph Edges: 38206
  Timing Graph Levels: 58
# Build Timing Graph took 0.01 seconds (max_rss 406.7 MiB, delta_rss +0.0 MiB)
Netlist contains 1 clocks
  Netlist Clock 'top^clk' Fanout: 755 pins (3.5%), 755 blocks (16.5%)
# Load Timing Constraints

SDC file 'or1200.sdc' not found
Setting default timing constraints:
   * constrain all primay inputs and primary outputs on netlist clock 'top^clk'
   * optimize netlist clock to run as fast as possible
Timing constraints created 1 clocks
  Constrained Clock 'top^clk' Source: 'top^clk.inpad[0]'

# Load Timing Constraints took 0.00 seconds (max_rss 406.7 MiB, delta_rss +0.0 MiB)
# Packing
Begin packing 'or1200.blif'.

After removing unused inputs...
	total blocks: 4589, total nets: 4258, total inputs: 385, total outputs: 394
Begin prepacking.
0 attraction groups were created during prepacking.
Finish prepacking.
Using inter-cluster delay: 1.33777e-09
Packing with pin utilization targets: io:1,1 clb:0.8,0.6 mult_36:1,1 memory:1,1
Packing with high fanout thresholds: io:128 clb:32 mult_36:128 memory:128
Starting Clustering - Clustering Progress: 
-------------------   --------------------------   ---------
Molecules processed   Number of clusters created   FPGA size
-------------------   --------------------------   ---------
   162/3898      4%                           13    12 x 12    
   321/3898      8%                           29    12 x 12    
   481/3898     12%                           45    12 x 12    
   637/3898     16%                           61    12 x 12    
   794/3898     20%                           77    13 x 13    
   957/3898     24%                           94    14 x 14    
  1112/3898     28%                          110    14 x 14    
  1274/3898     32%                          127    15 x 15    
  1432/3898     36%                          143    16 x 16    
  1587/3898     40%                          159    17 x 17    
  1744/3898     44%                          176    18 x 18    
  1906/3898     48%                          195    18 x 18    
  2061/3898     52%                          212    19 x 19    
  2222/3898     57%                          230    20 x 20    
  2382/3898     61%                          250    21 x 21    
  2540/3898     65%                          269    21 x 21    
  2698/3898     69%                          294    22 x 22    
  2853/3898     73%                          326    23 x 23    
  3012/3898     77%                          354    23 x 23    
  3167/3898     81%                          416    24 x 24    
  3322/3898     85%                          571    25 x 25    
  3477/3898     89%                          726    25 x 25    
  3632/3898     93%                          881    25 x 25    
  3787/3898     97%                         1036    25 x 25    
  3898/3898    100%                         1147    27 x 27    

Logic Element (fle) detailed count:
  Total number of Logic Elements used : 3054
  LEs used for logic and registers    : 691
  LEs used for logic only             : 2363
  LEs used for registers only         : 0

Incr Slack updates 1 in 0.000190093 sec
Full Max Req/Worst Slack updates 1 in 1.8659e-05 sec
Incr Max Req/Worst Slack updates 0 in 0 sec
Incr Criticality updates 0 in 0 sec
Full Criticality updates 1 in 0.000250843 sec
FPGA sized to 27 x 27 (auto)
Device Utilization: 0.66 (target 1.00)
	Block Utilization: 0.97 Type: io
	Block Utilization: 0.77 Type: clb
	Block Utilization: 0.06 Type: mult_36
	Block Utilization: 0.17 Type: memory

Start the iterative improvement process
the iterative improvement process is done
Final Clustering Statistics: 
----------   --------   ------------------------------------   --------------------------
Block Type   # Blocks   Avg. # of input clocks and pins used   Avg. # of output pins used
----------   --------   ------------------------------------   --------------------------
     EMPTY          0                                      0                            0   
        io        779                               0.505777                     0.494223   
       clb        365                                21.9452                      5.07397   
   mult_36          1                                     64                           64   
    memory          2                                     77                           32   
Absorbed logical nets 1893 out of 4258 nets, 2365 nets not absorbed.

Netlist conversion complete.

# Packing took 0.69 seconds (max_rss 406.7 MiB, delta_rss +0.0 MiB)
# Load packing
Begin loading packed FPGA netlist file.
Netlist generated from file 'or1200.net'.
Detected 13 constant generators (to see names run with higher pack verbosity)
Finished loading packed FPGA netlist file (took 0.147803 seconds).
Warning 3: Treated 13 constant nets as global which will not be routed (to see net names increase packer verbosity).
Warning 4: Netlist contains 79 global net to non-global architecture pin connections
Warning 5: Logic block #440 (top^icpu_sel_o~0) has only 1 output pin 'top^icpu_sel_o~0.O[9]'. It may be a constant generator.
Warning 6: Logic block #441 (top^icpu_sel_o~1) has only 1 output pin 'top^icpu_sel_o~1.O[9]'. It may be a constant generator.
Warning 7: Logic block #442 (top^icpu_sel_o~2) has only 1 output pin 'top^icpu_sel_o~2.O[9]'. It may be a constant generator.
Warning 8: Logic block #443 (top^icpu_sel_o~3) has only 1 output pin 'top^icpu_sel_o~3.O[9]'. It may be a constant generator.
Warning 9: Logic block #444 (top^icpu_tag_o~0) has only 1 output pin 'top^icpu_tag_o~0.O[9]'. It may be a constant generator.
Warning 10: Logic block #445 (top^icpu_tag_o~1) has only 1 output pin 'top^icpu_tag_o~1.O[9]'. It may be a constant generator.
Warning 11: Logic block #446 (top^icpu_tag_o~2) has only 1 output pin 'top^icpu_tag_o~2.O[9]'. It may be a constant generator.
Warning 12: Logic block #447 (top^icpu_tag_o~3) has only 1 output pin 'top^icpu_tag_o~3.O[9]'. It may be a constant generator.
Warning 13: Logic block #448 (top^du_except~2) has only 1 output pin 'top^du_except~2.O[9]'. It may be a constant generator.
Warning 14: Logic block #449 (top^dcpu_tag_o~1) has only 1 output pin 'top^dcpu_tag_o~1.O[9]'. It may be a constant generator.
Warning 15: Logic block #450 (top^dcpu_tag_o~2) has only 1 output pin 'top^dcpu_tag_o~2.O[9]'. It may be a constant generator.
Warning 16: Logic block #451 (top^dcpu_tag_o~3) has only 1 output pin 'top^dcpu_tag_o~3.O[9]'. It may be a constant generator.
Warning 17: Logic block #452 (gnd) has only 1 output pin 'gnd.O[9]'. It may be a constant generator.
Completed clustering consistency check successfully.
Cluster level netlist and block usage statistics
Netlist num_nets: 2365
Netlist num_blocks: 1147
Netlist EMPTY blocks: 0.
Netlist io blocks: 779.
Netlist clb blocks: 365.
Netlist mult_36 blocks: 1.
Netlist memory blocks: 2.
Netlist inputs pins: 385
Netlist output pins: 394

Pb types usage...
  io                   : 779
   inpad               : 385
   outpad              : 394
  clb                  : 365
   fle                 : 3054
    ble6               : 3054
     lut6              : 3054
      lut              : 3054
     ff                : 691
  mult_36              : 1
   mult_36x36_slice    : 1
    mult_36x36         : 1
  memory               : 2
   mem_1024x32_dp      : 2
    memory_slice       : 64

# Load packing took 0.23 seconds (max_rss 406.7 MiB, delta_rss +0.0 MiB)
# Create Device
## Build Device Grid
FPGA sized to 27 x 27: 729 grid tiles (auto)

Resource usage...
	Netlist
		779	blocks of type: io
	Architecture
		800	blocks of type: io
	Netlist
		365	blocks of type: clb
	Architecture
		475	blocks of type: clb
	Netlist
		1	blocks of type: mult_36
	Architecture
		18	blocks of type: mult_36
	Netlist
		2	blocks of type: memory
	Architecture
		12	blocks of type: memory

Device Utilization: 0.66 (target 1.00)
	Physical Tile io:
	Block Utilization: 0.97 Logical Block: io
	Physical Tile clb:
	Block Utilization: 0.77 Logical Block: clb
	Physical Tile mult_36:
	Block Utilization: 0.06 Logical Block: mult_36
	Physical Tile memory:
	Block Utilization: 0.17 Logical Block: memory

FPGA size limited by block type(s): io

## Build Device Grid took 0.00 seconds (max_rss 406.7 MiB, delta_rss +0.0 MiB)
## Build routing resource graph
## Build routing resource graph took 0.26 seconds (max_rss 406.7 MiB, delta_rss +0.0 MiB)
  RR Graph Nodes: 75898
  RR Graph Edges: 693657
# Create Device took 0.27 seconds (max_rss 406.7 MiB, delta_rss +0.0 MiB)


Bounding box mode is Cube

# Compressed grid construction
# Compressed grid construction took 0.00 seconds (max_rss 406.7 MiB, delta_rss +0.0 MiB)
# Placement
## Initial Placement
Initial placement iteration 0 has finished successfully
## Initial Placement took 0.00 seconds (max_rss 406.7 MiB, delta_rss +0.0 MiB)
Using simple RL 'Softmax agent' for choosing move and block types

BB estimate of min-dist (placement) wire length: 70692

Completed placement consistency check successfully.
Initial placement cost: 1 bb_cost: 706.919 td_cost: nan
Placement contains 0 placement macros involving 0 blocks (average macro size -nan)

Moves per temperature: 6001

---- ------ ------- ------- ---------- ---------- ------- ---------- -------- ------- ------- ------ -------- --------- ------
Tnum   Time       T Av Cost Av BB Cost Av TD Cost     CPD       sTNS     sWNS Ac Rate Std Dev  R lim Crit Exp Tot Moves  Alpha
      (sec)                                          (ns)       (ns)     (ns)                                                 
---- ------ ------- ------- ---------- ---------- ------- ---------- -------- ------- ------- ------ -------- --------- ------
   1    0.0 1.0e-04   0.838     592.64 nan            nan        nan      nan   0.458  0.0661   26.0     0.00      6001  1.000
   2    0.0 8.0e-05   0.943     503.57 nan            nan        nan      nan   0.315  0.0276   26.0     0.00     12002  1.000
   3    0.0 6.4e-05   0.971     468.10 nan            nan        nan      nan   0.253  0.0135   26.0     0.00     18003  1.000
   4    0.0 5.1e-05   0.976     446.35 nan            nan        nan      nan   0.231  0.0133   26.0     0.00     24004  1.000
   5    0.0 4.1e-05   0.981     425.67 nan            nan        nan      nan   0.201  0.0096   26.0     0.00     30005  1.000
   6    0.0 3.3e-05   0.986     413.53 nan            nan        nan      nan   0.173  0.0061   26.0     0.00     36006  1.000
   7    0.0 2.6e-05   0.992     406.60 nan            nan        nan      nan   0.161  0.0045   26.0     0.00     42007  1.000
   8    0.0 2.1e-05   0.994     400.97 nan            nan        nan      nan   0.133  0.0039   26.0     0.00     48008  1.000
   9    0.0 1.7e-05   0.993     395.69 nan            nan        nan      nan   0.123  0.0044   26.0     0.00     54009  1.000
  10    0.0 1.3e-05   0.996     391.63 nan            nan        nan      nan   0.111  0.0019   26.0     0.00     60010  1.000
  11    0.0 1.1e-05   0.997     389.23 nan            nan        nan      nan   0.101  0.0018   26.0     0.00     66011  1.000
  12    0.0 8.6e-06   0.997     386.86 nan            nan        nan      nan   0.095  0.0017   26.0     0.00     72012  1.000
  13    0.0 6.9e-06   0.998     385.32 nan            nan        nan      nan   0.092  0.0010   26.0     0.00     78013  1.000
  14    0.0 5.5e-06   0.998     383.74 nan            nan        nan      nan   0.097  0.0018   26.0     0.00     84014  1.000
  15    0.0 4.4e-06   0.998     381.72 nan            nan        nan      nan   0.091  0.0011   26.0     0.00     90015  1.000
  16    0.0 3.5e-06   0.997     379.87 nan            nan        nan      nan   0.084  0.0018   26.0     0.00     96016  1.000
  17    0.0 2.8e-06   0.999     378.58 nan            nan        nan      nan   0.083  0.0009   26.0     0.00    102017  1.000
  18    0.0 2.3e-06   0.999     377.90 nan            nan        nan      nan   0.078  0.0003   26.0     0.00    108018  1.000
  19    0.0 1.8e-06   0.999     377.15 nan            nan        nan      nan   0.083  0.0007   26.0     0.00    114019  1.000
  20    0.0 1.4e-06   0.999     376.44 nan            nan        nan      nan   0.076  0.0004   26.0     0.00    120020  1.000
  21    0.0 1.2e-06   0.999     375.93 nan            nan        nan      nan   0.075  0.0005   26.0     0.00    126021  1.000
  22    0.0 9.2e-07   0.999     375.25 nan            nan        nan      nan   0.085  0.0005   26.0     0.00    132022  1.000
  23    0.0 7.4e-07   0.999     374.63 nan            nan        nan      nan   0.085  0.0006   26.0     0.00    138023  1.000
  24    0.0 5.9e-07   0.999     373.86 nan            nan        nan      nan   0.079  0.0004   26.0     0.00    144024  1.000
  25    0.0 4.7e-07   0.999     373.39 nan            nan        nan      nan   0.078  0.0003   26.0     0.00    150025  1.000
  26    0.0 3.8e-07   0.999     372.86 nan            nan        nan      nan   0.080  0.0007   26.0     0.00    156026  1.000
  27    0.0 3.0e-07   0.999     372.19 nan            nan        nan      nan   0.076  0.0006   26.0     0.00    162027  1.000
  28    0.0 2.4e-07   0.999     371.48 nan            nan        nan      nan   0.078  0.0006   26.0     0.00    168028  1.000
  29    0.0 1.9e-07   1.000     370.91 nan            nan        nan      nan   0.078  0.0002   26.0     0.00    174029  1.000
  30    0.0 1.5e-07   0.999     370.40 nan            nan        nan      nan   0.077  0.0005   26.0     0.00    180030  1.000
  31    0.0 1.2e-07   1.000     370.06 nan            nan        nan      nan   0.075  0.0002   26.0     0.00    186031  1.000
  32    0.0 0.0e+00   1.000     369.85 nan            nan        nan      nan   0.049  0.0002   26.0     0.00    192032  1.000
## Placement Quench took 0.01 seconds (max_rss 406.7 MiB)

BB estimate of min-dist (placement) wire length: 36978

Completed placement consistency check successfully.

Swaps called: 192032

Aborted Move Reasons:
  No moves aborted
Placement cost: 0.999549, bb_cost: 369.785, td_cost: nan, 

Placement resource usage:
  io      implemented as io     : 779
  clb     implemented as clb    : 365
  mult_36 implemented as mult_36: 1
  memory  implemented as memory : 2

Placement number of temperatures: 32
Placement total # of swap attempts: 192032
	Swaps accepted:  23768 (12.4 %)
	Swaps rejected: 165075 (86.0 %)
	Swaps aborted:   3189 ( 1.7 %)


Placement perturbation distribution by block and move type: 
------------------ ----------------- ---------------- ---------------- --------------- ------------ 
    Block Type         Move Type       (%) of Total      Accepted(%)     Rejected(%)    Aborted(%)
------------------ ----------------- ---------------- ---------------- --------------- ------------ 
io                 Uniform                23.16            5.93            94.07          0.00         
                   Median                 32.41            15.32           80.59          4.09         
                   Centroid               31.61            16.03           83.97          0.00         

clb                Uniform                1.52             5.91            94.09          0.00         
                   Median                 7.49             7.84            87.67          4.49         
                   Centroid               3.49             8.35            91.65          0.00         

mult_36            Uniform                0.04             1.35            98.65          0.00         
                   Median                 0.04             0.00            100.00         0.00         
                   Centroid               0.04             0.00            100.00         0.00         

memory             Uniform                0.07             0.75            99.25          0.00         
                   Median                 0.07             0.00            100.00         0.00         
                   Centroid               0.06             0.00            100.00         0.00         


Placement Quench timing analysis took 0 seconds (0 STA, 0 slack) (0 full updates: 0 setup, 0 hold, 0 combined).
Placement Total  timing analysis took 0 seconds (0 STA, 0 slack) (0 full updates: 0 setup, 0 hold, 0 combined).
update_td_costs: connections 0 nets 0 sum_nets 0 total 0
# Placement took 0.22 seconds (max_rss 406.7 MiB, delta_rss +0.0 MiB)

Flow timing analysis took 0.00415706 seconds (0.00363602 STA, 0.000521044 slack) (1 full updates: 1 setup, 0 hold, 0 combined).
VPR succeeded
The entire flow of VPR took 1.48 seconds (max_rss 406.7 MiB)
