VPR FPGA Placement and Routing.
Version: 9.0.0-dev+v8.0.0-11943-g8cb20aa52
Revision: v8.0.0-11943-g8cb20aa52
Compiled: 2025-11-06T23:45:49
Compiler: GNU 13.3.0 on Linux-6.6.87.2-microsoft-standard-WSL2 x86_64
Build Info: release IPO VTR_ASSERT_LEVEL=2

University of Toronto
verilogtorouting.org
vtr-users@googlegroups.com
This is free open source code under MIT license.

Warning 1: To use RLPlace for WLdriven placements, the reward function should be basic or nonPenalizing_basic.
you can specify the reward function using --place_reward_fun.
Setting the placement reward function to "basic"
VPR was run with the following command-line:
./vtr-verilog-to-routing/vpr/vpr k6_N10_mem32K_40nm.xml raygentop.blif --pack --place --place_algorithm bounding_box --seed 1000 --init_t 100.0 --exit_t 1e-10


Architecture file: k6_N10_mem32K_40nm.xml
Circuit name: raygentop

# Loading Architecture Description
# Loading Architecture Description took 0.00 seconds (max_rss 344.0 MiB, delta_rss +0.0 MiB)

Timing analysis: ON
Circuit netlist file: raygentop.net
Circuit placement file: raygentop.place
Circuit routing file: raygentop.route
Circuit SDC file: raygentop.sdc
Vpr floorplanning constraints file: not specified

Packer: ENABLED
Placer: ENABLED
Analytical Placer: DISABLED
Router: DISABLED
Analysis: DISABLED

VPR was run with the following options:

NetlistOpts.absorb_buffer_luts            : true
NetlistOpts.sweep_dangling_primary_ios    : true
NetlistOpts.sweep_dangling_nets           : true
NetlistOpts.sweep_dangling_blocks         : true
NetlistOpts.sweep_constant_primary_outputs: false
NetlistOpts.netlist_verbosity             : 1
NetlistOpts.const_gen_inference           : COMB_SEQ

PackerOpts.allow_unrelated_clustering: auto
PackerOpts.alpha_clustering: 0.750000
PackerOpts.beta_clustering: 0.900000
PackerOpts.cluster_seed_type: BLEND2
PackerOpts.connection_driven: true
PackerOpts.global_clocks: true
PackerOpts.inter_cluster_net_delay: 1.000000
PackerOpts.timing_driven: true
PackerOpts.target_external_pin_util: auto

PlacerOpts.place_freq: PLACE_ONCE
PlacerOpts.place_algorithm: BOUNDING_BOX_PLACE
PlacerOpts.pad_loc_type: FREE
PlacerOpts.constraints_file: No constraints file given
PlacerOpts.place_chan_width: 100
PlacerOpts.rlim_escape_fraction: 0.000000
PlacerOpts.move_stats_file: 
PlacerOpts.placement_saves_per_temperature: 0
PlacerOpts.effort_scaling: CIRCUIT
PlacerOpts.place_delta_delay_matrix_calculation_method: ASTAR_ROUTE
PlaceOpts.seed: 1000
AnnealSched.type: USER_SCHED
AnnealSched.inner_num: 0.500000
AnnealSched.init_t: 100.000000
AnnealSched.alpha_t: 0.800000
AnnealSched.exit_t: 0.000000

# Building complex block graph
Warning 2: io[0].clock[0] unconnected pin in architecture.
# Building complex block graph took 0.01 seconds (max_rss 344.0 MiB, delta_rss +0.0 MiB)
Circuit file: raygentop.blif
# Load circuit
Found constant-one generator 'top^raygroup10~1'
Found constant-zero generator 'top^tm3_sram_addr~18'
Found constant-zero generator 'top^tm3_sram_adsp'
Found constant-zero generator 'top^raygroup01~1'
Found constant-zero generator 'unconn'
# Load circuit took 0.03 seconds (max_rss 344.0 MiB, delta_rss +0.0 MiB)
# Clean circuit
Absorbed 483 LUT buffers
Inferred    0 additional primitive pins as constant generators since they have no combinationally connected inputs
Inferred    0 additional primitive pins as constant generators due to constant inputs
Inferred    0 additional primitive pins as constant generators since they have no combinationally connected inputs
Inferred    0 additional primitive pins as constant generators due to constant inputs
Inferred    0 additional primitive pins as constant generators since they have no combinationally connected inputs
Inferred    0 additional primitive pins as constant generators due to constant inputs
Swept input(s)      : 16
Swept output(s)     : 0 (0 dangling, 0 constant)
Swept net(s)        : 1105
Swept block(s)      : 0
Constant Pins Marked: 0
# Clean circuit took 0.00 seconds (max_rss 344.0 MiB, delta_rss +0.0 MiB)
# Compress circuit
# Compress circuit took 0.00 seconds (max_rss 344.0 MiB, delta_rss +0.0 MiB)
# Verify circuit
# Verify circuit took 0.00 seconds (max_rss 344.0 MiB, delta_rss +0.0 MiB)
Circuit Statistics:
  Blocks: 4153
    .input         :     239
    .latch         :    1423
    .names         :    2147
        0-LUT:       4
        1-LUT:       1
        2-LUT:     304
        3-LUT:     403
        4-LUT:     434
        5-LUT:     375
        6-LUT:     626
    .output        :     305
    multiply       :      18
    single_port_ram:      21
  Nets  : 4037
    Avg Fanout:     3.2
    Max Fanout:  1444.0
    Min Fanout:     1.0
  Netlist Clocks: 1
# Build Timing Graph
  Timing Graph Nodes: 17027
  Timing Graph Edges: 30805
  Timing Graph Levels: 20
# Build Timing Graph took 0.01 seconds (max_rss 344.0 MiB, delta_rss +0.0 MiB)
Netlist contains 1 clocks
  Netlist Clock 'top^tm3_clk_v0' Fanout: 1444 pins (8.5%), 1444 blocks (34.8%)
# Load Timing Constraints

SDC file 'raygentop.sdc' not found
Setting default timing constraints:
   * constrain all primay inputs and primary outputs on netlist clock 'top^tm3_clk_v0'
   * optimize netlist clock to run as fast as possible
Timing constraints created 1 clocks
  Constrained Clock 'top^tm3_clk_v0' Source: 'top^tm3_clk_v0.inpad[0]'

# Load Timing Constraints took 0.00 seconds (max_rss 344.0 MiB, delta_rss +0.0 MiB)
# Packing
Begin packing 'raygentop.blif'.

After removing unused inputs...
	total blocks: 4153, total nets: 4037, total inputs: 239, total outputs: 305
Begin prepacking.
0 attraction groups were created during prepacking.
Finish prepacking.
Using inter-cluster delay: 1.33777e-09
Packing with pin utilization targets: io:1,1 clb:0.8,0.6 mult_36:1,1 memory:1,1
Packing with high fanout thresholds: io:128 clb:32 mult_36:128 memory:128
Starting Clustering - Clustering Progress: 
-------------------   --------------------------   ---------
Molecules processed   Number of clusters created   FPGA size
-------------------   --------------------------   ---------
   128/3012      4%                           20    22 x 22    
   255/3012      8%                           33    22 x 22    
   382/3012     12%                           46    22 x 22    
   510/3012     16%                           60    22 x 22    
   630/3012     20%                           72    22 x 22    
   750/3012     24%                           84    22 x 22    
   870/3012     28%                           96    22 x 22    
   990/3012     32%                          110    22 x 22    
  1115/3012     37%                          125    22 x 22    
  1238/3012     41%                          139    22 x 22    
  1366/3012     45%                          152    22 x 22    
  1486/3012     49%                          164    22 x 22    
  1610/3012     53%                          178    22 x 22    
  1731/3012     57%                          196    22 x 22    
  1853/3012     61%                          218    22 x 22    
  1974/3012     65%                          236    22 x 22    
  2110/3012     70%                          255    22 x 22    
  2234/3012     74%                          272    22 x 22    
  2354/3012     78%                          292    22 x 22    
  2479/3012     82%                          331    23 x 23    
  2599/3012     86%                          450    23 x 23    
  2719/3012     90%                          570    23 x 23    
  2839/3012     94%                          690    23 x 23    
  2959/3012     98%                          810    23 x 23    
  3012/3012    100%                          863    23 x 23    

Logic Element (fle) detailed count:
  Total number of Logic Elements used : 2429
  LEs used for logic and registers    : 1141
  LEs used for logic only             : 1006
  LEs used for registers only         : 282

Incr Slack updates 1 in 0.000135089 sec
Full Max Req/Worst Slack updates 1 in 1.8238e-05 sec
Incr Max Req/Worst Slack updates 0 in 0 sec
Incr Criticality updates 0 in 0 sec
Full Criticality updates 1 in 0.000181685 sec
FPGA sized to 23 x 23 (auto)
Device Utilization: 0.79 (target 1.00)
	Block Utilization: 0.81 Type: io
	Block Utilization: 0.92 Type: clb
	Block Utilization: 0.90 Type: mult_36
	Block Utilization: 0.11 Type: memory

Start the iterative improvement process
the iterative improvement process is done
Final Clustering Statistics: 
----------   --------   ------------------------------------   --------------------------
Block Type   # Blocks   Avg. # of input clocks and pins used   Avg. # of output pins used
----------   --------   ------------------------------------   --------------------------
     EMPTY          0                                      0                            0   
        io        544                               0.560662                     0.439338   
       clb        309                                14.9191                      5.08414   
   mult_36          9                                     47                           23   
    memory          1                                     31                           21   
Absorbed logical nets 1999 out of 4037 nets, 2038 nets not absorbed.

Netlist conversion complete.

# Packing took 0.67 seconds (max_rss 344.0 MiB, delta_rss +0.0 MiB)
# Load packing
Begin loading packed FPGA netlist file.
Netlist generated from file 'raygentop.net'.
Detected 4 constant generators (to see names run with higher pack verbosity)
Finished loading packed FPGA netlist file (took 0.119733 seconds).
Warning 3: Treated 4 constant nets as global which will not be routed (to see net names increase packer verbosity).
Warning 4: Netlist contains 4 global net to non-global architecture pin connections
Warning 5: Logic block #412 (top^raygroup10~1) has only 1 output pin 'top^raygroup10~1.O[9]'. It may be a constant generator.
Warning 6: Logic block #413 (top^tm3_sram_addr~18) has only 1 output pin 'top^tm3_sram_addr~18.O[9]'. It may be a constant generator.
Warning 7: Logic block #414 (top^tm3_sram_adsp) has only 1 output pin 'top^tm3_sram_adsp.O[9]'. It may be a constant generator.
Warning 8: Logic block #415 (top^raygroup01~1) has only 1 output pin 'top^raygroup01~1.O[9]'. It may be a constant generator.
Completed clustering consistency check successfully.
Cluster level netlist and block usage statistics
Netlist num_nets: 2038
Netlist num_blocks: 863
Netlist EMPTY blocks: 0.
Netlist io blocks: 544.
Netlist clb blocks: 309.
Netlist mult_36 blocks: 9.
Netlist memory blocks: 1.
Netlist inputs pins: 239
Netlist output pins: 305

Pb types usage...
  io                       : 544
   inpad                   : 239
   outpad                  : 305
  clb                      : 309
   fle                     : 2429
    ble6                   : 2429
     lut6                  : 2147
      lut                  : 2147
     ff                    : 1423
  mult_36                  : 9
   divisible_mult_18x18    : 15
    mult_9x9_slice         : 9
     mult_9x9              : 9
    mult_18x18_slice       : 9
     mult_18x18            : 9
  memory                   : 1
   mem_512x64_sp           : 1
    memory_slice           : 21

# Load packing took 0.19 seconds (max_rss 344.0 MiB, delta_rss +0.0 MiB)
# Create Device
## Build Device Grid
FPGA sized to 23 x 23: 529 grid tiles (auto)

Resource usage...
	Netlist
		544	blocks of type: io
	Architecture
		672	blocks of type: io
	Netlist
		309	blocks of type: clb
	Architecture
		336	blocks of type: clb
	Netlist
		9	blocks of type: mult_36
	Architecture
		10	blocks of type: mult_36
	Netlist
		1	blocks of type: memory
	Architecture
		9	blocks of type: memory

Device Utilization: 0.79 (target 1.00)
	Physical Tile io:
	Block Utilization: 0.81 Logical Block: io
	Physical Tile clb:
	Block Utilization: 0.92 Logical Block: clb
	Physical Tile mult_36:
	Block Utilization: 0.90 Logical Block: mult_36
	Physical Tile memory:
	Block Utilization: 0.11 Logical Block: memory

FPGA size limited by block type(s): clb

## Build Device Grid took 0.00 seconds (max_rss 344.0 MiB, delta_rss +0.0 MiB)
## Build routing resource graph
## Build routing resource graph took 0.19 seconds (max_rss 344.0 MiB, delta_rss +0.0 MiB)
  RR Graph Nodes: 54354
  RR Graph Edges: 489289
# Create Device took 0.20 seconds (max_rss 344.0 MiB, delta_rss +0.0 MiB)


Bounding box mode is Cube

# Compressed grid construction
# Compressed grid construction took 0.00 seconds (max_rss 344.0 MiB, delta_rss +0.0 MiB)
# Placement
## Initial Placement
Initial placement iteration 0 has finished successfully
## Initial Placement took 0.00 seconds (max_rss 344.0 MiB, delta_rss +0.0 MiB)
Using simple RL 'Softmax agent' for choosing move and block types

BB estimate of min-dist (placement) wire length: 45543

Completed placement consistency check successfully.
Initial placement cost: 1 bb_cost: 455.435 td_cost: nan
Placement contains 0 placement macros involving 0 blocks (average macro size -nan)

Moves per temperature: 4107

---- ------ ------- ------- ---------- ---------- ------- ---------- -------- ------- ------- ------ -------- --------- ------
Tnum   Time       T Av Cost Av BB Cost Av TD Cost     CPD       sTNS     sWNS Ac Rate Std Dev  R lim Crit Exp Tot Moves  Alpha
      (sec)                                          (ns)       (ns)     (ns)                                                 
---- ------ ------- ------- ---------- ---------- ------- ---------- -------- ------- ------- ------ -------- --------- ------
   1    0.0 1.0e+02   0.963     438.81 nan            nan        nan      nan   0.994  0.0151   22.0     0.00      4107  1.000
   2    0.0 8.0e+01   1.001     435.10 nan            nan        nan      nan   0.994  0.0136   22.0     0.00      8214  1.000
   3    0.0 6.4e+01   1.008     436.53 nan            nan        nan      nan   0.993  0.0129   22.0     0.00     12321  1.000
   4    0.0 5.1e+01   1.010     435.74 nan            nan        nan      nan   0.993  0.0119   22.0     0.00     16428  1.000
   5    0.0 4.1e+01   1.010     435.80 nan            nan        nan      nan   0.993  0.0086   22.0     0.00     20535  1.000
   6    0.0 3.3e+01   0.979     431.30 nan            nan        nan      nan   0.990  0.0154   22.0     0.00     24642  1.000
   7    0.0 2.6e+01   1.007     436.28 nan            nan        nan      nan   0.992  0.0144   22.0     0.00     28749  1.000
   8    0.0 2.1e+01   1.019     430.54 nan            nan        nan      nan   0.992  0.0157   22.0     0.00     32856  1.000
   9    0.0 1.7e+01   1.019     434.36 nan            nan        nan      nan   0.993  0.0099   22.0     0.00     36963  1.000
  10    0.0 1.3e+01   1.020     435.56 nan            nan        nan      nan   0.992  0.0104   22.0     0.00     41070  1.000
  11    0.0 1.1e+01   0.996     434.99 nan            nan        nan      nan   0.991  0.0142   22.0     0.00     45177  1.000
  12    0.0 8.6e+00   0.984     432.33 nan            nan        nan      nan   0.991  0.0124   22.0     0.00     49284  1.000
  13    0.0 6.9e+00   0.986     430.82 nan            nan        nan      nan   0.991  0.0094   22.0     0.00     53391  1.000
  14    0.0 5.5e+00   1.006     431.90 nan            nan        nan      nan   0.995  0.0113   22.0     0.00     57498  1.000
  15    0.0 4.4e+00   1.009     432.50 nan            nan        nan      nan   0.991  0.0134   22.0     0.00     61605  1.000
  16    0.0 3.5e+00   1.012     435.37 nan            nan        nan      nan   0.993  0.0134   22.0     0.00     65712  1.000
  17    0.0 2.8e+00   0.972     427.73 nan            nan        nan      nan   0.993  0.0163   22.0     0.00     69819  1.000
  18    0.0 2.3e+00   1.018     431.40 nan            nan        nan      nan   0.993  0.0120   22.0     0.00     73926  1.000
  19    0.0 1.8e+00   1.007     436.71 nan            nan        nan      nan   0.991  0.0108   22.0     0.00     78033  1.000
  20    0.0 1.4e+00   1.020     432.25 nan            nan        nan      nan   0.990  0.0099   22.0     0.00     82140  1.000
  21    0.0 1.2e+00   1.022     433.89 nan            nan        nan      nan   0.991  0.0092   22.0     0.00     86247  1.000
  22    0.0 9.2e-01   0.995     435.52 nan            nan        nan      nan   0.992  0.0088   22.0     0.00     90354  1.000
  23    0.0 7.4e-01   1.002     433.25 nan            nan        nan      nan   0.990  0.0136   22.0     0.00     94461  1.000
  24    0.0 5.9e-01   1.009     435.48 nan            nan        nan      nan   0.991  0.0142   22.0     0.00     98568  1.000
  25    0.0 4.7e-01   0.995     434.46 nan            nan        nan      nan   0.993  0.0089   22.0     0.00    102675  1.000
  26    0.0 3.8e-01   1.002     430.24 nan            nan        nan      nan   0.991  0.0099   22.0     0.00    106782  1.000
  27    0.0 3.0e-01   0.990     434.17 nan            nan        nan      nan   0.992  0.0106   22.0     0.00    110889  1.000
  28    0.0 2.4e-01   1.004     433.30 nan            nan        nan      nan   0.991  0.0089   22.0     0.00    114996  1.000
  29    0.0 1.9e-01   0.986     429.90 nan            nan        nan      nan   0.990  0.0090   22.0     0.00    119103  1.000
  30    0.0 1.5e-01   0.988     431.59 nan            nan        nan      nan   0.989  0.0082   22.0     0.00    123210  1.000
  31    0.0 1.2e-01   0.990     431.56 nan            nan        nan      nan   0.988  0.0151   22.0     0.00    127317  1.000
  32    0.0 9.9e-02   0.991     433.26 nan            nan        nan      nan   0.991  0.0130   22.0     0.00    131424  1.000
  33    0.0 7.9e-02   1.019     432.19 nan            nan        nan      nan   0.988  0.0131   22.0     0.00    135531  1.000
  34    0.0 6.3e-02   0.996     434.86 nan            nan        nan      nan   0.988  0.0143   22.0     0.00    139638  1.000
  35    0.0 5.1e-02   0.992     430.37 nan            nan        nan      nan   0.986  0.0093   22.0     0.00    143745  1.000
  36    0.0 4.1e-02   1.008     432.36 nan            nan        nan      nan   0.986  0.0171   22.0     0.00    147852  1.000
  37    0.0 3.2e-02   0.972     425.84 nan            nan        nan      nan   0.987  0.0110   22.0     0.00    151959  1.000
  38    0.0 2.6e-02   0.993     430.41 nan            nan        nan      nan   0.984  0.0082   22.0     0.00    156066  1.000
  39    0.0 2.1e-02   1.007     428.40 nan            nan        nan      nan   0.982  0.0105   22.0     0.00    160173  1.000
  40    0.0 1.7e-02   0.996     422.93 nan            nan        nan      nan   0.976  0.0119   22.0     0.00    164280  1.000
  41    0.0 1.3e-02   1.000     421.38 nan            nan        nan      nan   0.967  0.0123   22.0     0.00    168387  1.000
  42    0.0 1.1e-02   1.005     424.11 nan            nan        nan      nan   0.961  0.0126   22.0     0.00    172494  1.000
  43    0.0 8.5e-03   0.998     422.19 nan            nan        nan      nan   0.963  0.0121   22.0     0.00    176601  1.000
  44    0.0 6.8e-03   1.003     418.80 nan            nan        nan      nan   0.954  0.0181   22.0     0.00    180708  1.000
  45    0.0 5.4e-03   1.009     413.58 nan            nan        nan      nan   0.950  0.0125   22.0     0.00    184815  1.000
  46    0.0 4.4e-03   0.985     409.88 nan            nan        nan      nan   0.942  0.0127   22.0     0.00    188922  1.000
  47    0.0 3.5e-03   0.989     399.42 nan            nan        nan      nan   0.918  0.0098   22.0     0.00    193029  1.000
  48    0.0 2.8e-03   1.018     398.74 nan            nan        nan      nan   0.909  0.0117   22.0     0.00    197136  1.000
  49    0.0 2.2e-03   0.972     389.85 nan            nan        nan      nan   0.888  0.0159   22.0     0.00    201243  1.000
  50    0.0 1.8e-03   0.988     383.96 nan            nan        nan      nan   0.867  0.0087   22.0     0.00    205350  1.000
  51    0.0 1.4e-03   0.974     364.72 nan            nan        nan      nan   0.845  0.0148   22.0     0.00    209457  1.000
  52    0.0 1.1e-03   0.984     350.29 nan            nan        nan      nan   0.816  0.0110   22.0     0.00    213564  1.000
  53    0.0 9.1e-04   0.979     343.44 nan            nan        nan      nan   0.776  0.0097   22.0     0.00    217671  1.000
  54    0.0 7.3e-04   0.981     331.78 nan            nan        nan      nan   0.745  0.0144   22.0     0.00    221778  1.000
  55    0.0 5.8e-04   0.980     316.26 nan            nan        nan      nan   0.709  0.0151   22.0     0.00    225885  1.000
  56    0.0 4.7e-04   0.961     295.19 nan            nan        nan      nan   0.639  0.0173   22.0     0.00    229992  1.000
  57    0.0 3.7e-04   0.974     283.80 nan            nan        nan      nan   0.557  0.0091   22.0     0.00    234099  1.000
  58    0.0 3.0e-04   0.961     272.59 nan            nan        nan      nan   0.518  0.0141   22.0     0.00    238206  1.000
  59    0.0 2.4e-04   0.979     260.01 nan            nan        nan      nan   0.436  0.0125   22.0     0.00    242313  1.000
  60    0.0 1.9e-04   0.981     249.20 nan            nan        nan      nan   0.376  0.0085   22.0     0.00    246420  1.000
  61    0.0 1.5e-04   0.983     240.47 nan            nan        nan      nan   0.329  0.0075   22.0     0.00    250527  1.000
  62    0.0 1.2e-04   0.984     234.12 nan            nan        nan      nan   0.280  0.0082   22.0     0.00    254634  1.000
  63    0.0 9.8e-05   0.988     228.32 nan            nan        nan      nan   0.234  0.0061   22.0     0.00    258741  1.000
  64    0.0 7.8e-05   0.991     223.84 nan            nan        nan      nan   0.206  0.0054   22.0     0.00    262848  1.000
  65    0.0 6.3e-05   0.991     219.56 nan            nan        nan      nan   0.186  0.0059   22.0     0.00    266955  1.000
  66    0.0 5.0e-05   0.995     216.35 nan            nan        nan      nan   0.158  0.0029   22.0     0.00    271062  1.000
  67    0.0 4.0e-05   0.995     214.41 nan            nan        nan      nan   0.132  0.0023   22.0     0.00    275169  1.000
  68    0.0 3.2e-05   0.996     212.94 nan            nan        nan      nan   0.122  0.0021   22.0     0.00    279276  1.000
  69    0.0 2.6e-05   0.997     211.64 nan            nan        nan      nan   0.111  0.0018   22.0     0.00    283383  1.000
  70    0.0 2.1e-05   0.996     209.97 nan            nan        nan      nan   0.094  0.0019   22.0     0.00    287490  1.000
  71    0.0 1.6e-05   0.998     208.77 nan            nan        nan      nan   0.076  0.0016   22.0     0.00    291597  1.000
  72    0.0 1.3e-05   0.998     207.85 nan            nan        nan      nan   0.071  0.0010   22.0     0.00    295704  1.000
  73    0.0 1.1e-05   0.999     207.37 nan            nan        nan      nan   0.066  0.0007   22.0     0.00    299811  1.000
  74    0.0 8.4e-06   0.998     206.69 nan            nan        nan      nan   0.061  0.0010   22.0     0.00    303918  1.000
  75    0.0 6.7e-06   0.999     206.08 nan            nan        nan      nan   0.058  0.0009   22.0     0.00    308025  1.000
  76    0.0 5.4e-06   0.998     205.47 nan            nan        nan      nan   0.057  0.0013   22.0     0.00    312132  1.000
  77    0.0 4.3e-06   0.998     204.56 nan            nan        nan      nan   0.062  0.0010   22.0     0.00    316239  1.000
  78    0.0 3.5e-06   0.999     204.17 nan            nan        nan      nan   0.048  0.0004   22.0     0.00    320346  1.000
  79    0.0 2.8e-06   1.000     203.98 nan            nan        nan      nan   0.041  0.0002   22.0     0.00    324453  1.000
  80    0.0 2.2e-06   0.999     203.78 nan            nan        nan      nan   0.045  0.0003   22.0     0.00    328560  1.000
  81    0.0 1.8e-06   1.000     203.58 nan            nan        nan      nan   0.042  0.0002   22.0     0.00    332667  1.000
  82    0.0 1.4e-06   0.999     203.34 nan            nan        nan      nan   0.045  0.0003   22.0     0.00    336774  1.000
  83    0.0 1.1e-06   0.999     203.03 nan            nan        nan      nan   0.045  0.0006   22.0     0.00    340881  1.000
  84    0.0 9.0e-07   1.000     202.83 nan            nan        nan      nan   0.045  0.0003   22.0     0.00    344988  1.000
  85    0.0 7.2e-07   0.999     202.54 nan            nan        nan      nan   0.048  0.0004   22.0     0.00    349095  1.000
  86    0.0 5.8e-07   1.000     202.35 nan            nan        nan      nan   0.047  0.0003   22.0     0.00    353202  1.000
  87    0.0 4.6e-07   1.000     202.18 nan            nan        nan      nan   0.041  0.0001   22.0     0.00    357309  1.000
  88    0.0 3.7e-07   1.000     202.09 nan            nan        nan      nan   0.045  0.0002   22.0     0.00    361416  1.000
  89    0.0 3.0e-07   1.000     201.99 nan            nan        nan      nan   0.041  0.0001   22.0     0.00    365523  1.000
  90    0.0 2.4e-07   1.000     201.91 nan            nan        nan      nan   0.050  0.0000   22.0     0.00    369630  1.000
  91    0.0 1.9e-07   1.000     201.81 nan            nan        nan      nan   0.048  0.0005   22.0     0.00    373737  1.000
  92    0.0 1.5e-07   1.000     201.63 nan            nan        nan      nan   0.036  0.0001   22.0     0.00    377844  1.000
  93    0.0 1.2e-07   1.000     201.58 nan            nan        nan      nan   0.037  0.0001   22.0     0.00    381951  1.000
  94    0.0 9.7e-08   1.000     201.52 nan            nan        nan      nan   0.043  0.0001   22.0     0.00    386058  1.000
  95    0.0 7.8e-08   1.000     201.48 nan            nan        nan      nan   0.040  0.0002   22.0     0.00    390165  1.000
  96    0.0 6.2e-08   1.000     201.31 nan            nan        nan      nan   0.035  0.0001   22.0     0.00    394272  1.000
  97    0.0 5.0e-08   1.000     201.25 nan            nan        nan      nan   0.038  0.0001   22.0     0.00    398379  1.000
  98    0.0 4.0e-08   1.000     201.18 nan            nan        nan      nan   0.046  0.0001   22.0     0.00    402486  1.000
  99    0.0 3.2e-08   1.000     201.12 nan            nan        nan      nan   0.032  0.0001   22.0     0.00    406593  1.000
 100    0.0 2.5e-08   1.000     201.05 nan            nan        nan      nan   0.042  0.0001   22.0     0.00    410700  1.000
 101    0.0 2.0e-08   1.000     201.00 nan            nan        nan      nan   0.042  0.0001   22.0     0.00    414807  1.000
 102    0.0 1.6e-08   1.000     200.98 nan            nan        nan      nan   0.037  0.0000   22.0     0.00    418914  1.000
 103    0.0 1.3e-08   1.000     200.94 nan            nan        nan      nan   0.042  0.0001   22.0     0.00    423021  1.000
 104    0.0 1.0e-08   1.000     200.87 nan            nan        nan      nan   0.038  0.0001   22.0     0.00    427128  1.000
 105    0.0 8.3e-09   1.000     200.81 nan            nan        nan      nan   0.040  0.0001   22.0     0.00    431235  1.000
 106    0.0 6.7e-09   1.000     200.79 nan            nan        nan      nan   0.038  0.0000   22.0     0.00    435342  1.000
 107    0.0 5.3e-09   0.999     200.66 nan            nan        nan      nan   0.034  0.0005   22.0     0.00    439449  1.000
 108    0.0 4.3e-09   1.000     200.51 nan            nan        nan      nan   0.038  0.0000   22.0     0.00    443556  1.000
 109    0.0 3.4e-09   1.000     200.48 nan            nan        nan      nan   0.037  0.0001   22.0     0.00    447663  1.000
 110    0.0 2.7e-09   1.000     200.46 nan            nan        nan      nan   0.035  0.0000   22.0     0.00    451770  1.000
 111    0.0 2.2e-09   1.000     200.37 nan            nan        nan      nan   0.040  0.0003   22.0     0.00    455877  1.000
 112    0.0 1.7e-09   1.000     200.26 nan            nan        nan      nan   0.046  0.0001   22.0     0.00    459984  1.000
 113    0.0 1.4e-09   1.000     200.22 nan            nan        nan      nan   0.038  0.0001   22.0     0.00    464091  1.000
 114    0.0 1.1e-09   1.000     200.19 nan            nan        nan      nan   0.034  0.0000   22.0     0.00    468198  1.000
 115    0.0 9.0e-10   1.000     200.17 nan            nan        nan      nan   0.040  0.0000   22.0     0.00    472305  1.000
 116    0.0 7.2e-10   1.000     200.14 nan            nan        nan      nan   0.038  0.0000   22.0     0.00    476412  1.000
 117    0.0 5.7e-10   1.000     200.08 nan            nan        nan      nan   0.031  0.0002   22.0     0.00    480519  1.000
 118    0.0 4.6e-10   1.000     200.05 nan            nan        nan      nan   0.037  0.0000   22.0     0.00    484626  1.000
 119    0.0 3.7e-10   1.000     200.03 nan            nan        nan      nan   0.038  0.0000   22.0     0.00    488733  1.000
 120    0.0 2.9e-10   1.000     199.99 nan            nan        nan      nan   0.043  0.0002   22.0     0.00    492840  1.000
 121    0.0 2.3e-10   1.000     199.92 nan            nan        nan      nan   0.037  0.0002   22.0     0.00    496947  1.000
 122    0.0 1.9e-10   0.999     199.73 nan            nan        nan      nan   0.040  0.0004   22.0     0.00    501054  1.000
 123    0.0 1.5e-10   1.000     199.61 nan            nan        nan      nan   0.033  0.0001   22.0     0.00    505161  1.000
 124    0.0 1.2e-10   1.000     199.58 nan            nan        nan      nan   0.037  0.0001   22.0     0.00    509268  1.000
 125    0.0 0.0e+00   1.000     199.49 nan            nan        nan      nan   0.030  0.0002   22.0     0.00    513375  1.000
## Placement Quench took 0.00 seconds (max_rss 344.0 MiB)

BB estimate of min-dist (placement) wire length: 19934

Completed placement consistency check successfully.

Swaps called: 513375

Aborted Move Reasons:
  No moves aborted
Placement cost: 0.999091, bb_cost: 199.338, td_cost: nan, 

Placement resource usage:
  io      implemented as io     : 544
  clb     implemented as clb    : 309
  mult_36 implemented as mult_36: 9
  memory  implemented as memory : 1

Placement number of temperatures: 125
Placement total # of swap attempts: 513375
	Swaps accepted: 244669 (47.7 %)
	Swaps rejected: 264808 (51.6 %)
	Swaps aborted:   3898 ( 0.8 %)


Placement perturbation distribution by block and move type: 
------------------ ----------------- ---------------- ---------------- --------------- ------------ 
    Block Type         Move Type       (%) of Total      Accepted(%)     Rejected(%)    Aborted(%)
------------------ ----------------- ---------------- ---------------- --------------- ------------ 
io                 Uniform                21.31            44.69           55.31          0.00         
                   Median                 29.91            39.91           58.26          1.83         
                   Centroid               30.23            40.54           59.46          0.00         

clb                Uniform                2.96             88.31           11.69          0.00         
                   Median                 9.15             70.68           27.00          2.32         
                   Centroid               5.83             77.26           22.74          0.00         

mult_36            Uniform                0.16             67.58           32.42          0.00         
                   Median                 0.16             63.76           36.24          0.00         
                   Centroid               0.16             64.14           35.86          0.00         

memory             Uniform                0.04             32.17           67.83          0.00         
                   Median                 0.04             32.71           67.29          0.00         
                   Centroid               0.04             33.49           66.51          0.00         


Placement Quench timing analysis took 0 seconds (0 STA, 0 slack) (0 full updates: 0 setup, 0 hold, 0 combined).
Placement Total  timing analysis took 0 seconds (0 STA, 0 slack) (0 full updates: 0 setup, 0 hold, 0 combined).
update_td_costs: connections 0 nets 0 sum_nets 0 total 0
# Placement took 0.58 seconds (max_rss 344.0 MiB, delta_rss +0.0 MiB)

Flow timing analysis took 0.00270983 seconds (0.00235861 STA, 0.000351226 slack) (1 full updates: 1 setup, 0 hold, 0 combined).
VPR succeeded
The entire flow of VPR took 1.72 seconds (max_rss 344.0 MiB)
