VPR FPGA Placement and Routing.
Version: 9.0.0-dev+v8.0.0-11943-g8cb20aa52
Revision: v8.0.0-11943-g8cb20aa52
Compiled: 2025-11-06T23:45:49
Compiler: GNU 13.3.0 on Linux-6.6.87.2-microsoft-standard-WSL2 x86_64
Build Info: release IPO VTR_ASSERT_LEVEL=2

University of Toronto
verilogtorouting.org
vtr-users@googlegroups.com
This is free open source code under MIT license.

Warning 1: To use RLPlace for WLdriven placements, the reward function should be basic or nonPenalizing_basic.
you can specify the reward function using --place_reward_fun.
Setting the placement reward function to "basic"
VPR was run with the following command-line:
./vtr-verilog-to-routing/vpr/vpr k6_N10_mem32K_40nm.xml raygentop.blif --pack --place --place_algorithm bounding_box --seed 42 --init_t 1e-06 --exit_t 1e-07


Architecture file: k6_N10_mem32K_40nm.xml
Circuit name: raygentop

# Loading Architecture Description
# Loading Architecture Description took 0.00 seconds (max_rss 406.7 MiB, delta_rss +0.0 MiB)

Timing analysis: ON
Circuit netlist file: raygentop.net
Circuit placement file: raygentop.place
Circuit routing file: raygentop.route
Circuit SDC file: raygentop.sdc
Vpr floorplanning constraints file: not specified

Packer: ENABLED
Placer: ENABLED
Analytical Placer: DISABLED
Router: DISABLED
Analysis: DISABLED

VPR was run with the following options:

NetlistOpts.absorb_buffer_luts            : true
NetlistOpts.sweep_dangling_primary_ios    : true
NetlistOpts.sweep_dangling_nets           : true
NetlistOpts.sweep_dangling_blocks         : true
NetlistOpts.sweep_constant_primary_outputs: false
NetlistOpts.netlist_verbosity             : 1
NetlistOpts.const_gen_inference           : COMB_SEQ

PackerOpts.allow_unrelated_clustering: auto
PackerOpts.alpha_clustering: 0.750000
PackerOpts.beta_clustering: 0.900000
PackerOpts.cluster_seed_type: BLEND2
PackerOpts.connection_driven: true
PackerOpts.global_clocks: true
PackerOpts.inter_cluster_net_delay: 1.000000
PackerOpts.timing_driven: true
PackerOpts.target_external_pin_util: auto

PlacerOpts.place_freq: PLACE_ONCE
PlacerOpts.place_algorithm: BOUNDING_BOX_PLACE
PlacerOpts.pad_loc_type: FREE
PlacerOpts.constraints_file: No constraints file given
PlacerOpts.place_chan_width: 100
PlacerOpts.rlim_escape_fraction: 0.000000
PlacerOpts.move_stats_file: 
PlacerOpts.placement_saves_per_temperature: 0
PlacerOpts.effort_scaling: CIRCUIT
PlacerOpts.place_delta_delay_matrix_calculation_method: ASTAR_ROUTE
PlaceOpts.seed: 42
AnnealSched.type: USER_SCHED
AnnealSched.inner_num: 0.500000
AnnealSched.init_t: 0.000001
AnnealSched.alpha_t: 0.800000
AnnealSched.exit_t: 0.000000

# Building complex block graph
Warning 2: io[0].clock[0] unconnected pin in architecture.
# Building complex block graph took 0.01 seconds (max_rss 406.7 MiB, delta_rss +0.0 MiB)
Circuit file: raygentop.blif
# Load circuit
Found constant-one generator 'top^raygroup10~1'
Found constant-zero generator 'top^tm3_sram_addr~18'
Found constant-zero generator 'top^tm3_sram_adsp'
Found constant-zero generator 'top^raygroup01~1'
Found constant-zero generator 'unconn'
# Load circuit took 0.03 seconds (max_rss 406.7 MiB, delta_rss +0.0 MiB)
# Clean circuit
Absorbed 483 LUT buffers
Inferred    0 additional primitive pins as constant generators since they have no combinationally connected inputs
Inferred    0 additional primitive pins as constant generators due to constant inputs
Inferred    0 additional primitive pins as constant generators since they have no combinationally connected inputs
Inferred    0 additional primitive pins as constant generators due to constant inputs
Inferred    0 additional primitive pins as constant generators since they have no combinationally connected inputs
Inferred    0 additional primitive pins as constant generators due to constant inputs
Swept input(s)      : 16
Swept output(s)     : 0 (0 dangling, 0 constant)
Swept net(s)        : 1105
Swept block(s)      : 0
Constant Pins Marked: 0
# Clean circuit took 0.00 seconds (max_rss 406.7 MiB, delta_rss +0.0 MiB)
# Compress circuit
# Compress circuit took 0.00 seconds (max_rss 406.7 MiB, delta_rss +0.0 MiB)
# Verify circuit
# Verify circuit took 0.00 seconds (max_rss 406.7 MiB, delta_rss +0.0 MiB)
Circuit Statistics:
  Blocks: 4153
    .input         :     239
    .latch         :    1423
    .names         :    2147
        0-LUT:       4
        1-LUT:       1
        2-LUT:     304
        3-LUT:     403
        4-LUT:     434
        5-LUT:     375
        6-LUT:     626
    .output        :     305
    multiply       :      18
    single_port_ram:      21
  Nets  : 4037
    Avg Fanout:     3.2
    Max Fanout:  1444.0
    Min Fanout:     1.0
  Netlist Clocks: 1
# Build Timing Graph
  Timing Graph Nodes: 17027
  Timing Graph Edges: 30805
  Timing Graph Levels: 20
# Build Timing Graph took 0.01 seconds (max_rss 406.7 MiB, delta_rss +0.0 MiB)
Netlist contains 1 clocks
  Netlist Clock 'top^tm3_clk_v0' Fanout: 1444 pins (8.5%), 1444 blocks (34.8%)
# Load Timing Constraints

SDC file 'raygentop.sdc' not found
Setting default timing constraints:
   * constrain all primay inputs and primary outputs on netlist clock 'top^tm3_clk_v0'
   * optimize netlist clock to run as fast as possible
Timing constraints created 1 clocks
  Constrained Clock 'top^tm3_clk_v0' Source: 'top^tm3_clk_v0.inpad[0]'

# Load Timing Constraints took 0.00 seconds (max_rss 406.7 MiB, delta_rss +0.0 MiB)
# Packing
Begin packing 'raygentop.blif'.

After removing unused inputs...
	total blocks: 4153, total nets: 4037, total inputs: 239, total outputs: 305
Begin prepacking.
0 attraction groups were created during prepacking.
Finish prepacking.
Using inter-cluster delay: 1.33777e-09
Packing with pin utilization targets: io:1,1 clb:0.8,0.6 mult_36:1,1 memory:1,1
Packing with high fanout thresholds: io:128 clb:32 mult_36:128 memory:128
Starting Clustering - Clustering Progress: 
-------------------   --------------------------   ---------
Molecules processed   Number of clusters created   FPGA size
-------------------   --------------------------   ---------
   128/3012      4%                           20    22 x 22    
   255/3012      8%                           33    22 x 22    
   382/3012     12%                           46    22 x 22    
   510/3012     16%                           60    22 x 22    
   630/3012     20%                           72    22 x 22    
   750/3012     24%                           84    22 x 22    
   870/3012     28%                           96    22 x 22    
   990/3012     32%                          110    22 x 22    
  1115/3012     37%                          125    22 x 22    
  1238/3012     41%                          139    22 x 22    
  1366/3012     45%                          152    22 x 22    
  1486/3012     49%                          164    22 x 22    
  1610/3012     53%                          178    22 x 22    
  1731/3012     57%                          196    22 x 22    
  1853/3012     61%                          218    22 x 22    
  1974/3012     65%                          236    22 x 22    
  2110/3012     70%                          255    22 x 22    
  2234/3012     74%                          272    22 x 22    
  2354/3012     78%                          292    22 x 22    
  2479/3012     82%                          331    23 x 23    
  2599/3012     86%                          450    23 x 23    
  2719/3012     90%                          570    23 x 23    
  2839/3012     94%                          690    23 x 23    
  2959/3012     98%                          810    23 x 23    
  3012/3012    100%                          863    23 x 23    

Logic Element (fle) detailed count:
  Total number of Logic Elements used : 2429
  LEs used for logic and registers    : 1141
  LEs used for logic only             : 1006
  LEs used for registers only         : 282

Incr Slack updates 1 in 0.000133569 sec
Full Max Req/Worst Slack updates 1 in 1.8335e-05 sec
Incr Max Req/Worst Slack updates 0 in 0 sec
Incr Criticality updates 0 in 0 sec
Full Criticality updates 1 in 0.000192247 sec
FPGA sized to 23 x 23 (auto)
Device Utilization: 0.79 (target 1.00)
	Block Utilization: 0.81 Type: io
	Block Utilization: 0.92 Type: clb
	Block Utilization: 0.90 Type: mult_36
	Block Utilization: 0.11 Type: memory

Start the iterative improvement process
the iterative improvement process is done
Final Clustering Statistics: 
----------   --------   ------------------------------------   --------------------------
Block Type   # Blocks   Avg. # of input clocks and pins used   Avg. # of output pins used
----------   --------   ------------------------------------   --------------------------
     EMPTY          0                                      0                            0   
        io        544                               0.560662                     0.439338   
       clb        309                                14.9191                      5.08414   
   mult_36          9                                     47                           23   
    memory          1                                     31                           21   
Absorbed logical nets 1999 out of 4037 nets, 2038 nets not absorbed.

Netlist conversion complete.

# Packing took 0.67 seconds (max_rss 406.7 MiB, delta_rss +0.0 MiB)
# Load packing
Begin loading packed FPGA netlist file.
Netlist generated from file 'raygentop.net'.
Detected 4 constant generators (to see names run with higher pack verbosity)
Finished loading packed FPGA netlist file (took 0.117381 seconds).
Warning 3: Treated 4 constant nets as global which will not be routed (to see net names increase packer verbosity).
Warning 4: Netlist contains 4 global net to non-global architecture pin connections
Warning 5: Logic block #412 (top^raygroup10~1) has only 1 output pin 'top^raygroup10~1.O[9]'. It may be a constant generator.
Warning 6: Logic block #413 (top^tm3_sram_addr~18) has only 1 output pin 'top^tm3_sram_addr~18.O[9]'. It may be a constant generator.
Warning 7: Logic block #414 (top^tm3_sram_adsp) has only 1 output pin 'top^tm3_sram_adsp.O[9]'. It may be a constant generator.
Warning 8: Logic block #415 (top^raygroup01~1) has only 1 output pin 'top^raygroup01~1.O[9]'. It may be a constant generator.
Completed clustering consistency check successfully.
Cluster level netlist and block usage statistics
Netlist num_nets: 2038
Netlist num_blocks: 863
Netlist EMPTY blocks: 0.
Netlist io blocks: 544.
Netlist clb blocks: 309.
Netlist mult_36 blocks: 9.
Netlist memory blocks: 1.
Netlist inputs pins: 239
Netlist output pins: 305

Pb types usage...
  io                       : 544
   inpad                   : 239
   outpad                  : 305
  clb                      : 309
   fle                     : 2429
    ble6                   : 2429
     lut6                  : 2147
      lut                  : 2147
     ff                    : 1423
  mult_36                  : 9
   divisible_mult_18x18    : 15
    mult_9x9_slice         : 9
     mult_9x9              : 9
    mult_18x18_slice       : 9
     mult_18x18            : 9
  memory                   : 1
   mem_512x64_sp           : 1
    memory_slice           : 21

# Load packing took 0.19 seconds (max_rss 406.7 MiB, delta_rss +0.0 MiB)
# Create Device
## Build Device Grid
FPGA sized to 23 x 23: 529 grid tiles (auto)

Resource usage...
	Netlist
		544	blocks of type: io
	Architecture
		672	blocks of type: io
	Netlist
		309	blocks of type: clb
	Architecture
		336	blocks of type: clb
	Netlist
		9	blocks of type: mult_36
	Architecture
		10	blocks of type: mult_36
	Netlist
		1	blocks of type: memory
	Architecture
		9	blocks of type: memory

Device Utilization: 0.79 (target 1.00)
	Physical Tile io:
	Block Utilization: 0.81 Logical Block: io
	Physical Tile clb:
	Block Utilization: 0.92 Logical Block: clb
	Physical Tile mult_36:
	Block Utilization: 0.90 Logical Block: mult_36
	Physical Tile memory:
	Block Utilization: 0.11 Logical Block: memory

FPGA size limited by block type(s): clb

## Build Device Grid took 0.00 seconds (max_rss 406.7 MiB, delta_rss +0.0 MiB)
## Build routing resource graph
## Build routing resource graph took 0.18 seconds (max_rss 406.7 MiB, delta_rss +0.0 MiB)
  RR Graph Nodes: 54354
  RR Graph Edges: 489289
# Create Device took 0.19 seconds (max_rss 406.7 MiB, delta_rss +0.0 MiB)


Bounding box mode is Cube

# Compressed grid construction
# Compressed grid construction took 0.00 seconds (max_rss 406.7 MiB, delta_rss +0.0 MiB)
# Placement
## Initial Placement
Initial placement iteration 0 has finished successfully
## Initial Placement took 0.00 seconds (max_rss 406.7 MiB, delta_rss +0.0 MiB)
Using simple RL 'Softmax agent' for choosing move and block types

BB estimate of min-dist (placement) wire length: 44248

Completed placement consistency check successfully.
Initial placement cost: 1 bb_cost: 442.483 td_cost: nan
Placement contains 0 placement macros involving 0 blocks (average macro size -nan)

Moves per temperature: 4107

---- ------ ------- ------- ---------- ---------- ------- ---------- -------- ------- ------- ------ -------- --------- ------
Tnum   Time       T Av Cost Av BB Cost Av TD Cost     CPD       sTNS     sWNS Ac Rate Std Dev  R lim Crit Exp Tot Moves  Alpha
      (sec)                                          (ns)       (ns)     (ns)                                                 
---- ------ ------- ------- ---------- ---------- ------- ---------- -------- ------- ------- ------ -------- --------- ------
   1    0.0 1.0e-06   0.809     357.81 nan            nan        nan      nan   0.274  0.0919   22.0     0.00      4107  1.000
   2    0.0 8.0e-07   0.938     283.40 nan            nan        nan      nan   0.169  0.0319   22.0     0.00      8214  1.000
   3    0.0 6.4e-07   0.971     261.68 nan            nan        nan      nan   0.136  0.0157   22.0     0.00     12321  1.000
   4    0.0 5.1e-07   0.984     250.21 nan            nan        nan      nan   0.103  0.0100   22.0     0.00     16428  1.000
   5    0.0 4.1e-07   0.989     243.63 nan            nan        nan      nan   0.088  0.0062   22.0     0.00     20535  1.000
   6    0.0 3.3e-07   0.992     239.81 nan            nan        nan      nan   0.076  0.0038   22.0     0.00     24642  1.000
   7    0.0 2.6e-07   0.995     237.17 nan            nan        nan      nan   0.065  0.0032   22.0     0.00     28749  1.000
   8    0.0 2.1e-07   0.996     234.81 nan            nan        nan      nan   0.074  0.0026   22.0     0.00     32856  1.000
   9    0.0 1.7e-07   0.996     232.77 nan            nan        nan      nan   0.060  0.0024   22.0     0.00     36963  1.000
  10    0.0 1.3e-07   0.995     230.72 nan            nan        nan      nan   0.066  0.0023   22.0     0.00     41070  1.000
  11    0.0 1.1e-07   0.997     229.49 nan            nan        nan      nan   0.062  0.0017   22.0     0.00     45177  1.000
  12    0.0 0.0e+00   0.998     228.55 nan            nan        nan      nan   0.045  0.0011   22.0     0.00     49284  1.000
## Placement Quench took 0.00 seconds (max_rss 406.7 MiB)

BB estimate of min-dist (placement) wire length: 22805

Completed placement consistency check successfully.

Swaps called: 49284

Aborted Move Reasons:
  No moves aborted
Placement cost: 0.996157, bb_cost: 228.047, td_cost: nan, 

Placement resource usage:
  io      implemented as io     : 544
  clb     implemented as clb    : 309
  mult_36 implemented as mult_36: 9
  memory  implemented as memory : 1

Placement number of temperatures: 12
Placement total # of swap attempts: 49284
	Swaps accepted:  4996 (10.1 %)
	Swaps rejected: 43921 (89.1 %)
	Swaps aborted:   367 ( 0.7 %)


Placement perturbation distribution by block and move type: 
------------------ ----------------- ---------------- ---------------- --------------- ------------ 
    Block Type         Move Type       (%) of Total      Accepted(%)     Rejected(%)    Aborted(%)
------------------ ----------------- ---------------- ---------------- --------------- ------------ 
io                 Uniform                21.48            5.11            94.89          0.00         
                   Median                 30.48            11.40           86.72          1.88         
                   Centroid               31.04            12.81           87.19          0.00         

clb                Uniform                2.42             7.96            92.04          0.00         
                   Median                 8.15             11.03           86.85          2.12         
                   Centroid               5.29             9.17            90.83          0.00         

mult_36            Uniform                0.31             2.61            97.39          0.00         
                   Median                 0.30             0.00            100.00         0.00         
                   Centroid               0.31             0.65            99.35          0.00         

memory             Uniform                0.07             2.78            97.22          0.00         
                   Median                 0.08             0.00            100.00         0.00         
                   Centroid               0.07             0.00            100.00         0.00         


Placement Quench timing analysis took 0 seconds (0 STA, 0 slack) (0 full updates: 0 setup, 0 hold, 0 combined).
Placement Total  timing analysis took 0 seconds (0 STA, 0 slack) (0 full updates: 0 setup, 0 hold, 0 combined).
update_td_costs: connections 0 nets 0 sum_nets 0 total 0
# Placement took 0.06 seconds (max_rss 406.7 MiB, delta_rss +0.0 MiB)

Flow timing analysis took 0.00278514 seconds (0.002425 STA, 0.000360138 slack) (1 full updates: 1 setup, 0 hold, 0 combined).
VPR succeeded
The entire flow of VPR took 1.18 seconds (max_rss 406.7 MiB)
