VPR FPGA Placement and Routing.
Version: 9.0.0-dev+v8.0.0-11943-g8cb20aa52
Revision: v8.0.0-11943-g8cb20aa52
Compiled: 2025-11-06T23:45:49
Compiler: GNU 13.3.0 on Linux-6.6.87.2-microsoft-standard-WSL2 x86_64
Build Info: release IPO VTR_ASSERT_LEVEL=2

University of Toronto
verilogtorouting.org
vtr-users@googlegroups.com
This is free open source code under MIT license.

Warning 1: To use RLPlace for WLdriven placements, the reward function should be basic or nonPenalizing_basic.
you can specify the reward function using --place_reward_fun.
Setting the placement reward function to "basic"
VPR was run with the following command-line:
./vtr-verilog-to-routing/vpr/vpr k6_N10_mem32K_40nm.xml sha.blif --pack --place --place_algorithm bounding_box --seed 42 --init_t 100.0 --exit_t 1e-10


Architecture file: k6_N10_mem32K_40nm.xml
Circuit name: sha

# Loading Architecture Description
# Loading Architecture Description took 0.00 seconds (max_rss 344.0 MiB, delta_rss +0.0 MiB)

Timing analysis: ON
Circuit netlist file: sha.net
Circuit placement file: sha.place
Circuit routing file: sha.route
Circuit SDC file: sha.sdc
Vpr floorplanning constraints file: not specified

Packer: ENABLED
Placer: ENABLED
Analytical Placer: DISABLED
Router: DISABLED
Analysis: DISABLED

VPR was run with the following options:

NetlistOpts.absorb_buffer_luts            : true
NetlistOpts.sweep_dangling_primary_ios    : true
NetlistOpts.sweep_dangling_nets           : true
NetlistOpts.sweep_dangling_blocks         : true
NetlistOpts.sweep_constant_primary_outputs: false
NetlistOpts.netlist_verbosity             : 1
NetlistOpts.const_gen_inference           : COMB_SEQ

PackerOpts.allow_unrelated_clustering: auto
PackerOpts.alpha_clustering: 0.750000
PackerOpts.beta_clustering: 0.900000
PackerOpts.cluster_seed_type: BLEND2
PackerOpts.connection_driven: true
PackerOpts.global_clocks: true
PackerOpts.inter_cluster_net_delay: 1.000000
PackerOpts.timing_driven: true
PackerOpts.target_external_pin_util: auto

PlacerOpts.place_freq: PLACE_ONCE
PlacerOpts.place_algorithm: BOUNDING_BOX_PLACE
PlacerOpts.pad_loc_type: FREE
PlacerOpts.constraints_file: No constraints file given
PlacerOpts.place_chan_width: 100
PlacerOpts.rlim_escape_fraction: 0.000000
PlacerOpts.move_stats_file: 
PlacerOpts.placement_saves_per_temperature: 0
PlacerOpts.effort_scaling: CIRCUIT
PlacerOpts.place_delta_delay_matrix_calculation_method: ASTAR_ROUTE
PlaceOpts.seed: 42
AnnealSched.type: USER_SCHED
AnnealSched.inner_num: 0.500000
AnnealSched.init_t: 100.000000
AnnealSched.alpha_t: 0.800000
AnnealSched.exit_t: 0.000000

# Building complex block graph
Warning 2: io[0].clock[0] unconnected pin in architecture.
# Building complex block graph took 0.01 seconds (max_rss 344.0 MiB, delta_rss +0.0 MiB)
Circuit file: sha.blif
# Load circuit
Found constant-zero generator 'n4589'
# Load circuit took 0.02 seconds (max_rss 344.0 MiB, delta_rss +0.0 MiB)
# Clean circuit
Absorbed 36 LUT buffers
Inferred    0 additional primitive pins as constant generators since they have no combinationally connected inputs
Inferred    1 additional primitive pins as constant generators due to constant inputs
Inferred    0 additional primitive pins as constant generators since they have no combinationally connected inputs
Inferred    0 additional primitive pins as constant generators due to constant inputs
Swept input(s)      : 0
Swept output(s)     : 0 (0 dangling, 0 constant)
Swept net(s)        : 0
Swept block(s)      : 0
Constant Pins Marked: 1
# Clean circuit took 0.00 seconds (max_rss 344.0 MiB, delta_rss +0.0 MiB)
# Compress circuit
# Compress circuit took 0.00 seconds (max_rss 344.0 MiB, delta_rss +0.0 MiB)
# Verify circuit
# Verify circuit took 0.00 seconds (max_rss 344.0 MiB, delta_rss +0.0 MiB)
Circuit Statistics:
  Blocks: 3262
    .input :      38
    .latch :     911
    .names :    2277
        0-LUT:       1
        1-LUT:       3
        2-LUT:      80
        3-LUT:     169
        4-LUT:     606
        5-LUT:     663
        6-LUT:     755
    .output:      36
  Nets  : 3226
    Avg Fanout:     4.0
    Max Fanout:   911.0
    Min Fanout:     1.0
  Netlist Clocks: 1
# Build Timing Graph
  Timing Graph Nodes: 16023
  Timing Graph Edges: 25558
  Timing Graph Levels: 46
# Build Timing Graph took 0.01 seconds (max_rss 344.0 MiB, delta_rss +0.0 MiB)
Netlist contains 1 clocks
  Netlist Clock 'top^clk_i' Fanout: 911 pins (5.7%), 911 blocks (27.9%)
# Load Timing Constraints

SDC file 'sha.sdc' not found
Setting default timing constraints:
   * constrain all primay inputs and primary outputs on netlist clock 'top^clk_i'
   * optimize netlist clock to run as fast as possible
Timing constraints created 1 clocks
  Constrained Clock 'top^clk_i' Source: 'top^clk_i.inpad[0]'

# Load Timing Constraints took 0.00 seconds (max_rss 344.0 MiB, delta_rss +0.0 MiB)
# Packing
Begin packing 'sha.blif'.

After removing unused inputs...
	total blocks: 3262, total nets: 3226, total inputs: 38, total outputs: 36
Begin prepacking.
0 attraction groups were created during prepacking.
Finish prepacking.
Using inter-cluster delay: 1.33777e-09
Packing with pin utilization targets: io:1,1 clb:0.8,0.6 mult_36:1,1 memory:1,1
Packing with high fanout thresholds: io:128 clb:32 mult_36:128 memory:128
Starting Clustering - Clustering Progress: 
-------------------   --------------------------   ---------
Molecules processed   Number of clusters created   FPGA size
-------------------   --------------------------   ---------
    98/2354      4%                           10     6 x 6     
   194/2354      8%                           20     7 x 7     
   294/2354     12%                           30     9 x 9     
   393/2354     16%                           40    10 x 10    
   489/2354     20%                           50    11 x 11    
   585/2354     24%                           60    11 x 11    
   682/2354     28%                           70    12 x 12    
   779/2354     33%                           80    13 x 13    
   874/2354     37%                           93    14 x 14    
   972/2354     41%                          106    14 x 14    
  1068/2354     45%                          118    15 x 15    
  1168/2354     49%                          130    15 x 15    
  1268/2354     53%                          140    16 x 16    
  1368/2354     58%                          150    17 x 17    
  1471/2354     62%                          162    17 x 17    
  1571/2354     66%                          172    18 x 18    
  1671/2354     70%                          182    18 x 18    
  1771/2354     75%                          192    18 x 18    
  1871/2354     79%                          202    19 x 19    
  1971/2354     83%                          212    19 x 19    
  2071/2354     87%                          222    20 x 20    
  2171/2354     92%                          232    20 x 20    
  2265/2354     96%                          245    21 x 21    
  2354/2354    100%                          325    21 x 21    

Logic Element (fle) detailed count:
  Total number of Logic Elements used : 2280
  LEs used for logic and registers    : 908
  LEs used for logic only             : 1369
  LEs used for registers only         : 3

Incr Slack updates 1 in 0.000131484 sec
Full Max Req/Worst Slack updates 1 in 9.872e-06 sec
Incr Max Req/Worst Slack updates 0 in 0 sec
Incr Criticality updates 0 in 0 sec
Full Criticality updates 1 in 0.000184002 sec
FPGA sized to 21 x 21 (auto)
Device Utilization: 0.59 (target 1.00)
	Block Utilization: 0.12 Type: io
	Block Utilization: 0.94 Type: clb

Start the iterative improvement process
the iterative improvement process is done
Final Clustering Statistics: 
----------   --------   ------------------------------------   --------------------------
Block Type   # Blocks   Avg. # of input clocks and pins used   Avg. # of output pins used
----------   --------   ------------------------------------   --------------------------
     EMPTY          0                                      0                            0   
        io         74                               0.486486                     0.513514   
       clb        251                                19.7092                      4.53386   
   mult_36          0                                      0                            0   
    memory          0                                      0                            0   
Absorbed logical nets 2050 out of 3226 nets, 1176 nets not absorbed.

Netlist conversion complete.

# Packing took 0.51 seconds (max_rss 344.0 MiB, delta_rss +0.0 MiB)
# Load packing
Begin loading packed FPGA netlist file.
Netlist generated from file 'sha.net'.
Detected 1 constant generators (to see names run with higher pack verbosity)
Finished loading packed FPGA netlist file (took 0.111201 seconds).
Warning 3: Treated 0 constant nets as global which will not be routed (to see net names increase packer verbosity).
Warning 4: Netlist contains 0 global net to non-global architecture pin connections
Completed clustering consistency check successfully.
Cluster level netlist and block usage statistics
Netlist num_nets: 1176
Netlist num_blocks: 325
Netlist EMPTY blocks: 0.
Netlist io blocks: 74.
Netlist clb blocks: 251.
Netlist mult_36 blocks: 0.
Netlist memory blocks: 0.
Netlist inputs pins: 38
Netlist output pins: 36

Pb types usage...
  io         : 74
   inpad     : 38
   outpad    : 36
  clb        : 251
   fle       : 2280
    ble6     : 2280
     lut6    : 2277
      lut    : 2277
     ff      : 911

# Load packing took 0.18 seconds (max_rss 344.0 MiB, delta_rss +0.0 MiB)
# Create Device
## Build Device Grid
FPGA sized to 21 x 21: 441 grid tiles (auto)

Resource usage...
	Netlist
		74	blocks of type: io
	Architecture
		608	blocks of type: io
	Netlist
		251	blocks of type: clb
	Architecture
		266	blocks of type: clb
	Netlist
		0	blocks of type: mult_36
	Architecture
		8	blocks of type: mult_36
	Netlist
		0	blocks of type: memory
	Architecture
		9	blocks of type: memory

Device Utilization: 0.59 (target 1.00)
	Physical Tile io:
	Block Utilization: 0.12 Logical Block: io
	Physical Tile clb:
	Block Utilization: 0.94 Logical Block: clb
	Physical Tile mult_36:
	Block Utilization: 0.00 Logical Block: mult_36
	Physical Tile memory:
	Block Utilization: 0.00 Logical Block: memory

FPGA size limited by block type(s): clb

## Build Device Grid took 0.00 seconds (max_rss 344.0 MiB, delta_rss +0.0 MiB)
## Build routing resource graph
## Build routing resource graph took 0.15 seconds (max_rss 344.0 MiB, delta_rss +0.0 MiB)
  RR Graph Nodes: 45214
  RR Graph Edges: 398796
# Create Device took 0.16 seconds (max_rss 344.0 MiB, delta_rss +0.0 MiB)


Bounding box mode is Cube

# Compressed grid construction
# Compressed grid construction took 0.00 seconds (max_rss 344.0 MiB, delta_rss +0.0 MiB)
# Placement
## Initial Placement
Initial placement iteration 0 has finished successfully
## Initial Placement took 0.00 seconds (max_rss 344.0 MiB, delta_rss +0.0 MiB)
Using simple RL 'Softmax agent' for choosing move and block types

BB estimate of min-dist (placement) wire length: 28066

Completed placement consistency check successfully.
Initial placement cost: 1 bb_cost: 280.658 td_cost: nan
Placement contains 0 placement macros involving 0 blocks (average macro size -nan)

Moves per temperature: 1117

---- ------ ------- ------- ---------- ---------- ------- ---------- -------- ------- ------- ------ -------- --------- ------
Tnum   Time       T Av Cost Av BB Cost Av TD Cost     CPD       sTNS     sWNS Ac Rate Std Dev  R lim Crit Exp Tot Moves  Alpha
      (sec)                                          (ns)       (ns)     (ns)                                                 
---- ------ ------- ------- ---------- ---------- ------- ---------- -------- ------- ------- ------ -------- --------- ------
   1    0.0 1.0e+02   0.990     277.92 nan            nan        nan      nan   0.992  0.0112   20.0     0.00      1117  1.000
   2    0.0 8.0e+01   0.996     272.41 nan            nan        nan      nan   0.993  0.0158   20.0     0.00      2234  1.000
   3    0.0 6.4e+01   1.000     269.38 nan            nan        nan      nan   0.986  0.0160   20.0     0.00      3351  1.000
   4    0.0 5.1e+01   0.997     274.63 nan            nan        nan      nan   0.987  0.0180   20.0     0.00      4468  1.000
   5    0.0 4.1e+01   1.010     270.78 nan            nan        nan      nan   0.990  0.0084   20.0     0.00      5585  1.000
   6    0.0 3.3e+01   1.005     272.57 nan            nan        nan      nan   0.991  0.0119   20.0     0.00      6702  1.000
   7    0.0 2.6e+01   0.988     271.45 nan            nan        nan      nan   0.983  0.0079   20.0     0.00      7819  1.000
   8    0.0 2.1e+01   1.001     268.85 nan            nan        nan      nan   0.987  0.0193   20.0     0.00      8936  1.000
   9    0.0 1.7e+01   0.978     269.66 nan            nan        nan      nan   0.986  0.0181   20.0     0.00     10053  1.000
  10    0.0 1.3e+01   1.009     276.46 nan            nan        nan      nan   0.986  0.0159   20.0     0.00     11170  1.000
  11    0.0 1.1e+01   0.976     267.38 nan            nan        nan      nan   0.989  0.0175   20.0     0.00     12287  1.000
  12    0.0 8.6e+00   0.993     270.22 nan            nan        nan      nan   0.991  0.0099   20.0     0.00     13404  1.000
  13    0.0 6.9e+00   1.016     271.03 nan            nan        nan      nan   0.990  0.0088   20.0     0.00     14521  1.000
  14    0.0 5.5e+00   0.995     271.79 nan            nan        nan      nan   0.991  0.0114   20.0     0.00     15638  1.000
  15    0.0 4.4e+00   0.993     275.35 nan            nan        nan      nan   0.988  0.0081   20.0     0.00     16755  1.000
  16    0.0 3.5e+00   0.987     271.89 nan            nan        nan      nan   0.987  0.0123   20.0     0.00     17872  1.000
  17    0.0 2.8e+00   0.996     269.63 nan            nan        nan      nan   0.985  0.0087   20.0     0.00     18989  1.000
  18    0.0 2.3e+00   1.013     273.17 nan            nan        nan      nan   0.988  0.0151   20.0     0.00     20106  1.000
  19    0.0 1.8e+00   1.004     272.75 nan            nan        nan      nan   0.990  0.0082   20.0     0.00     21223  1.000
  20    0.0 1.4e+00   0.992     273.68 nan            nan        nan      nan   0.990  0.0086   20.0     0.00     22340  1.000
  21    0.0 1.2e+00   1.001     271.82 nan            nan        nan      nan   0.986  0.0126   20.0     0.00     23457  1.000
  22    0.0 9.2e-01   0.992     271.95 nan            nan        nan      nan   0.989  0.0131   20.0     0.00     24574  1.000
  23    0.0 7.4e-01   0.989     270.91 nan            nan        nan      nan   0.981  0.0135   20.0     0.00     25691  1.000
  24    0.0 5.9e-01   1.010     271.09 nan            nan        nan      nan   0.985  0.0128   20.0     0.00     26808  1.000
  25    0.0 4.7e-01   1.006     272.55 nan            nan        nan      nan   0.991  0.0118   20.0     0.00     27925  1.000
  26    0.0 3.8e-01   0.996     269.56 nan            nan        nan      nan   0.986  0.0117   20.0     0.00     29042  1.000
  27    0.0 3.0e-01   1.014     272.60 nan            nan        nan      nan   0.987  0.0101   20.0     0.00     30159  1.000
  28    0.0 2.4e-01   1.003     267.99 nan            nan        nan      nan   0.982  0.0127   20.0     0.00     31276  1.000
  29    0.0 1.9e-01   1.002     267.59 nan            nan        nan      nan   0.981  0.0113   20.0     0.00     32393  1.000
  30    0.0 1.5e-01   1.002     269.54 nan            nan        nan      nan   0.976  0.0083   20.0     0.00     33510  1.000
  31    0.0 1.2e-01   1.003     266.38 nan            nan        nan      nan   0.980  0.0153   20.0     0.00     34627  1.000
  32    0.0 9.9e-02   1.011     270.30 nan            nan        nan      nan   0.982  0.0098   20.0     0.00     35744  1.000
  33    0.0 7.9e-02   0.988     269.39 nan            nan        nan      nan   0.983  0.0111   20.0     0.00     36861  1.000
  34    0.0 6.3e-02   1.019     271.39 nan            nan        nan      nan   0.982  0.0111   20.0     0.00     37978  1.000
  35    0.0 5.1e-02   1.016     271.45 nan            nan        nan      nan   0.974  0.0123   20.0     0.00     39095  1.000
  36    0.0 4.1e-02   0.998     270.67 nan            nan        nan      nan   0.981  0.0129   20.0     0.00     40212  1.000
  37    0.0 3.2e-02   0.988     264.65 nan            nan        nan      nan   0.968  0.0198   20.0     0.00     41329  1.000
  38    0.0 2.6e-02   0.994     270.25 nan            nan        nan      nan   0.960  0.0150   20.0     0.00     42446  1.000
  39    0.0 2.1e-02   0.970     267.85 nan            nan        nan      nan   0.959  0.0124   20.0     0.00     43563  1.000
  40    0.0 1.7e-02   1.000     270.20 nan            nan        nan      nan   0.953  0.0114   20.0     0.00     44680  1.000
  41    0.0 1.3e-02   0.993     266.08 nan            nan        nan      nan   0.930  0.0100   20.0     0.00     45797  1.000
  42    0.0 1.1e-02   1.013     268.14 nan            nan        nan      nan   0.932  0.0168   20.0     0.00     46914  1.000
  43    0.0 8.5e-03   1.000     266.83 nan            nan        nan      nan   0.922  0.0080   20.0     0.00     48031  1.000
  44    0.0 6.8e-03   0.999     264.26 nan            nan        nan      nan   0.905  0.0120   20.0     0.00     49148  1.000
  45    0.0 5.4e-03   0.985     259.86 nan            nan        nan      nan   0.896  0.0128   20.0     0.00     50265  1.000
  46    0.0 4.4e-03   0.976     259.97 nan            nan        nan      nan   0.880  0.0110   20.0     0.00     51382  1.000
  47    0.0 3.5e-03   0.977     253.24 nan            nan        nan      nan   0.835  0.0196   20.0     0.00     52499  1.000
  48    0.0 2.8e-03   0.983     247.13 nan            nan        nan      nan   0.807  0.0097   20.0     0.00     53616  1.000
  49    0.0 2.2e-03   0.972     240.17 nan            nan        nan      nan   0.768  0.0125   20.0     0.00     54733  1.000
  50    0.0 1.8e-03   0.954     226.65 nan            nan        nan      nan   0.738  0.0274   20.0     0.00     55850  1.000
  51    0.0 1.4e-03   0.987     214.61 nan            nan        nan      nan   0.666  0.0091   20.0     0.00     56967  1.000
  52    0.0 1.1e-03   0.998     211.13 nan            nan        nan      nan   0.688  0.0043   20.0     0.00     58084  1.000
  53    0.0 9.1e-04   0.979     207.27 nan            nan        nan      nan   0.707  0.0106   20.0     0.00     59201  1.000
  54    0.0 7.3e-04   0.992     203.20 nan            nan        nan      nan   0.648  0.0056   20.0     0.00     60318  1.000
  55    0.0 5.8e-04   0.983     198.66 nan            nan        nan      nan   0.622  0.0079   20.0     0.00     61435  1.000
  56    0.0 4.7e-04   0.980     192.67 nan            nan        nan      nan   0.607  0.0109   20.0     0.00     62552  1.000
  57    0.0 3.7e-04   0.978     186.10 nan            nan        nan      nan   0.551  0.0078   20.0     0.00     63669  1.000
  58    0.0 3.0e-04   0.984     181.48 nan            nan        nan      nan   0.496  0.0089   20.0     0.00     64786  1.000
  59    0.0 2.4e-04   0.993     177.94 nan            nan        nan      nan   0.464  0.0047   20.0     0.00     65903  1.000
  60    0.0 1.9e-04   0.993     175.30 nan            nan        nan      nan   0.422  0.0036   20.0     0.00     67020  1.000
  61    0.0 1.5e-04   0.992     173.30 nan            nan        nan      nan   0.423  0.0041   20.0     0.00     68137  1.000
  62    0.0 1.2e-04   0.996     171.26 nan            nan        nan      nan   0.371  0.0029   20.0     0.00     69254  1.000
  63    0.0 9.8e-05   0.996     169.92 nan            nan        nan      nan   0.333  0.0025   20.0     0.00     70371  1.000
  64    0.0 7.8e-05   0.999     169.22 nan            nan        nan      nan   0.290  0.0009   20.0     0.00     71488  1.000
  65    0.0 6.3e-05   0.996     168.33 nan            nan        nan      nan   0.251  0.0023   20.0     0.00     72605  1.000
  66    0.0 5.0e-05   0.998     167.31 nan            nan        nan      nan   0.224  0.0011   20.0     0.00     73722  1.000
  67    0.0 4.0e-05   0.997     166.48 nan            nan        nan      nan   0.201  0.0018   20.0     0.00     74839  1.000
  68    0.0 3.2e-05   0.996     165.00 nan            nan        nan      nan   0.196  0.0034   20.0     0.00     75956  1.000
  69    0.0 2.6e-05   0.997     162.98 nan            nan        nan      nan   0.157  0.0022   20.0     0.00     77073  1.000
  70    0.0 2.1e-05   0.997     161.78 nan            nan        nan      nan   0.132  0.0035   20.0     0.00     78190  1.000
  71    0.0 1.6e-05   0.998     160.63 nan            nan        nan      nan   0.141  0.0016   20.0     0.00     79307  1.000
  72    0.0 1.3e-05   0.999     159.92 nan            nan        nan      nan   0.126  0.0008   20.0     0.00     80424  1.000
  73    0.0 1.1e-05   0.999     159.61 nan            nan        nan      nan   0.090  0.0005   20.0     0.00     81541  1.000
  74    0.0 8.4e-06   0.998     159.11 nan            nan        nan      nan   0.115  0.0008   20.0     0.00     82658  1.000
  75    0.0 6.7e-06   0.998     158.67 nan            nan        nan      nan   0.101  0.0006   20.0     0.00     83775  1.000
  76    0.0 5.4e-06   0.999     158.41 nan            nan        nan      nan   0.109  0.0007   20.0     0.00     84892  1.000
  77    0.0 4.3e-06   1.000     158.04 nan            nan        nan      nan   0.101  0.0004   20.0     0.00     86009  1.000
  78    0.0 3.5e-06   1.000     157.77 nan            nan        nan      nan   0.108  0.0003   20.0     0.00     87126  1.000
  79    0.0 2.8e-06   0.999     157.55 nan            nan        nan      nan   0.099  0.0007   20.0     0.00     88243  1.000
  80    0.0 2.2e-06   1.000     157.37 nan            nan        nan      nan   0.115  0.0003   20.0     0.00     89360  1.000
  81    0.0 1.8e-06   0.999     157.17 nan            nan        nan      nan   0.095  0.0005   20.0     0.00     90477  1.000
  82    0.0 1.4e-06   0.998     156.84 nan            nan        nan      nan   0.111  0.0013   20.0     0.00     91594  1.000
  83    0.0 1.1e-06   1.000     156.50 nan            nan        nan      nan   0.094  0.0004   20.0     0.00     92711  1.000
  84    0.0 9.0e-07   1.000     156.32 nan            nan        nan      nan   0.097  0.0002   20.0     0.00     93828  1.000
  85    0.0 7.2e-07   1.000     156.19 nan            nan        nan      nan   0.098  0.0004   20.0     0.00     94945  1.000
  86    0.0 5.8e-07   0.999     156.01 nan            nan        nan      nan   0.094  0.0006   20.0     0.00     96062  1.000
  87    0.0 4.6e-07   0.999     155.73 nan            nan        nan      nan   0.112  0.0004   20.0     0.00     97179  1.000
  88    0.0 3.7e-07   1.000     155.66 nan            nan        nan      nan   0.103  0.0002   20.0     0.00     98296  1.000
  89    0.0 3.0e-07   0.999     155.48 nan            nan        nan      nan   0.108  0.0005   20.0     0.00     99413  1.000
  90    0.0 2.4e-07   1.000     155.38 nan            nan        nan      nan   0.111  0.0000   20.0     0.00    100530  1.000
  91    0.0 1.9e-07   0.999     155.22 nan            nan        nan      nan   0.087  0.0005   20.0     0.00    101647  1.000
  92    0.0 1.5e-07   0.999     154.93 nan            nan        nan      nan   0.104  0.0006   20.0     0.00    102764  1.000
  93    0.0 1.2e-07   0.999     154.76 nan            nan        nan      nan   0.087  0.0004   20.0     0.00    103881  1.000
  94    0.0 9.7e-08   0.999     154.42 nan            nan        nan      nan   0.097  0.0007   20.0     0.00    104998  1.000
  95    0.0 7.8e-08   1.000     154.21 nan            nan        nan      nan   0.104  0.0001   20.0     0.00    106115  1.000
  96    0.0 6.2e-08   0.999     154.10 nan            nan        nan      nan   0.094  0.0002   20.0     0.00    107232  1.000
  97    0.0 5.0e-08   0.999     153.92 nan            nan        nan      nan   0.086  0.0004   20.0     0.00    108349  1.000
  98    0.0 4.0e-08   1.000     153.79 nan            nan        nan      nan   0.102  0.0001   20.0     0.00    109466  1.000
  99    0.0 3.2e-08   0.999     153.63 nan            nan        nan      nan   0.102  0.0006   20.0     0.00    110583  1.000
 100    0.0 2.5e-08   1.000     153.52 nan            nan        nan      nan   0.107  0.0001   20.0     0.00    111700  1.000
 101    0.0 2.0e-08   1.000     153.45 nan            nan        nan      nan   0.116  0.0003   20.0     0.00    112817  1.000
 102    0.0 1.6e-08   1.000     153.39 nan            nan        nan      nan   0.092  0.0001   20.0     0.00    113934  1.000
 103    0.0 1.3e-08   1.000     153.30 nan            nan        nan      nan   0.093  0.0004   20.0     0.00    115051  1.000
 104    0.0 1.0e-08   0.999     153.15 nan            nan        nan      nan   0.097  0.0003   20.0     0.00    116168  1.000
 105    0.0 8.3e-09   1.000     153.08 nan            nan        nan      nan   0.093  0.0001   20.0     0.00    117285  1.000
 106    0.0 6.7e-09   1.000     153.07 nan            nan        nan      nan   0.088  0.0000   20.0     0.00    118402  1.000
 107    0.0 5.3e-09   1.000     153.03 nan            nan        nan      nan   0.087  0.0002   20.0     0.00    119519  1.000
 108    0.0 4.3e-09   1.000     152.97 nan            nan        nan      nan   0.088  0.0001   20.0     0.00    120636  1.000
 109    0.0 3.4e-09   0.999     152.86 nan            nan        nan      nan   0.091  0.0005   20.0     0.00    121753  1.000
 110    0.0 2.7e-09   0.999     152.66 nan            nan        nan      nan   0.107  0.0005   20.0     0.00    122870  1.000
 111    0.0 2.2e-09   1.000     152.52 nan            nan        nan      nan   0.096  0.0003   20.0     0.00    123987  1.000
 112    0.0 1.7e-09   1.000     152.44 nan            nan        nan      nan   0.076  0.0001   20.0     0.00    125104  1.000
 113    0.0 1.4e-09   1.000     152.42 nan            nan        nan      nan   0.088  0.0001   20.0     0.00    126221  1.000
 114    0.0 1.1e-09   1.000     152.41 nan            nan        nan      nan   0.079  0.0000   20.0     0.00    127338  1.000
 115    0.0 9.0e-10   1.000     152.36 nan            nan        nan      nan   0.086  0.0004   20.0     0.00    128455  1.000
 116    0.0 7.2e-10   1.000     152.20 nan            nan        nan      nan   0.105  0.0003   20.0     0.00    129572  1.000
 117    0.0 5.7e-10   1.000     152.16 nan            nan        nan      nan   0.084  0.0000   20.0     0.00    130689  1.000
 118    0.0 4.6e-10   0.999     152.08 nan            nan        nan      nan   0.089  0.0008   20.0     0.00    131806  1.000
 119    0.0 3.7e-10   1.000     151.84 nan            nan        nan      nan   0.084  0.0001   20.0     0.00    132923  1.000
 120    0.0 2.9e-10   1.000     151.76 nan            nan        nan      nan   0.102  0.0003   20.0     0.00    134040  1.000
 121    0.0 2.3e-10   1.000     151.68 nan            nan        nan      nan   0.097  0.0000   20.0     0.00    135157  1.000
 122    0.0 1.9e-10   1.000     151.64 nan            nan        nan      nan   0.085  0.0002   20.0     0.00    136274  1.000
 123    0.0 1.5e-10   1.000     151.59 nan            nan        nan      nan   0.099  0.0002   20.0     0.00    137391  1.000
 124    0.0 1.2e-10   1.000     151.51 nan            nan        nan      nan   0.090  0.0001   20.0     0.00    138508  1.000
 125    0.0 0.0e+00   1.000     151.51 nan            nan        nan      nan   0.086  0.0000   20.0     0.00    139625  1.000
## Placement Quench took 0.00 seconds (max_rss 344.0 MiB)

BB estimate of min-dist (placement) wire length: 15151

Completed placement consistency check successfully.

Swaps called: 139625

Aborted Move Reasons:
  No moves aborted
Placement cost: 1, bb_cost: 151.506, td_cost: nan, 

Placement resource usage:
  io  implemented as io : 74
  clb implemented as clb: 251

Placement number of temperatures: 125
Placement total # of swap attempts: 139625
	Swaps accepted:  69021 (49.4 %)
	Swaps rejected:  66462 (47.6 %)
	Swaps aborted:   4142 ( 3.0 %)


Placement perturbation distribution by block and move type: 
------------------ ----------------- ---------------- ---------------- --------------- ------------ 
    Block Type         Move Type       (%) of Total      Accepted(%)     Rejected(%)    Aborted(%)
------------------ ----------------- ---------------- ---------------- --------------- ------------ 
io                 Uniform                17.67            31.47           68.53          0.00         
                   Median                 23.71            27.41           60.75          11.84        
                   Centroid               23.03            35.19           64.81          0.00         

clb                Uniform                6.10             89.52           10.48          0.00         
                   Median                 19.60            77.61           21.59          0.81         
                   Centroid               9.89             86.94           13.06          0.00         


Placement Quench timing analysis took 0 seconds (0 STA, 0 slack) (0 full updates: 0 setup, 0 hold, 0 combined).
Placement Total  timing analysis took 0 seconds (0 STA, 0 slack) (0 full updates: 0 setup, 0 hold, 0 combined).
update_td_costs: connections 0 nets 0 sum_nets 0 total 0
# Placement took 0.24 seconds (max_rss 344.0 MiB, delta_rss +0.0 MiB)

Flow timing analysis took 0.00174122 seconds (0.00137363 STA, 0.00036759 slack) (1 full updates: 1 setup, 0 hold, 0 combined).
VPR succeeded
The entire flow of VPR took 1.15 seconds (max_rss 344.0 MiB)
