VPR FPGA Placement and Routing.
Version: 9.0.0-dev+v8.0.0-11943-g8cb20aa52
Revision: v8.0.0-11943-g8cb20aa52
Compiled: 2025-11-06T23:45:49
Compiler: GNU 13.3.0 on Linux-6.6.87.2-microsoft-standard-WSL2 x86_64
Build Info: release IPO VTR_ASSERT_LEVEL=2

University of Toronto
verilogtorouting.org
vtr-users@googlegroups.com
This is free open source code under MIT license.

Warning 1: To use RLPlace for WLdriven placements, the reward function should be basic or nonPenalizing_basic.
you can specify the reward function using --place_reward_fun.
Setting the placement reward function to "basic"
VPR was run with the following command-line:
./vtr-verilog-to-routing/vpr/vpr k6_N10_mem32K_40nm.xml sha.blif --pack --place --place_algorithm bounding_box --seed 42 --init_t 10.0 --exit_t 1e-10


Architecture file: k6_N10_mem32K_40nm.xml
Circuit name: sha

# Loading Architecture Description
# Loading Architecture Description took 0.01 seconds (max_rss 344.0 MiB, delta_rss +0.0 MiB)

Timing analysis: ON
Circuit netlist file: sha.net
Circuit placement file: sha.place
Circuit routing file: sha.route
Circuit SDC file: sha.sdc
Vpr floorplanning constraints file: not specified

Packer: ENABLED
Placer: ENABLED
Analytical Placer: DISABLED
Router: DISABLED
Analysis: DISABLED

VPR was run with the following options:

NetlistOpts.absorb_buffer_luts            : true
NetlistOpts.sweep_dangling_primary_ios    : true
NetlistOpts.sweep_dangling_nets           : true
NetlistOpts.sweep_dangling_blocks         : true
NetlistOpts.sweep_constant_primary_outputs: false
NetlistOpts.netlist_verbosity             : 1
NetlistOpts.const_gen_inference           : COMB_SEQ

PackerOpts.allow_unrelated_clustering: auto
PackerOpts.alpha_clustering: 0.750000
PackerOpts.beta_clustering: 0.900000
PackerOpts.cluster_seed_type: BLEND2
PackerOpts.connection_driven: true
PackerOpts.global_clocks: true
PackerOpts.inter_cluster_net_delay: 1.000000
PackerOpts.timing_driven: true
PackerOpts.target_external_pin_util: auto

PlacerOpts.place_freq: PLACE_ONCE
PlacerOpts.place_algorithm: BOUNDING_BOX_PLACE
PlacerOpts.pad_loc_type: FREE
PlacerOpts.constraints_file: No constraints file given
PlacerOpts.place_chan_width: 100
PlacerOpts.rlim_escape_fraction: 0.000000
PlacerOpts.move_stats_file: 
PlacerOpts.placement_saves_per_temperature: 0
PlacerOpts.effort_scaling: CIRCUIT
PlacerOpts.place_delta_delay_matrix_calculation_method: ASTAR_ROUTE
PlaceOpts.seed: 42
AnnealSched.type: USER_SCHED
AnnealSched.inner_num: 0.500000
AnnealSched.init_t: 10.000000
AnnealSched.alpha_t: 0.800000
AnnealSched.exit_t: 0.000000

# Building complex block graph
Warning 2: io[0].clock[0] unconnected pin in architecture.
# Building complex block graph took 0.01 seconds (max_rss 344.0 MiB, delta_rss +0.0 MiB)
Circuit file: sha.blif
# Load circuit
Found constant-zero generator 'n4589'
# Load circuit took 0.02 seconds (max_rss 344.0 MiB, delta_rss +0.0 MiB)
# Clean circuit
Absorbed 36 LUT buffers
Inferred    0 additional primitive pins as constant generators since they have no combinationally connected inputs
Inferred    1 additional primitive pins as constant generators due to constant inputs
Inferred    0 additional primitive pins as constant generators since they have no combinationally connected inputs
Inferred    0 additional primitive pins as constant generators due to constant inputs
Swept input(s)      : 0
Swept output(s)     : 0 (0 dangling, 0 constant)
Swept net(s)        : 0
Swept block(s)      : 0
Constant Pins Marked: 1
# Clean circuit took 0.00 seconds (max_rss 344.0 MiB, delta_rss +0.0 MiB)
# Compress circuit
# Compress circuit took 0.00 seconds (max_rss 344.0 MiB, delta_rss +0.0 MiB)
# Verify circuit
# Verify circuit took 0.00 seconds (max_rss 344.0 MiB, delta_rss +0.0 MiB)
Circuit Statistics:
  Blocks: 3262
    .input :      38
    .latch :     911
    .names :    2277
        0-LUT:       1
        1-LUT:       3
        2-LUT:      80
        3-LUT:     169
        4-LUT:     606
        5-LUT:     663
        6-LUT:     755
    .output:      36
  Nets  : 3226
    Avg Fanout:     4.0
    Max Fanout:   911.0
    Min Fanout:     1.0
  Netlist Clocks: 1
# Build Timing Graph
  Timing Graph Nodes: 16023
  Timing Graph Edges: 25558
  Timing Graph Levels: 46
# Build Timing Graph took 0.01 seconds (max_rss 344.0 MiB, delta_rss +0.0 MiB)
Netlist contains 1 clocks
  Netlist Clock 'top^clk_i' Fanout: 911 pins (5.7%), 911 blocks (27.9%)
# Load Timing Constraints

SDC file 'sha.sdc' not found
Setting default timing constraints:
   * constrain all primay inputs and primary outputs on netlist clock 'top^clk_i'
   * optimize netlist clock to run as fast as possible
Timing constraints created 1 clocks
  Constrained Clock 'top^clk_i' Source: 'top^clk_i.inpad[0]'

# Load Timing Constraints took 0.00 seconds (max_rss 344.0 MiB, delta_rss +0.0 MiB)
# Packing
Begin packing 'sha.blif'.

After removing unused inputs...
	total blocks: 3262, total nets: 3226, total inputs: 38, total outputs: 36
Begin prepacking.
0 attraction groups were created during prepacking.
Finish prepacking.
Using inter-cluster delay: 1.33777e-09
Packing with pin utilization targets: io:1,1 clb:0.8,0.6 mult_36:1,1 memory:1,1
Packing with high fanout thresholds: io:128 clb:32 mult_36:128 memory:128
Starting Clustering - Clustering Progress: 
-------------------   --------------------------   ---------
Molecules processed   Number of clusters created   FPGA size
-------------------   --------------------------   ---------
    98/2354      4%                           10     6 x 6     
   194/2354      8%                           20     7 x 7     
   294/2354     12%                           30     9 x 9     
   393/2354     16%                           40    10 x 10    
   489/2354     20%                           50    11 x 11    
   585/2354     24%                           60    11 x 11    
   682/2354     28%                           70    12 x 12    
   779/2354     33%                           80    13 x 13    
   874/2354     37%                           93    14 x 14    
   972/2354     41%                          106    14 x 14    
  1068/2354     45%                          118    15 x 15    
  1168/2354     49%                          130    15 x 15    
  1268/2354     53%                          140    16 x 16    
  1368/2354     58%                          150    17 x 17    
  1471/2354     62%                          162    17 x 17    
  1571/2354     66%                          172    18 x 18    
  1671/2354     70%                          182    18 x 18    
  1771/2354     75%                          192    18 x 18    
  1871/2354     79%                          202    19 x 19    
  1971/2354     83%                          212    19 x 19    
  2071/2354     87%                          222    20 x 20    
  2171/2354     92%                          232    20 x 20    
  2265/2354     96%                          245    21 x 21    
  2354/2354    100%                          325    21 x 21    

Logic Element (fle) detailed count:
  Total number of Logic Elements used : 2280
  LEs used for logic and registers    : 908
  LEs used for logic only             : 1369
  LEs used for registers only         : 3

Incr Slack updates 1 in 0.000142497 sec
Full Max Req/Worst Slack updates 1 in 1.0252e-05 sec
Incr Max Req/Worst Slack updates 0 in 0 sec
Incr Criticality updates 0 in 0 sec
Full Criticality updates 1 in 0.0001774 sec
FPGA sized to 21 x 21 (auto)
Device Utilization: 0.59 (target 1.00)
	Block Utilization: 0.12 Type: io
	Block Utilization: 0.94 Type: clb

Start the iterative improvement process
the iterative improvement process is done
Final Clustering Statistics: 
----------   --------   ------------------------------------   --------------------------
Block Type   # Blocks   Avg. # of input clocks and pins used   Avg. # of output pins used
----------   --------   ------------------------------------   --------------------------
     EMPTY          0                                      0                            0   
        io         74                               0.486486                     0.513514   
       clb        251                                19.7092                      4.53386   
   mult_36          0                                      0                            0   
    memory          0                                      0                            0   
Absorbed logical nets 2050 out of 3226 nets, 1176 nets not absorbed.

Netlist conversion complete.

# Packing took 0.52 seconds (max_rss 344.0 MiB, delta_rss +0.0 MiB)
# Load packing
Begin loading packed FPGA netlist file.
Netlist generated from file 'sha.net'.
Detected 1 constant generators (to see names run with higher pack verbosity)
Finished loading packed FPGA netlist file (took 0.115051 seconds).
Warning 3: Treated 0 constant nets as global which will not be routed (to see net names increase packer verbosity).
Warning 4: Netlist contains 0 global net to non-global architecture pin connections
Completed clustering consistency check successfully.
Cluster level netlist and block usage statistics
Netlist num_nets: 1176
Netlist num_blocks: 325
Netlist EMPTY blocks: 0.
Netlist io blocks: 74.
Netlist clb blocks: 251.
Netlist mult_36 blocks: 0.
Netlist memory blocks: 0.
Netlist inputs pins: 38
Netlist output pins: 36

Pb types usage...
  io         : 74
   inpad     : 38
   outpad    : 36
  clb        : 251
   fle       : 2280
    ble6     : 2280
     lut6    : 2277
      lut    : 2277
     ff      : 911

# Load packing took 0.19 seconds (max_rss 344.0 MiB, delta_rss +0.0 MiB)
# Create Device
## Build Device Grid
FPGA sized to 21 x 21: 441 grid tiles (auto)

Resource usage...
	Netlist
		74	blocks of type: io
	Architecture
		608	blocks of type: io
	Netlist
		251	blocks of type: clb
	Architecture
		266	blocks of type: clb
	Netlist
		0	blocks of type: mult_36
	Architecture
		8	blocks of type: mult_36
	Netlist
		0	blocks of type: memory
	Architecture
		9	blocks of type: memory

Device Utilization: 0.59 (target 1.00)
	Physical Tile io:
	Block Utilization: 0.12 Logical Block: io
	Physical Tile clb:
	Block Utilization: 0.94 Logical Block: clb
	Physical Tile mult_36:
	Block Utilization: 0.00 Logical Block: mult_36
	Physical Tile memory:
	Block Utilization: 0.00 Logical Block: memory

FPGA size limited by block type(s): clb

## Build Device Grid took 0.00 seconds (max_rss 344.0 MiB, delta_rss +0.0 MiB)
## Build routing resource graph
## Build routing resource graph took 0.15 seconds (max_rss 344.0 MiB, delta_rss +0.0 MiB)
  RR Graph Nodes: 45214
  RR Graph Edges: 398796
# Create Device took 0.16 seconds (max_rss 344.0 MiB, delta_rss +0.0 MiB)


Bounding box mode is Cube

# Compressed grid construction
# Compressed grid construction took 0.00 seconds (max_rss 344.0 MiB, delta_rss +0.0 MiB)
# Placement
## Initial Placement
Initial placement iteration 0 has finished successfully
## Initial Placement took 0.00 seconds (max_rss 344.0 MiB, delta_rss +0.0 MiB)
Using simple RL 'Softmax agent' for choosing move and block types

BB estimate of min-dist (placement) wire length: 28066

Completed placement consistency check successfully.
Initial placement cost: 1 bb_cost: 280.658 td_cost: nan
Placement contains 0 placement macros involving 0 blocks (average macro size -nan)

Moves per temperature: 1117

---- ------ ------- ------- ---------- ---------- ------- ---------- -------- ------- ------- ------ -------- --------- ------
Tnum   Time       T Av Cost Av BB Cost Av TD Cost     CPD       sTNS     sWNS Ac Rate Std Dev  R lim Crit Exp Tot Moves  Alpha
      (sec)                                          (ns)       (ns)     (ns)                                                 
---- ------ ------- ------- ---------- ---------- ------- ---------- -------- ------- ------- ------ -------- --------- ------
   1    0.0 1.0e+01   0.990     277.92 nan            nan        nan      nan   0.992  0.0112   20.0     0.00      1117  1.000
   2    0.0 8.0e+00   0.996     272.41 nan            nan        nan      nan   0.993  0.0158   20.0     0.00      2234  1.000
   3    0.0 6.4e+00   1.000     269.38 nan            nan        nan      nan   0.986  0.0160   20.0     0.00      3351  1.000
   4    0.0 5.1e+00   0.997     274.63 nan            nan        nan      nan   0.987  0.0180   20.0     0.00      4468  1.000
   5    0.0 4.1e+00   1.010     270.78 nan            nan        nan      nan   0.990  0.0084   20.0     0.00      5585  1.000
   6    0.0 3.3e+00   1.005     272.62 nan            nan        nan      nan   0.991  0.0120   20.0     0.00      6702  1.000
   7    0.0 2.6e+00   0.999     273.77 nan            nan        nan      nan   0.988  0.0120   20.0     0.00      7819  1.000
   8    0.0 2.1e+00   0.987     273.58 nan            nan        nan      nan   0.989  0.0156   20.0     0.00      8936  1.000
   9    0.0 1.7e+00   1.013     272.50 nan            nan        nan      nan   0.987  0.0210   20.0     0.00     10053  1.000
  10    0.0 1.3e+00   0.998     272.70 nan            nan        nan      nan   0.987  0.0108   20.0     0.00     11170  1.000
  11    0.0 1.1e+00   0.976     271.64 nan            nan        nan      nan   0.985  0.0189   20.0     0.00     12287  1.000
  12    0.0 8.6e-01   0.976     268.72 nan            nan        nan      nan   0.987  0.0148   20.0     0.00     13404  1.000
  13    0.0 6.9e-01   1.023     272.82 nan            nan        nan      nan   0.990  0.0100   20.0     0.00     14521  1.000
  14    0.0 5.5e-01   0.995     269.53 nan            nan        nan      nan   0.982  0.0148   20.0     0.00     15638  1.000
  15    0.0 4.4e-01   1.027     267.83 nan            nan        nan      nan   0.983  0.0176   20.0     0.00     16755  1.000
  16    0.0 3.5e-01   1.024     269.36 nan            nan        nan      nan   0.983  0.0160   20.0     0.00     17872  1.000
  17    0.0 2.8e-01   0.984     270.77 nan            nan        nan      nan   0.979  0.0087   20.0     0.00     18989  1.000
  18    0.0 2.3e-01   1.018     273.58 nan            nan        nan      nan   0.987  0.0160   20.0     0.00     20106  1.000
  19    0.0 1.8e-01   1.033     270.79 nan            nan        nan      nan   0.984  0.0187   20.0     0.00     21223  1.000
  20    0.0 1.4e-01   1.013     274.91 nan            nan        nan      nan   0.990  0.0120   20.0     0.00     22340  1.000
  21    0.0 1.2e-01   1.019     270.40 nan            nan        nan      nan   0.977  0.0102   20.0     0.00     23457  1.000
  22    0.0 9.2e-02   0.994     268.93 nan            nan        nan      nan   0.980  0.0146   20.0     0.00     24574  1.000
  23    0.0 7.4e-02   1.000     272.37 nan            nan        nan      nan   0.978  0.0174   20.0     0.00     25691  1.000
  24    0.0 5.9e-02   0.963     269.82 nan            nan        nan      nan   0.978  0.0135   20.0     0.00     26808  1.000
  25    0.0 4.7e-02   0.992     270.04 nan            nan        nan      nan   0.979  0.0142   20.0     0.00     27925  1.000
  26    0.0 3.8e-02   0.977     268.12 nan            nan        nan      nan   0.972  0.0102   20.0     0.00     29042  1.000
  27    0.0 3.0e-02   1.013     266.93 nan            nan        nan      nan   0.971  0.0134   20.0     0.00     30159  1.000
  28    0.0 2.4e-02   0.997     268.03 nan            nan        nan      nan   0.954  0.0160   20.0     0.00     31276  1.000
  29    0.0 1.9e-02   0.984     267.19 nan            nan        nan      nan   0.961  0.0117   20.0     0.00     32393  1.000
  30    0.0 1.5e-02   1.008     266.05 nan            nan        nan      nan   0.952  0.0124   20.0     0.00     33510  1.000
  31    0.0 1.2e-02   1.002     265.23 nan            nan        nan      nan   0.935  0.0125   20.0     0.00     34627  1.000
  32    0.0 9.9e-03   0.993     268.02 nan            nan        nan      nan   0.953  0.0111   20.0     0.00     35744  1.000
  33    0.0 7.9e-03   1.022     267.97 nan            nan        nan      nan   0.918  0.0075   20.0     0.00     36861  1.000
  34    0.0 6.3e-03   0.996     263.83 nan            nan        nan      nan   0.907  0.0138   20.0     0.00     37978  1.000
  35    0.0 5.1e-03   0.976     256.45 nan            nan        nan      nan   0.885  0.0138   20.0     0.00     39095  1.000
  36    0.0 4.1e-03   1.020     255.94 nan            nan        nan      nan   0.855  0.0126   20.0     0.00     40212  1.000
  37    0.0 3.2e-03   0.984     253.42 nan            nan        nan      nan   0.836  0.0124   20.0     0.00     41329  1.000
  38    0.0 2.6e-03   0.988     249.12 nan            nan        nan      nan   0.795  0.0073   20.0     0.00     42446  1.000
  39    0.0 2.1e-03   0.995     243.38 nan            nan        nan      nan   0.763  0.0071   20.0     0.00     43563  1.000
  40    0.0 1.7e-03   0.960     236.76 nan            nan        nan      nan   0.741  0.0198   20.0     0.00     44680  1.000
  41    0.0 1.3e-03   0.988     230.87 nan            nan        nan      nan   0.710  0.0199   20.0     0.00     45797  1.000
  42    0.0 1.1e-03   0.966     219.17 nan            nan        nan      nan   0.680  0.0186   20.0     0.00     46914  1.000
  43    0.0 8.5e-04   0.971     205.71 nan            nan        nan      nan   0.661  0.0177   20.0     0.00     48031  1.000
  44    0.0 6.8e-04   0.965     192.50 nan            nan        nan      nan   0.617  0.0209   20.0     0.00     49148  1.000
  45    0.0 5.4e-04   0.980     183.01 nan            nan        nan      nan   0.576  0.0107   20.0     0.00     50265  1.000
  46    0.0 4.4e-04   0.983     175.89 nan            nan        nan      nan   0.549  0.0114   20.0     0.00     51382  1.000
  47    0.0 3.5e-04   0.989     170.72 nan            nan        nan      nan   0.501  0.0068   20.0     0.00     52499  1.000
  48    0.0 2.8e-04   0.987     166.74 nan            nan        nan      nan   0.475  0.0067   20.0     0.00     53616  1.000
  49    0.0 2.2e-04   0.988     163.07 nan            nan        nan      nan   0.423  0.0077   20.0     0.00     54733  1.000
  50    0.0 1.8e-04   0.992     160.01 nan            nan        nan      nan   0.367  0.0067   20.0     0.00     55850  1.000
  51    0.0 1.4e-04   0.994     157.65 nan            nan        nan      nan   0.350  0.0035   20.0     0.00     56967  1.000
  52    0.0 1.1e-04   0.991     155.19 nan            nan        nan      nan   0.308  0.0037   20.0     0.00     58084  1.000
  53    0.0 9.1e-05   0.993     153.39 nan            nan        nan      nan   0.277  0.0043   20.0     0.00     59201  1.000
  54    0.0 7.3e-05   0.992     151.46 nan            nan        nan      nan   0.256  0.0035   20.0     0.00     60318  1.000
  55    0.0 5.8e-05   0.997     150.55 nan            nan        nan      nan   0.191  0.0022   20.0     0.00     61435  1.000
  56    0.0 4.7e-05   0.998     149.31 nan            nan        nan      nan   0.175  0.0018   20.0     0.00     62552  1.000
  57    0.0 3.7e-05   0.997     148.45 nan            nan        nan      nan   0.156  0.0015   20.0     0.00     63669  1.000
  58    0.0 3.0e-05   0.999     147.90 nan            nan        nan      nan   0.151  0.0010   20.0     0.00     64786  1.000
  59    0.0 2.4e-05   0.999     147.56 nan            nan        nan      nan   0.133  0.0003   20.0     0.00     65903  1.000
  60    0.0 1.9e-05   0.998     147.27 nan            nan        nan      nan   0.122  0.0008   20.0     0.00     67020  1.000
  61    0.0 1.5e-05   0.996     146.46 nan            nan        nan      nan   0.131  0.0026   20.0     0.00     68137  1.000
  62    0.0 1.2e-05   0.999     145.94 nan            nan        nan      nan   0.122  0.0007   20.0     0.00     69254  1.000
  63    0.0 9.8e-06   0.999     145.44 nan            nan        nan      nan   0.124  0.0010   20.0     0.00     70371  1.000
  64    0.0 7.8e-06   0.996     144.71 nan            nan        nan      nan   0.097  0.0010   20.0     0.00     71488  1.000
  65    0.0 6.3e-06   0.997     144.21 nan            nan        nan      nan   0.107  0.0013   20.0     0.00     72605  1.000
  66    0.0 5.0e-06   1.000     144.01 nan            nan        nan      nan   0.102  0.0002   20.0     0.00     73722  1.000
  67    0.0 4.0e-06   1.000     143.87 nan            nan        nan      nan   0.105  0.0003   20.0     0.00     74839  1.000
  68    0.0 3.2e-06   0.999     143.69 nan            nan        nan      nan   0.081  0.0008   20.0     0.00     75956  1.000
  69    0.0 2.6e-06   0.999     143.40 nan            nan        nan      nan   0.112  0.0014   20.0     0.00     77073  1.000
  70    0.0 2.1e-06   0.999     142.95 nan            nan        nan      nan   0.099  0.0003   20.0     0.00     78190  1.000
  71    0.0 1.6e-06   0.999     142.70 nan            nan        nan      nan   0.099  0.0006   20.0     0.00     79307  1.000
  72    0.0 1.3e-06   0.999     142.48 nan            nan        nan      nan   0.090  0.0004   20.0     0.00     80424  1.000
  73    0.0 1.1e-06   0.999     142.32 nan            nan        nan      nan   0.102  0.0005   20.0     0.00     81541  1.000
  74    0.0 8.4e-07   0.998     141.99 nan            nan        nan      nan   0.091  0.0007   20.0     0.00     82658  1.000
  75    0.0 6.7e-07   0.999     141.84 nan            nan        nan      nan   0.082  0.0006   20.0     0.00     83775  1.000
  76    0.0 5.4e-07   0.998     141.39 nan            nan        nan      nan   0.094  0.0013   20.0     0.00     84892  1.000
  77    0.0 4.3e-07   1.000     141.09 nan            nan        nan      nan   0.098  0.0006   20.0     0.00     86009  1.000
  78    0.0 3.5e-07   0.999     140.77 nan            nan        nan      nan   0.097  0.0008   20.0     0.00     87126  1.000
  79    0.0 2.8e-07   1.000     140.46 nan            nan        nan      nan   0.100  0.0004   20.0     0.00     88243  1.000
  80    0.0 2.2e-07   0.998     140.03 nan            nan        nan      nan   0.102  0.0014   20.0     0.00     89360  1.000
  81    0.0 1.8e-07   0.999     139.67 nan            nan        nan      nan   0.094  0.0006   20.0     0.00     90477  1.000
  82    0.0 1.4e-07   1.000     139.57 nan            nan        nan      nan   0.102  0.0003   20.0     0.00     91594  1.000
  83    0.0 1.1e-07   0.999     139.40 nan            nan        nan      nan   0.107  0.0005   20.0     0.00     92711  1.000
  84    0.0 9.0e-08   0.999     139.15 nan            nan        nan      nan   0.086  0.0008   20.0     0.00     93828  1.000
  85    0.0 7.2e-08   0.999     138.74 nan            nan        nan      nan   0.098  0.0005   20.0     0.00     94945  1.000
  86    0.0 5.8e-08   0.999     138.63 nan            nan        nan      nan   0.110  0.0004   20.0     0.00     96062  1.000
  87    0.0 4.6e-08   0.999     138.44 nan            nan        nan      nan   0.096  0.0003   20.0     0.00     97179  1.000
  88    0.0 3.7e-08   1.000     138.38 nan            nan        nan      nan   0.105  0.0001   20.0     0.00     98296  1.000
  89    0.0 3.0e-08   1.000     138.36 nan            nan        nan      nan   0.086  0.0001   20.0     0.00     99413  1.000
  90    0.0 2.4e-08   1.000     138.34 nan            nan        nan      nan   0.089  0.0000   20.0     0.00    100530  1.000
  91    0.0 1.9e-08   1.000     138.28 nan            nan        nan      nan   0.089  0.0003   20.0     0.00    101647  1.000
  92    0.0 1.5e-08   1.000     138.17 nan            nan        nan      nan   0.104  0.0003   20.0     0.00    102764  1.000
  93    0.0 1.2e-08   1.000     138.05 nan            nan        nan      nan   0.095  0.0003   20.0     0.00    103881  1.000
  94    0.0 9.7e-09   1.000     137.97 nan            nan        nan      nan   0.086  0.0001   20.0     0.00    104998  1.000
  95    0.0 7.8e-09   1.000     137.92 nan            nan        nan      nan   0.098  0.0001   20.0     0.00    106115  1.000
  96    0.0 6.2e-09   1.000     137.90 nan            nan        nan      nan   0.094  0.0001   20.0     0.00    107232  1.000
  97    0.0 5.0e-09   0.999     137.79 nan            nan        nan      nan   0.082  0.0007   20.0     0.00    108349  1.000
  98    0.0 4.0e-09   1.000     137.56 nan            nan        nan      nan   0.085  0.0001   20.0     0.00    109466  1.000
  99    0.0 3.2e-09   1.000     137.54 nan            nan        nan      nan   0.087  0.0000   20.0     0.00    110583  1.000
 100    0.0 2.5e-09   1.000     137.50 nan            nan        nan      nan   0.074  0.0002   20.0     0.00    111700  1.000
 101    0.0 2.0e-09   1.000     137.36 nan            nan        nan      nan   0.093  0.0003   20.0     0.00    112817  1.000
 102    0.0 1.6e-09   0.999     137.17 nan            nan        nan      nan   0.087  0.0009   20.0     0.00    113934  1.000
 103    0.0 1.3e-09   1.000     136.97 nan            nan        nan      nan   0.098  0.0005   20.0     0.00    115051  1.000
 104    0.0 1.0e-09   0.999     136.80 nan            nan        nan      nan   0.073  0.0004   20.0     0.00    116168  1.000
 105    0.0 8.3e-10   1.000     136.73 nan            nan        nan      nan   0.084  0.0001   20.0     0.00    117285  1.000
 106    0.0 6.7e-10   0.998     136.49 nan            nan        nan      nan   0.086  0.0008   20.0     0.00    118402  1.000
 107    0.0 5.3e-10   1.000     136.42 nan            nan        nan      nan   0.073  0.0000   20.0     0.00    119519  1.000
 108    0.0 4.3e-10   0.999     136.33 nan            nan        nan      nan   0.091  0.0005   20.0     0.00    120636  1.000
 109    0.0 3.4e-10   0.999     136.16 nan            nan        nan      nan   0.091  0.0006   20.0     0.00    121753  1.000
 110    0.0 2.7e-10   0.999     135.93 nan            nan        nan      nan   0.077  0.0012   20.0     0.00    122870  1.000
 111    0.0 2.2e-10   1.000     135.75 nan            nan        nan      nan   0.086  0.0000   20.0     0.00    123987  1.000
 112    0.0 1.7e-10   1.000     135.74 nan            nan        nan      nan   0.081  0.0000   20.0     0.00    125104  1.000
 113    0.0 1.4e-10   1.000     135.70 nan            nan        nan      nan   0.088  0.0001   20.0     0.00    126221  1.000
 114    0.0 1.1e-10   1.000     135.69 nan            nan        nan      nan   0.081  0.0002   20.0     0.00    127338  1.000
 115    0.0 0.0e+00   1.000     135.61 nan            nan        nan      nan   0.080  0.0000   20.0     0.00    128455  1.000
## Placement Quench took 0.00 seconds (max_rss 344.0 MiB)

BB estimate of min-dist (placement) wire length: 13561

Completed placement consistency check successfully.

Swaps called: 128455

Aborted Move Reasons:
  No moves aborted
Placement cost: 1, bb_cost: 135.609, td_cost: nan, 

Placement resource usage:
  io  implemented as io : 74
  clb implemented as clb: 251

Placement number of temperatures: 115
Placement total # of swap attempts: 128455
	Swaps accepted:  56834 (44.2 %)
	Swaps rejected:  67378 (52.5 %)
	Swaps aborted:   4243 ( 3.3 %)


Placement perturbation distribution by block and move type: 
------------------ ----------------- ---------------- ---------------- --------------- ------------ 
    Block Type         Move Type       (%) of Total      Accepted(%)     Rejected(%)    Aborted(%)
------------------ ----------------- ---------------- ---------------- --------------- ------------ 
io                 Uniform                16.81            29.02           70.98          0.00         
                   Median                 25.63            24.05           63.66          12.29        
                   Centroid               24.56            31.88           68.12          0.00         

clb                Uniform                5.03             88.32           11.68          0.00         
                   Median                 19.30            70.19           29.02          0.79         
                   Centroid               8.67             85.19           14.81          0.00         


Placement Quench timing analysis took 0 seconds (0 STA, 0 slack) (0 full updates: 0 setup, 0 hold, 0 combined).
Placement Total  timing analysis took 0 seconds (0 STA, 0 slack) (0 full updates: 0 setup, 0 hold, 0 combined).
update_td_costs: connections 0 nets 0 sum_nets 0 total 0
# Placement took 0.22 seconds (max_rss 344.0 MiB, delta_rss +0.0 MiB)

Flow timing analysis took 0.00181994 seconds (0.00143994 STA, 0.000380002 slack) (1 full updates: 1 setup, 0 hold, 0 combined).
VPR succeeded
The entire flow of VPR took 1.14 seconds (max_rss 344.0 MiB)
