=== STDOUT ===
VPR FPGA Placement and Routing.
Version: 9.0.0-dev+v8.0.0-11943-g8cb20aa52-dirty
Revision: v8.0.0-11943-g8cb20aa52-dirty
Compiled: 2025-11-07T02:08:24
Compiler: GNU 13.3.0 on Linux-6.6.87.2-microsoft-standard-WSL2 x86_64
Build Info: release IPO VTR_ASSERT_LEVEL=2

University of Toronto
verilogtorouting.org
vtr-users@googlegroups.com
This is free open source code under MIT license.

VPR was run with the following command-line:
./vtr-verilog-to-routing/vpr/vpr k6_N10_mem32K_40nm.xml boundtop.blif --route_chan_width 56 --seed 500


Architecture file: k6_N10_mem32K_40nm.xml
Circuit name: boundtop

# Loading Architecture Description
# Loading Architecture Description took 0.00 seconds (max_rss 456.4 MiB, delta_rss +0.0 MiB)

Timing analysis: ON
Circuit netlist file: boundtop.net
Circuit placement file: boundtop.place
Circuit routing file: boundtop.route
Circuit SDC file: boundtop.sdc
Vpr floorplanning constraints file: not specified

Packer: ENABLED
Placer: ENABLED
Analytical Placer: DISABLED
Router: ENABLED
Analysis: ENABLED

VPR was run with the following options:

NetlistOpts.absorb_buffer_luts            : true
NetlistOpts.sweep_dangling_primary_ios    : true
NetlistOpts.sweep_dangling_nets           : true
NetlistOpts.sweep_dangling_blocks         : true
NetlistOpts.sweep_constant_primary_outputs: false
NetlistOpts.netlist_verbosity             : 1
NetlistOpts.const_gen_inference           : COMB_SEQ

PackerOpts.allow_unrelated_clustering: auto
PackerOpts.alpha_clustering: 0.750000
PackerOpts.beta_clustering: 0.900000
PackerOpts.cluster_seed_type: BLEND2
PackerOpts.connection_driven: true
PackerOpts.global_clocks: true
PackerOpts.inter_cluster_net_delay: 1.000000
PackerOpts.timing_driven: true
PackerOpts.target_external_pin_util: auto

PlacerOpts.place_freq: PLACE_ONCE
PlacerOpts.place_algorithm: CRITICALITY_TIMING_PLACE
PlacerOpts.pad_loc_type: FREE
PlacerOpts.constraints_file: No constraints file given
PlacerOpts.place_chan_width: 56
PlacerOpts.inner_loop_recompute_divider: 0
PlacerOpts.recompute_crit_iter: 1
PlacerOpts.timing_tradeoff: 0.500000
PlacerOpts.td_place_exp_first: 1.000000
PlacerOpts.td_place_exp_last: 8.000000
PlacerOpts.delay_offset: 0.000000
PlacerOpts.delay_ramp_delta_threshold: -1
PlacerOpts.delay_ramp_slope: 0.000000
PlacerOpts.tsu_rel_margin: 1.000000
PlacerOpts.tsu_abs_margin: 0.000000
PlacerOpts.post_place_timing_report_file: 
PlacerOpts.allowed_tiles_for_delay_model: 
PlacerOpts.delay_model_reducer: MIN
PlacerOpts.delay_model_type: SIMPLE
PlacerOpts.rlim_escape_fraction: 0.000000
PlacerOpts.move_stats_file: 
PlacerOpts.placement_saves_per_temperature: 0
PlacerOpts.effort_scaling: CIRCUIT
PlacerOpts.place_delta_delay_matrix_calculation_method: ASTAR_ROUTE
PlaceOpts.seed: 500
AnnealSched.type: AUTO_SCHED
AnnealSched.inner_num: 0.500000

RouterOpts.route_type: DETAILED
RouterOpts.flat_routing: false
RouterOpts.choke_points: on
RouterOpts.router_algorithm: TIMING_DRIVEN
RouterOpts.base_cost_type: DELAY_NORMALIZED_LENGTH
RouterOpts.fixed_channel_width: 56
RouterOpts.check_route: FULL
RouterOpts.acc_fac: 1.000000
RouterOpts.bb_factor: 3
RouterOpts.bend_cost: 0.000000
RouterOpts.first_iter_pres_fac: 0.000000
RouterOpts.initial_pres_fac: 0.500000
RouterOpts.pres_fac_mult: 1.300000
RouterOpts.max_pres_fac: 1000.000000
RouterOpts.max_router_iterations: 50
RouterOpts.min_incremental_reroute_fanout: 16
RouterOpts.do_check_rr_graph: true
RouterOpts.verify_binary_search: false
RouterOpts.min_channel_width_hint: 0
RouterOpts.read_rr_edge_metadata: false
RouterOpts.exit_after_first_routing_iteration: false
RouterOpts.astar_fac: 1.200000
RouterOpts.astar_offset: 0.000000
RouterOpts.router_profiler_astar_fac: 1.200000
RouterOpts.criticality_exp: 1.000000
RouterOpts.max_criticality: 0.990000
RouterOpts.init_wirelength_abort_threshold: 0.850000
RouterOpts.incr_reroute_delay_ripup: AUTO
RouterOpts.save_routing_per_iteration: false
RouterOpts.congested_routing_iteration_threshold_frac: 1.000000
RouterOpts.high_fanout_threshold: 64
RouterOpts.router_debug_net: -2
RouterOpts.router_debug_sink_rr: -2
RouterOpts.router_debug_iteration: -2
RouterOpts.max_convergence_count: 1
RouterOpts.reconvergence_cpd_threshold: 0.990000
RouterOpts.update_lower_bound_delays: true
RouterOpts.first_iteration_timing_report_file: 
RouterOpts.route_bb_update: DYNAMIC
RouterOpts.lookahead_type: MAP
RouterOpts.initial_timing: LOOKAHEAD
RouterOpts.router_heap: FOUR_ARY_HEAP
RouterOpts.routing_failure_predictor = SAFE
RouterOpts.routing_budgets_algorithm = DISABLE

AnalysisOpts.gen_post_synthesis_netlist: false
AnalysisOpts.timing_report_npaths: 100
AnalysisOpts.timing_report_skew: false
AnalysisOpts.echo_dot_timing_graph_node: -1
AnalysisOpts.timing_report_detail: NETLIST
AnalysisOpts.post_synth_netlist_unconn_input_handling: UNCONNECTED
AnalysisOpts.post_synth_netlist_unconn_output_handling: UNCONNECTED

# Building complex block graph
Warning 1: io[0].clock[0] unconnected pin in architecture.
# Building complex block graph took 0.01 seconds (max_rss 456.4 MiB, delta_rss +0.0 MiB)
Circuit file: boundtop.blif
# Load circuit
Found constant-zero generator 'top^tm3_sram_addr~18'
Found constant-zero generator 'unconn'
Found constant-zero generator 'n2240'
Found constant-zero generator 'n3090'
Found constant-zero generator 'n3175'
Found constant-zero generator 'n3700'
Found constant-zero generator 'n4105'
Found constant-zero generator 'n4885'
Found constant-zero generator 'n4890'
Found constant-zero generator 'n4895'
Found constant-zero generator 'n4900'
Found constant-zero generator 'n5105'
Found constant-zero generator 'n5110'
Found constant-zero generator 'n5115'
Found constant-zero generator 'n5540'
Found constant-zero generator 'n5945'
Found constant-zero generator 'n6735'
Found constant-zero generator 'n6740'
Found constant-zero generator 'n6745'
Found constant-zero generator 'n6750'
Found constant-zero generator 'n10555'
Found constant-zero generator 'n10559'
Found constant-zero generator 'n10563'
Found constant-zero generator 'n10567'
Found constant-zero generator 'n10571'
Found constant-zero generator 'n10575'
Found constant-zero generator 'n10579'
Found constant-zero generator 'n10583'
Found constant-zero generator 'n10587'
Found constant-zero generator 'n10591'
Found constant-zero generator 'n10595'
Found constant-zero generator 'n10599'
Found constant-zero generator 'n10603'
Found constant-zero generator 'n10607'
Found constant-zero generator 'n10611'
Found constant-zero generator 'n10615'
Found constant-zero generator 'n10619'
Found constant-zero generator 'n10623'
Found constant-zero generator 'n10627'
Found constant-zero generator 'n10631'
Found constant-zero generator 'n10635'
Found constant-zero generator 'n10639'
Found constant-zero generator 'n10643'
Found constant-zero generator 'n10647'
Found constant-zero generator 'n10651'
Found constant-zero generator 'n10655'
# Load circuit took 0.03 seconds (max_rss 456.4 MiB, delta_rss +0.0 MiB)
# Clean circuit
Absorbed 77 LUT buffers
Inferred    0 additional primitive pins as constant generators since they have no combinationally connected inputs
Inferred   44 additional primitive pins as constant generators due to constant inputs
Inferred    0 additional primitive pins as constant generators since they have no combinationally connected inputs
Inferred    0 additional primitive pins as constant generators due to constant inputs
Swept input(s)      : 0
Swept output(s)     : 0 (0 dangling, 0 constant)
Swept net(s)        : 0
Swept block(s)      : 0
Constant Pins Marked: 44
# Clean circuit took 0.00 seconds (max_rss 456.4 MiB, delta_rss +0.0 MiB)
# Compress circuit
# Compress circuit took 0.00 seconds (max_rss 456.4 MiB, delta_rss +0.0 MiB)
# Verify circuit
# Verify circuit took 0.00 seconds (max_rss 456.4 MiB, delta_rss +0.0 MiB)
Circuit Statistics:
  Blocks: 5224
    .input         :     275
    .latch         :    1671
    .names         :    3054
        0-LUT:      45
        2-LUT:     681
        3-LUT:     461
        4-LUT:     360
        5-LUT:     289
        6-LUT:    1218
    .output        :     192
    single_port_ram:      32
  Nets  : 5032
    Avg Fanout:     3.4
    Max Fanout:  1703.0
    Min Fanout:     1.0
  Netlist Clocks: 1
# Build Timing Graph
  Timing Graph Nodes: 21920
  Timing Graph Edges: 33584
  Timing Graph Levels: 22
# Build Timing Graph took 0.01 seconds (max_rss 456.4 MiB, delta_rss +0.0 MiB)
Netlist contains 1 clocks
  Netlist Clock 'top^tm3_clk_v0' Fanout: 1703 pins (7.8%), 1703 blocks (32.6%)
# Load Timing Constraints

SDC file 'boundtop.sdc' not found
Setting default timing constraints:
   * constrain all primay inputs and primary outputs on netlist clock 'top^tm3_clk_v0'
   * optimize netlist clock to run as fast as possible
Timing constraints created 1 clocks
  Constrained Clock 'top^tm3_clk_v0' Source: 'top^tm3_clk_v0.inpad[0]'

# Load Timing Constraints took 0.00 seconds (max_rss 456.4 MiB, delta_rss +0.0 MiB)
# Packing
Begin packing 'boundtop.blif'.

After removing unused inputs...
	total blocks: 5224, total nets: 5032, total inputs: 275, total outputs: 192
Begin prepacking.
0 attraction groups were created during prepacking.
Finish prepacking.
Using inter-cluster delay: 1.33777e-09
Packing with pin utilization targets: io:1,1 clb:0.8,0.6 mult_36:1,1 memory:1,1
Packing with high fanout thresholds: io:128 clb:32 mult_36:128 memory:128
Starting Clustering - Clustering Progress: 
-------------------   --------------------------   ---------
Molecules processed   Number of clusters created   FPGA size
-------------------   --------------------------   ---------
   151/3569      4%                           13     8 x 8     
   299/3569      8%                           28     9 x 9     
   449/3569     12%                           43    10 x 10    
   599/3569     16%                           58    11 x 11    
   749/3569     20%                           73    13 x 13    
   897/3569     25%                           88    13 x 13    
  1047/3569     29%                          103    14 x 14    
  1193/3569     33%                          118    15 x 15    
  1336/3569     37%                          135    16 x 16    
  1481/3569     41%                          151    17 x 17    
  1627/3569     45%                          166    17 x 17    
  1774/3569     49%                          181    18 x 18    
  1920/3569     53%                          198    19 x 19    
  2063/3569     57%                          213    19 x 19    
  2210/3569     61%                          229    20 x 20    
  2355/3569     65%                          248    21 x 21    
  2499/3569     70%                          268    22 x 22    
  2646/3569     74%                          287    22 x 22    
  2790/3569     78%                          305    23 x 23    
  2936/3569     82%                          329    23 x 23    
  3082/3569     86%                          361    25 x 25    
  3224/3569     90%                          488    25 x 25    
  3366/3569     94%                          630    25 x 25    
  3508/3569     98%                          772    25 x 25    
  3569/3569    100%                          833    25 x 25    

Logic Element (fle) detailed count:
  Total number of Logic Elements used : 3070
  LEs used for logic and registers    : 1655
  LEs used for logic only             : 1399
  LEs used for registers only         : 16

Incr Slack updates 1 in 0.000222051 sec
Full Max Req/Worst Slack updates 1 in 2.0891e-05 sec
Incr Max Req/Worst Slack updates 0 in 0 sec
Incr Criticality updates 0 in 0 sec
Full Criticality updates 1 in 0.000261892 sec
FPGA sized to 25 x 25 (auto)
Device Utilization: 0.69 (target 1.00)
	Block Utilization: 0.63 Type: io
	Block Utilization: 0.93 Type: clb
	Block Utilization: 0.11 Type: memory

Start the iterative improvement process
the iterative improvement process is done
Final Clustering Statistics: 
----------   --------   ------------------------------------   --------------------------
Block Type   # Blocks   Avg. # of input clocks and pins used   Avg. # of output pins used
----------   --------   ------------------------------------   --------------------------
     EMPTY          0                                      0                            0   
        io        467                               0.411135                     0.588865   
       clb        365                                17.0877                      5.12603   
   mult_36          0                                      0                            0   
    memory          1                                     44                           32   
Absorbed logical nets 2854 out of 5032 nets, 2178 nets not absorbed.

Netlist conversion complete.

# Packing took 0.60 seconds (max_rss 456.4 MiB, delta_rss +0.0 MiB)
# Load packing
Begin loading packed FPGA netlist file.
Netlist generated from file 'boundtop.net'.
Detected 45 constant generators (to see names run with higher pack verbosity)
Finished loading packed FPGA netlist file (took 0.143498 seconds).
Warning 2: Treated 37 constant nets as global which will not be routed (to see net names increase packer verbosity).
Warning 3: Netlist contains 91 global net to non-global architecture pin connections
Warning 4: Logic block #365 (top^tm3_sram_addr~18) has only 1 output pin 'top^tm3_sram_addr~18.O[9]'. It may be a constant generator.
Completed clustering consistency check successfully.
Cluster level netlist and block usage statistics
Netlist num_nets: 2178
Netlist num_blocks: 833
Netlist EMPTY blocks: 0.
Netlist io blocks: 467.
Netlist clb blocks: 365.
Netlist mult_36 blocks: 0.
Netlist memory blocks: 1.
Netlist inputs pins: 275
Netlist output pins: 192

Pb types usage...
  io                 : 467
   inpad             : 275
   outpad            : 192
  clb                : 365
   fle               : 3070
    ble6             : 3070
     lut6            : 3054
      lut            : 3054
     ff              : 1671
  memory             : 1
   mem_1024x32_sp    : 1
    memory_slice     : 32

# Load packing took 0.22 seconds (max_rss 456.4 MiB, delta_rss +0.0 MiB)
# Create Device
## Build Device Grid
FPGA sized to 25 x 25: 625 grid tiles (auto)

Resource usage...
	Netlist
		467	blocks of type: io
	Architecture
		736	blocks of type: io
	Netlist
		365	blocks of type: clb
	Architecture
		391	blocks of type: clb
	Netlist
		0	blocks of type: mult_36
	Architecture
		15	blocks of type: mult_36
	Netlist
		1	blocks of type: memory
	Architecture
		9	blocks of type: memory

Device Utilization: 0.69 (target 1.00)
	Physical Tile io:
	Block Utilization: 0.63 Logical Block: io
	Physical Tile clb:
	Block Utilization: 0.93 Logical Block: clb
	Physical Tile mult_36:
	Block Utilization: 0.00 Logical Block: mult_36
	Physical Tile memory:
	Block Utilization: 0.11 Logical Block: memory

FPGA size limited by block type(s): clb

## Build Device Grid took 0.00 seconds (max_rss 456.4 MiB, delta_rss +0.0 MiB)
## Build routing resource graph
## Build routing resource graph took 0.11 seconds (max_rss 456.4 MiB, delta_rss +0.0 MiB)
  RR Graph Nodes: 50220
  RR Graph Edges: 335054
# Create Device took 0.12 seconds (max_rss 456.4 MiB, delta_rss +0.0 MiB)

# Computing router lookahead map
## Computing wire lookahead
## Computing wire lookahead took 0.04 seconds (max_rss 456.4 MiB, delta_rss +0.0 MiB)
## Computing src/opin lookahead
Warning 5: Found no more sample locations for SOURCE in io
Warning 6: Found no more sample locations for OPIN in io
Warning 7: Found no more sample locations for SOURCE in clb
Warning 8: Found no more sample locations for OPIN in clb
Warning 9: Found no more sample locations for SOURCE in mult_36
Warning 10: Found no more sample locations for OPIN in mult_36
Warning 11: Found no more sample locations for SOURCE in memory
Warning 12: Found no more sample locations for OPIN in memory
## Computing src/opin lookahead took 0.00 seconds (max_rss 456.4 MiB, delta_rss +0.0 MiB)
# Computing router lookahead map took 0.05 seconds (max_rss 456.4 MiB, delta_rss +0.0 MiB)
# Computing placement delta delay look-up
RR graph channel widths unchanged, skipping RR graph rebuild
Serial Connection Router is being destroyed. Time spent on path search: 0.000 seconds.
# Computing placement delta delay look-up took 0.00 seconds (max_rss 456.4 MiB, delta_rss +0.0 MiB)

Bounding box mode is Cube

# Compressed grid construction
# Compressed grid construction took 0.00 seconds (max_rss 456.4 MiB, delta_rss +0.0 MiB)
# Placement
## Initial Placement
Initial placement iteration 0 has finished successfully
## Initial Placement took 0.00 seconds (max_rss 456.4 MiB, delta_rss +0.0 MiB)
Using simple RL 'Softmax agent' for choosing move and block types

BB estimate of min-dist (placement) wire length: 52683

Completed placement consistency check successfully.
Initial placement cost: 1 bb_cost: 940.761 td_cost: 1.63e-06
Initial placement estimated Critical Path Delay (CPD): 11.7159 ns
Initial placement estimated setup Total Negative Slack (sTNS): -8658.57 ns
Initial placement estimated setup Worst Negative Slack (sWNS): -11.7159 ns

Initial placement estimated setup slack histogram:
[ -1.2e-08: -1.1e-08)  70 (  3.2%) |****
[ -1.1e-08: -9.5e-09) 198 (  9.0%) |************
[ -9.5e-09: -8.4e-09)  35 (  1.6%) |**
[ -8.4e-09: -7.2e-09)  52 (  2.4%) |***
[ -7.2e-09: -6.1e-09)  10 (  0.5%) |*
[ -6.1e-09:   -5e-09)  11 (  0.5%) |*
[   -5e-09: -3.9e-09) 183 (  8.3%) |***********
[ -3.9e-09: -2.8e-09) 674 ( 30.6%) |***************************************
[ -2.8e-09: -1.6e-09) 806 ( 36.6%) |***********************************************
[ -1.6e-09: -5.2e-10) 163 (  7.4%) |**********
Placement contains 0 placement macros involving 0 blocks (average macro size -nan)

Moves per temperature: 3918
Warning 13: Starting t: 358 of 833 configurations accepted.

---- ------ ------- ------- ---------- ---------- ------- ---------- -------- ------- ------- ------ -------- --------- ------
Tnum   Time       T Av Cost Av BB Cost Av TD Cost     CPD       sTNS     sWNS Ac Rate Std Dev  R lim Crit Exp Tot Moves  Alpha
      (sec)                                          (ns)       (ns)     (ns)                                                 
---- ------ ------- ------- ---------- ---------- ------- ---------- -------- ------- ------- ------ -------- --------- ------
   1    0.0 5.3e-04   0.912     764.71 1.4414e-06   9.882  -7.83e+03   -9.882   0.684  0.0431   24.0     1.00      3918  1.000
   2    0.0 5.1e-04   0.944     663.37 1.3294e-06   9.069  -7.54e+03   -9.069   0.636  0.0268   24.0     1.00      7836  0.950
   3    0.0 4.8e-04   0.962     619.05 1.3514e-06   7.970  -7.19e+03   -7.970   0.602  0.0156   24.0     1.00     11754  0.950
   4    0.0 4.6e-04   0.966     580.85 1.2984e-06   7.771  -6.87e+03   -7.771   0.591  0.0154   24.0     1.00     15672  0.950
   5    0.0 4.3e-04   0.972     559.57 1.2868e-06   7.445  -6.75e+03   -7.445   0.567  0.0115   24.0     1.00     19590  0.950
   6    0.0 4.1e-04   0.979     536.46 1.257e-06    7.335  -6.39e+03   -7.335   0.540  0.0143   24.0     1.00     23508  0.950
   7    0.0 3.9e-04   0.989     523.26 1.1247e-06   8.181  -6.76e+03   -8.181   0.534  0.0092   24.0     1.00     27426  0.950
   8    0.0 3.7e-04   0.981     509.31 1.1748e-06   7.623  -6.57e+03   -7.623   0.536  0.0094   24.0     1.00     31344  0.950
   9    0.0 3.5e-04   0.984     496.79 1.146e-06    7.625  -6.47e+03   -7.625   0.508  0.0065   24.0     1.00     35262  0.950
  10    0.0 3.4e-04   0.986     484.54 1.1353e-06   7.595  -6.48e+03   -7.595   0.485  0.0048   24.0     1.00     39180  0.950
  11    0.0 3.2e-04   0.997     484.18 1.1657e-06   7.355  -6.43e+03   -7.355   0.480  0.0028   24.0     1.00     43098  0.950
  12    0.0 3.0e-04   0.990     478.18 1.1758e-06   7.283  -6.46e+03   -7.283   0.474  0.0037   24.0     1.00     47016  0.950
  13    0.0 2.9e-04   0.988     470.59 1.1224e-06   7.625  -6.46e+03   -7.625   0.447  0.0039   24.0     1.00     50934  0.950
  14    0.0 2.7e-04   0.988     466.61 1.1761e-06   7.162  -6.37e+03   -7.162   0.460  0.0056   24.0     1.00     54852  0.950
  15    0.0 2.6e-04   0.983     454.52 1.1526e-06   7.254  -6.38e+03   -7.254   0.412  0.0086   24.0     1.00     58770  0.950
  16    0.0 2.5e-04   0.995     451.59 9.6689e-07   7.397  -6.31e+03   -7.397   0.421  0.0034   23.3     1.20     62688  0.950
  17    0.0 2.3e-04   0.990     444.93 9.3415e-07   7.072  -6.33e+03   -7.072   0.408  0.0050   22.9     1.34     66606  0.950
  18    0.0 2.2e-04   0.991     442.02 8.0966e-07   7.150  -6.29e+03   -7.150   0.395  0.0051   22.2     1.56     70524  0.950
  19    0.0 2.1e-04   0.995     436.97 7.4583e-07   6.938  -6.31e+03   -6.938   0.393  0.0039   21.2     1.87     74442  0.950
  20    0.0 2.0e-04   0.992     432.58 6.5523e-07   6.949  -6.31e+03   -6.949   0.394  0.0032   20.2     2.17     78360  0.950
  21    0.0 1.9e-04   0.989     425.67 5.8259e-07   6.980  -6.29e+03   -6.980   0.370  0.0054   19.2     2.45     82278  0.950
  22    0.0 1.8e-04   0.994     419.78 5.2221e-07   6.907  -6.18e+03   -6.907   0.360  0.0020   17.9     2.86     86196  0.950
  23    0.0 1.7e-04   1.000     421.61 4.7097e-07   6.916  -6.29e+03   -6.916   0.353  0.0018   16.4     3.30     90114  0.950
  24    0.0 1.6e-04   0.995     420.86 4.4071e-07   6.846  -6.35e+03   -6.846   0.362  0.0038   15.0     3.73     94032  0.950
  25    0.0 1.6e-04   0.996     415.74 3.9938e-07   6.852  -6.24e+03   -6.852   0.369  0.0014   13.8     4.09     97950  0.950
  26    0.0 1.5e-04   0.994     413.20 3.6262e-07   6.938  -6.26e+03   -6.938   0.334  0.0032   12.9     4.39    101868  0.950
  27    0.0 1.4e-04   0.995     409.39 3.5851e-07   6.777  -6.24e+03   -6.777   0.356  0.0028   11.5     4.81    105786  0.950
  28    0.0 1.3e-04   0.994     403.25 3.503e-07    6.777  -6.24e+03   -6.777   0.336  0.0028   10.5     5.10    109704  0.950
  29    0.0 1.3e-04   0.995     399.17 3.2973e-07   6.779  -6.29e+03   -6.779   0.324  0.0025    9.4     5.44    113622  0.950
  30    0.0 1.2e-04   0.997     396.77 3.1755e-07   6.779  -6.32e+03   -6.779   0.312  0.0017    8.3     5.77    117540  0.950
  31    0.0 1.1e-04   0.996     394.53 3.3569e-07   6.612   -6.3e+03   -6.612   0.303  0.0014    7.3     6.09    121458  0.950
  32    0.0 1.1e-04   0.998     394.85 3.0169e-07   6.713   -6.3e+03   -6.713   0.319  0.0012    6.3     6.40    125376  0.950
  33    0.0 1.0e-04   0.997     394.29 2.8781e-07   6.713   -6.3e+03   -6.713   0.306  0.0012    5.5     6.63    129294  0.950
  34    0.0 9.8e-05   0.993     389.06 2.554e-07    6.834  -6.34e+03   -6.834   0.302  0.0036    4.8     6.85    133212  0.950
  35    0.0 9.3e-05   0.995     387.55 2.6053e-07   6.764  -6.29e+03   -6.764   0.306  0.0033    4.1     7.05    137130  0.950
  36    0.0 8.9e-05   0.993     384.72 2.5612e-07   6.721  -6.29e+03   -6.721   0.369  0.0030    3.6     7.22    141048  0.950
  37    0.0 8.4e-05   0.996     380.63 2.6188e-07   6.704  -6.23e+03   -6.704   0.355  0.0018    3.3     7.30    144966  0.950
  38    0.0 8.0e-05   0.995     377.24 2.493e-07    6.741  -6.25e+03   -6.741   0.331  0.0030    3.0     7.38    148884  0.950
  39    0.0 7.6e-05   0.995     374.36 2.6435e-07   6.650  -6.21e+03   -6.650   0.383  0.0027    2.7     7.48    152802  0.950
  40    0.0 7.2e-05   0.997     371.78 2.5384e-07   6.670  -6.22e+03   -6.670   0.358  0.0015    2.5     7.53    156720  0.950
  41    0.0 6.9e-05   0.995     369.51 2.3068e-07   6.738  -6.21e+03   -6.738   0.351  0.0026    2.3     7.59    160638  0.950
  42    0.0 6.5e-05   0.997     367.54 2.3142e-07   6.738  -6.25e+03   -6.738   0.359  0.0016    2.1     7.66    164556  0.950
  43    0.0 6.2e-05   0.995     365.54 2.4688e-07   6.613  -6.24e+03   -6.613   0.335  0.0024    2.0     7.71    168474  0.950
  44    0.0 5.9e-05   0.997     363.63 2.5574e-07   6.560  -6.19e+03   -6.560   0.322  0.0015    1.7     7.77    172392  0.950
  45    0.0 5.6e-05   0.996     360.91 2.8251e-07   6.486  -6.18e+03   -6.486   0.312  0.0021    1.5     7.83    176310  0.950
  46    0.0 5.3e-05   0.998     358.63 2.5246e-07   6.556  -6.16e+03   -6.556   0.293  0.0008    1.3     7.89    180228  0.950
  47    0.0 5.0e-05   0.997     357.41 2.5901e-07   6.507  -6.18e+03   -6.507   0.295  0.0012    1.1     7.95    184146  0.950
  48    0.0 4.8e-05   0.997     356.84 2.5054e-07   6.560  -6.18e+03   -6.560   0.289  0.0009    1.0     8.00    188064  0.950
  49    0.0 4.5e-05   0.998     355.20 2.3076e-07   6.656   -6.2e+03   -6.656   0.266  0.0011    1.0     8.00    191982  0.950
  50    0.0 4.3e-05   0.997     354.20 2.3226e-07   6.613  -6.18e+03   -6.613   0.269  0.0013    1.0     8.00    195900  0.950
  51    0.0 4.1e-05   0.999     354.34 2.4431e-07   6.576  -6.18e+03   -6.576   0.263  0.0005    1.0     8.00    199818  0.950
  52    0.0 3.9e-05   0.998     354.21 2.2731e-07   6.613  -6.16e+03   -6.613   0.270  0.0010    1.0     8.00    203736  0.950
  53    0.0 3.7e-05   0.998     353.45 2.5134e-07   6.535  -6.15e+03   -6.535   0.262  0.0008    1.0     8.00    207654  0.950
  54    0.0 3.5e-05   0.998     352.85 2.2597e-07   6.613  -6.15e+03   -6.613   0.254  0.0011    1.0     8.00    211572  0.950
  55    0.0 3.3e-05   0.998     352.55 2.41e-07     6.570  -6.15e+03   -6.570   0.253  0.0010    1.0     8.00    215490  0.950
  56    0.0 3.2e-05   0.999     351.94 2.2935e-07   6.613  -6.15e+03   -6.613   0.252  0.0006    1.0     8.00    219408  0.950
  57    0.0 3.0e-05   0.999     352.21 2.2529e-07   6.613  -6.14e+03   -6.613   0.224  0.0008    1.0     8.00    223326  0.950
  58    0.0 2.9e-05   0.998     351.74 2.3781e-07   6.570  -6.15e+03   -6.570   0.242  0.0004    1.0     8.00    227244  0.950
  59    0.0 2.7e-05   0.998     351.42 2.2642e-07   6.613  -6.13e+03   -6.613   0.239  0.0012    1.0     8.00    231162  0.950
  60    0.0 2.6e-05   0.999     350.75 2.3564e-07   6.570  -6.15e+03   -6.570   0.221  0.0005    1.0     8.00    235080  0.950
  61    0.0 2.5e-05   0.999     350.19 2.3895e-07   6.560  -6.13e+03   -6.560   0.211  0.0006    1.0     8.00    238998  0.950
  62    0.0 2.3e-05   0.999     349.80 2.2677e-07   6.613  -6.14e+03   -6.613   0.204  0.0007    1.0     8.00    242916  0.950
  63    0.0 2.2e-05   0.999     350.26 2.3771e-07   6.570  -6.15e+03   -6.570   0.203  0.0008    1.0     8.00    246834  0.950
  64    0.0 2.1e-05   0.999     349.79 2.2644e-07   6.613  -6.16e+03   -6.613   0.208  0.0007    1.0     8.00    250752  0.950
  65    0.0 2.0e-05   0.998     349.50 2.3971e-07   6.570  -6.14e+03   -6.570   0.197  0.0009    1.0     8.00    254670  0.950
  66    0.0 1.9e-05   0.999     349.22 2.2116e-07   6.613  -6.14e+03   -6.613   0.189  0.0007    1.0     8.00    258588  0.950
  67    0.0 1.8e-05   0.998     348.45 2.3941e-07   6.570  -6.15e+03   -6.570   0.185  0.0009    1.0     8.00    262506  0.950
  68    0.0 1.7e-05   0.998     348.24 2.2181e-07   6.613  -6.15e+03   -6.613   0.188  0.0005    1.0     8.00    266424  0.950
  69    0.0 1.6e-05   0.999     348.45 2.3877e-07   6.560  -6.13e+03   -6.560   0.195  0.0005    1.0     8.00    270342  0.950
  70    0.0 1.5e-05   0.998     348.55 2.2253e-07   6.613  -6.15e+03   -6.613   0.187  0.0006    1.0     8.00    274260  0.950
  71    0.0 1.5e-05   0.998     348.30 2.4054e-07   6.570  -6.14e+03   -6.570   0.174  0.0003    1.0     8.00    278178  0.950
  72    0.0 1.4e-05   0.999     348.16 2.2708e-07   6.613  -6.14e+03   -6.613   0.161  0.0007    1.0     8.00    282096  0.950
  73    0.0 1.3e-05   0.998     348.24 2.3692e-07   6.570  -6.14e+03   -6.570   0.162  0.0007    1.0     8.00    286014  0.950
  74    0.0 1.3e-05   0.999     348.11 2.3582e-07   6.570  -6.14e+03   -6.570   0.166  0.0003    1.0     8.00    289932  0.950
  75    0.0 1.2e-05   0.999     347.85 2.3667e-07   6.570  -6.16e+03   -6.570   0.172  0.0006    1.0     8.00    293850  0.950
  76    0.0 1.1e-05   0.999     347.60 2.2098e-07   6.613  -6.16e+03   -6.613   0.172  0.0006    1.0     8.00    297768  0.950
  77    0.0 1.1e-05   0.999     347.51 2.3675e-07   6.570  -6.17e+03   -6.570   0.166  0.0007    1.0     8.00    301686  0.950
  78    0.0 1.0e-05   0.999     347.47 2.2709e-07   6.613  -6.16e+03   -6.613   0.156  0.0009    1.0     8.00    305604  0.950
  79    0.0 9.8e-06   0.998     347.12 2.3674e-07   6.570  -6.15e+03   -6.570   0.150  0.0008    1.0     8.00    309522  0.950
Agent's 2nd state: 
  80    0.0 7.8e-06   0.999     346.87 2.2531e-07   6.613  -6.14e+03   -6.613   0.144  0.0007    1.0     8.00    313440  0.800
Checkpoint saved: bb_costs=346.484, TD costs=2.39238e-07, CPD=  6.570 (ns) 
  81    0.0 6.2e-06   0.998     346.34 2.3831e-07   6.570  -6.15e+03   -6.570   0.108  0.0008    1.0     8.00    317358  0.800
Checkpoint saved: bb_costs=346.098, TD costs=2.53179e-07, CPD=  6.497 (ns) 
  82    0.0 5.0e-06   0.997     345.98 2.5196e-07   6.497  -6.14e+03   -6.497   0.108  0.0011    1.0     8.00    321276  0.800
  83    0.0 4.0e-06   0.999     345.87 2.4331e-07   6.570  -6.16e+03   -6.570   0.096  0.0005    1.0     8.00    325194  0.800
  84    0.0 3.2e-06   0.997     346.14 2.2608e-07   6.589  -6.14e+03   -6.589   0.093  0.0006    1.0     8.00    329112  0.800
  85    0.0 2.6e-06   0.998     345.56 2.4408e-07   6.570  -6.16e+03   -6.570   0.095  0.0005    1.0     8.00    333030  0.800
  86    0.0 0.0e+00   0.998     345.84 2.5602e-07   6.478  -6.14e+03   -6.478   0.045  0.0005    1.0     8.00    336948  0.800
## Placement Quench took 0.02 seconds (max_rss 456.4 MiB)
post-quench CPD = 6.56985 (ns) 

Checkpoint restored

BB estimate of min-dist (placement) wire length: 19381

Completed placement consistency check successfully.

Swaps called: 337781

Aborted Move Reasons:
  No moves aborted

Placement estimated critical path delay (least slack): 6.49659 ns, Fmax: 153.927 MHz
Placement estimated setup Worst Negative Slack (sWNS): -6.49659 ns
Placement estimated setup Total Negative Slack (sTNS): -6136.15 ns

Placement estimated setup slack histogram:
[ -6.5e-09: -5.9e-09) 176 (  8.0%) |***********
[ -5.9e-09: -5.3e-09)  82 (  3.7%) |*****
[ -5.3e-09: -4.7e-09)  53 (  2.4%) |***
[ -4.7e-09: -4.1e-09)  37 (  1.7%) |**
[ -4.1e-09: -3.5e-09)  53 (  2.4%) |***
[ -3.5e-09: -2.9e-09) 214 (  9.7%) |*************
[ -2.9e-09: -2.3e-09) 786 ( 35.7%) |***********************************************
[ -2.3e-09: -1.7e-09) 445 ( 20.2%) |***************************
[ -1.7e-09: -1.1e-09) 198 (  9.0%) |************
[ -1.1e-09:   -5e-10) 158 (  7.2%) |*********

Placement estimated geomean non-virtual intra-domain period: 6.49659 ns (153.927 MHz)
Placement estimated fanout-weighted geomean non-virtual intra-domain period: 6.49659 ns (153.927 MHz)

Placement cost: 1, bb_cost: 346.098, td_cost: 2.53179e-07, 

Placement resource usage:
  io     implemented as io    : 467
  clb    implemented as clb   : 365
  memory implemented as memory: 1

Placement number of temperatures: 86
Placement total # of swap attempts: 337781
	Swaps accepted: 104107 (30.8 %)
	Swaps rejected: 217743 (64.5 %)
	Swaps aborted:  15931 ( 4.7 %)


Placement perturbation distribution by block and move type: 
------------------ ----------------- ---------------- ---------------- --------------- ------------ 
    Block Type         Move Type       (%) of Total      Accepted(%)     Rejected(%)    Aborted(%)
------------------ ----------------- ---------------- ---------------- --------------- ------------ 
io                 Uniform                13.77            45.02           54.98          0.00         
                   Median                 13.58            48.08           41.36          10.56        
                   Centroid               13.54            48.62           41.39          9.99         
                   W. Centroid            13.68            48.91           41.06          10.03        
                   W. Median              0.55             20.35           58.54          21.10        

clb                Uniform                10.63            5.49            94.51          0.00         
                   Median                 10.61            14.95           81.63          3.42         
                   Centroid               10.55            12.11           87.39          0.49         
                   W. Centroid            10.55            11.61           88.39          0.00         
                   W. Median              0.44             2.23            91.75          6.02         
                   Crit. Uniform          1.00             1.51            98.49          0.00         
                   Feasible Region        0.99             0.84            99.16          0.00         

memory             Uniform                0.03             1.10            98.90          0.00         
                   Median                 0.03             1.06            98.94          0.00         
                   Centroid               0.03             0.00            100.00         0.00         
                   W. Centroid            0.03             0.98            99.02          0.00         
                   W. Median              0.00             0.00            100.00         0.00         


Placement Quench timing analysis took 0.0031093 seconds (0.00266497 STA, 0.000444326 slack) (1 full updates: 1 setup, 0 hold, 0 combined).
Placement Total  timing analysis took 0.270482 seconds (0.235863 STA, 0.0346191 slack) (89 full updates: 89 setup, 0 hold, 0 combined).
update_td_costs: connections 0 nets 0 sum_nets 0 total 0
# Placement took 1.10 seconds (max_rss 456.4 MiB, delta_rss +0.0 MiB)

# Routing
RR graph channel widths unchanged, skipping RR graph rebuild
## Initializing router criticalities
Initial Net Connection Criticality Histogram:
[        0:      0.1)  404 (  6.2%) |*************
[      0.1:      0.2) 1403 ( 21.7%) |**********************************************
[      0.2:      0.3)  984 ( 15.2%) |********************************
[      0.3:      0.4)  959 ( 14.8%) |*******************************
[      0.4:      0.5)  501 (  7.7%) |****************
[      0.5:      0.6)  223 (  3.4%) |*******
[      0.6:      0.7)  259 (  4.0%) |********
[      0.7:      0.8)  460 (  7.1%) |***************
[      0.8:      0.9)  666 ( 10.3%) |**********************
[      0.9:        1)  614 (  9.5%) |********************
## Initializing router criticalities took 0.04 seconds (max_rss 456.4 MiB, delta_rss +0.0 MiB)
---- ------ ------- ---- ------- ------- ------- ----------------- --------------- -------- ---------- ---------- ---------- ---------- --------
Iter   Time    pres  BBs    Heap  Re-Rtd  Re-Rtd Overused RR Nodes      Wirelength      CPD       sTNS       sWNS       hTNS       hWNS Est Succ
      (sec)     fac Updt    push    Nets   Conns                                       (ns)       (ns)       (ns)       (ns)       (ns)     Iter
---- ------ ------- ---- ------- ------- ------- ----------------- --------------- -------- ---------- ---------- ---------- ---------- --------
   1    0.0     0.0    0  203931    2140    6094    3476 ( 6.922%)   22998 (37.2%)    6.188     -5995.     -6.188     -1.908     -0.295      N/A
Incr Slack updates 89 in 0.0119605 sec
Full Max Req/Worst Slack updates 50 in 0.00106561 sec
Incr Max Req/Worst Slack updates 39 in 0.00109378 sec
Incr Criticality updates 7 in 0.00143441 sec
Full Criticality updates 82 in 0.0160468 sec
   2    0.0     0.5    0  208065    1953    5599    2152 ( 4.285%)   23130 (37.4%)    6.202     -5981.     -6.202     -1.774     -0.295      N/A
   3    0.0     0.6    0  188007    1518    4828    1903 ( 3.789%)   23245 (37.6%)    6.198     -6031.     -6.198     -1.614     -0.295      N/A
   4    0.0     0.8    0  171557    1379    4354    1610 ( 3.206%)   23403 (37.9%)    6.202     -6064.     -6.202     -1.407     -0.295      N/A
   5    0.0     1.1    0  160897    1232    4002    1172 ( 2.334%)   23495 (38.0%)    6.200     -6032.     -6.200     -1.407     -0.295      N/A
   6    0.0     1.4    0  145256     987    3533     908 ( 1.808%)   23739 (38.4%)    6.202     -6090.     -6.202     -1.387     -0.295      N/A
   7    0.0     1.9    0  122964     808    2990     724 ( 1.442%)   23917 (38.7%)    6.243     -6108.     -6.243     -1.387     -0.295      N/A
   8    0.0     2.4    0   92899     633    2444     531 ( 1.057%)   24147 (39.1%)    6.292     -6180.     -6.292     -1.387     -0.295      N/A
   9    0.0     3.1    0   80811     497    1989     389 ( 0.775%)   24392 (39.5%)    6.198     -6210.     -6.198     -1.387     -0.295      N/A
  10    0.0     4.1    0   68831     378    1633     297 ( 0.591%)   24602 (39.8%)    6.204     -6199.     -6.204     -1.387     -0.295       31
  11    0.0     5.3    0   60465     311    1503     243 ( 0.484%)   24765 (40.1%)    6.205     -6210.     -6.205     -1.387     -0.295       30
  12    0.0     6.9    0   60018     254    1447     205 ( 0.408%)   25015 (40.5%)    6.335     -6222.     -6.335     -1.387     -0.295       31
  13    0.0     9.0    0   41644     222    1017     108 ( 0.215%)   25103 (40.6%)    6.330     -6222.     -6.330     -1.387     -0.295       33
  14    0.0    11.6    0   32743     164     791      58 ( 0.115%)   25234 (40.8%)    6.343     -6236.     -6.343     -1.387     -0.295       30
  15    0.0    15.1    0   29127     134     714      44 ( 0.088%)   25389 (41.1%)    6.343     -6246.     -6.343     -1.387     -0.295       27
  16    0.0    19.7    0   29365     131     724      41 ( 0.082%)   25488 (41.2%)    6.379     -6268.     -6.379     -1.387     -0.295       26
  17    0.0    25.6    0   33357     127     759      21 ( 0.042%)   25597 (41.4%)    6.339     -6260.     -6.339     -1.387     -0.295       26
  18    0.0    33.3    0   27562     119     674      20 ( 0.040%)   25598 (41.4%)    6.337     -6260.     -6.337     -1.387     -0.295       25
  19    0.0    43.3    0   27234     117     672       8 ( 0.016%)   25669 (41.5%)    6.337     -6259.     -6.337     -1.387     -0.295       26
  20    0.0    56.2    0   25872     101     653       6 ( 0.012%)   25678 (41.5%)    6.370     -6265.     -6.370     -1.387     -0.295       25
  21    0.0    73.1    0   24812      95     616       7 ( 0.014%)   25676 (41.5%)    6.337     -6259.     -6.337     -1.387     -0.295       25
  22    0.0    95.0    0   24806      99     637       3 ( 0.006%)   25680 (41.5%)    6.339     -6260.     -6.339     -1.387     -0.295       25
  23    0.0   123.5    0   24646      95     635       3 ( 0.006%)   25660 (41.5%)    6.339     -6260.     -6.339     -1.387     -0.295       25
  24    0.0   160.6    0   24562      95     633       3 ( 0.006%)   25672 (41.5%)    6.339     -6260.     -6.339     -1.387     -0.295       25
  25    0.0   208.8    0   24844      95     635       0 ( 0.000%)   25676 (41.5%)    6.483     -6286.     -6.483     -1.387     -0.295       26
Restoring best routing
Critical path: 6.48345 ns
Successfully routed after 25 routing iterations.
Final Net Connection Criticality Histogram:
[        0:      0.1)  476 (  7.4%) |********************
[      0.1:      0.2) 1114 ( 17.2%) |**********************************************
[      0.2:      0.3) 1013 ( 15.6%) |******************************************
[      0.3:      0.4)  956 ( 14.8%) |***************************************
[      0.4:      0.5)  653 ( 10.1%) |***************************
[      0.5:      0.6)  251 (  3.9%) |**********
[      0.6:      0.7)  260 (  4.0%) |***********
[      0.7:      0.8)  414 (  6.4%) |*****************
[      0.8:      0.9)  746 ( 11.5%) |*******************************
[      0.9:        1)  590 (  9.1%) |************************
Router Stats: total_nets_routed: 13684 total_connections_routed: 49576 total_heap_pushes: 1934275 total_heap_pops: 322325 
Serial Connection Router is being destroyed. Time spent on path search: 0.066 seconds.
# Routing took 0.40 seconds (max_rss 456.4 MiB, delta_rss +0.0 MiB)

Checking to ensure routing is legal...
# Checking to ensure non-configurable edges are legal
# Checking to ensure non-configurable edges are legal took 0.00 seconds (max_rss 456.4 MiB, delta_rss +0.0 MiB)
Completed routing consistency check successfully.

Serial number (magic cookie) for the routing is: -188999753
Circuit successfully routed with a channel width factor of 56.
# Synchronize the packed netlist to routing optimization
## Annotating rr_node with routed nets
## Annotating rr_node with routed nets took 0.00 seconds (max_rss 456.4 MiB, delta_rss +0.0 MiB)
Found 8512 mismatches between routing and packing results.
Fixed 5766 routing traces due to mismatch between routing and packing results.
# Synchronize the packed netlist to routing optimization took 0.03 seconds (max_rss 456.4 MiB, delta_rss +0.0 MiB)
Final Clustering Statistics: 
----------   --------   ------------------------------------   --------------------------
Block Type   # Blocks   Avg. # of input clocks and pins used   Avg. # of output pins used
----------   --------   ------------------------------------   --------------------------
     EMPTY          0                                      0                            0   
        io        467                               0.411135                     0.588865   
       clb        365                                17.0877                      5.12603   
   mult_36          0                                      0                            0   
    memory          1                                     44                           32   
Absorbed logical nets 2854 out of 5032 nets, 2178 nets not absorbed.


Average number of bends per net: 0.983645  Maximum # of bends: 24

Number of global nets: 38
Number of routed nets (nonglobal): 2140
Wire length results (in units of 1 clb segments)...
	Total wirelength: 25676, average net length: 11.9981
	Maximum net length: 478

Wire length results in terms of physical segments...
	Total wiring segments used: 6715, average wire segments per net: 3.13785
	Maximum segments used by a net: 126
	Total local nets with reserved CLB opins: 0
Total number of nets absorbed: 0

Routing channel utilization histogram:
[        1:      inf)   0 (  0.0%) |
[      0.9:        1)   0 (  0.0%) |
[      0.8:      0.9)   0 (  0.0%) |
[      0.7:      0.8) 166 ( 14.4%) |******************************
[      0.5:      0.6) 222 ( 19.3%) |****************************************
[      0.4:      0.5) 258 ( 22.4%) |***********************************************
[      0.3:      0.4) 190 ( 16.5%) |***********************************
[      0.2:      0.3) 130 ( 11.3%) |************************
[      0.1:      0.2)  82 (  7.1%) |***************
[        0:      0.1) 104 (  9.0%) |*******************
Maximum routing channel utilization:      0.79 at (12,0)

X - Directed channels:   j max occ ave occ capacity
                      ---- ------- ------- --------
                         0      44  29.200       56
                         1      38  15.800       56
                         2      30  15.760       56
                         3      32  19.200       56
                         4      32  18.480       56
                         5      38  21.080       56
                         6      30  18.360       56
                         7      33  22.280       56
                         8      31  21.440       56
                         9      36  24.480       56
                        10      35  24.040       56
                        11      39  24.120       56
                        12      39  25.200       56
                        13      37  22.920       56
                        14      36  23.280       56
                        15      36  23.520       56
                        16      42  25.640       56
                        17      38  24.400       56
                        18      40  23.800       56
                        19      39  22.360       56
                        20      38  21.080       56
                        21      30  15.800       56
                        22      25  13.080       56
                        23      35  25.000       56
Y - Directed channels:   i max occ ave occ capacity
                      ---- ------- ------- --------
                         0      24  13.120       56
                         1      25  10.280       56
                         2      25  14.360       56
                         3      36  25.000       56
                         4      45  30.480       56
                         5      38  26.440       56
                         6      34  21.520       56
                         7      46  30.720       56
                         8      40  26.080       56
                         9      32  23.000       56
                        10      36  24.600       56
                        11      41  27.960       56
                        12      40  27.280       56
                        13      39  20.200       56
                        14      33  18.760       56
                        15      39  24.600       56
                        16      39  22.120       56
                        17      31  18.080       56
                        18      30  17.720       56
                        19      34  21.960       56
                        20      37  19.640       56
                        21      28  13.440       56
                        22      29  11.000       56
                        23      37  18.360       56

Total tracks in x-direction: 1344, in y-direction: 1344

Logic area (in minimum width transistor areas, excludes I/Os and empty grid tiles)...
	Total logic block area (Warning, need to add pitch of routing to blocks with height > 3): 3.19446e+07
	Total used logic block area: 2.02193e+07

Routing area (in minimum width transistor areas)...
	Total routing area: 2.15933e+06, per logic tile: 3454.93

Total Number of Wiring Segments by Direction: direction length number
                                              --------- ------ -------
                                                      X      4   8736
                                                      Y      4   8736

X - Directed Wiring Segment usage by length: length utilization
                                             ------ -----------
                                             4       0.387

Y - Directed Wiring Segment usage by length: length utilization
                                             ------ -----------
                                             4       0.381

Segment occupancy by length: Length utilization
                             ------ -----------
                             L4           0.384

Segment occupancy by type:              name type utilization
                           ----------------- ---- -----------
                           unnamed_segment_0    0       0.384

Final hold Worst Negative Slack (hWNS): -0.295467 ns
Final hold Total Negative Slack (hTNS): -1.38653 ns

Final hold slack histogram:
[   -3e-10: -1.1e-10)    5 (  0.2%) |
[ -1.1e-10:  8.1e-11)    6 (  0.3%) |
[  8.1e-11:  2.7e-10)   16 (  0.7%) |*
[  2.7e-10:  4.6e-10) 1039 ( 47.2%) |**********************************************
[  4.6e-10:  6.5e-10)  351 ( 15.9%) |****************
[  6.5e-10:  8.3e-10)  528 ( 24.0%) |***********************
[  8.3e-10:    1e-09)  123 (  5.6%) |*****
[    1e-09:  1.2e-09)   82 (  3.7%) |****
[  1.2e-09:  1.4e-09)   17 (  0.8%) |*
[  1.4e-09:  1.6e-09)   35 (  1.6%) |**

Final critical path delay (least slack): 6.48345 ns, Fmax: 154.239 MHz
Final setup Worst Negative Slack (sWNS): -6.48345 ns
Final setup Total Negative Slack (sTNS): -6286.29 ns

Final setup slack histogram:
[ -6.5e-09: -5.9e-09) 186 (  8.4%) |************
[ -5.9e-09: -5.3e-09)  71 (  3.2%) |****
[ -5.3e-09: -4.7e-09)  52 (  2.4%) |***
[ -4.7e-09: -4.1e-09)  23 (  1.0%) |*
[ -4.1e-09: -3.4e-09)  92 (  4.2%) |******
[ -3.4e-09: -2.8e-09) 327 ( 14.9%) |*********************
[ -2.8e-09: -2.2e-09) 743 ( 33.7%) |***********************************************
[ -2.2e-09: -1.6e-09) 443 ( 20.1%) |****************************
[ -1.6e-09:   -1e-09) 146 (  6.6%) |*********
[   -1e-09: -4.1e-10) 119 (  5.4%) |********

Final geomean non-virtual intra-domain period: 6.48345 ns (154.239 MHz)
Final fanout-weighted geomean non-virtual intra-domain period: 6.48345 ns (154.239 MHz)

Incr Slack updates 1 in 0.000139859 sec
Full Max Req/Worst Slack updates 1 in 2.0945e-05 sec
Incr Max Req/Worst Slack updates 0 in 0 sec
Incr Criticality updates 0 in 0 sec
Full Criticality updates 1 in 0.000223648 sec
Flow timing analysis took 0.481707 seconds (0.429742 STA, 0.0519651 slack) (117 full updates: 90 setup, 0 hold, 27 combined).
VPR succeeded
The entire flow of VPR took 2.73 seconds (max_rss 456.4 MiB)
Incr Slack updates 26 in 0.00334215 sec
Full Max Req/Worst Slack updates 10 in 0.000205383 sec
Incr Max Req/Worst Slack updates 16 in 0.000451829 sec
Incr Criticality updates 4 in 0.000612708 sec
Full Criticality updates 22 in 0.00439398 sec

=== STDERR ===

=== RETURN CODE: 0 ===
