=== STDOUT ===
VPR FPGA Placement and Routing.
Version: 9.0.0-dev+v8.0.0-11943-g8cb20aa52-dirty
Revision: v8.0.0-11943-g8cb20aa52-dirty
Compiled: 2025-11-07T02:08:24
Compiler: GNU 13.3.0 on Linux-6.6.87.2-microsoft-standard-WSL2 x86_64
Build Info: release IPO VTR_ASSERT_LEVEL=2

University of Toronto
verilogtorouting.org
vtr-users@googlegroups.com
This is free open source code under MIT license.

VPR was run with the following command-line:
./vtr-verilog-to-routing/vpr/vpr k6_N10_mem32K_40nm.xml boundtop.blif --route_chan_width 56 --seed 42


Architecture file: k6_N10_mem32K_40nm.xml
Circuit name: boundtop

# Loading Architecture Description
# Loading Architecture Description took 0.00 seconds (max_rss 456.4 MiB, delta_rss +0.0 MiB)

Timing analysis: ON
Circuit netlist file: boundtop.net
Circuit placement file: boundtop.place
Circuit routing file: boundtop.route
Circuit SDC file: boundtop.sdc
Vpr floorplanning constraints file: not specified

Packer: ENABLED
Placer: ENABLED
Analytical Placer: DISABLED
Router: ENABLED
Analysis: ENABLED

VPR was run with the following options:

NetlistOpts.absorb_buffer_luts            : true
NetlistOpts.sweep_dangling_primary_ios    : true
NetlistOpts.sweep_dangling_nets           : true
NetlistOpts.sweep_dangling_blocks         : true
NetlistOpts.sweep_constant_primary_outputs: false
NetlistOpts.netlist_verbosity             : 1
NetlistOpts.const_gen_inference           : COMB_SEQ

PackerOpts.allow_unrelated_clustering: auto
PackerOpts.alpha_clustering: 0.750000
PackerOpts.beta_clustering: 0.900000
PackerOpts.cluster_seed_type: BLEND2
PackerOpts.connection_driven: true
PackerOpts.global_clocks: true
PackerOpts.inter_cluster_net_delay: 1.000000
PackerOpts.timing_driven: true
PackerOpts.target_external_pin_util: auto

PlacerOpts.place_freq: PLACE_ONCE
PlacerOpts.place_algorithm: CRITICALITY_TIMING_PLACE
PlacerOpts.pad_loc_type: FREE
PlacerOpts.constraints_file: No constraints file given
PlacerOpts.place_chan_width: 56
PlacerOpts.inner_loop_recompute_divider: 0
PlacerOpts.recompute_crit_iter: 1
PlacerOpts.timing_tradeoff: 0.500000
PlacerOpts.td_place_exp_first: 1.000000
PlacerOpts.td_place_exp_last: 8.000000
PlacerOpts.delay_offset: 0.000000
PlacerOpts.delay_ramp_delta_threshold: -1
PlacerOpts.delay_ramp_slope: 0.000000
PlacerOpts.tsu_rel_margin: 1.000000
PlacerOpts.tsu_abs_margin: 0.000000
PlacerOpts.post_place_timing_report_file: 
PlacerOpts.allowed_tiles_for_delay_model: 
PlacerOpts.delay_model_reducer: MIN
PlacerOpts.delay_model_type: SIMPLE
PlacerOpts.rlim_escape_fraction: 0.000000
PlacerOpts.move_stats_file: 
PlacerOpts.placement_saves_per_temperature: 0
PlacerOpts.effort_scaling: CIRCUIT
PlacerOpts.place_delta_delay_matrix_calculation_method: ASTAR_ROUTE
PlaceOpts.seed: 42
AnnealSched.type: AUTO_SCHED
AnnealSched.inner_num: 0.500000

RouterOpts.route_type: DETAILED
RouterOpts.flat_routing: false
RouterOpts.choke_points: on
RouterOpts.router_algorithm: TIMING_DRIVEN
RouterOpts.base_cost_type: DELAY_NORMALIZED_LENGTH
RouterOpts.fixed_channel_width: 56
RouterOpts.check_route: FULL
RouterOpts.acc_fac: 1.000000
RouterOpts.bb_factor: 3
RouterOpts.bend_cost: 0.000000
RouterOpts.first_iter_pres_fac: 0.000000
RouterOpts.initial_pres_fac: 0.500000
RouterOpts.pres_fac_mult: 1.300000
RouterOpts.max_pres_fac: 1000.000000
RouterOpts.max_router_iterations: 50
RouterOpts.min_incremental_reroute_fanout: 16
RouterOpts.do_check_rr_graph: true
RouterOpts.verify_binary_search: false
RouterOpts.min_channel_width_hint: 0
RouterOpts.read_rr_edge_metadata: false
RouterOpts.exit_after_first_routing_iteration: false
RouterOpts.astar_fac: 1.200000
RouterOpts.astar_offset: 0.000000
RouterOpts.router_profiler_astar_fac: 1.200000
RouterOpts.criticality_exp: 1.000000
RouterOpts.max_criticality: 0.990000
RouterOpts.init_wirelength_abort_threshold: 0.850000
RouterOpts.incr_reroute_delay_ripup: AUTO
RouterOpts.save_routing_per_iteration: false
RouterOpts.congested_routing_iteration_threshold_frac: 1.000000
RouterOpts.high_fanout_threshold: 64
RouterOpts.router_debug_net: -2
RouterOpts.router_debug_sink_rr: -2
RouterOpts.router_debug_iteration: -2
RouterOpts.max_convergence_count: 1
RouterOpts.reconvergence_cpd_threshold: 0.990000
RouterOpts.update_lower_bound_delays: true
RouterOpts.first_iteration_timing_report_file: 
RouterOpts.route_bb_update: DYNAMIC
RouterOpts.lookahead_type: MAP
RouterOpts.initial_timing: LOOKAHEAD
RouterOpts.router_heap: FOUR_ARY_HEAP
RouterOpts.routing_failure_predictor = SAFE
RouterOpts.routing_budgets_algorithm = DISABLE

AnalysisOpts.gen_post_synthesis_netlist: false
AnalysisOpts.timing_report_npaths: 100
AnalysisOpts.timing_report_skew: false
AnalysisOpts.echo_dot_timing_graph_node: -1
AnalysisOpts.timing_report_detail: NETLIST
AnalysisOpts.post_synth_netlist_unconn_input_handling: UNCONNECTED
AnalysisOpts.post_synth_netlist_unconn_output_handling: UNCONNECTED

# Building complex block graph
Warning 1: io[0].clock[0] unconnected pin in architecture.
# Building complex block graph took 0.01 seconds (max_rss 456.4 MiB, delta_rss +0.0 MiB)
Circuit file: boundtop.blif
# Load circuit
Found constant-zero generator 'top^tm3_sram_addr~18'
Found constant-zero generator 'unconn'
Found constant-zero generator 'n2240'
Found constant-zero generator 'n3090'
Found constant-zero generator 'n3175'
Found constant-zero generator 'n3700'
Found constant-zero generator 'n4105'
Found constant-zero generator 'n4885'
Found constant-zero generator 'n4890'
Found constant-zero generator 'n4895'
Found constant-zero generator 'n4900'
Found constant-zero generator 'n5105'
Found constant-zero generator 'n5110'
Found constant-zero generator 'n5115'
Found constant-zero generator 'n5540'
Found constant-zero generator 'n5945'
Found constant-zero generator 'n6735'
Found constant-zero generator 'n6740'
Found constant-zero generator 'n6745'
Found constant-zero generator 'n6750'
Found constant-zero generator 'n10555'
Found constant-zero generator 'n10559'
Found constant-zero generator 'n10563'
Found constant-zero generator 'n10567'
Found constant-zero generator 'n10571'
Found constant-zero generator 'n10575'
Found constant-zero generator 'n10579'
Found constant-zero generator 'n10583'
Found constant-zero generator 'n10587'
Found constant-zero generator 'n10591'
Found constant-zero generator 'n10595'
Found constant-zero generator 'n10599'
Found constant-zero generator 'n10603'
Found constant-zero generator 'n10607'
Found constant-zero generator 'n10611'
Found constant-zero generator 'n10615'
Found constant-zero generator 'n10619'
Found constant-zero generator 'n10623'
Found constant-zero generator 'n10627'
Found constant-zero generator 'n10631'
Found constant-zero generator 'n10635'
Found constant-zero generator 'n10639'
Found constant-zero generator 'n10643'
Found constant-zero generator 'n10647'
Found constant-zero generator 'n10651'
Found constant-zero generator 'n10655'
# Load circuit took 0.03 seconds (max_rss 456.4 MiB, delta_rss +0.0 MiB)
# Clean circuit
Absorbed 77 LUT buffers
Inferred    0 additional primitive pins as constant generators since they have no combinationally connected inputs
Inferred   44 additional primitive pins as constant generators due to constant inputs
Inferred    0 additional primitive pins as constant generators since they have no combinationally connected inputs
Inferred    0 additional primitive pins as constant generators due to constant inputs
Swept input(s)      : 0
Swept output(s)     : 0 (0 dangling, 0 constant)
Swept net(s)        : 0
Swept block(s)      : 0
Constant Pins Marked: 44
# Clean circuit took 0.00 seconds (max_rss 456.4 MiB, delta_rss +0.0 MiB)
# Compress circuit
# Compress circuit took 0.00 seconds (max_rss 456.4 MiB, delta_rss +0.0 MiB)
# Verify circuit
# Verify circuit took 0.00 seconds (max_rss 456.4 MiB, delta_rss +0.0 MiB)
Circuit Statistics:
  Blocks: 5224
    .input         :     275
    .latch         :    1671
    .names         :    3054
        0-LUT:      45
        2-LUT:     681
        3-LUT:     461
        4-LUT:     360
        5-LUT:     289
        6-LUT:    1218
    .output        :     192
    single_port_ram:      32
  Nets  : 5032
    Avg Fanout:     3.4
    Max Fanout:  1703.0
    Min Fanout:     1.0
  Netlist Clocks: 1
# Build Timing Graph
  Timing Graph Nodes: 21920
  Timing Graph Edges: 33584
  Timing Graph Levels: 22
# Build Timing Graph took 0.01 seconds (max_rss 456.4 MiB, delta_rss +0.0 MiB)
Netlist contains 1 clocks
  Netlist Clock 'top^tm3_clk_v0' Fanout: 1703 pins (7.8%), 1703 blocks (32.6%)
# Load Timing Constraints

SDC file 'boundtop.sdc' not found
Setting default timing constraints:
   * constrain all primay inputs and primary outputs on netlist clock 'top^tm3_clk_v0'
   * optimize netlist clock to run as fast as possible
Timing constraints created 1 clocks
  Constrained Clock 'top^tm3_clk_v0' Source: 'top^tm3_clk_v0.inpad[0]'

# Load Timing Constraints took 0.00 seconds (max_rss 456.4 MiB, delta_rss +0.0 MiB)
# Packing
Begin packing 'boundtop.blif'.

After removing unused inputs...
	total blocks: 5224, total nets: 5032, total inputs: 275, total outputs: 192
Begin prepacking.
0 attraction groups were created during prepacking.
Finish prepacking.
Using inter-cluster delay: 1.33777e-09
Packing with pin utilization targets: io:1,1 clb:0.8,0.6 mult_36:1,1 memory:1,1
Packing with high fanout thresholds: io:128 clb:32 mult_36:128 memory:128
Starting Clustering - Clustering Progress: 
-------------------   --------------------------   ---------
Molecules processed   Number of clusters created   FPGA size
-------------------   --------------------------   ---------
   151/3569      4%                           13     8 x 8     
   299/3569      8%                           28     9 x 9     
   449/3569     12%                           43    10 x 10    
   599/3569     16%                           58    11 x 11    
   749/3569     20%                           73    13 x 13    
   897/3569     25%                           88    13 x 13    
  1047/3569     29%                          103    14 x 14    
  1193/3569     33%                          118    15 x 15    
  1336/3569     37%                          135    16 x 16    
  1481/3569     41%                          151    17 x 17    
  1627/3569     45%                          166    17 x 17    
  1774/3569     49%                          181    18 x 18    
  1920/3569     53%                          198    19 x 19    
  2063/3569     57%                          213    19 x 19    
  2210/3569     61%                          229    20 x 20    
  2355/3569     65%                          248    21 x 21    
  2499/3569     70%                          268    22 x 22    
  2646/3569     74%                          287    22 x 22    
  2790/3569     78%                          305    23 x 23    
  2936/3569     82%                          329    23 x 23    
  3082/3569     86%                          361    25 x 25    
  3224/3569     90%                          488    25 x 25    
  3366/3569     94%                          630    25 x 25    
  3508/3569     98%                          772    25 x 25    
  3569/3569    100%                          833    25 x 25    

Logic Element (fle) detailed count:
  Total number of Logic Elements used : 3070
  LEs used for logic and registers    : 1655
  LEs used for logic only             : 1399
  LEs used for registers only         : 16

Incr Slack updates 1 in 0.000222276 sec
Full Max Req/Worst Slack updates 1 in 2.1331e-05 sec
Incr Max Req/Worst Slack updates 0 in 0 sec
Incr Criticality updates 0 in 0 sec
Full Criticality updates 1 in 0.000256887 sec
FPGA sized to 25 x 25 (auto)
Device Utilization: 0.69 (target 1.00)
	Block Utilization: 0.63 Type: io
	Block Utilization: 0.93 Type: clb
	Block Utilization: 0.11 Type: memory

Start the iterative improvement process
the iterative improvement process is done
Final Clustering Statistics: 
----------   --------   ------------------------------------   --------------------------
Block Type   # Blocks   Avg. # of input clocks and pins used   Avg. # of output pins used
----------   --------   ------------------------------------   --------------------------
     EMPTY          0                                      0                            0   
        io        467                               0.411135                     0.588865   
       clb        365                                17.0877                      5.12603   
   mult_36          0                                      0                            0   
    memory          1                                     44                           32   
Absorbed logical nets 2854 out of 5032 nets, 2178 nets not absorbed.

Netlist conversion complete.

# Packing took 0.59 seconds (max_rss 456.4 MiB, delta_rss +0.0 MiB)
# Load packing
Begin loading packed FPGA netlist file.
Netlist generated from file 'boundtop.net'.
Detected 45 constant generators (to see names run with higher pack verbosity)
Finished loading packed FPGA netlist file (took 0.138468 seconds).
Warning 2: Treated 37 constant nets as global which will not be routed (to see net names increase packer verbosity).
Warning 3: Netlist contains 91 global net to non-global architecture pin connections
Warning 4: Logic block #365 (top^tm3_sram_addr~18) has only 1 output pin 'top^tm3_sram_addr~18.O[9]'. It may be a constant generator.
Completed clustering consistency check successfully.
Cluster level netlist and block usage statistics
Netlist num_nets: 2178
Netlist num_blocks: 833
Netlist EMPTY blocks: 0.
Netlist io blocks: 467.
Netlist clb blocks: 365.
Netlist mult_36 blocks: 0.
Netlist memory blocks: 1.
Netlist inputs pins: 275
Netlist output pins: 192

Pb types usage...
  io                 : 467
   inpad             : 275
   outpad            : 192
  clb                : 365
   fle               : 3070
    ble6             : 3070
     lut6            : 3054
      lut            : 3054
     ff              : 1671
  memory             : 1
   mem_1024x32_sp    : 1
    memory_slice     : 32

# Load packing took 0.22 seconds (max_rss 456.4 MiB, delta_rss +0.0 MiB)
# Create Device
## Build Device Grid
FPGA sized to 25 x 25: 625 grid tiles (auto)

Resource usage...
	Netlist
		467	blocks of type: io
	Architecture
		736	blocks of type: io
	Netlist
		365	blocks of type: clb
	Architecture
		391	blocks of type: clb
	Netlist
		0	blocks of type: mult_36
	Architecture
		15	blocks of type: mult_36
	Netlist
		1	blocks of type: memory
	Architecture
		9	blocks of type: memory

Device Utilization: 0.69 (target 1.00)
	Physical Tile io:
	Block Utilization: 0.63 Logical Block: io
	Physical Tile clb:
	Block Utilization: 0.93 Logical Block: clb
	Physical Tile mult_36:
	Block Utilization: 0.00 Logical Block: mult_36
	Physical Tile memory:
	Block Utilization: 0.11 Logical Block: memory

FPGA size limited by block type(s): clb

## Build Device Grid took 0.00 seconds (max_rss 456.4 MiB, delta_rss +0.0 MiB)
## Build routing resource graph
## Build routing resource graph took 0.12 seconds (max_rss 456.4 MiB, delta_rss +0.0 MiB)
  RR Graph Nodes: 50220
  RR Graph Edges: 335054
# Create Device took 0.13 seconds (max_rss 456.4 MiB, delta_rss +0.0 MiB)

# Computing router lookahead map
## Computing wire lookahead
## Computing wire lookahead took 0.04 seconds (max_rss 456.4 MiB, delta_rss +0.0 MiB)
## Computing src/opin lookahead
Warning 5: Found no more sample locations for SOURCE in io
Warning 6: Found no more sample locations for OPIN in io
Warning 7: Found no more sample locations for SOURCE in clb
Warning 8: Found no more sample locations for OPIN in clb
Warning 9: Found no more sample locations for SOURCE in mult_36
Warning 10: Found no more sample locations for OPIN in mult_36
Warning 11: Found no more sample locations for SOURCE in memory
Warning 12: Found no more sample locations for OPIN in memory
## Computing src/opin lookahead took 0.00 seconds (max_rss 456.4 MiB, delta_rss +0.0 MiB)
# Computing router lookahead map took 0.05 seconds (max_rss 456.4 MiB, delta_rss +0.0 MiB)
# Computing placement delta delay look-up
RR graph channel widths unchanged, skipping RR graph rebuild
Serial Connection Router is being destroyed. Time spent on path search: 0.000 seconds.
# Computing placement delta delay look-up took 0.00 seconds (max_rss 456.4 MiB, delta_rss +0.0 MiB)

Bounding box mode is Cube

# Compressed grid construction
# Compressed grid construction took 0.00 seconds (max_rss 456.4 MiB, delta_rss +0.0 MiB)
# Placement
## Initial Placement
Initial placement iteration 0 has finished successfully
## Initial Placement took 0.00 seconds (max_rss 456.4 MiB, delta_rss +0.0 MiB)
Using simple RL 'Softmax agent' for choosing move and block types

BB estimate of min-dist (placement) wire length: 51566

Completed placement consistency check successfully.
Initial placement cost: 1 bb_cost: 920.815 td_cost: 1.73031e-06
Initial placement estimated Critical Path Delay (CPD): 11.3499 ns
Initial placement estimated setup Total Negative Slack (sTNS): -8418.96 ns
Initial placement estimated setup Worst Negative Slack (sWNS): -11.3499 ns

Initial placement estimated setup slack histogram:
[ -1.1e-08:   -1e-08) 138 (  6.3%) |*********
[   -1e-08: -9.2e-09)  44 (  2.0%) |***
[ -9.2e-09: -8.1e-09)  82 (  3.7%) |*****
[ -8.1e-09:   -7e-09)  47 (  2.1%) |***
[   -7e-09:   -6e-09)  15 (  0.7%) |*
[   -6e-09: -4.9e-09)  53 (  2.4%) |***
[ -4.9e-09: -3.8e-09) 201 (  9.1%) |************
[ -3.8e-09: -2.7e-09) 697 ( 31.7%) |*******************************************
[ -2.7e-09: -1.6e-09) 758 ( 34.4%) |***********************************************
[ -1.6e-09: -5.6e-10) 167 (  7.6%) |**********
Placement contains 0 placement macros involving 0 blocks (average macro size -nan)

Moves per temperature: 3918
Warning 13: Starting t: 361 of 833 configurations accepted.

---- ------ ------- ------- ---------- ---------- ------- ---------- -------- ------- ------- ------ -------- --------- ------
Tnum   Time       T Av Cost Av BB Cost Av TD Cost     CPD       sTNS     sWNS Ac Rate Std Dev  R lim Crit Exp Tot Moves  Alpha
      (sec)                                          (ns)       (ns)     (ns)                                                 
---- ------ ------- ------- ---------- ---------- ------- ---------- -------- ------- ------- ------ -------- --------- ------
   1    0.0 5.9e-04   0.923     743.12 1.4225e-06  10.093  -7.87e+03  -10.093   0.689  0.0422   24.0     1.00      3918  1.000
   2    0.0 5.6e-04   0.939     649.95 1.4082e-06   8.132  -7.19e+03   -8.132   0.649  0.0273   24.0     1.00      7836  0.950
   3    0.0 5.3e-04   0.964     611.17 1.3036e-06   8.433  -7.02e+03   -8.433   0.622  0.0150   24.0     1.00     11754  0.950
   4    0.0 5.1e-04   0.970     581.51 1.2591e-06   8.081  -6.87e+03   -8.081   0.617  0.0104   24.0     1.00     15672  0.950
   5    0.0 4.8e-04   0.976     564.98 1.2193e-06   8.300  -6.88e+03   -8.300   0.586  0.0117   24.0     1.00     19590  0.950
   6    0.0 4.6e-04   0.981     545.40 1.1554e-06   8.441  -6.84e+03   -8.441   0.566  0.0107   24.0     1.00     23508  0.950
   7    0.0 4.3e-04   0.973     521.01 1.2043e-06   7.664  -6.62e+03   -7.664   0.547  0.0095   24.0     1.00     27426  0.950
   8    0.0 4.1e-04   0.983     517.00 1.2221e-06   7.334  -6.38e+03   -7.334   0.532  0.0086   24.0     1.00     31344  0.950
   9    0.0 3.9e-04   0.988     500.69 1.2336e-06   7.186  -6.43e+03   -7.186   0.518  0.0052   24.0     1.00     35262  0.950
  10    0.0 3.7e-04   0.994     500.18 1.1663e-06   7.664  -6.47e+03   -7.664   0.503  0.0029   24.0     1.00     39180  0.950
  11    0.0 3.5e-04   0.986     495.10 1.1708e-06   7.545  -6.49e+03   -7.545   0.502  0.0055   24.0     1.00     43098  0.950
  12    0.0 3.4e-04   0.984     481.71 1.1565e-06   7.616   -6.5e+03   -7.616   0.485  0.0056   24.0     1.00     47016  0.950
  13    0.0 3.2e-04   0.983     475.58 1.1754e-06   7.412  -6.49e+03   -7.412   0.476  0.0076   24.0     1.00     50934  0.950
  14    0.0 3.0e-04   0.996     472.15 1.1455e-06   7.484  -6.36e+03   -7.484   0.452  0.0021   24.0     1.00     54852  0.950
  15    0.0 2.9e-04   0.993     469.42 1.1934e-06   7.130  -6.32e+03   -7.130   0.433  0.0049   24.0     1.00     58770  0.950
  16    0.0 2.7e-04   0.992     462.87 1.0816e-06   7.625  -6.37e+03   -7.625   0.447  0.0051   23.8     1.05     62688  0.950
  17    0.0 2.6e-04   0.993     454.71 1.1685e-06   7.144  -6.38e+03   -7.144   0.412  0.0045   24.0     1.00     66606  0.950
  18    0.0 2.5e-04   0.985     445.84 1.0134e-06   7.174  -6.22e+03   -7.174   0.390  0.0063   23.3     1.20     70524  0.950
  19    0.0 2.3e-04   0.990     442.10 7.9834e-07   7.406  -6.36e+03   -7.406   0.396  0.0056   22.2     1.56     74442  0.950
  20    0.0 2.2e-04   0.991     432.70 7.3643e-07   7.020  -6.24e+03   -7.020   0.390  0.0035   21.2     1.86     78360  0.950
  21    0.0 2.1e-04   0.997     433.56 6.4784e-07   7.061  -6.28e+03   -7.061   0.377  0.0031   20.1     2.18     82278  0.950
  22    0.0 2.0e-04   0.992     431.56 5.6818e-07   6.960  -6.24e+03   -6.960   0.383  0.0034   18.8     2.57     86196  0.950
  23    0.0 1.9e-04   0.995     429.40 5.3335e-07   6.818  -6.18e+03   -6.818   0.375  0.0020   17.8     2.90     90114  0.950
  24    0.0 1.8e-04   0.995     423.29 4.8353e-07   6.818  -6.14e+03   -6.818   0.371  0.0017   16.6     3.25     94032  0.950
  25    0.0 1.7e-04   0.995     420.01 4.1752e-07   7.100   -6.3e+03   -7.100   0.358  0.0036   15.5     3.60     97950  0.950
  26    0.0 1.6e-04   0.996     414.95 4.4302e-07   6.697  -6.22e+03   -6.697   0.356  0.0031   14.2     3.99    101868  0.950
  27    0.0 1.6e-04   0.998     411.85 3.8049e-07   6.905   -6.2e+03   -6.905   0.332  0.0015   13.0     4.35    105786  0.950
  28    0.0 1.5e-04   0.995     407.31 3.8611e-07   6.693  -6.15e+03   -6.693   0.339  0.0020   11.6     4.78    109704  0.950
  29    0.0 1.4e-04   0.997     404.01 3.5842e-07   6.719  -6.21e+03   -6.719   0.337  0.0021   10.4     5.13    113622  0.950
  30    0.0 1.3e-04   0.997     401.85 3.4614e-07   6.670  -6.22e+03   -6.670   0.337  0.0015    9.4     5.46    117540  0.950
  31    0.0 1.3e-04   0.995     397.39 3.3162e-07   6.693  -6.17e+03   -6.693   0.320  0.0023    8.4     5.75    121458  0.950
  32    0.0 1.2e-04   0.997     395.70 3.1657e-07   6.670  -6.23e+03   -6.670   0.326  0.0019    7.4     6.06    125376  0.950
  33    0.0 1.1e-04   0.997     395.27 3.1263e-07   6.658  -6.21e+03   -6.658   0.307  0.0019    6.5     6.31    129294  0.950
  34    0.0 1.1e-04   0.997     392.92 3.131e-07    6.636  -6.24e+03   -6.636   0.306  0.0025    5.7     6.58    133212  0.950
  35    0.0 1.0e-04   0.996     388.82 2.8206e-07   6.705  -6.14e+03   -6.705   0.314  0.0020    4.9     6.81    137130  0.950
  36    0.0 9.8e-05   0.998     386.08 2.5539e-07   6.784   -6.2e+03   -6.784   0.296  0.0018    4.3     7.00    141048  0.950
  37    0.0 9.3e-05   0.998     382.71 2.5178e-07   6.846  -6.26e+03   -6.846   0.296  0.0009    3.7     7.19    144966  0.950
  38    0.0 8.8e-05   0.993     378.85 2.4879e-07   6.846  -6.17e+03   -6.846   0.345  0.0037    3.1     7.35    148884  0.950
  39    0.0 8.4e-05   0.993     372.74 2.8091e-07   6.646  -6.15e+03   -6.646   0.378  0.0043    2.8     7.44    152802  0.950
  40    0.0 8.0e-05   0.994     368.25 2.5539e-07   6.710  -6.14e+03   -6.710   0.355  0.0025    2.7     7.49    156720  0.950
  41    0.0 7.6e-05   0.996     366.10 2.6946e-07   6.636  -6.09e+03   -6.636   0.360  0.0019    2.4     7.56    160638  0.950
  42    0.0 7.2e-05   0.997     364.66 2.5292e-07   6.721  -6.15e+03   -6.721   0.355  0.0016    2.3     7.62    164556  0.950
  43    0.0 6.8e-05   0.996     362.30 2.5412e-07   6.691  -6.13e+03   -6.691   0.331  0.0020    2.1     7.68    168474  0.950
  44    0.0 6.5e-05   0.997     360.18 2.5226e-07   6.701  -6.15e+03   -6.701   0.336  0.0016    1.8     7.75    172392  0.950
  45    0.0 6.2e-05   0.997     358.03 2.4006e-07   6.770  -6.13e+03   -6.770   0.327  0.0017    1.6     7.80    176310  0.950
  46    0.0 5.9e-05   0.998     357.44 2.4181e-07   6.710  -6.08e+03   -6.710   0.310  0.0009    1.5     7.86    180228  0.950
  47    0.0 5.6e-05   0.997     355.64 2.5891e-07   6.605  -6.08e+03   -6.605   0.283  0.0014    1.3     7.92    184146  0.950
  48    0.0 5.3e-05   0.998     354.30 2.5663e-07   6.605  -6.09e+03   -6.605   0.288  0.0006    1.1     7.98    188064  0.950
  49    0.0 5.0e-05   0.998     354.85 2.3021e-07   6.710  -6.11e+03   -6.710   0.291  0.0010    1.0     8.00    191982  0.950
  50    0.0 4.8e-05   0.999     353.85 2.2949e-07   6.710  -6.16e+03   -6.710   0.278  0.0007    1.0     8.00    195900  0.950
  51    0.0 4.5e-05   0.997     352.99 2.2823e-07   6.710  -6.15e+03   -6.710   0.266  0.0016    1.0     8.00    199818  0.950
  52    0.0 4.3e-05   0.998     352.49 2.4182e-07   6.668  -6.14e+03   -6.668   0.269  0.0010    1.0     8.00    203736  0.950
  53    0.0 4.1e-05   0.998     352.39 2.3369e-07   6.668  -6.12e+03   -6.668   0.254  0.0013    1.0     8.00    207654  0.950
  54    0.0 3.9e-05   0.997     351.22 2.3979e-07   6.636  -6.11e+03   -6.636   0.255  0.0015    1.0     8.00    211572  0.950
  55    0.0 3.7e-05   0.998     350.43 2.5325e-07   6.564  -6.12e+03   -6.564   0.238  0.0009    1.0     8.00    215490  0.950
  56    0.0 3.5e-05   0.998     349.64 2.3985e-07   6.658   -6.1e+03   -6.658   0.226  0.0008    1.0     8.00    219408  0.950
  57    0.0 3.3e-05   0.999     348.77 2.3663e-07   6.658  -6.09e+03   -6.658   0.238  0.0006    1.0     8.00    223326  0.950
  58    0.0 3.2e-05   0.999     348.81 2.3882e-07   6.675  -6.12e+03   -6.675   0.228  0.0005    1.0     8.00    227244  0.950
  59    0.0 3.0e-05   0.999     348.54 2.3696e-07   6.675   -6.1e+03   -6.675   0.238  0.0005    1.0     8.00    231162  0.950
  60    0.0 2.9e-05   0.998     348.27 2.3924e-07   6.658  -6.09e+03   -6.658   0.208  0.0007    1.0     8.00    235080  0.950
  61    0.0 2.7e-05   1.000     348.05 2.3897e-07   6.675   -6.1e+03   -6.675   0.210  0.0003    1.0     8.00    238998  0.950
  62    0.0 2.6e-05   0.999     348.44 2.3416e-07   6.668  -6.08e+03   -6.668   0.212  0.0006    1.0     8.00    242916  0.950
  63    0.0 2.5e-05   0.999     348.58 2.3665e-07   6.675  -6.11e+03   -6.675   0.206  0.0006    1.0     8.00    246834  0.950
  64    0.0 2.3e-05   0.998     347.28 2.3595e-07   6.675  -6.09e+03   -6.675   0.190  0.0008    1.0     8.00    250752  0.950
  65    0.0 2.2e-05   0.999     347.08 2.3834e-07   6.675  -6.11e+03   -6.675   0.183  0.0003    1.0     8.00    254670  0.950
  66    0.0 2.1e-05   0.998     346.88 2.3021e-07   6.668   -6.1e+03   -6.668   0.193  0.0008    1.0     8.00    258588  0.950
  67    0.0 2.0e-05   0.999     346.85 2.2341e-07   6.710  -6.11e+03   -6.710   0.178  0.0006    1.0     8.00    262506  0.950
  68    0.0 1.9e-05   0.999     346.42 2.2491e-07   6.710   -6.1e+03   -6.710   0.177  0.0004    1.0     8.00    266424  0.950
  69    0.0 1.8e-05   0.999     346.36 2.2095e-07   6.710   -6.1e+03   -6.710   0.170  0.0008    1.0     8.00    270342  0.950
  70    0.0 1.7e-05   0.999     346.39 2.3015e-07   6.668  -6.08e+03   -6.668   0.165  0.0006    1.0     8.00    274260  0.950
  71    0.0 1.6e-05   0.999     346.11 2.3659e-07   6.675   -6.1e+03   -6.675   0.164  0.0005    1.0     8.00    278178  0.950
  72    0.0 1.5e-05   0.999     345.78 2.3939e-07   6.675   -6.1e+03   -6.675   0.156  0.0007    1.0     8.00    282096  0.950
  73    0.0 1.5e-05   0.999     345.51 2.2434e-07   6.710  -6.09e+03   -6.710   0.157  0.0007    1.0     8.00    286014  0.950
  74    0.0 1.4e-05   0.998     345.47 2.2591e-07   6.710  -6.09e+03   -6.710   0.150  0.0006    1.0     8.00    289932  0.950
  75    0.0 1.3e-05   0.999     345.14 2.3089e-07   6.668  -6.08e+03   -6.668   0.151  0.0006    1.0     8.00    293850  0.950
  76    0.0 1.3e-05   0.999     345.36 2.2429e-07   6.710  -6.09e+03   -6.710   0.144  0.0003    1.0     8.00    297768  0.950
Agent's 2nd state: 
  77    0.0 1.0e-05   0.999     344.68 2.2138e-07   6.710  -6.09e+03   -6.710   0.144  0.0005    1.0     8.00    301686  0.800
Checkpoint saved: bb_costs=344.865, TD costs=2.46357e-07, CPD=  6.605 (ns) 
  78    0.0 8.1e-06   0.997     344.44 2.4543e-07   6.605  -6.07e+03   -6.605   0.095  0.0007    1.0     8.00    305604  0.800
  79    0.0 6.4e-06   0.998     343.87 2.1826e-07   6.710  -6.12e+03   -6.710   0.091  0.0008    1.0     8.00    309522  0.800
  80    0.0 5.2e-06   0.999     344.25 2.4532e-07   6.636  -6.11e+03   -6.636   0.086  0.0002    1.0     8.00    313440  0.800
  81    0.0 4.1e-06   0.998     343.87 2.411e-07    6.636   -6.1e+03   -6.636   0.084  0.0003    1.0     8.00    317358  0.800
  82    0.0 3.3e-06   0.998     344.02 2.4544e-07   6.636  -6.11e+03   -6.636   0.081  0.0005    1.0     8.00    321276  0.800
  83    0.0 2.6e-06   0.998     343.72 2.3314e-07   6.677  -6.11e+03   -6.677   0.082  0.0007    1.0     8.00    325194  0.800
  84    0.0 0.0e+00   0.998     343.97 2.5295e-07   6.636  -6.11e+03   -6.636   0.041  0.0006    1.0     8.00    329112  0.800
## Placement Quench took 0.01 seconds (max_rss 456.4 MiB)
post-quench CPD = 6.67669 (ns) 

Checkpoint restored

BB estimate of min-dist (placement) wire length: 19312

Completed placement consistency check successfully.

Swaps called: 329945

Aborted Move Reasons:
  No moves aborted

Placement estimated critical path delay (least slack): 6.60513 ns, Fmax: 151.397 MHz
Placement estimated setup Worst Negative Slack (sWNS): -6.60513 ns
Placement estimated setup Total Negative Slack (sTNS): -6072.4 ns

Placement estimated setup slack histogram:
[ -6.6e-09:   -6e-09) 189 (  8.6%) |*************
[   -6e-09: -5.4e-09)  68 (  3.1%) |*****
[ -5.4e-09: -4.8e-09)  51 (  2.3%) |***
[ -4.8e-09: -4.2e-09)  61 (  2.8%) |****
[ -4.2e-09: -3.6e-09)  36 (  1.6%) |**
[ -3.6e-09: -2.9e-09) 216 (  9.8%) |**************
[ -2.9e-09: -2.3e-09) 472 ( 21.4%) |********************************
[ -2.3e-09: -1.7e-09) 701 ( 31.8%) |***********************************************
[ -1.7e-09: -1.1e-09) 287 ( 13.0%) |*******************
[ -1.1e-09:   -5e-10) 121 (  5.5%) |********

Placement estimated geomean non-virtual intra-domain period: 6.60513 ns (151.397 MHz)
Placement estimated fanout-weighted geomean non-virtual intra-domain period: 6.60513 ns (151.397 MHz)

Placement cost: 1, bb_cost: 344.865, td_cost: 2.46357e-07, 

Placement resource usage:
  io     implemented as io    : 467
  clb    implemented as clb   : 365
  memory implemented as memory: 1

Placement number of temperatures: 84
Placement total # of swap attempts: 329945
	Swaps accepted: 102656 (31.1 %)
	Swaps rejected: 211676 (64.2 %)
	Swaps aborted:  15613 ( 4.7 %)


Placement perturbation distribution by block and move type: 
------------------ ----------------- ---------------- ---------------- --------------- ------------ 
    Block Type         Move Type       (%) of Total      Accepted(%)     Rejected(%)    Aborted(%)
------------------ ----------------- ---------------- ---------------- --------------- ------------ 
io                 Uniform                13.61            45.00           55.00          0.00         
                   Median                 13.51            48.26           41.96          9.78         
                   Centroid               13.38            48.36           42.29          9.34         
                   W. Centroid            13.63            48.83           41.96          9.21         
                   W. Median              0.66             18.08           59.82          22.09        

clb                Uniform                10.54            6.22            93.78          0.00         
                   Median                 10.55            16.38           79.64          3.97         
                   Centroid               10.55            13.55           85.20          1.25         
                   W. Centroid            10.58            13.11           85.73          1.16         
                   W. Median              0.51             1.89            91.89          6.21         
                   Crit. Uniform          1.16             0.70            99.30          0.00         
                   Feasible Region        1.20             0.63            99.37          0.00         

memory             Uniform                0.03             3.92            96.08          0.00         
                   Median                 0.03             0.00            45.92          54.08        
                   Centroid               0.04             2.52            39.50          57.98        
                   W. Centroid            0.03             0.00            37.89          62.11        
                   W. Median              0.00             0.00            0.00           100.00       


Placement Quench timing analysis took 0.0024961 seconds (0.00214872 STA, 0.000347375 slack) (1 full updates: 1 setup, 0 hold, 0 combined).
Placement Total  timing analysis took 0.255419 seconds (0.222156 STA, 0.0332633 slack) (87 full updates: 87 setup, 0 hold, 0 combined).
update_td_costs: connections 0 nets 0 sum_nets 0 total 0
# Placement took 1.05 seconds (max_rss 456.4 MiB, delta_rss +0.0 MiB)

# Routing
RR graph channel widths unchanged, skipping RR graph rebuild
## Initializing router criticalities
Initial Net Connection Criticality Histogram:
[        0:      0.1)  490 (  7.6%) |****************
[      0.1:      0.2) 1377 ( 21.3%) |**********************************************
[      0.2:      0.3) 1134 ( 17.5%) |**************************************
[      0.3:      0.4)  894 ( 13.8%) |******************************
[      0.4:      0.5)  415 (  6.4%) |**************
[      0.5:      0.6)  213 (  3.3%) |*******
[      0.6:      0.7)  277 (  4.3%) |*********
[      0.7:      0.8)  465 (  7.2%) |****************
[      0.8:      0.9)  832 ( 12.9%) |****************************
[      0.9:        1)  376 (  5.8%) |*************
## Initializing router criticalities took 0.04 seconds (max_rss 456.4 MiB, delta_rss +0.0 MiB)
---- ------ ------- ---- ------- ------- ------- ----------------- --------------- -------- ---------- ---------- ---------- ---------- --------
Iter   Time    pres  BBs    Heap  Re-Rtd  Re-Rtd Overused RR Nodes      Wirelength      CPD       sTNS       sWNS       hTNS       hWNS Est Succ
      (sec)     fac Updt    push    Nets   Conns                                       (ns)       (ns)       (ns)       (ns)       (ns)     Iter
---- ------ ------- ---- ------- ------- ------- ----------------- --------------- -------- ---------- ---------- ---------- ---------- --------
   1    0.0     0.0    0  199571    2140    6094    3502 ( 6.973%)   23124 (37.4%)    6.760     -6056.     -6.760   -0.03664     -0.019      N/A
Incr Slack updates 87 in 0.0116248 sec
Full Max Req/Worst Slack updates 46 in 0.000950511 sec
Incr Max Req/Worst Slack updates 41 in 0.00120341 sec
Incr Criticality updates 17 in 0.0033781 sec
Full Criticality updates 70 in 0.0132781 sec
   2    0.0     0.5    0  200743    1941    5656    2025 ( 4.032%)   22905 (37.0%)    6.778     -6140.     -6.778   -0.03664     -0.019      N/A
   3    0.0     0.6    0  172956    1485    4575    1861 ( 3.706%)   23281 (37.7%)    6.762     -6119.     -6.762   -0.03664     -0.019      N/A
   4    0.0     0.8    0  171186    1367    4528    1603 ( 3.192%)   23451 (37.9%)    6.761     -6237.     -6.761   -0.03664     -0.019      N/A
   5    0.0     1.1    0  157826    1163    3969    1210 ( 2.409%)   23585 (38.1%)    6.763     -6244.     -6.763   -0.01777     -0.018      N/A
   6    0.0     1.4    0  132738     934    3414     889 ( 1.770%)   23842 (38.6%)    6.768     -6256.     -6.768   -0.01777     -0.018      N/A
   7    0.0     1.9    0  103619     720    2592     603 ( 1.201%)   24182 (39.1%)    6.768     -6275.     -6.768   -0.01777     -0.018      N/A
   8    0.0     2.4    0   84683     554    2108     440 ( 0.876%)   24620 (39.8%)    6.911     -6378.     -6.911   -0.01777     -0.018      N/A
   9    0.0     3.1    0   62728     404    1607     307 ( 0.611%)   24802 (40.1%)    6.770     -6407.     -6.770   -0.01777     -0.018      N/A
  10    0.0     4.1    0   55115     279    1337     243 ( 0.484%)   25133 (40.7%)    6.771     -6419.     -6.771   -0.01777     -0.018       26
  11    0.0     5.3    0   44615     227    1117     191 ( 0.380%)   25287 (40.9%)    6.774     -6414.     -6.774   -0.01777     -0.018       27
  12    0.0     6.9    0   41141     188     901     148 ( 0.295%)   25513 (41.3%)    6.912     -6437.     -6.912   -0.01777     -0.018       28
  13    0.0     9.0    0   32938     161     690      85 ( 0.169%)   25686 (41.5%)    6.910     -6427.     -6.910   -0.01777     -0.018       30
  14    0.0    11.6    0   27119     129     606      49 ( 0.098%)   25738 (41.6%)    6.912     -6445.     -6.912   -0.01777     -0.018       28
  15    0.0    15.1    0   27826      89     680      36 ( 0.072%)   25719 (41.6%)    6.911     -6433.     -6.911   -0.01777     -0.018       26
  16    0.0    19.7    0   17427      72     420       9 ( 0.018%)   25775 (41.7%)    6.911     -6440.     -6.911   -0.01777     -0.018       25
  17    0.0    25.6    0   14410      52     354       5 ( 0.010%)   25783 (41.7%)    6.911     -6430.     -6.911   -0.01777     -0.018       22
  18    0.0    33.3    0   14006      48     344       3 ( 0.006%)   25813 (41.8%)    6.911     -6430.     -6.911   -0.01777     -0.018       21
  19    0.0    43.3    0   17533      44     441       3 ( 0.006%)   25785 (41.7%)    6.911     -6429.     -6.911   -0.01777     -0.018       20
  20    0.0    56.2    0   13371      44     326       2 ( 0.004%)   25809 (41.7%)    6.911     -6429.     -6.911   -0.01777     -0.018       20
  21    0.0    73.1    0   12375      43     310       1 ( 0.002%)   25805 (41.7%)    6.911     -6429.     -6.911   -0.01777     -0.018       21
  22    0.0    95.0    0   12828      42     320       0 ( 0.000%)   25825 (41.8%)    6.911     -6441.     -6.911   -0.01777     -0.018       21
Restoring best routing
Critical path: 6.91107 ns
Successfully routed after 22 routing iterations.
Final Net Connection Criticality Histogram:
[        0:      0.1)  475 (  7.3%) |******************
[      0.1:      0.2) 1247 ( 19.3%) |**********************************************
[      0.2:      0.3) 1028 ( 15.9%) |**************************************
[      0.3:      0.4) 1060 ( 16.4%) |***************************************
[      0.4:      0.5)  432 (  6.7%) |****************
[      0.5:      0.6)  291 (  4.5%) |***********
[      0.6:      0.7)  260 (  4.0%) |**********
[      0.7:      0.8)  457 (  7.1%) |*****************
[      0.8:      0.9)  847 ( 13.1%) |*******************************
[      0.9:        1)  376 (  5.8%) |**************
Router Stats: total_nets_routed: 12126 total_connections_routed: 42389 total_heap_pushes: 1616754 total_heap_pops: 276982 
Serial Connection Router is being destroyed. Time spent on path search: 0.055 seconds.
# Routing took 0.34 seconds (max_rss 456.4 MiB, delta_rss +0.0 MiB)

Checking to ensure routing is legal...
# Checking to ensure non-configurable edges are legal
# Checking to ensure non-configurable edges are legal took 0.00 seconds (max_rss 456.4 MiB, delta_rss +0.0 MiB)
Completed routing consistency check successfully.

Serial number (magic cookie) for the routing is: -1736501864
Circuit successfully routed with a channel width factor of 56.
# Synchronize the packed netlist to routing optimization
## Annotating rr_node with routed nets
## Annotating rr_node with routed nets took 0.00 seconds (max_rss 456.4 MiB, delta_rss +0.0 MiB)
Found 8496 mismatches between routing and packing results.
Fixed 5750 routing traces due to mismatch between routing and packing results.
# Synchronize the packed netlist to routing optimization took 0.03 seconds (max_rss 456.4 MiB, delta_rss +0.0 MiB)
Final Clustering Statistics: 
----------   --------   ------------------------------------   --------------------------
Block Type   # Blocks   Avg. # of input clocks and pins used   Avg. # of output pins used
----------   --------   ------------------------------------   --------------------------
     EMPTY          0                                      0                            0   
        io        467                               0.411135                     0.588865   
       clb        365                                17.0877                      5.12603   
   mult_36          0                                      0                            0   
    memory          1                                     44                           32   
Absorbed logical nets 2854 out of 5032 nets, 2178 nets not absorbed.


Average number of bends per net: 1.02757  Maximum # of bends: 29

Number of global nets: 38
Number of routed nets (nonglobal): 2140
Wire length results (in units of 1 clb segments)...
	Total wirelength: 25825, average net length: 12.0678
	Maximum net length: 466

Wire length results in terms of physical segments...
	Total wiring segments used: 6774, average wire segments per net: 3.16542
	Maximum segments used by a net: 122
	Total local nets with reserved CLB opins: 0
Total number of nets absorbed: 0

Routing channel utilization histogram:
[        1:      inf)   0 (  0.0%) |
[      0.9:        1)   0 (  0.0%) |
[      0.8:      0.9)   0 (  0.0%) |
[      0.7:      0.8) 174 ( 15.1%) |*******************************
[      0.5:      0.6) 222 ( 19.3%) |****************************************
[      0.4:      0.5) 264 ( 22.9%) |***********************************************
[      0.3:      0.4) 194 ( 16.8%) |***********************************
[      0.2:      0.3) 106 (  9.2%) |*******************
[      0.1:      0.2)  74 (  6.4%) |*************
[        0:      0.1) 118 ( 10.2%) |*********************
Maximum routing channel utilization:      0.77 at (10,17)

X - Directed channels:   j max occ ave occ capacity
                      ---- ------- ------- --------
                         0      42  28.640       56
                         1      27  13.160       56
                         2      31  12.200       56
                         3      38  17.000       56
                         4      40  23.120       56
                         5      33  20.040       56
                         6      32  20.960       56
                         7      38  21.800       56
                         8      33  20.360       56
                         9      41  23.960       56
                        10      39  26.840       56
                        11      33  25.280       56
                        12      38  26.560       56
                        13      42  26.320       56
                        14      41  29.560       56
                        15      39  26.640       56
                        16      37  26.560       56
                        17      43  26.080       56
                        18      32  21.200       56
                        19      29  17.520       56
                        20      30  16.640       56
                        21      25  12.800       56
                        22      22  13.080       56
                        23      40  27.840       56
Y - Directed channels:   i max occ ave occ capacity
                      ---- ------- ------- --------
                         0      20  12.560       56
                         1      24  12.000       56
                         2      25  10.200       56
                         3      42  21.080       56
                         4      38  24.720       56
                         5      35  18.920       56
                         6      31  17.440       56
                         7      38  22.920       56
                         8      40  25.520       56
                         9      39  24.200       56
                        10      35  21.000       56
                        11      40  25.440       56
                        12      49  28.440       56
                        13      40  23.640       56
                        14      33  21.240       56
                        15      46  29.240       56
                        16      38  27.360       56
                        17      40  23.200       56
                        18      38  25.000       56
                        19      35  24.080       56
                        20      37  22.520       56
                        21      31  17.960       56
                        22      32  12.960       56
                        23      37  17.200       56

Total tracks in x-direction: 1344, in y-direction: 1344

Logic area (in minimum width transistor areas, excludes I/Os and empty grid tiles)...
	Total logic block area (Warning, need to add pitch of routing to blocks with height > 3): 3.19446e+07
	Total used logic block area: 2.02193e+07

Routing area (in minimum width transistor areas)...
	Total routing area: 2.15933e+06, per logic tile: 3454.93

Total Number of Wiring Segments by Direction: direction length number
                                              --------- ------ -------
                                                      X      4   8736
                                                      Y      4   8736

X - Directed Wiring Segment usage by length: length utilization
                                             ------ -----------
                                             4       0.392

Y - Directed Wiring Segment usage by length: length utilization
                                             ------ -----------
                                             4       0.383

Segment occupancy by length: Length utilization
                             ------ -----------
                             L4           0.388

Segment occupancy by type:              name type utilization
                           ----------------- ---- -----------
                           unnamed_segment_0    0       0.388

Final hold Worst Negative Slack (hWNS): -0.0177673 ns
Final hold Total Negative Slack (hTNS): -0.0177673 ns

Final hold slack histogram:
[ -1.8e-11:  1.3e-10)  109 (  5.0%) |*****
[  1.3e-10:  2.9e-10)   72 (  3.3%) |***
[  2.9e-10:  4.4e-10) 1093 ( 49.6%) |**********************************************
[  4.4e-10:  5.9e-10)  390 ( 17.7%) |****************
[  5.9e-10:  7.5e-10)  249 ( 11.3%) |**********
[  7.5e-10:    9e-10)  137 (  6.2%) |******
[    9e-10:  1.1e-09)   74 (  3.4%) |***
[  1.1e-09:  1.2e-09)   36 (  1.6%) |**
[  1.2e-09:  1.4e-09)   36 (  1.6%) |**
[  1.4e-09:  1.5e-09)    6 (  0.3%) |

Final critical path delay (least slack): 6.91107 ns, Fmax: 144.695 MHz
Final setup Worst Negative Slack (sWNS): -6.91107 ns
Final setup Total Negative Slack (sTNS): -6440.66 ns

Final setup slack histogram:
[ -6.9e-09: -6.3e-09) 160 (  7.3%) |************
[ -6.3e-09: -5.6e-09)  94 (  4.3%) |*******
[ -5.6e-09:   -5e-09)  52 (  2.4%) |****
[   -5e-09: -4.3e-09)  83 (  3.8%) |******
[ -4.3e-09: -3.7e-09)  48 (  2.2%) |****
[ -3.7e-09:   -3e-09) 243 ( 11.0%) |******************
[   -3e-09: -2.3e-09) 551 ( 25.0%) |****************************************
[ -2.3e-09: -1.7e-09) 640 ( 29.1%) |***********************************************
[ -1.7e-09:   -1e-09) 228 ( 10.4%) |*****************
[   -1e-09: -3.9e-10) 103 (  4.7%) |********

Final geomean non-virtual intra-domain period: 6.91107 ns (144.695 MHz)
Final fanout-weighted geomean non-virtual intra-domain period: 6.91107 ns (144.695 MHz)

Incr Slack updates 1 in 0.000131391 sec
Full Max Req/Worst Slack updates 1 in 2.1716e-05 sec
Incr Max Req/Worst Slack updates 0 in 0 sec
Incr Criticality updates 0 in 0 sec
Full Criticality updates 1 in 0.000213057 sec
Flow timing analysis took 0.448779 seconds (0.400308 STA, 0.0484707 slack) (112 full updates: 88 setup, 0 hold, 24 combined).
VPR succeeded
The entire flow of VPR took 2.62 seconds (max_rss 456.4 MiB)
Incr Slack updates 23 in 0.00298845 sec
Full Max Req/Worst Slack updates 9 in 0.000189764 sec
Incr Max Req/Worst Slack updates 14 in 0.00039798 sec
Incr Criticality updates 7 in 0.00105679 sec
Full Criticality updates 16 in 0.00326084 sec

=== STDERR ===

=== RETURN CODE: 0 ===
