=== STDOUT ===
VPR FPGA Placement and Routing.
Version: 9.0.0-dev+v8.0.0-11943-g8cb20aa52-dirty
Revision: v8.0.0-11943-g8cb20aa52-dirty
Compiled: 2025-11-07T02:08:24
Compiler: GNU 13.3.0 on Linux-6.6.87.2-microsoft-standard-WSL2 x86_64
Build Info: release IPO VTR_ASSERT_LEVEL=2

University of Toronto
verilogtorouting.org
vtr-users@googlegroups.com
This is free open source code under MIT license.

VPR was run with the following command-line:
./vtr-verilog-to-routing/vpr/vpr k6_N10_mem32K_40nm.xml or1200.blif --route_chan_width 72 --seed 500


Architecture file: k6_N10_mem32K_40nm.xml
Circuit name: or1200

# Loading Architecture Description
# Loading Architecture Description took 0.01 seconds (max_rss 456.4 MiB, delta_rss +0.0 MiB)

Timing analysis: ON
Circuit netlist file: or1200.net
Circuit placement file: or1200.place
Circuit routing file: or1200.route
Circuit SDC file: or1200.sdc
Vpr floorplanning constraints file: not specified

Packer: ENABLED
Placer: ENABLED
Analytical Placer: DISABLED
Router: ENABLED
Analysis: ENABLED

VPR was run with the following options:

NetlistOpts.absorb_buffer_luts            : true
NetlistOpts.sweep_dangling_primary_ios    : true
NetlistOpts.sweep_dangling_nets           : true
NetlistOpts.sweep_dangling_blocks         : true
NetlistOpts.sweep_constant_primary_outputs: false
NetlistOpts.netlist_verbosity             : 1
NetlistOpts.const_gen_inference           : COMB_SEQ

PackerOpts.allow_unrelated_clustering: auto
PackerOpts.alpha_clustering: 0.750000
PackerOpts.beta_clustering: 0.900000
PackerOpts.cluster_seed_type: BLEND2
PackerOpts.connection_driven: true
PackerOpts.global_clocks: true
PackerOpts.inter_cluster_net_delay: 1.000000
PackerOpts.timing_driven: true
PackerOpts.target_external_pin_util: auto

PlacerOpts.place_freq: PLACE_ONCE
PlacerOpts.place_algorithm: CRITICALITY_TIMING_PLACE
PlacerOpts.pad_loc_type: FREE
PlacerOpts.constraints_file: No constraints file given
PlacerOpts.place_chan_width: 72
PlacerOpts.inner_loop_recompute_divider: 0
PlacerOpts.recompute_crit_iter: 1
PlacerOpts.timing_tradeoff: 0.500000
PlacerOpts.td_place_exp_first: 1.000000
PlacerOpts.td_place_exp_last: 8.000000
PlacerOpts.delay_offset: 0.000000
PlacerOpts.delay_ramp_delta_threshold: -1
PlacerOpts.delay_ramp_slope: 0.000000
PlacerOpts.tsu_rel_margin: 1.000000
PlacerOpts.tsu_abs_margin: 0.000000
PlacerOpts.post_place_timing_report_file: 
PlacerOpts.allowed_tiles_for_delay_model: 
PlacerOpts.delay_model_reducer: MIN
PlacerOpts.delay_model_type: SIMPLE
PlacerOpts.rlim_escape_fraction: 0.000000
PlacerOpts.move_stats_file: 
PlacerOpts.placement_saves_per_temperature: 0
PlacerOpts.effort_scaling: CIRCUIT
PlacerOpts.place_delta_delay_matrix_calculation_method: ASTAR_ROUTE
PlaceOpts.seed: 500
AnnealSched.type: AUTO_SCHED
AnnealSched.inner_num: 0.500000

RouterOpts.route_type: DETAILED
RouterOpts.flat_routing: false
RouterOpts.choke_points: on
RouterOpts.router_algorithm: TIMING_DRIVEN
RouterOpts.base_cost_type: DELAY_NORMALIZED_LENGTH
RouterOpts.fixed_channel_width: 72
RouterOpts.check_route: FULL
RouterOpts.acc_fac: 1.000000
RouterOpts.bb_factor: 3
RouterOpts.bend_cost: 0.000000
RouterOpts.first_iter_pres_fac: 0.000000
RouterOpts.initial_pres_fac: 0.500000
RouterOpts.pres_fac_mult: 1.300000
RouterOpts.max_pres_fac: 1000.000000
RouterOpts.max_router_iterations: 50
RouterOpts.min_incremental_reroute_fanout: 16
RouterOpts.do_check_rr_graph: true
RouterOpts.verify_binary_search: false
RouterOpts.min_channel_width_hint: 0
RouterOpts.read_rr_edge_metadata: false
RouterOpts.exit_after_first_routing_iteration: false
RouterOpts.astar_fac: 1.200000
RouterOpts.astar_offset: 0.000000
RouterOpts.router_profiler_astar_fac: 1.200000
RouterOpts.criticality_exp: 1.000000
RouterOpts.max_criticality: 0.990000
RouterOpts.init_wirelength_abort_threshold: 0.850000
RouterOpts.incr_reroute_delay_ripup: AUTO
RouterOpts.save_routing_per_iteration: false
RouterOpts.congested_routing_iteration_threshold_frac: 1.000000
RouterOpts.high_fanout_threshold: 64
RouterOpts.router_debug_net: -2
RouterOpts.router_debug_sink_rr: -2
RouterOpts.router_debug_iteration: -2
RouterOpts.max_convergence_count: 1
RouterOpts.reconvergence_cpd_threshold: 0.990000
RouterOpts.update_lower_bound_delays: true
RouterOpts.first_iteration_timing_report_file: 
RouterOpts.route_bb_update: DYNAMIC
RouterOpts.lookahead_type: MAP
RouterOpts.initial_timing: LOOKAHEAD
RouterOpts.router_heap: FOUR_ARY_HEAP
RouterOpts.routing_failure_predictor = SAFE
RouterOpts.routing_budgets_algorithm = DISABLE

AnalysisOpts.gen_post_synthesis_netlist: false
AnalysisOpts.timing_report_npaths: 100
AnalysisOpts.timing_report_skew: false
AnalysisOpts.echo_dot_timing_graph_node: -1
AnalysisOpts.timing_report_detail: NETLIST
AnalysisOpts.post_synth_netlist_unconn_input_handling: UNCONNECTED
AnalysisOpts.post_synth_netlist_unconn_output_handling: UNCONNECTED

# Building complex block graph
Warning 1: io[0].clock[0] unconnected pin in architecture.
# Building complex block graph took 0.01 seconds (max_rss 456.4 MiB, delta_rss +0.0 MiB)
Circuit file: or1200.blif
# Load circuit
Found constant-one generator 'top^icpu_sel_o~0'
Found constant-one generator 'top^icpu_sel_o~1'
Found constant-one generator 'top^icpu_sel_o~2'
Found constant-one generator 'top^icpu_sel_o~3'
Found constant-one generator 'top^icpu_tag_o~0'
Found constant-zero generator 'top^icpu_tag_o~1'
Found constant-zero generator 'top^icpu_tag_o~2'
Found constant-zero generator 'top^icpu_tag_o~3'
Found constant-zero generator 'top^du_except~2'
Found constant-zero generator 'top^dcpu_tag_o~1'
Found constant-zero generator 'top^dcpu_tag_o~2'
Found constant-zero generator 'top^dcpu_tag_o~3'
Found constant-zero generator 'unconn'
Found constant-zero generator 'gnd'
# Load circuit took 0.03 seconds (max_rss 456.4 MiB, delta_rss +0.0 MiB)
# Clean circuit
Absorbed 81 LUT buffers
Inferred    0 additional primitive pins as constant generators since they have no combinationally connected inputs
Inferred    0 additional primitive pins as constant generators due to constant inputs
Inferred    0 additional primitive pins as constant generators since they have no combinationally connected inputs
Inferred    0 additional primitive pins as constant generators due to constant inputs
Inferred    0 additional primitive pins as constant generators since they have no combinationally connected inputs
Inferred    0 additional primitive pins as constant generators due to constant inputs
Swept input(s)      : 3
Swept output(s)     : 0 (0 dangling, 0 constant)
Swept net(s)        : 75
Swept block(s)      : 0
Constant Pins Marked: 0
# Clean circuit took 0.00 seconds (max_rss 456.4 MiB, delta_rss +0.0 MiB)
# Compress circuit
# Compress circuit took 0.00 seconds (max_rss 456.4 MiB, delta_rss +0.0 MiB)
# Verify circuit
# Verify circuit took 0.00 seconds (max_rss 456.4 MiB, delta_rss +0.0 MiB)
Circuit Statistics:
  Blocks: 4589
    .input       :     385
    .latch       :     691
    .names       :    3054
        0-LUT:      13
        2-LUT:     157
        3-LUT:     556
        4-LUT:     405
        5-LUT:     656
        6-LUT:    1267
    .output      :     394
    dual_port_ram:      64
    multiply     :       1
  Nets  : 4258
    Avg Fanout:     4.1
    Max Fanout:   755.0
    Min Fanout:     1.0
  Netlist Clocks: 1
# Build Timing Graph
  Timing Graph Nodes: 21542
  Timing Graph Edges: 38206
  Timing Graph Levels: 58
# Build Timing Graph took 0.01 seconds (max_rss 456.4 MiB, delta_rss +0.0 MiB)
Netlist contains 1 clocks
  Netlist Clock 'top^clk' Fanout: 755 pins (3.5%), 755 blocks (16.5%)
# Load Timing Constraints

SDC file 'or1200.sdc' not found
Setting default timing constraints:
   * constrain all primay inputs and primary outputs on netlist clock 'top^clk'
   * optimize netlist clock to run as fast as possible
Timing constraints created 1 clocks
  Constrained Clock 'top^clk' Source: 'top^clk.inpad[0]'

# Load Timing Constraints took 0.00 seconds (max_rss 456.4 MiB, delta_rss +0.0 MiB)
# Packing
Begin packing 'or1200.blif'.

After removing unused inputs...
	total blocks: 4589, total nets: 4258, total inputs: 385, total outputs: 394
Begin prepacking.
0 attraction groups were created during prepacking.
Finish prepacking.
Using inter-cluster delay: 1.33777e-09
Packing with pin utilization targets: io:1,1 clb:0.8,0.6 mult_36:1,1 memory:1,1
Packing with high fanout thresholds: io:128 clb:32 mult_36:128 memory:128
Starting Clustering - Clustering Progress: 
-------------------   --------------------------   ---------
Molecules processed   Number of clusters created   FPGA size
-------------------   --------------------------   ---------
   162/3898      4%                           13    12 x 12    
   321/3898      8%                           29    12 x 12    
   481/3898     12%                           45    12 x 12    
   637/3898     16%                           61    12 x 12    
   794/3898     20%                           77    13 x 13    
   957/3898     24%                           94    14 x 14    
  1112/3898     28%                          110    14 x 14    
  1274/3898     32%                          127    15 x 15    
  1432/3898     36%                          143    16 x 16    
  1587/3898     40%                          159    17 x 17    
  1744/3898     44%                          176    18 x 18    
  1906/3898     48%                          195    18 x 18    
  2061/3898     52%                          212    19 x 19    
  2222/3898     57%                          230    20 x 20    
  2382/3898     61%                          250    21 x 21    
  2540/3898     65%                          269    21 x 21    
  2698/3898     69%                          294    22 x 22    
  2853/3898     73%                          326    23 x 23    
  3012/3898     77%                          354    23 x 23    
  3167/3898     81%                          416    24 x 24    
  3322/3898     85%                          571    25 x 25    
  3477/3898     89%                          726    25 x 25    
  3632/3898     93%                          881    25 x 25    
  3787/3898     97%                         1036    25 x 25    
  3898/3898    100%                         1147    27 x 27    

Logic Element (fle) detailed count:
  Total number of Logic Elements used : 3054
  LEs used for logic and registers    : 691
  LEs used for logic only             : 2363
  LEs used for registers only         : 0

Incr Slack updates 1 in 0.000229818 sec
Full Max Req/Worst Slack updates 1 in 1.9237e-05 sec
Incr Max Req/Worst Slack updates 0 in 0 sec
Incr Criticality updates 0 in 0 sec
Full Criticality updates 1 in 0.000259928 sec
FPGA sized to 27 x 27 (auto)
Device Utilization: 0.66 (target 1.00)
	Block Utilization: 0.97 Type: io
	Block Utilization: 0.77 Type: clb
	Block Utilization: 0.06 Type: mult_36
	Block Utilization: 0.17 Type: memory

Start the iterative improvement process
the iterative improvement process is done
Final Clustering Statistics: 
----------   --------   ------------------------------------   --------------------------
Block Type   # Blocks   Avg. # of input clocks and pins used   Avg. # of output pins used
----------   --------   ------------------------------------   --------------------------
     EMPTY          0                                      0                            0   
        io        779                               0.505777                     0.494223   
       clb        365                                21.9452                      5.07397   
   mult_36          1                                     64                           64   
    memory          2                                     77                           32   
Absorbed logical nets 1893 out of 4258 nets, 2365 nets not absorbed.

Netlist conversion complete.

# Packing took 0.71 seconds (max_rss 456.4 MiB, delta_rss +0.0 MiB)
# Load packing
Begin loading packed FPGA netlist file.
Netlist generated from file 'or1200.net'.
Detected 13 constant generators (to see names run with higher pack verbosity)
Finished loading packed FPGA netlist file (took 0.143888 seconds).
Warning 2: Treated 13 constant nets as global which will not be routed (to see net names increase packer verbosity).
Warning 3: Netlist contains 79 global net to non-global architecture pin connections
Warning 4: Logic block #440 (top^icpu_sel_o~0) has only 1 output pin 'top^icpu_sel_o~0.O[9]'. It may be a constant generator.
Warning 5: Logic block #441 (top^icpu_sel_o~1) has only 1 output pin 'top^icpu_sel_o~1.O[9]'. It may be a constant generator.
Warning 6: Logic block #442 (top^icpu_sel_o~2) has only 1 output pin 'top^icpu_sel_o~2.O[9]'. It may be a constant generator.
Warning 7: Logic block #443 (top^icpu_sel_o~3) has only 1 output pin 'top^icpu_sel_o~3.O[9]'. It may be a constant generator.
Warning 8: Logic block #444 (top^icpu_tag_o~0) has only 1 output pin 'top^icpu_tag_o~0.O[9]'. It may be a constant generator.
Warning 9: Logic block #445 (top^icpu_tag_o~1) has only 1 output pin 'top^icpu_tag_o~1.O[9]'. It may be a constant generator.
Warning 10: Logic block #446 (top^icpu_tag_o~2) has only 1 output pin 'top^icpu_tag_o~2.O[9]'. It may be a constant generator.
Warning 11: Logic block #447 (top^icpu_tag_o~3) has only 1 output pin 'top^icpu_tag_o~3.O[9]'. It may be a constant generator.
Warning 12: Logic block #448 (top^du_except~2) has only 1 output pin 'top^du_except~2.O[9]'. It may be a constant generator.
Warning 13: Logic block #449 (top^dcpu_tag_o~1) has only 1 output pin 'top^dcpu_tag_o~1.O[9]'. It may be a constant generator.
Warning 14: Logic block #450 (top^dcpu_tag_o~2) has only 1 output pin 'top^dcpu_tag_o~2.O[9]'. It may be a constant generator.
Warning 15: Logic block #451 (top^dcpu_tag_o~3) has only 1 output pin 'top^dcpu_tag_o~3.O[9]'. It may be a constant generator.
Warning 16: Logic block #452 (gnd) has only 1 output pin 'gnd.O[9]'. It may be a constant generator.
Completed clustering consistency check successfully.
Cluster level netlist and block usage statistics
Netlist num_nets: 2365
Netlist num_blocks: 1147
Netlist EMPTY blocks: 0.
Netlist io blocks: 779.
Netlist clb blocks: 365.
Netlist mult_36 blocks: 1.
Netlist memory blocks: 2.
Netlist inputs pins: 385
Netlist output pins: 394

Pb types usage...
  io                   : 779
   inpad               : 385
   outpad              : 394
  clb                  : 365
   fle                 : 3054
    ble6               : 3054
     lut6              : 3054
      lut              : 3054
     ff                : 691
  mult_36              : 1
   mult_36x36_slice    : 1
    mult_36x36         : 1
  memory               : 2
   mem_1024x32_dp      : 2
    memory_slice       : 64

# Load packing took 0.23 seconds (max_rss 456.4 MiB, delta_rss +0.0 MiB)
# Create Device
## Build Device Grid
FPGA sized to 27 x 27: 729 grid tiles (auto)

Resource usage...
	Netlist
		779	blocks of type: io
	Architecture
		800	blocks of type: io
	Netlist
		365	blocks of type: clb
	Architecture
		475	blocks of type: clb
	Netlist
		1	blocks of type: mult_36
	Architecture
		18	blocks of type: mult_36
	Netlist
		2	blocks of type: memory
	Architecture
		12	blocks of type: memory

Device Utilization: 0.66 (target 1.00)
	Physical Tile io:
	Block Utilization: 0.97 Logical Block: io
	Physical Tile clb:
	Block Utilization: 0.77 Logical Block: clb
	Physical Tile mult_36:
	Block Utilization: 0.06 Logical Block: mult_36
	Physical Tile memory:
	Block Utilization: 0.17 Logical Block: memory

FPGA size limited by block type(s): io

## Build Device Grid took 0.00 seconds (max_rss 456.4 MiB, delta_rss +0.0 MiB)
## Build routing resource graph
## Build routing resource graph took 0.18 seconds (max_rss 456.4 MiB, delta_rss +0.0 MiB)
  RR Graph Nodes: 65706
  RR Graph Edges: 510001
# Create Device took 0.19 seconds (max_rss 456.4 MiB, delta_rss +0.0 MiB)

# Computing router lookahead map
## Computing wire lookahead
## Computing wire lookahead took 0.07 seconds (max_rss 456.4 MiB, delta_rss +0.0 MiB)
## Computing src/opin lookahead
Warning 17: Found no more sample locations for SOURCE in io
Warning 18: Found no more sample locations for OPIN in io
Warning 19: Found no more sample locations for SOURCE in clb
Warning 20: Found no more sample locations for OPIN in clb
Warning 21: Found no more sample locations for SOURCE in mult_36
Warning 22: Found no more sample locations for OPIN in mult_36
Warning 23: Found no more sample locations for SOURCE in memory
Warning 24: Found no more sample locations for OPIN in memory
## Computing src/opin lookahead took 0.00 seconds (max_rss 456.4 MiB, delta_rss +0.0 MiB)
# Computing router lookahead map took 0.07 seconds (max_rss 456.4 MiB, delta_rss +0.0 MiB)
# Computing placement delta delay look-up
RR graph channel widths unchanged, skipping RR graph rebuild
Serial Connection Router is being destroyed. Time spent on path search: 0.000 seconds.
# Computing placement delta delay look-up took 0.00 seconds (max_rss 456.4 MiB, delta_rss +0.0 MiB)

Bounding box mode is Cube

# Compressed grid construction
# Compressed grid construction took 0.00 seconds (max_rss 456.4 MiB, delta_rss +0.0 MiB)
# Placement
## Initial Placement
Initial placement iteration 0 has finished successfully
## Initial Placement took 0.00 seconds (max_rss 456.4 MiB, delta_rss +0.0 MiB)
Using simple RL 'Softmax agent' for choosing move and block types

BB estimate of min-dist (placement) wire length: 71505

Completed placement consistency check successfully.
Initial placement cost: 1 bb_cost: 993.131 td_cost: 2.1215e-06
Initial placement estimated Critical Path Delay (CPD): 23.0463 ns
Initial placement estimated setup Total Negative Slack (sTNS): -19969.8 ns
Initial placement estimated setup Worst Negative Slack (sWNS): -23.0463 ns

Initial placement estimated setup slack histogram:
[ -2.3e-08: -2.1e-08)  24 (  1.3%) |**
[ -2.1e-08: -1.9e-08)  59 (  3.2%) |****
[ -1.9e-08: -1.6e-08)  60 (  3.3%) |****
[ -1.6e-08: -1.4e-08) 629 ( 34.2%) |***********************************************
[ -1.4e-08: -1.2e-08) 148 (  8.0%) |***********
[ -1.2e-08: -9.5e-09)  46 (  2.5%) |***
[ -9.5e-09: -7.3e-09) 233 ( 12.7%) |*****************
[ -7.3e-09:   -5e-09) 400 ( 21.7%) |******************************
[   -5e-09: -2.8e-09)  86 (  4.7%) |******
[ -2.8e-09:   -5e-10) 156 (  8.5%) |************
Placement contains 0 placement macros involving 0 blocks (average macro size -nan)

Moves per temperature: 6001
Warning 25: Starting t: 455 of 1147 configurations accepted.

---- ------ ------- ------- ---------- ---------- ------- ---------- -------- ------- ------- ------ -------- --------- ------
Tnum   Time       T Av Cost Av BB Cost Av TD Cost     CPD       sTNS     sWNS Ac Rate Std Dev  R lim Crit Exp Tot Moves  Alpha
      (sec)                                          (ns)       (ns)     (ns)                                                 
---- ------ ------- ------- ---------- ---------- ------- ---------- -------- ------- ------- ------ -------- --------- ------
   1    0.0 4.1e-04   0.929     841.78 1.7655e-06  22.329   -1.9e+04  -22.329   0.719  0.0301   26.0     1.00      6001  1.000
   2    0.0 3.9e-04   0.975     786.72 1.714e-06   19.199  -1.54e+04  -19.199   0.678  0.0134   26.0     1.00     12002  0.950
   3    0.0 3.7e-04   0.980     749.60 1.6202e-06  19.316  -1.53e+04  -19.316   0.657  0.0124   26.0     1.00     18003  0.950
   4    0.0 3.5e-04   0.988     732.71 1.5845e-06  19.014  -1.55e+04  -19.014   0.662  0.0036   26.0     1.00     24004  0.950
   5    0.0 3.3e-04   0.988     724.32 1.598e-06   18.451  -1.52e+04  -18.451   0.657  0.0064   26.0     1.00     30005  0.950
   6    0.0 3.2e-04   0.984     706.00 1.4891e-06  19.311  -1.53e+04  -19.311   0.629  0.0051   26.0     1.00     36006  0.950
   7    0.0 3.0e-04   0.992     693.11 1.5158e-06  18.751  -1.48e+04  -18.751   0.613  0.0048   26.0     1.00     42007  0.950
   8    0.0 2.9e-04   0.984     682.63 1.4673e-06  19.283  -1.52e+04  -19.283   0.603  0.0078   26.0     1.00     48008  0.950
   9    0.0 2.7e-04   0.986     669.39 1.4974e-06  17.996   -1.5e+04  -17.996   0.584  0.0048   26.0     1.00     54009  0.950
  10    0.0 2.6e-04   0.993     665.32 1.4986e-06  17.678  -1.45e+04  -17.678   0.582  0.0042   26.0     1.00     60010  0.950
  11    0.0 2.5e-04   0.983     654.36 1.4348e-06  18.823  -1.52e+04  -18.823   0.583  0.0089   26.0     1.00     66011  0.950
  12    0.0 2.3e-04   0.997     644.83 1.4943e-06  17.275  -1.45e+04  -17.275   0.550  0.0052   26.0     1.00     72012  0.950
  13    0.0 2.2e-04   1.001     642.11 1.4821e-06  17.241  -1.38e+04  -17.241   0.529  0.0025   26.0     1.00     78013  0.950
  14    0.0 2.1e-04   0.992     633.34 1.3961e-06  18.350   -1.4e+04  -18.350   0.525  0.0064   26.0     1.00     84014  0.950
  15    0.0 2.0e-04   0.997     631.34 1.3829e-06  18.384  -1.45e+04  -18.384   0.511  0.0031   26.0     1.00     90015  0.950
  16    0.0 1.9e-04   0.990     625.92 1.3431e-06  18.771  -1.42e+04  -18.771   0.501  0.0043   26.0     1.00     96016  0.950
  17    0.0 1.8e-04   0.994     618.93 1.3378e-06  18.559  -1.42e+04  -18.559   0.489  0.0036   26.0     1.00    102017  0.950
  18    0.0 1.7e-04   0.992     605.37 1.3408e-06  18.275  -1.41e+04  -18.275   0.481  0.0024   26.0     1.00    108018  0.950
  19    0.0 1.6e-04   0.992     605.43 1.3128e-06  18.661   -1.4e+04  -18.661   0.469  0.0049   26.0     1.00    114019  0.950
  20    0.0 1.5e-04   0.993     598.10 1.3599e-06  17.657  -1.37e+04  -17.657   0.447  0.0032   26.0     1.00    120020  0.950
  21    0.0 1.5e-04   0.996     592.34 1.3783e-06  17.248  -1.39e+04  -17.248   0.429  0.0023   26.0     1.00    126021  0.950
  22    0.0 1.4e-04   0.997     590.37 1.2551e-06  17.436  -1.39e+04  -17.436   0.425  0.0022   25.7     1.08    132022  0.950
  23    0.0 1.3e-04   0.995     587.12 1.1067e-06  17.678  -1.37e+04  -17.678   0.407  0.0032   25.3     1.19    138023  0.950
  24    0.0 1.3e-04   0.997     584.32 9.3428e-07  17.239  -1.37e+04  -17.239   0.411  0.0033   24.5     1.42    144024  0.950
  25    0.0 1.2e-04   0.995     582.21 8.0399e-07  17.000  -1.39e+04  -17.000   0.399  0.0029   23.8     1.63    150025  0.950
  26    0.0 1.1e-04   0.994     576.94 6.3848e-07  17.016  -1.36e+04  -17.016   0.393  0.0024   22.8     1.90    156026  0.950
  27    0.0 1.1e-04   0.997     573.90 5.392e-07   16.701  -1.39e+04  -16.701   0.370  0.0019   21.7     2.20    162027  0.950
  28    0.0 1.0e-04   0.998     570.56 4.1462e-07  16.651  -1.39e+04  -16.651   0.366  0.0023   20.2     2.63    168028  0.950
  29    0.0 9.8e-05   0.995     567.15 3.3188e-07  16.361  -1.34e+04  -16.361   0.376  0.0022   18.7     3.04    174029  0.950
  30    0.0 9.3e-05   0.992     560.98 2.764e-07   16.398  -1.33e+04  -16.398   0.347  0.0033   17.5     3.38    180030  0.950
  31    0.0 8.8e-05   0.997     558.00 2.318e-07   16.335  -1.36e+04  -16.335   0.344  0.0012   15.9     3.84    186031  0.950
  32    0.0 8.4e-05   0.996     556.30 2.027e-07   16.077  -1.34e+04  -16.077   0.352  0.0023   14.3     4.26    192032  0.950
  33    0.0 7.9e-05   0.996     551.90 1.7288e-07  16.052  -1.32e+04  -16.052   0.349  0.0026   13.1     4.62    198033  0.950
  34    0.0 7.5e-05   0.997     550.16 1.5308e-07  16.129  -1.35e+04  -16.129   0.343  0.0016   11.9     4.95    204034  0.950
  35    0.0 7.2e-05   0.997     548.67 1.3677e-07  16.191  -1.36e+04  -16.191   0.331  0.0019   10.7     5.27    210035  0.950
  36    0.0 6.8e-05   0.998     547.66 1.2401e-07  16.173  -1.38e+04  -16.173   0.319  0.0015    9.6     5.60    216036  0.950
  37    0.0 6.5e-05   0.997     543.68 1.1388e-07  16.099  -1.35e+04  -16.099   0.318  0.0009    8.4     5.92    222037  0.950
  38    0.0 6.1e-05   0.996     542.30 1.1494e-07  15.877  -1.37e+04  -15.877   0.322  0.0022    7.4     6.21    228038  0.950
  39    0.0 5.8e-05   0.997     538.10 1.0604e-07  15.877  -1.37e+04  -15.877   0.299  0.0018    6.5     6.45    234039  0.950
  40    0.0 5.5e-05   0.997     534.20 1.0861e-07  15.642  -1.36e+04  -15.642   0.293  0.0023    5.6     6.71    240040  0.950
  41    0.0 5.3e-05   0.997     532.02 1.0139e-07  15.642  -1.35e+04  -15.642   0.297  0.0018    4.8     6.94    246041  0.950
  42    0.0 5.0e-05   0.997     530.50 9.5565e-08  15.642  -1.34e+04  -15.642   0.290  0.0013    4.1     7.13    252042  0.950
  43    0.0 4.8e-05   0.996     527.59 9.2547e-08  15.642  -1.36e+04  -15.642   0.379  0.0021    3.5     7.31    258043  0.950
  44    0.0 4.5e-05   0.996     523.36 8.8085e-08  15.642  -1.35e+04  -15.642   0.365  0.0014    3.3     7.36    264044  0.950
  45    0.0 4.3e-05   0.997     520.89 8.0396e-08  15.846  -1.35e+04  -15.846   0.345  0.0017    3.0     7.43    270045  0.950
  46    0.0 4.1e-05   0.997     517.51 7.6854e-08  15.846  -1.35e+04  -15.846   0.383  0.0017    2.7     7.51    276046  0.950
  47    0.0 3.9e-05   0.999     515.92 8.3473e-08  15.634  -1.36e+04  -15.634   0.387  0.0009    2.6     7.56    282047  0.950
  48    0.0 3.7e-05   0.998     513.53 8.2413e-08  15.640  -1.36e+04  -15.640   0.380  0.0010    2.4     7.60    288048  0.950
  49    0.0 3.5e-05   0.998     511.84 7.9578e-08  15.682  -1.35e+04  -15.682   0.364  0.0011    2.3     7.64    294049  0.950
  50    0.0 3.3e-05   0.999     510.76 7.7913e-08  15.682  -1.34e+04  -15.682   0.368  0.0005    2.1     7.69    300050  0.950
  51    0.0 3.2e-05   0.998     509.21 7.8957e-08  15.626  -1.33e+04  -15.626   0.358  0.0009    2.0     7.73    306051  0.950
  52    0.0 3.0e-05   0.998     507.39 7.9996e-08  15.577  -1.34e+04  -15.577   0.347  0.0005    1.8     7.77    312052  0.950
  53    0.0 2.8e-05   0.998     506.09 7.8802e-08  15.577  -1.34e+04  -15.577   0.340  0.0008    1.6     7.82    318053  0.950
  54    0.0 2.7e-05   0.999     504.84 7.8682e-08  15.584  -1.36e+04  -15.584   0.320  0.0003    1.5     7.87    324054  0.950
  55    0.0 2.6e-05   0.999     504.68 7.8021e-08  15.584  -1.36e+04  -15.584   0.325  0.0005    1.3     7.92    330055  0.950
  56    0.0 2.4e-05   1.000     504.01 7.7188e-08  15.584  -1.36e+04  -15.584   0.325  0.0003    1.1     7.96    336056  0.950
  57    0.0 2.3e-05   0.999     503.29 7.6677e-08  15.584  -1.37e+04  -15.584   0.332  0.0004    1.0     8.00    342057  0.950
  58    0.0 2.2e-05   0.999     502.96 7.6548e-08  15.584  -1.36e+04  -15.584   0.326  0.0002    1.0     8.00    348058  0.950
  59    0.0 2.1e-05   0.999     501.78 7.5871e-08  15.584  -1.36e+04  -15.584   0.314  0.0006    1.0     8.00    354059  0.950
  60    0.0 2.0e-05   0.999     500.52 7.5391e-08  15.584  -1.35e+04  -15.584   0.302  0.0004    1.0     8.00    360060  0.950
  61    0.0 1.9e-05   1.000     500.18 7.5491e-08  15.578  -1.34e+04  -15.578   0.291  0.0001    1.0     8.00    366061  0.950
  62    0.0 1.8e-05   0.999     499.45 7.5293e-08  15.584  -1.35e+04  -15.584   0.296  0.0003    1.0     8.00    372062  0.950
  63    0.0 1.7e-05   1.000     498.73 7.5375e-08  15.578  -1.34e+04  -15.578   0.281  0.0003    1.0     8.00    378063  0.950
  64    0.0 1.6e-05   1.000     498.13 7.5455e-08  15.578  -1.34e+04  -15.578   0.278  0.0001    1.0     8.00    384064  0.950
  65    0.0 1.5e-05   1.000     497.66 7.5599e-08  15.578  -1.34e+04  -15.578   0.280  0.0002    1.0     8.00    390065  0.950
  66    0.0 1.5e-05   1.000     497.10 7.5487e-08  15.578  -1.34e+04  -15.578   0.270  0.0001    1.0     8.00    396066  0.950
  67    0.0 1.4e-05   1.000     496.78 7.5423e-08  15.578  -1.34e+04  -15.578   0.270  0.0003    1.0     8.00    402067  0.950
  68    0.0 1.3e-05   1.000     496.20 7.563e-08   15.578  -1.34e+04  -15.578   0.241  0.0003    1.0     8.00    408068  0.950
  69    0.0 1.3e-05   1.000     496.14 7.57e-08    15.578  -1.34e+04  -15.578   0.249  0.0001    1.0     8.00    414069  0.950
  70    0.0 1.2e-05   1.000     495.72 7.5754e-08  15.578  -1.34e+04  -15.578   0.245  0.0001    1.0     8.00    420070  0.950
  71    0.0 1.1e-05   1.000     495.51 7.5696e-08  15.578  -1.34e+04  -15.578   0.258  0.0001    1.0     8.00    426071  0.950
  72    0.0 1.1e-05   0.999     495.09 7.5755e-08  15.578  -1.34e+04  -15.578   0.246  0.0002    1.0     8.00    432072  0.950
  73    0.0 1.0e-05   1.000     494.69 7.5743e-08  15.578  -1.34e+04  -15.578   0.237  0.0001    1.0     8.00    438073  0.950
  74    0.0 9.7e-06   1.000     494.41 7.5442e-08  15.578  -1.33e+04  -15.578   0.228  0.0001    1.0     8.00    444074  0.950
  75    0.0 9.2e-06   1.000     494.46 7.5434e-08  15.578  -1.33e+04  -15.578   0.246  0.0001    1.0     8.00    450075  0.950
  76    0.0 8.8e-06   1.000     494.23 7.5471e-08  15.578  -1.33e+04  -15.578   0.230  0.0001    1.0     8.00    456076  0.950
  77    0.0 8.3e-06   1.000     494.04 7.5421e-08  15.578  -1.33e+04  -15.578   0.233  0.0002    1.0     8.00    462077  0.950
  78    0.0 7.9e-06   1.000     493.58 7.5428e-08  15.578  -1.33e+04  -15.578   0.218  0.0001    1.0     8.00    468078  0.950
  79    0.0 7.5e-06   1.000     493.47 7.542e-08   15.578  -1.33e+04  -15.578   0.223  0.0001    1.0     8.00    474079  0.950
  80    0.0 7.1e-06   1.000     493.38 7.5361e-08  15.578  -1.33e+04  -15.578   0.211  0.0001    1.0     8.00    480080  0.950
  81    0.0 6.8e-06   1.000     493.13 7.5425e-08  15.578  -1.33e+04  -15.578   0.209  0.0001    1.0     8.00    486081  0.950
  82    0.0 6.4e-06   1.000     493.00 7.5525e-08  15.578  -1.33e+04  -15.578   0.210  0.0001    1.0     8.00    492082  0.950
  83    0.0 6.1e-06   1.000     492.76 7.5422e-08  15.578  -1.33e+04  -15.578   0.200  0.0000    1.0     8.00    498083  0.950
  84    0.0 5.8e-06   1.000     492.62 7.5435e-08  15.578  -1.33e+04  -15.578   0.206  0.0000    1.0     8.00    504084  0.950
  85    0.0 5.5e-06   1.000     492.49 7.5414e-08  15.578  -1.33e+04  -15.578   0.195  0.0001    1.0     8.00    510085  0.950
  86    0.0 5.2e-06   1.000     492.33 7.5388e-08  15.578  -1.33e+04  -15.578   0.195  0.0001    1.0     8.00    516086  0.950
  87    0.0 5.0e-06   1.000     492.09 7.5418e-08  15.578  -1.33e+04  -15.578   0.193  0.0001    1.0     8.00    522087  0.950
  88    0.0 4.7e-06   1.000     492.04 7.54e-08    15.578  -1.33e+04  -15.578   0.190  0.0000    1.0     8.00    528088  0.950
  89    0.0 4.5e-06   1.000     491.99 7.5396e-08  15.578  -1.33e+04  -15.578   0.185  0.0000    1.0     8.00    534089  0.950
  90    0.0 4.3e-06   1.000     492.05 7.5419e-08  15.578  -1.33e+04  -15.578   0.182  0.0000    1.0     8.00    540090  0.950
  91    0.0 4.1e-06   1.000     491.96 7.5514e-08  15.578  -1.33e+04  -15.578   0.185  0.0000    1.0     8.00    546091  0.950
  92    0.0 3.9e-06   1.000     491.98 7.5386e-08  15.578  -1.33e+04  -15.578   0.182  0.0000    1.0     8.00    552092  0.950
  93    0.0 3.7e-06   1.000     491.83 7.5382e-08  15.578  -1.33e+04  -15.578   0.186  0.0000    1.0     8.00    558093  0.950
  94    0.0 3.5e-06   1.000     491.85 7.5381e-08  15.578  -1.33e+04  -15.578   0.178  0.0000    1.0     8.00    564094  0.950
  95    0.0 3.3e-06   1.000     491.85 7.5373e-08  15.578  -1.33e+04  -15.578   0.172  0.0000    1.0     8.00    570095  0.950
  96    0.0 3.1e-06   1.000     491.79 7.5391e-08  15.578  -1.33e+04  -15.578   0.183  0.0000    1.0     8.00    576096  0.950
  97    0.0 3.0e-06   1.000     491.81 7.537e-08   15.578  -1.33e+04  -15.578   0.177  0.0000    1.0     8.00    582097  0.950
  98    0.0 2.8e-06   1.000     491.82 7.5365e-08  15.578  -1.33e+04  -15.578   0.176  0.0000    1.0     8.00    588098  0.950
  99    0.0 2.7e-06   1.000     491.72 7.5364e-08  15.578  -1.33e+04  -15.578   0.169  0.0000    1.0     8.00    594099  0.950
 100    0.0 2.6e-06   1.000     491.68 7.537e-08   15.578  -1.33e+04  -15.578   0.169  0.0000    1.0     8.00    600100  0.950
 101    0.0 2.4e-06   1.000     491.67 7.5375e-08  15.578  -1.33e+04  -15.578   0.171  0.0000    1.0     8.00    606101  0.950
 102    0.0 2.3e-06   1.000     491.63 7.5373e-08  15.578  -1.33e+04  -15.578   0.181  0.0000    1.0     8.00    612102  0.950
 103    0.0 2.2e-06   1.000     491.65 7.5371e-08  15.578  -1.33e+04  -15.578   0.179  0.0000    1.0     8.00    618103  0.950
 104    0.0 0.0e+00   1.000     491.59 7.5373e-08  15.578  -1.33e+04  -15.578   0.046  0.0000    1.0     8.00    624104  0.950
## Placement Quench took 0.02 seconds (max_rss 456.4 MiB)
post-quench CPD = 15.5778 (ns) 

BB estimate of min-dist (placement) wire length: 35393

Completed placement consistency check successfully.

Swaps called: 625251

Aborted Move Reasons:
  No moves aborted

Placement estimated critical path delay (least slack): 15.5778 ns, Fmax: 64.1939 MHz
Placement estimated setup Worst Negative Slack (sWNS): -15.5778 ns
Placement estimated setup Total Negative Slack (sTNS): -13302.8 ns

Placement estimated setup slack histogram:
[ -1.6e-08: -1.4e-08)  44 (  2.4%) |***
[ -1.4e-08: -1.3e-08) 113 (  6.1%) |********
[ -1.3e-08: -1.1e-08)  40 (  2.2%) |***
[ -1.1e-08: -9.5e-09)  62 (  3.4%) |****
[ -9.5e-09:   -8e-09) 650 ( 35.3%) |***********************************************
[   -8e-09: -6.5e-09) 168 (  9.1%) |************
[ -6.5e-09:   -5e-09) 289 ( 15.7%) |*********************
[   -5e-09: -3.5e-09) 242 ( 13.1%) |*****************
[ -3.5e-09:   -2e-09)  84 (  4.6%) |******
[   -2e-09:   -5e-10) 149 (  8.1%) |***********

Placement estimated geomean non-virtual intra-domain period: 15.5778 ns (64.1939 MHz)
Placement estimated fanout-weighted geomean non-virtual intra-domain period: 15.5778 ns (64.1939 MHz)

Placement cost: 0.999934, bb_cost: 491.572, td_cost: 7.53708e-08, 

Placement resource usage:
  io      implemented as io     : 779
  clb     implemented as clb    : 365
  mult_36 implemented as mult_36: 1
  memory  implemented as memory : 2

Placement number of temperatures: 104
Placement total # of swap attempts: 625251
	Swaps accepted: 209621 (33.5 %)
	Swaps rejected: 386825 (61.9 %)
	Swaps aborted:  28805 ( 4.6 %)


Placement perturbation distribution by block and move type: 
------------------ ----------------- ---------------- ---------------- --------------- ------------ 
    Block Type         Move Type       (%) of Total      Accepted(%)     Rejected(%)    Aborted(%)
------------------ ----------------- ---------------- ---------------- --------------- ------------ 
io                 Uniform                17.05            44.23           55.77          0.00         
                   Median                 16.90            44.53           44.73          10.74        
                   Centroid               16.83            45.78           47.61          6.62         
                   W. Centroid            16.95            46.41           47.12          6.48         
                   W. Median              0.09             8.11            77.20          14.70        

clb                Uniform                7.87             5.43            94.57          0.00         
                   Median                 7.92             10.15           84.76          5.09         
                   Centroid               7.91             10.10           89.73          0.18         
                   W. Centroid            7.91             10.73           88.39          0.88         
                   W. Median              0.04             0.00            91.97          8.03         
                   Crit. Uniform          0.14             0.00            100.00         0.00         
                   Feasible Region        0.13             0.00            100.00         0.00         

mult_36            Uniform                0.02             0.76            99.24          0.00         
                   Median                 0.02             0.83            99.17          0.00         
                   Centroid               0.02             0.00            100.00         0.00         
                   W. Centroid            0.02             0.65            99.35          0.00         
                   W. Median              0.00             0.00            100.00         0.00         

memory             Uniform                0.04             3.60            96.40          0.00         
                   Median                 0.04             2.63            34.21          63.16        
                   Centroid               0.05             0.70            40.42          58.89        
                   W. Centroid            0.04             1.13            43.40          55.47        
                   W. Median              0.00             0.00            0.00           100.00       


Placement Quench timing analysis took 0.0038285 seconds (0.00351585 STA, 0.000312648 slack) (1 full updates: 1 setup, 0 hold, 0 combined).
Placement Total  timing analysis took 0.472011 seconds (0.428501 STA, 0.0435106 slack) (106 full updates: 106 setup, 0 hold, 0 combined).
update_td_costs: connections 0 nets 0 sum_nets 0 total 0
# Placement took 1.98 seconds (max_rss 456.4 MiB, delta_rss +0.0 MiB)

# Routing
RR graph channel widths unchanged, skipping RR graph rebuild
## Initializing router criticalities
Initial Net Connection Criticality Histogram:
[        0:      0.1) 1149 ( 13.3%) |************************************
[      0.1:      0.2) 1434 ( 16.6%) |*********************************************
[      0.2:      0.3) 1318 ( 15.3%) |******************************************
[      0.3:      0.4) 1452 ( 16.8%) |**********************************************
[      0.4:      0.5) 1366 ( 15.8%) |*******************************************
[      0.5:      0.6)  945 ( 11.0%) |******************************
[      0.6:      0.7)  353 (  4.1%) |***********
[      0.7:      0.8)  170 (  2.0%) |*****
[      0.8:      0.9)  279 (  3.2%) |*********
[      0.9:        1)  156 (  1.8%) |*****
## Initializing router criticalities took 0.04 seconds (max_rss 456.4 MiB, delta_rss +0.0 MiB)
---- ------ ------- ---- ------- ------- ------- ----------------- --------------- -------- ---------- ---------- ---------- ---------- --------
Iter   Time    pres  BBs    Heap  Re-Rtd  Re-Rtd Overused RR Nodes      Wirelength      CPD       sTNS       sWNS       hTNS       hWNS Est Succ
      (sec)     fac Updt    push    Nets   Conns                                       (ns)       (ns)       (ns)       (ns)       (ns)     Iter
---- ------ ------- ---- ------- ------- ------- ----------------- --------------- -------- ---------- ---------- ---------- ---------- --------
   1    0.0     0.0    0  406846    2351    8302    5044 ( 7.677%)   42731 (45.7%)   15.454 -1.370e+04    -15.454      0.000      0.000      N/A
Incr Slack updates 106 in 0.0145729 sec
Full Max Req/Worst Slack updates 40 in 0.000755729 sec
Incr Max Req/Worst Slack updates 66 in 0.0016221 sec
Incr Criticality updates 55 in 0.0103979 sec
Full Criticality updates 51 in 0.0130367 sec
   2    0.1     0.5    0  406872    2172    7804    3281 ( 4.993%)   42818 (45.7%)   15.326 -1.346e+04    -15.326      0.000      0.000      N/A
   3    0.0     0.6    0  399290    1821    6887    3320 ( 5.053%)   43349 (46.3%)   15.481 -1.360e+04    -15.481      0.000      0.000      N/A
   4    0.0     0.8    0  439320    1833    6768    3100 ( 4.718%)   43907 (46.9%)   15.479 -1.380e+04    -15.479      0.000      0.000      N/A
   5    0.1     1.1    0  464744    1693    6132    2216 ( 3.373%)   44715 (47.8%)   15.471 -1.389e+04    -15.471      0.000      0.000      N/A
   6    0.0     1.4    0  443207    1487    5237    1602 ( 2.438%)   45611 (48.7%)   15.467 -1.404e+04    -15.467      0.000      0.000      N/A
   7    0.0     1.9    0  397477    1256    4668    1182 ( 1.799%)   46229 (49.4%)   15.463 -1.395e+04    -15.463      0.000      0.000      N/A
   8    0.0     2.4    0  340112    1014    3905     833 ( 1.268%)   47140 (50.4%)   15.466 -1.399e+04    -15.466      0.000      0.000      N/A
   9    0.0     3.1    0  278955     798    3166     588 ( 0.895%)   47875 (51.1%)   15.468 -1.405e+04    -15.468      0.000      0.000      N/A
  10    0.0     4.1    0  219709     642    2497     403 ( 0.613%)   48365 (51.7%)   15.467 -1.401e+04    -15.467      0.000      0.000       28
  11    0.0     5.3    0  173233     499    1889     279 ( 0.425%)   49125 (52.5%)   15.331 -1.413e+04    -15.331      0.000      0.000       27
  12    0.0     6.9    0  128458     355    1305     157 ( 0.239%)   49630 (53.0%)   15.333 -1.420e+04    -15.333      0.000      0.000       27
  13    0.0     9.0    0  109512     230     779     102 ( 0.155%)   50106 (53.5%)   15.329 -1.425e+04    -15.329      0.000      0.000       25
  14    0.0    11.6    0   58941     150     468      67 ( 0.102%)   50466 (53.9%)   15.331 -1.426e+04    -15.331      0.000      0.000       25
  15    0.0    15.1    0   39699      96     311      44 ( 0.067%)   50611 (54.1%)   15.331 -1.428e+04    -15.331      0.000      0.000       24
  16    0.0    19.7    0   35842      68     305      36 ( 0.055%)   50896 (54.4%)   15.331 -1.430e+04    -15.331      0.000      0.000       24
  17    0.0    25.6    0   27680      49     207      26 ( 0.040%)   51027 (54.5%)   15.331 -1.431e+04    -15.331      0.000      0.000       24
  18    0.0    33.3    0   15722      39     108      14 ( 0.021%)   51232 (54.7%)   15.407 -1.433e+04    -15.407      0.000      0.000       25
  19    0.0    43.3    0   10070      50     122      12 ( 0.018%)   51291 (54.8%)   15.409 -1.433e+04    -15.409      0.000      0.000       25
  20    0.0    56.2    0   15602      45     111      11 ( 0.017%)   51335 (54.8%)   15.408 -1.433e+04    -15.408      0.000      0.000       25
  21    0.0    73.1    0   10357      47     103       9 ( 0.014%)   51466 (55.0%)   15.408 -1.433e+04    -15.408      0.000      0.000       26
  22    0.0    95.0    0    8611      41      90       4 ( 0.006%)   51554 (55.1%)   15.693 -1.433e+04    -15.693      0.000      0.000       27
  23    0.0   123.5    0    4423      33      73       5 ( 0.008%)   51534 (55.1%)   15.408 -1.433e+04    -15.408      0.000      0.000       27
  24    0.0   160.6    0    6235      37      80       7 ( 0.011%)   51475 (55.0%)   15.408 -1.433e+04    -15.408      0.000      0.000       27
  25    0.0   208.8    0    8122      38      86       7 ( 0.011%)   51508 (55.0%)   15.408 -1.433e+04    -15.408      0.000      0.000       29
  26    0.0   271.4    0    4105      36      76       3 ( 0.005%)   51555 (55.1%)   15.413 -1.433e+04    -15.413      0.000      0.000       30
  27    0.0   352.8    0    4123      35      76       2 ( 0.003%)   51570 (55.1%)   15.897 -1.433e+04    -15.897      0.000      0.000       31
  28    0.0   458.7    0    5502      30      61       1 ( 0.002%)   51601 (55.1%)   15.897 -1.434e+04    -15.897      0.000      0.000       31
  29    0.0   596.3    0    3795      29      58       1 ( 0.002%)   51587 (55.1%)   15.897 -1.434e+04    -15.897      0.000      0.000       30
  30    0.0   775.1    0    3510      28      56       1 ( 0.002%)   51591 (55.1%)   15.897 -1.434e+04    -15.897      0.000      0.000       30
  31    0.0  1000.0    0    3411      27      55       1 ( 0.002%)   51603 (55.1%)   15.897 -1.434e+04    -15.897      0.000      0.000       30
  32    0.0  1000.0    0    3372      27      55       1 ( 0.002%)   51601 (55.1%)   15.897 -1.434e+04    -15.897      0.000      0.000       30
  33    0.0  1000.0    0    3615      27      56       0 ( 0.000%)   51617 (55.1%)   15.947 -1.434e+04    -15.947      0.000      0.000       31
Restoring best routing
Critical path: 15.9468 ns
Successfully routed after 33 routing iterations.
Final Net Connection Criticality Histogram:
[        0:      0.1)  962 ( 11.2%) |*******************************
[      0.1:      0.2) 1418 ( 16.4%) |**********************************************
[      0.2:      0.3) 1265 ( 14.7%) |*****************************************
[      0.3:      0.4) 1325 ( 15.4%) |*******************************************
[      0.4:      0.5) 1417 ( 16.4%) |**********************************************
[      0.5:      0.6) 1105 ( 12.8%) |************************************
[      0.6:      0.7)  501 (  5.8%) |****************
[      0.7:      0.8)  230 (  2.7%) |*******
[      0.8:      0.9)  266 (  3.1%) |*********
[      0.9:        1)  133 (  1.5%) |****
Router Stats: total_nets_routed: 17083 total_connections_routed: 61896 total_heap_pushes: 4480472 total_heap_pops: 781122 
Serial Connection Router is being destroyed. Time spent on path search: 0.232 seconds.
# Routing took 0.80 seconds (max_rss 456.4 MiB, delta_rss +0.0 MiB)

Checking to ensure routing is legal...
# Checking to ensure non-configurable edges are legal
# Checking to ensure non-configurable edges are legal took 0.00 seconds (max_rss 456.4 MiB, delta_rss +0.0 MiB)
Completed routing consistency check successfully.

Serial number (magic cookie) for the routing is: -937447449
Circuit successfully routed with a channel width factor of 72.
# Synchronize the packed netlist to routing optimization
## Annotating rr_node with routed nets
## Annotating rr_node with routed nets took 0.00 seconds (max_rss 456.4 MiB, delta_rss +0.0 MiB)
Found 10374 mismatches between routing and packing results.
Fixed 7560 routing traces due to mismatch between routing and packing results.
# Synchronize the packed netlist to routing optimization took 0.04 seconds (max_rss 456.4 MiB, delta_rss +0.0 MiB)
Final Clustering Statistics: 
----------   --------   ------------------------------------   --------------------------
Block Type   # Blocks   Avg. # of input clocks and pins used   Avg. # of output pins used
----------   --------   ------------------------------------   --------------------------
     EMPTY          0                                      0                            0   
        io        779                               0.505777                     0.494223   
       clb        365                                21.9452                      5.07397   
   mult_36          1                                     64                           64   
    memory          2                                     77                           32   
Absorbed logical nets 1893 out of 4258 nets, 2365 nets not absorbed.


Average number of bends per net: 2.37091  Maximum # of bends: 27

Number of global nets: 14
Number of routed nets (nonglobal): 2351
Wire length results (in units of 1 clb segments)...
	Total wirelength: 51617, average net length: 21.9553
	Maximum net length: 453

Wire length results in terms of physical segments...
	Total wiring segments used: 13289, average wire segments per net: 5.65249
	Maximum segments used by a net: 115
	Total local nets with reserved CLB opins: 0
Total number of nets absorbed: 0

Routing channel utilization histogram:
[        1:      inf)   0 (  0.0%) |
[      0.9:        1)  12 (  0.9%) |*
[      0.8:      0.9) 216 ( 16.0%) |************************
[      0.7:      0.8) 416 ( 30.8%) |***********************************************
[      0.5:      0.6) 130 (  9.6%) |***************
[      0.4:      0.5) 154 ( 11.4%) |*****************
[      0.3:      0.4) 104 (  7.7%) |************
[      0.2:      0.3)  72 (  5.3%) |********
[      0.1:      0.2) 114 (  8.4%) |*************
[        0:      0.1) 134 (  9.9%) |***************
Maximum routing channel utilization:      0.93 at (8,14)

X - Directed channels:   j max occ ave occ capacity
                      ---- ------- ------- --------
                         0      45  29.926       72
                         1      14   7.481       72
                         2      34  19.000       72
                         3      57  32.852       72
                         4      54  32.370       72
                         5      57  40.593       72
                         6      62  43.593       72
                         7      62  42.519       72
                         8      64  45.926       72
                         9      63  42.741       72
                        10      62  46.926       72
                        11      62  48.667       72
                        12      64  48.963       72
                        13      64  47.630       72
                        14      67  49.630       72
                        15      64  48.630       72
                        16      66  48.296       72
                        17      59  46.111       72
                        18      63  43.778       72
                        19      57  40.185       72
                        20      53  33.704       72
                        21      51  29.556       72
                        22      42  24.852       72
                        23      38  13.556       72
                        24      19   7.000       72
                        25      41  29.074       72
Y - Directed channels:   i max occ ave occ capacity
                      ---- ------- ------- --------
                         0      52  33.852       72
                         1      47  23.333       72
                         2      51  25.037       72
                         3      50  28.370       72
                         4      64  35.778       72
                         5      55  34.963       72
                         6      59  36.444       72
                         7      62  41.889       72
                         8      63  43.852       72
                         9      67  43.815       72
                        10      67  41.815       72
                        11      67  46.370       72
                        12      65  45.667       72
                        13      63  41.148       72
                        14      67  41.444       72
                        15      67  44.259       72
                        16      61  43.370       72
                        17      65  43.593       72
                        18      60  37.481       72
                        19      64  42.074       72
                        20      59  38.185       72
                        21      60  33.074       72
                        22      55  28.704       72
                        23      56  28.370       72
                        24      58  25.963       72
                        25      61  39.333       72

Total tracks in x-direction: 1872, in y-direction: 1872

Logic area (in minimum width transistor areas, excludes I/Os and empty grid tiles)...
	Total logic block area (Warning, need to add pitch of routing to blocks with height > 3): 3.93038e+07
	Total used logic block area: 2.11633e+07

Routing area (in minimum width transistor areas)...
	Total routing area: 3.28246e+06, per logic tile: 4502.69

Total Number of Wiring Segments by Direction: direction length number
                                              --------- ------ -------
                                                      X      4  13104
                                                      Y      4  13104

X - Directed Wiring Segment usage by length: length utilization
                                             ------ -----------
                                             4       0.505

Y - Directed Wiring Segment usage by length: length utilization
                                             ------ -----------
                                             4       0.509

Segment occupancy by length: Length utilization
                             ------ -----------
                             L4           0.507

Segment occupancy by type:              name type utilization
                           ----------------- ---- -----------
                           unnamed_segment_0    0       0.507

Final hold Worst Negative Slack (hWNS): 0 ns
Final hold Total Negative Slack (hTNS): 0 ns

Final hold slack histogram:
[  2.3e-10:  4.3e-10) 751 ( 40.8%) |***********************************************
[  4.3e-10:  6.2e-10) 213 ( 11.6%) |*************
[  6.2e-10:  8.2e-10) 242 ( 13.1%) |***************
[  8.2e-10:    1e-09) 177 (  9.6%) |***********
[    1e-09:  1.2e-09) 148 (  8.0%) |*********
[  1.2e-09:  1.4e-09) 152 (  8.3%) |**********
[  1.4e-09:  1.6e-09)  96 (  5.2%) |******
[  1.6e-09:  1.8e-09)  38 (  2.1%) |**
[  1.8e-09:    2e-09)  16 (  0.9%) |*
[    2e-09:  2.2e-09)   8 (  0.4%) |*

Final critical path delay (least slack): 15.9468 ns, Fmax: 62.7086 MHz
Final setup Worst Negative Slack (sWNS): -15.9468 ns
Final setup Total Negative Slack (sTNS): -14337.5 ns

Final setup slack histogram:
[ -1.6e-08: -1.4e-08)  22 (  1.2%) |***
[ -1.4e-08: -1.3e-08)  99 (  5.4%) |***********
[ -1.3e-08: -1.1e-08)  74 (  4.0%) |*********
[ -1.1e-08: -9.7e-09) 333 ( 18.1%) |**************************************
[ -9.7e-09: -8.2e-09) 409 ( 22.2%) |***********************************************
[ -8.2e-09: -6.6e-09) 168 (  9.1%) |*******************
[ -6.6e-09: -5.1e-09) 402 ( 21.8%) |**********************************************
[ -5.1e-09: -3.5e-09) 117 (  6.4%) |*************
[ -3.5e-09:   -2e-09)  98 (  5.3%) |***********
[   -2e-09: -4.4e-10) 119 (  6.5%) |**************

Final geomean non-virtual intra-domain period: 15.9468 ns (62.7086 MHz)
Final fanout-weighted geomean non-virtual intra-domain period: 15.9468 ns (62.7086 MHz)

Incr Slack updates 1 in 0.000157829 sec
Full Max Req/Worst Slack updates 1 in 1.9351e-05 sec
Incr Max Req/Worst Slack updates 0 in 0 sec
Incr Criticality updates 0 in 0 sec
Full Criticality updates 1 in 0.000209173 sec
Flow timing analysis took 0.832982 seconds (0.764279 STA, 0.0687036 slack) (142 full updates: 107 setup, 0 hold, 35 combined).
VPR succeeded
The entire flow of VPR took 4.27 seconds (max_rss 456.4 MiB)
Incr Slack updates 34 in 0.00462476 sec
Full Max Req/Worst Slack updates 12 in 0.000225404 sec
Incr Max Req/Worst Slack updates 22 in 0.000547006 sec
Incr Criticality updates 11 in 0.00175546 sec
Full Criticality updates 23 in 0.00575856 sec

=== STDERR ===

=== RETURN CODE: 0 ===
