=== STDOUT ===
VPR FPGA Placement and Routing.
Version: 9.0.0-dev+v8.0.0-11943-g8cb20aa52-dirty
Revision: v8.0.0-11943-g8cb20aa52-dirty
Compiled: 2025-11-07T02:08:24
Compiler: GNU 13.3.0 on Linux-6.6.87.2-microsoft-standard-WSL2 x86_64
Build Info: release IPO VTR_ASSERT_LEVEL=2

University of Toronto
verilogtorouting.org
vtr-users@googlegroups.com
This is free open source code under MIT license.

VPR was run with the following command-line:
./vtr-verilog-to-routing/vpr/vpr k6_N10_mem32K_40nm.xml or1200.blif --route_chan_width 72 --seed 100


Architecture file: k6_N10_mem32K_40nm.xml
Circuit name: or1200

# Loading Architecture Description
# Loading Architecture Description took 0.00 seconds (max_rss 456.4 MiB, delta_rss +0.0 MiB)

Timing analysis: ON
Circuit netlist file: or1200.net
Circuit placement file: or1200.place
Circuit routing file: or1200.route
Circuit SDC file: or1200.sdc
Vpr floorplanning constraints file: not specified

Packer: ENABLED
Placer: ENABLED
Analytical Placer: DISABLED
Router: ENABLED
Analysis: ENABLED

VPR was run with the following options:

NetlistOpts.absorb_buffer_luts            : true
NetlistOpts.sweep_dangling_primary_ios    : true
NetlistOpts.sweep_dangling_nets           : true
NetlistOpts.sweep_dangling_blocks         : true
NetlistOpts.sweep_constant_primary_outputs: false
NetlistOpts.netlist_verbosity             : 1
NetlistOpts.const_gen_inference           : COMB_SEQ

PackerOpts.allow_unrelated_clustering: auto
PackerOpts.alpha_clustering: 0.750000
PackerOpts.beta_clustering: 0.900000
PackerOpts.cluster_seed_type: BLEND2
PackerOpts.connection_driven: true
PackerOpts.global_clocks: true
PackerOpts.inter_cluster_net_delay: 1.000000
PackerOpts.timing_driven: true
PackerOpts.target_external_pin_util: auto

PlacerOpts.place_freq: PLACE_ONCE
PlacerOpts.place_algorithm: CRITICALITY_TIMING_PLACE
PlacerOpts.pad_loc_type: FREE
PlacerOpts.constraints_file: No constraints file given
PlacerOpts.place_chan_width: 72
PlacerOpts.inner_loop_recompute_divider: 0
PlacerOpts.recompute_crit_iter: 1
PlacerOpts.timing_tradeoff: 0.500000
PlacerOpts.td_place_exp_first: 1.000000
PlacerOpts.td_place_exp_last: 8.000000
PlacerOpts.delay_offset: 0.000000
PlacerOpts.delay_ramp_delta_threshold: -1
PlacerOpts.delay_ramp_slope: 0.000000
PlacerOpts.tsu_rel_margin: 1.000000
PlacerOpts.tsu_abs_margin: 0.000000
PlacerOpts.post_place_timing_report_file: 
PlacerOpts.allowed_tiles_for_delay_model: 
PlacerOpts.delay_model_reducer: MIN
PlacerOpts.delay_model_type: SIMPLE
PlacerOpts.rlim_escape_fraction: 0.000000
PlacerOpts.move_stats_file: 
PlacerOpts.placement_saves_per_temperature: 0
PlacerOpts.effort_scaling: CIRCUIT
PlacerOpts.place_delta_delay_matrix_calculation_method: ASTAR_ROUTE
PlaceOpts.seed: 100
AnnealSched.type: AUTO_SCHED
AnnealSched.inner_num: 0.500000

RouterOpts.route_type: DETAILED
RouterOpts.flat_routing: false
RouterOpts.choke_points: on
RouterOpts.router_algorithm: TIMING_DRIVEN
RouterOpts.base_cost_type: DELAY_NORMALIZED_LENGTH
RouterOpts.fixed_channel_width: 72
RouterOpts.check_route: FULL
RouterOpts.acc_fac: 1.000000
RouterOpts.bb_factor: 3
RouterOpts.bend_cost: 0.000000
RouterOpts.first_iter_pres_fac: 0.000000
RouterOpts.initial_pres_fac: 0.500000
RouterOpts.pres_fac_mult: 1.300000
RouterOpts.max_pres_fac: 1000.000000
RouterOpts.max_router_iterations: 50
RouterOpts.min_incremental_reroute_fanout: 16
RouterOpts.do_check_rr_graph: true
RouterOpts.verify_binary_search: false
RouterOpts.min_channel_width_hint: 0
RouterOpts.read_rr_edge_metadata: false
RouterOpts.exit_after_first_routing_iteration: false
RouterOpts.astar_fac: 1.200000
RouterOpts.astar_offset: 0.000000
RouterOpts.router_profiler_astar_fac: 1.200000
RouterOpts.criticality_exp: 1.000000
RouterOpts.max_criticality: 0.990000
RouterOpts.init_wirelength_abort_threshold: 0.850000
RouterOpts.incr_reroute_delay_ripup: AUTO
RouterOpts.save_routing_per_iteration: false
RouterOpts.congested_routing_iteration_threshold_frac: 1.000000
RouterOpts.high_fanout_threshold: 64
RouterOpts.router_debug_net: -2
RouterOpts.router_debug_sink_rr: -2
RouterOpts.router_debug_iteration: -2
RouterOpts.max_convergence_count: 1
RouterOpts.reconvergence_cpd_threshold: 0.990000
RouterOpts.update_lower_bound_delays: true
RouterOpts.first_iteration_timing_report_file: 
RouterOpts.route_bb_update: DYNAMIC
RouterOpts.lookahead_type: MAP
RouterOpts.initial_timing: LOOKAHEAD
RouterOpts.router_heap: FOUR_ARY_HEAP
RouterOpts.routing_failure_predictor = SAFE
RouterOpts.routing_budgets_algorithm = DISABLE

AnalysisOpts.gen_post_synthesis_netlist: false
AnalysisOpts.timing_report_npaths: 100
AnalysisOpts.timing_report_skew: false
AnalysisOpts.echo_dot_timing_graph_node: -1
AnalysisOpts.timing_report_detail: NETLIST
AnalysisOpts.post_synth_netlist_unconn_input_handling: UNCONNECTED
AnalysisOpts.post_synth_netlist_unconn_output_handling: UNCONNECTED

# Building complex block graph
Warning 1: io[0].clock[0] unconnected pin in architecture.
# Building complex block graph took 0.01 seconds (max_rss 456.4 MiB, delta_rss +0.0 MiB)
Circuit file: or1200.blif
# Load circuit
Found constant-one generator 'top^icpu_sel_o~0'
Found constant-one generator 'top^icpu_sel_o~1'
Found constant-one generator 'top^icpu_sel_o~2'
Found constant-one generator 'top^icpu_sel_o~3'
Found constant-one generator 'top^icpu_tag_o~0'
Found constant-zero generator 'top^icpu_tag_o~1'
Found constant-zero generator 'top^icpu_tag_o~2'
Found constant-zero generator 'top^icpu_tag_o~3'
Found constant-zero generator 'top^du_except~2'
Found constant-zero generator 'top^dcpu_tag_o~1'
Found constant-zero generator 'top^dcpu_tag_o~2'
Found constant-zero generator 'top^dcpu_tag_o~3'
Found constant-zero generator 'unconn'
Found constant-zero generator 'gnd'
# Load circuit took 0.03 seconds (max_rss 456.4 MiB, delta_rss +0.0 MiB)
# Clean circuit
Absorbed 81 LUT buffers
Inferred    0 additional primitive pins as constant generators since they have no combinationally connected inputs
Inferred    0 additional primitive pins as constant generators due to constant inputs
Inferred    0 additional primitive pins as constant generators since they have no combinationally connected inputs
Inferred    0 additional primitive pins as constant generators due to constant inputs
Inferred    0 additional primitive pins as constant generators since they have no combinationally connected inputs
Inferred    0 additional primitive pins as constant generators due to constant inputs
Swept input(s)      : 3
Swept output(s)     : 0 (0 dangling, 0 constant)
Swept net(s)        : 75
Swept block(s)      : 0
Constant Pins Marked: 0
# Clean circuit took 0.00 seconds (max_rss 456.4 MiB, delta_rss +0.0 MiB)
# Compress circuit
# Compress circuit took 0.00 seconds (max_rss 456.4 MiB, delta_rss +0.0 MiB)
# Verify circuit
# Verify circuit took 0.00 seconds (max_rss 456.4 MiB, delta_rss +0.0 MiB)
Circuit Statistics:
  Blocks: 4589
    .input       :     385
    .latch       :     691
    .names       :    3054
        0-LUT:      13
        2-LUT:     157
        3-LUT:     556
        4-LUT:     405
        5-LUT:     656
        6-LUT:    1267
    .output      :     394
    dual_port_ram:      64
    multiply     :       1
  Nets  : 4258
    Avg Fanout:     4.1
    Max Fanout:   755.0
    Min Fanout:     1.0
  Netlist Clocks: 1
# Build Timing Graph
  Timing Graph Nodes: 21542
  Timing Graph Edges: 38206
  Timing Graph Levels: 58
# Build Timing Graph took 0.01 seconds (max_rss 456.4 MiB, delta_rss +0.0 MiB)
Netlist contains 1 clocks
  Netlist Clock 'top^clk' Fanout: 755 pins (3.5%), 755 blocks (16.5%)
# Load Timing Constraints

SDC file 'or1200.sdc' not found
Setting default timing constraints:
   * constrain all primay inputs and primary outputs on netlist clock 'top^clk'
   * optimize netlist clock to run as fast as possible
Timing constraints created 1 clocks
  Constrained Clock 'top^clk' Source: 'top^clk.inpad[0]'

# Load Timing Constraints took 0.00 seconds (max_rss 456.4 MiB, delta_rss +0.0 MiB)
# Packing
Begin packing 'or1200.blif'.

After removing unused inputs...
	total blocks: 4589, total nets: 4258, total inputs: 385, total outputs: 394
Begin prepacking.
0 attraction groups were created during prepacking.
Finish prepacking.
Using inter-cluster delay: 1.33777e-09
Packing with pin utilization targets: io:1,1 clb:0.8,0.6 mult_36:1,1 memory:1,1
Packing with high fanout thresholds: io:128 clb:32 mult_36:128 memory:128
Starting Clustering - Clustering Progress: 
-------------------   --------------------------   ---------
Molecules processed   Number of clusters created   FPGA size
-------------------   --------------------------   ---------
   162/3898      4%                           13    12 x 12    
   321/3898      8%                           29    12 x 12    
   481/3898     12%                           45    12 x 12    
   637/3898     16%                           61    12 x 12    
   794/3898     20%                           77    13 x 13    
   957/3898     24%                           94    14 x 14    
  1112/3898     28%                          110    14 x 14    
  1274/3898     32%                          127    15 x 15    
  1432/3898     36%                          143    16 x 16    
  1587/3898     40%                          159    17 x 17    
  1744/3898     44%                          176    18 x 18    
  1906/3898     48%                          195    18 x 18    
  2061/3898     52%                          212    19 x 19    
  2222/3898     57%                          230    20 x 20    
  2382/3898     61%                          250    21 x 21    
  2540/3898     65%                          269    21 x 21    
  2698/3898     69%                          294    22 x 22    
  2853/3898     73%                          326    23 x 23    
  3012/3898     77%                          354    23 x 23    
  3167/3898     81%                          416    24 x 24    
  3322/3898     85%                          571    25 x 25    
  3477/3898     89%                          726    25 x 25    
  3632/3898     93%                          881    25 x 25    
  3787/3898     97%                         1036    25 x 25    
  3898/3898    100%                         1147    27 x 27    

Logic Element (fle) detailed count:
  Total number of Logic Elements used : 3054
  LEs used for logic and registers    : 691
  LEs used for logic only             : 2363
  LEs used for registers only         : 0

Incr Slack updates 1 in 0.000211435 sec
Full Max Req/Worst Slack updates 1 in 1.8997e-05 sec
Incr Max Req/Worst Slack updates 0 in 0 sec
Incr Criticality updates 0 in 0 sec
Full Criticality updates 1 in 0.00027877 sec
FPGA sized to 27 x 27 (auto)
Device Utilization: 0.66 (target 1.00)
	Block Utilization: 0.97 Type: io
	Block Utilization: 0.77 Type: clb
	Block Utilization: 0.06 Type: mult_36
	Block Utilization: 0.17 Type: memory

Start the iterative improvement process
the iterative improvement process is done
Final Clustering Statistics: 
----------   --------   ------------------------------------   --------------------------
Block Type   # Blocks   Avg. # of input clocks and pins used   Avg. # of output pins used
----------   --------   ------------------------------------   --------------------------
     EMPTY          0                                      0                            0   
        io        779                               0.505777                     0.494223   
       clb        365                                21.9452                      5.07397   
   mult_36          1                                     64                           64   
    memory          2                                     77                           32   
Absorbed logical nets 1893 out of 4258 nets, 2365 nets not absorbed.

Netlist conversion complete.

# Packing took 0.71 seconds (max_rss 456.4 MiB, delta_rss +0.0 MiB)
# Load packing
Begin loading packed FPGA netlist file.
Netlist generated from file 'or1200.net'.
Detected 13 constant generators (to see names run with higher pack verbosity)
Finished loading packed FPGA netlist file (took 0.147512 seconds).
Warning 2: Treated 13 constant nets as global which will not be routed (to see net names increase packer verbosity).
Warning 3: Netlist contains 79 global net to non-global architecture pin connections
Warning 4: Logic block #440 (top^icpu_sel_o~0) has only 1 output pin 'top^icpu_sel_o~0.O[9]'. It may be a constant generator.
Warning 5: Logic block #441 (top^icpu_sel_o~1) has only 1 output pin 'top^icpu_sel_o~1.O[9]'. It may be a constant generator.
Warning 6: Logic block #442 (top^icpu_sel_o~2) has only 1 output pin 'top^icpu_sel_o~2.O[9]'. It may be a constant generator.
Warning 7: Logic block #443 (top^icpu_sel_o~3) has only 1 output pin 'top^icpu_sel_o~3.O[9]'. It may be a constant generator.
Warning 8: Logic block #444 (top^icpu_tag_o~0) has only 1 output pin 'top^icpu_tag_o~0.O[9]'. It may be a constant generator.
Warning 9: Logic block #445 (top^icpu_tag_o~1) has only 1 output pin 'top^icpu_tag_o~1.O[9]'. It may be a constant generator.
Warning 10: Logic block #446 (top^icpu_tag_o~2) has only 1 output pin 'top^icpu_tag_o~2.O[9]'. It may be a constant generator.
Warning 11: Logic block #447 (top^icpu_tag_o~3) has only 1 output pin 'top^icpu_tag_o~3.O[9]'. It may be a constant generator.
Warning 12: Logic block #448 (top^du_except~2) has only 1 output pin 'top^du_except~2.O[9]'. It may be a constant generator.
Warning 13: Logic block #449 (top^dcpu_tag_o~1) has only 1 output pin 'top^dcpu_tag_o~1.O[9]'. It may be a constant generator.
Warning 14: Logic block #450 (top^dcpu_tag_o~2) has only 1 output pin 'top^dcpu_tag_o~2.O[9]'. It may be a constant generator.
Warning 15: Logic block #451 (top^dcpu_tag_o~3) has only 1 output pin 'top^dcpu_tag_o~3.O[9]'. It may be a constant generator.
Warning 16: Logic block #452 (gnd) has only 1 output pin 'gnd.O[9]'. It may be a constant generator.
Completed clustering consistency check successfully.
Cluster level netlist and block usage statistics
Netlist num_nets: 2365
Netlist num_blocks: 1147
Netlist EMPTY blocks: 0.
Netlist io blocks: 779.
Netlist clb blocks: 365.
Netlist mult_36 blocks: 1.
Netlist memory blocks: 2.
Netlist inputs pins: 385
Netlist output pins: 394

Pb types usage...
  io                   : 779
   inpad               : 385
   outpad              : 394
  clb                  : 365
   fle                 : 3054
    ble6               : 3054
     lut6              : 3054
      lut              : 3054
     ff                : 691
  mult_36              : 1
   mult_36x36_slice    : 1
    mult_36x36         : 1
  memory               : 2
   mem_1024x32_dp      : 2
    memory_slice       : 64

# Load packing took 0.23 seconds (max_rss 456.4 MiB, delta_rss +0.0 MiB)
# Create Device
## Build Device Grid
FPGA sized to 27 x 27: 729 grid tiles (auto)

Resource usage...
	Netlist
		779	blocks of type: io
	Architecture
		800	blocks of type: io
	Netlist
		365	blocks of type: clb
	Architecture
		475	blocks of type: clb
	Netlist
		1	blocks of type: mult_36
	Architecture
		18	blocks of type: mult_36
	Netlist
		2	blocks of type: memory
	Architecture
		12	blocks of type: memory

Device Utilization: 0.66 (target 1.00)
	Physical Tile io:
	Block Utilization: 0.97 Logical Block: io
	Physical Tile clb:
	Block Utilization: 0.77 Logical Block: clb
	Physical Tile mult_36:
	Block Utilization: 0.06 Logical Block: mult_36
	Physical Tile memory:
	Block Utilization: 0.17 Logical Block: memory

FPGA size limited by block type(s): io

## Build Device Grid took 0.00 seconds (max_rss 456.4 MiB, delta_rss +0.0 MiB)
## Build routing resource graph
## Build routing resource graph took 0.18 seconds (max_rss 456.4 MiB, delta_rss +0.0 MiB)
  RR Graph Nodes: 65706
  RR Graph Edges: 510001
# Create Device took 0.19 seconds (max_rss 456.4 MiB, delta_rss +0.0 MiB)

# Computing router lookahead map
## Computing wire lookahead
## Computing wire lookahead took 0.07 seconds (max_rss 456.4 MiB, delta_rss +0.0 MiB)
## Computing src/opin lookahead
Warning 17: Found no more sample locations for SOURCE in io
Warning 18: Found no more sample locations for OPIN in io
Warning 19: Found no more sample locations for SOURCE in clb
Warning 20: Found no more sample locations for OPIN in clb
Warning 21: Found no more sample locations for SOURCE in mult_36
Warning 22: Found no more sample locations for OPIN in mult_36
Warning 23: Found no more sample locations for SOURCE in memory
Warning 24: Found no more sample locations for OPIN in memory
## Computing src/opin lookahead took 0.00 seconds (max_rss 456.4 MiB, delta_rss +0.0 MiB)
# Computing router lookahead map took 0.08 seconds (max_rss 456.4 MiB, delta_rss +0.0 MiB)
# Computing placement delta delay look-up
RR graph channel widths unchanged, skipping RR graph rebuild
Serial Connection Router is being destroyed. Time spent on path search: 0.000 seconds.
# Computing placement delta delay look-up took 0.00 seconds (max_rss 456.4 MiB, delta_rss +0.0 MiB)

Bounding box mode is Cube

# Compressed grid construction
# Compressed grid construction took 0.00 seconds (max_rss 456.4 MiB, delta_rss +0.0 MiB)
# Placement
## Initial Placement
Initial placement iteration 0 has finished successfully
## Initial Placement took 0.00 seconds (max_rss 456.4 MiB, delta_rss +0.0 MiB)
Using simple RL 'Softmax agent' for choosing move and block types

BB estimate of min-dist (placement) wire length: 71343

Completed placement consistency check successfully.
Initial placement cost: 1 bb_cost: 990.871 td_cost: 2.09089e-06
Initial placement estimated Critical Path Delay (CPD): 23.2928 ns
Initial placement estimated setup Total Negative Slack (sTNS): -19294.6 ns
Initial placement estimated setup Worst Negative Slack (sWNS): -23.2928 ns

Initial placement estimated setup slack histogram:
[ -2.3e-08: -2.1e-08)  28 (  1.5%) |**
[ -2.1e-08: -1.9e-08)  72 (  3.9%) |*****
[ -1.9e-08: -1.6e-08)  88 (  4.8%) |******
[ -1.6e-08: -1.4e-08)  72 (  3.9%) |*****
[ -1.4e-08: -1.2e-08) 658 ( 35.7%) |***********************************************
[ -1.2e-08: -9.7e-09) 116 (  6.3%) |********
[ -9.7e-09: -7.4e-09) 301 ( 16.3%) |**********************
[ -7.4e-09: -5.1e-09) 250 ( 13.6%) |******************
[ -5.1e-09: -2.8e-09) 106 (  5.8%) |********
[ -2.8e-09: -5.6e-10) 150 (  8.1%) |***********
Placement contains 0 placement macros involving 0 blocks (average macro size -nan)

Moves per temperature: 6001
Warning 25: Starting t: 439 of 1147 configurations accepted.

---- ------ ------- ------- ---------- ---------- ------- ---------- -------- ------- ------- ------ -------- --------- ------
Tnum   Time       T Av Cost Av BB Cost Av TD Cost     CPD       sTNS     sWNS Ac Rate Std Dev  R lim Crit Exp Tot Moves  Alpha
      (sec)                                          (ns)       (ns)     (ns)                                                 
---- ------ ------- ------- ---------- ---------- ------- ---------- -------- ------- ------- ------ -------- --------- ------
   1    0.0 4.9e-04   0.957     848.72 1.7251e-06  22.557  -1.76e+04  -22.557   0.750  0.0269   26.0     1.00      6001  1.000
   2    0.0 4.7e-04   0.960     811.02 1.7998e-06  19.431  -1.71e+04  -19.431   0.733  0.0195   26.0     1.00     12002  0.950
   3    0.0 4.4e-04   0.982     777.95 1.7012e-06  19.279  -1.65e+04  -19.279   0.718  0.0126   26.0     1.00     18003  0.950
   4    0.0 4.2e-04   0.981     753.69 1.6036e-06  19.640  -1.63e+04  -19.640   0.691  0.0066   26.0     1.00     24004  0.950
   5    0.0 4.0e-04   0.980     736.95 1.5649e-06  19.570  -1.65e+04  -19.570   0.688  0.0082   26.0     1.00     30005  0.950
   6    0.0 3.8e-04   0.985     720.92 1.6174e-06  18.135  -1.51e+04  -18.135   0.673  0.0104   26.0     1.00     36006  0.950
   7    0.0 3.6e-04   0.984     695.91 1.5475e-06  18.404  -1.54e+04  -18.404   0.648  0.0081   26.0     1.00     42007  0.950
   8    0.0 3.4e-04   0.997     688.24 1.5667e-06  17.919   -1.5e+04  -17.919   0.641  0.0025   26.0     1.00     48008  0.950
   9    0.0 3.3e-04   0.998     685.63 1.5644e-06  17.822  -1.56e+04  -17.822   0.628  0.0027   26.0     1.00     54009  0.950
  10    0.0 3.1e-04   0.986     675.37 1.4729e-06  18.947  -1.56e+04  -18.947   0.618  0.0036   26.0     1.00     60010  0.950
  11    0.0 2.9e-04   0.993     675.55 1.5289e-06  18.010  -1.53e+04  -18.010   0.612  0.0044   26.0     1.00     66011  0.950
  12    0.0 2.8e-04   0.984     664.33 1.5345e-06  17.314  -1.45e+04  -17.314   0.600  0.0075   26.0     1.00     72012  0.950
  13    0.0 2.7e-04   0.996     658.31 1.4798e-06  17.718  -1.46e+04  -17.718   0.576  0.0032   26.0     1.00     78013  0.950
  14    0.0 2.5e-04   0.990     651.32 1.4894e-06  17.518  -1.47e+04  -17.518   0.568  0.0047   26.0     1.00     84014  0.950
  15    0.0 2.4e-04   0.995     650.66 1.446e-06   17.870  -1.45e+04  -17.870   0.559  0.0043   26.0     1.00     90015  0.950
  16    0.0 2.3e-04   0.989     642.75 1.4162e-06  17.977  -1.44e+04  -17.977   0.519  0.0042   26.0     1.00     96016  0.950
  17    0.0 2.2e-04   0.993     640.48 1.4191e-06  17.878  -1.43e+04  -17.878   0.530  0.0029   26.0     1.00    102017  0.950
  18    0.0 2.1e-04   0.997     633.81 1.4158e-06  18.050  -1.46e+04  -18.050   0.533  0.0032   26.0     1.00    108018  0.950
  19    0.0 2.0e-04   0.988     623.58 1.3914e-06  18.163  -1.44e+04  -18.163   0.522  0.0036   26.0     1.00    114019  0.950
  20    0.0 1.9e-04   0.992     618.79 1.4187e-06  17.589  -1.41e+04  -17.589   0.498  0.0033   26.0     1.00    120020  0.950
  21    0.0 1.8e-04   0.995     616.13 1.3942e-06  17.964  -1.48e+04  -17.964   0.492  0.0019   26.0     1.00    126021  0.950
  22    0.0 1.7e-04   0.996     613.27 1.3608e-06  18.092  -1.46e+04  -18.092   0.473  0.0028   26.0     1.00    132022  0.950
  23    0.0 1.6e-04   0.992     606.10 1.3852e-06  17.750  -1.42e+04  -17.750   0.471  0.0026   26.0     1.00    138023  0.950
  24    0.0 1.5e-04   0.993     601.91 1.3381e-06  18.129  -1.39e+04  -18.129   0.438  0.0031   26.0     1.00    144024  0.950
  25    0.0 1.4e-04   0.998     600.04 1.343e-06   17.644  -1.39e+04  -17.644   0.442  0.0016   26.0     1.01    150025  0.950
  26    0.0 1.4e-04   0.992     595.38 1.3804e-06  17.320  -1.42e+04  -17.320   0.426  0.0039   26.0     1.00    156026  0.950
  27    0.0 1.3e-04   0.995     588.18 1.2387e-06  17.400  -1.39e+04  -17.400   0.418  0.0030   25.6     1.10    162027  0.950
  28    0.0 1.2e-04   0.997     583.38 1.078e-06   17.278  -1.42e+04  -17.278   0.409  0.0020   25.1     1.26    168028  0.950
  29    0.0 1.2e-04   0.994     580.53 8.7249e-07  17.621  -1.43e+04  -17.621   0.386  0.0020   24.3     1.48    174029  0.950
  30    0.0 1.1e-04   0.996     579.40 6.6682e-07  17.243  -1.41e+04  -17.243   0.393  0.0026   23.0     1.84    180030  0.950
  31    0.0 1.1e-04   0.997     575.96 5.6354e-07  16.753   -1.4e+04  -16.753   0.383  0.0019   21.9     2.14    186031  0.950
  32    0.0 1.0e-04   0.992     572.28 4.8598e-07  16.128   -1.4e+04  -16.128   0.368  0.0040   20.7     2.50    192032  0.950
  33    0.0 9.5e-05   0.995     564.32 3.7375e-07  16.215  -1.38e+04  -16.215   0.356  0.0019   19.2     2.91    198033  0.950
  34    0.0 9.0e-05   0.995     561.03 2.9706e-07  16.421  -1.41e+04  -16.421   0.350  0.0028   17.5     3.37    204034  0.950
  35    0.0 8.6e-05   0.995     556.98 2.3514e-07  16.453  -1.38e+04  -16.453   0.348  0.0030   16.0     3.81    210035  0.950
  36    0.0 8.2e-05   0.997     553.75 2.1709e-07  16.015   -1.4e+04  -16.015   0.333  0.0023   14.5     4.22    216036  0.950
  37    0.0 7.8e-05   0.998     552.53 1.7707e-07  16.116  -1.38e+04  -16.116   0.332  0.0010   13.0     4.65    222037  0.950
  38    0.0 7.4e-05   0.995     550.98 1.7064e-07  15.853  -1.39e+04  -15.853   0.341  0.0026   11.6     5.04    228038  0.950
  39    0.0 7.0e-05   0.998     549.03 1.5692e-07  15.780  -1.39e+04  -15.780   0.322  0.0010   10.4     5.36    234039  0.950
  40    0.0 6.7e-05   0.997     546.44 1.3989e-07  15.844  -1.38e+04  -15.844   0.314  0.0015    9.2     5.71    240040  0.950
  41    0.0 6.3e-05   0.998     546.00 1.3515e-07  15.639  -1.38e+04  -15.639   0.319  0.0011    8.0     6.03    246041  0.950
  42    0.0 6.0e-05   0.994     541.76 1.3166e-07  15.498  -1.39e+04  -15.498   0.310  0.0020    7.1     6.30    252042  0.950
  43    0.0 5.7e-05   0.998     540.46 1.2517e-07  15.467  -1.38e+04  -15.467   0.306  0.0011    6.1     6.56    258043  0.950
  44    0.0 5.4e-05   0.997     538.82 1.1174e-07  15.574  -1.36e+04  -15.574   0.301  0.0017    5.3     6.79    264044  0.950
  45    0.0 5.1e-05   0.997     536.05 1.0553e-07  15.603  -1.36e+04  -15.603   0.281  0.0018    4.6     7.00    270045  0.950
  46    0.0 4.9e-05   0.994     530.73 1.0248e-07  15.573  -1.36e+04  -15.573   0.380  0.0031    3.9     7.20    276046  0.950
  47    0.0 4.6e-05   0.998     524.87 1.0033e-07  15.630  -1.39e+04  -15.630   0.363  0.0010    3.6     7.27    282047  0.950
  48    0.0 4.4e-05   0.998     523.25 9.9808e-08  15.522  -1.38e+04  -15.522   0.357  0.0013    3.3     7.34    288048  0.950
  49    0.0 4.2e-05   0.999     520.88 9.7497e-08  15.472  -1.38e+04  -15.472   0.339  0.0011    3.1     7.42    294049  0.950
  50    0.0 4.0e-05   0.997     516.49 9.5751e-08  15.452  -1.38e+04  -15.452   0.374  0.0017    2.8     7.51    300050  0.950
  51    0.0 3.8e-05   0.999     514.22 9.4506e-08  15.452  -1.37e+04  -15.452   0.370  0.0006    2.6     7.56    306051  0.950
  52    0.0 3.6e-05   0.998     513.72 9.6771e-08  15.382  -1.37e+04  -15.382   0.354  0.0009    2.4     7.61    312052  0.950
  53    0.0 3.4e-05   0.999     513.19 9.4493e-08  15.362  -1.37e+04  -15.362   0.342  0.0007    2.2     7.67    318053  0.950
  54    0.0 3.2e-05   0.999     511.41 9.229e-08   15.362  -1.35e+04  -15.362   0.345  0.0007    2.0     7.73    324054  0.950
  55    0.0 3.1e-05   0.999     510.21 8.8747e-08  15.473  -1.34e+04  -15.473   0.343  0.0005    1.8     7.78    330055  0.950
  56    0.0 2.9e-05   0.998     509.24 8.8587e-08  15.431  -1.35e+04  -15.431   0.337  0.0009    1.6     7.83    336056  0.950
  57    0.0 2.8e-05   0.999     508.13 8.9471e-08  15.362  -1.35e+04  -15.362   0.337  0.0006    1.4     7.88    342057  0.950
  58    0.0 2.6e-05   0.999     507.47 8.9801e-08  15.362  -1.37e+04  -15.362   0.320  0.0005    1.3     7.92    348058  0.950
  59    0.0 2.5e-05   0.999     506.02 8.8804e-08  15.362  -1.36e+04  -15.362   0.318  0.0006    1.1     7.96    354059  0.950
  60    0.0 2.4e-05   0.999     504.89 8.8592e-08  15.362  -1.36e+04  -15.362   0.317  0.0004    1.0     8.00    360060  0.950
  61    0.0 2.3e-05   1.000     503.82 8.8759e-08  15.362  -1.37e+04  -15.362   0.304  0.0002    1.0     8.00    366061  0.950
  62    0.0 2.2e-05   1.000     503.57 8.8665e-08  15.362  -1.37e+04  -15.362   0.303  0.0002    1.0     8.00    372062  0.950
  63    0.0 2.0e-05   1.000     503.08 8.8536e-08  15.362  -1.37e+04  -15.362   0.297  0.0003    1.0     8.00    378063  0.950
  64    0.0 1.9e-05   0.999     502.28 8.8306e-08  15.362  -1.36e+04  -15.362   0.290  0.0004    1.0     8.00    384064  0.950
  65    0.0 1.8e-05   1.000     501.55 8.8054e-08  15.362  -1.36e+04  -15.362   0.288  0.0003    1.0     8.00    390065  0.950
  66    0.0 1.8e-05   1.000     500.82 8.835e-08   15.362  -1.35e+04  -15.362   0.277  0.0002    1.0     8.00    396066  0.950
  67    0.0 1.7e-05   1.000     500.40 8.8151e-08  15.362  -1.35e+04  -15.362   0.279  0.0002    1.0     8.00    402067  0.950
  68    0.0 1.6e-05   1.000     500.35 8.8208e-08  15.362  -1.35e+04  -15.362   0.269  0.0001    1.0     8.00    408068  0.950
  69    0.0 1.5e-05   1.000     500.06 8.8128e-08  15.362  -1.35e+04  -15.362   0.270  0.0002    1.0     8.00    414069  0.950
  70    0.0 1.4e-05   1.000     499.63 8.828e-08   15.362  -1.35e+04  -15.362   0.260  0.0001    1.0     8.00    420070  0.950
  71    0.0 1.4e-05   1.000     499.33 8.8199e-08  15.362  -1.35e+04  -15.362   0.263  0.0001    1.0     8.00    426071  0.950
  72    0.0 1.3e-05   1.000     498.89 8.8131e-08  15.362  -1.35e+04  -15.362   0.257  0.0001    1.0     8.00    432072  0.950
  73    0.0 1.2e-05   1.000     498.55 8.8008e-08  15.362  -1.35e+04  -15.362   0.250  0.0001    1.0     8.00    438073  0.950
  74    0.0 1.2e-05   1.000     498.43 8.8055e-08  15.362  -1.35e+04  -15.362   0.239  0.0001    1.0     8.00    444074  0.950
  75    0.0 1.1e-05   1.000     498.29 8.7763e-08  15.362  -1.35e+04  -15.362   0.253  0.0002    1.0     8.00    450075  0.950
  76    0.0 1.0e-05   1.000     497.88 8.778e-08   15.362  -1.35e+04  -15.362   0.242  0.0001    1.0     8.00    456076  0.950
  77    0.0 1.0e-05   1.000     497.81 8.7835e-08  15.362  -1.35e+04  -15.362   0.232  0.0001    1.0     8.00    462077  0.950
  78    0.0 9.5e-06   1.000     497.44 8.7738e-08  15.362  -1.35e+04  -15.362   0.233  0.0001    1.0     8.00    468078  0.950
  79    0.0 9.0e-06   1.000     497.27 8.7852e-08  15.362  -1.35e+04  -15.362   0.230  0.0001    1.0     8.00    474079  0.950
  80    0.0 8.5e-06   1.000     497.34 8.7926e-08  15.362  -1.35e+04  -15.362   0.228  0.0001    1.0     8.00    480080  0.950
  81    0.0 8.1e-06   1.000     497.19 8.7721e-08  15.362  -1.35e+04  -15.362   0.225  0.0001    1.0     8.00    486081  0.950
  82    0.0 7.7e-06   1.000     496.99 8.8021e-08  15.362  -1.35e+04  -15.362   0.214  0.0001    1.0     8.00    492082  0.950
  83    0.0 7.3e-06   1.000     496.96 8.804e-08   15.362  -1.35e+04  -15.362   0.211  0.0001    1.0     8.00    498083  0.950
  84    0.0 7.0e-06   1.000     496.83 8.8097e-08  15.362  -1.35e+04  -15.362   0.218  0.0001    1.0     8.00    504084  0.950
  85    0.0 6.6e-06   1.000     496.53 8.8103e-08  15.362  -1.35e+04  -15.362   0.206  0.0000    1.0     8.00    510085  0.950
  86    0.0 6.3e-06   1.000     496.39 8.8109e-08  15.362  -1.35e+04  -15.362   0.212  0.0001    1.0     8.00    516086  0.950
  87    0.0 6.0e-06   1.000     496.18 8.8059e-08  15.362  -1.35e+04  -15.362   0.200  0.0001    1.0     8.00    522087  0.950
  88    0.0 5.7e-06   1.000     496.13 8.803e-08   15.362  -1.35e+04  -15.362   0.202  0.0001    1.0     8.00    528088  0.950
  89    0.0 5.4e-06   1.000     495.89 8.807e-08   15.362  -1.35e+04  -15.362   0.201  0.0001    1.0     8.00    534089  0.950
  90    0.0 5.1e-06   1.000     495.69 8.8028e-08  15.362  -1.35e+04  -15.362   0.199  0.0001    1.0     8.00    540090  0.950
  91    0.0 4.9e-06   1.000     495.58 8.8145e-08  15.362  -1.35e+04  -15.362   0.202  0.0000    1.0     8.00    546091  0.950
  92    0.0 4.6e-06   1.000     495.54 8.8038e-08  15.362  -1.35e+04  -15.362   0.201  0.0000    1.0     8.00    552092  0.950
  93    0.0 4.4e-06   1.000     495.44 8.8038e-08  15.362  -1.35e+04  -15.362   0.194  0.0001    1.0     8.00    558093  0.950
  94    0.0 4.2e-06   1.000     495.44 8.8024e-08  15.362  -1.35e+04  -15.362   0.192  0.0000    1.0     8.00    564094  0.950
  95    0.0 4.0e-06   1.000     495.40 8.8027e-08  15.362  -1.35e+04  -15.362   0.188  0.0000    1.0     8.00    570095  0.950
  96    0.0 3.8e-06   1.000     495.36 8.8076e-08  15.362  -1.35e+04  -15.362   0.192  0.0000    1.0     8.00    576096  0.950
  97    0.0 3.6e-06   1.000     495.40 8.8061e-08  15.362  -1.35e+04  -15.362   0.190  0.0000    1.0     8.00    582097  0.950
  98    0.0 3.4e-06   1.000     495.44 8.8059e-08  15.362  -1.35e+04  -15.362   0.187  0.0000    1.0     8.00    588098  0.950
  99    0.0 3.2e-06   1.000     495.40 8.7978e-08  15.362  -1.35e+04  -15.362   0.175  0.0000    1.0     8.00    594099  0.950
 100    0.0 3.1e-06   1.000     495.31 8.8062e-08  15.362  -1.35e+04  -15.362   0.175  0.0000    1.0     8.00    600100  0.950
 101    0.0 2.9e-06   1.000     495.30 8.801e-08   15.362  -1.35e+04  -15.362   0.178  0.0000    1.0     8.00    606101  0.950
 102    0.0 2.8e-06   1.000     495.22 8.8008e-08  15.362  -1.35e+04  -15.362   0.181  0.0000    1.0     8.00    612102  0.950
 103    0.0 2.6e-06   1.000     495.18 8.8002e-08  15.362  -1.35e+04  -15.362   0.181  0.0000    1.0     8.00    618103  0.950
 104    0.0 2.5e-06   1.000     495.17 8.807e-08   15.362  -1.35e+04  -15.362   0.185  0.0000    1.0     8.00    624104  0.950
 105    0.0 2.4e-06   1.000     495.14 8.8067e-08  15.362  -1.35e+04  -15.362   0.175  0.0000    1.0     8.00    630105  0.950
 106    0.0 2.3e-06   1.000     495.11 8.8062e-08  15.362  -1.35e+04  -15.362   0.155  0.0000    1.0     8.00    636106  0.950
 107    0.0 2.1e-06   1.000     495.09 8.8066e-08  15.362  -1.35e+04  -15.362   0.174  0.0000    1.0     8.00    642107  0.950
 108    0.0 0.0e+00   1.000     495.12 8.8054e-08  15.362  -1.35e+04  -15.362   0.053  0.0000    1.0     8.00    648108  0.950
## Placement Quench took 0.02 seconds (max_rss 456.4 MiB)
post-quench CPD = 15.3616 (ns) 

BB estimate of min-dist (placement) wire length: 35647

Completed placement consistency check successfully.

Swaps called: 649255

Aborted Move Reasons:
  No moves aborted

Placement estimated critical path delay (least slack): 15.3616 ns, Fmax: 65.0973 MHz
Placement estimated setup Worst Negative Slack (sWNS): -15.3616 ns
Placement estimated setup Total Negative Slack (sTNS): -13459.5 ns

Placement estimated setup slack histogram:
[ -1.5e-08: -1.4e-08)  34 (  1.8%) |***
[ -1.4e-08: -1.2e-08) 126 (  6.8%) |************
[ -1.2e-08: -1.1e-08)  38 (  2.1%) |****
[ -1.1e-08: -9.4e-09) 241 ( 13.1%) |***********************
[ -9.4e-09: -7.9e-09) 483 ( 26.2%) |***********************************************
[ -7.9e-09: -6.4e-09) 151 (  8.2%) |***************
[ -6.4e-09:   -5e-09) 228 ( 12.4%) |**********************
[   -5e-09: -3.5e-09) 297 ( 16.1%) |*****************************
[ -3.5e-09:   -2e-09)  90 (  4.9%) |*********
[   -2e-09:   -5e-10) 153 (  8.3%) |***************

Placement estimated geomean non-virtual intra-domain period: 15.3616 ns (65.0973 MHz)
Placement estimated fanout-weighted geomean non-virtual intra-domain period: 15.3616 ns (65.0973 MHz)

Placement cost: 0.999922, bb_cost: 495.097, td_cost: 8.79967e-08, 

Placement resource usage:
  io      implemented as io     : 779
  clb     implemented as clb    : 365
  mult_36 implemented as mult_36: 1
  memory  implemented as memory : 2

Placement number of temperatures: 108
Placement total # of swap attempts: 649255
	Swaps accepted: 224545 (34.6 %)
	Swaps rejected: 396539 (61.1 %)
	Swaps aborted:  28171 ( 4.3 %)


Placement perturbation distribution by block and move type: 
------------------ ----------------- ---------------- ---------------- --------------- ------------ 
    Block Type         Move Type       (%) of Total      Accepted(%)     Rejected(%)    Aborted(%)
------------------ ----------------- ---------------- ---------------- --------------- ------------ 
io                 Uniform                17.02            44.96           55.04          0.00         
                   Median                 16.85            45.35           44.11          10.53        
                   Centroid               16.87            47.35           46.25          6.39         
                   W. Centroid            16.90            47.02           46.35          6.63         
                   W. Median              0.09             11.19           73.56          15.25        

clb                Uniform                7.91             6.22            93.78          0.00         
                   Median                 7.99             11.28           84.33          4.39         
                   Centroid               7.93             12.05           87.95          0.00         
                   W. Centroid            7.89             12.63           87.37          0.00         
                   W. Median              0.04             0.00            97.11          2.89         
                   Crit. Uniform          0.13             0.00            100.00         0.00         
                   Feasible Region        0.13             0.00            100.00         0.00         

mult_36            Uniform                0.02             0.72            99.28          0.00         
                   Median                 0.02             0.00            100.00         0.00         
                   Centroid               0.02             0.69            99.31          0.00         
                   W. Centroid            0.02             1.47            98.53          0.00         
                   W. Median              0.00             0.00            100.00         0.00         

memory             Uniform                0.04             1.38            98.62          0.00         
                   Median                 0.04             1.83            98.17          0.00         
                   Centroid               0.04             0.00            100.00         0.00         
                   W. Centroid            0.04             0.73            99.27          0.00         
                   W. Median              0.00             0.00            100.00         0.00         


Placement Quench timing analysis took 0.00394305 seconds (0.00359658 STA, 0.000346468 slack) (1 full updates: 1 setup, 0 hold, 0 combined).
Placement Total  timing analysis took 0.471885 seconds (0.429525 STA, 0.0423603 slack) (110 full updates: 110 setup, 0 hold, 0 combined).
update_td_costs: connections 0 nets 0 sum_nets 0 total 0
# Placement took 2.08 seconds (max_rss 456.4 MiB, delta_rss +0.0 MiB)

# Routing
RR graph channel widths unchanged, skipping RR graph rebuild
## Initializing router criticalities
Initial Net Connection Criticality Histogram:
[        0:      0.1) 1103 ( 12.8%) |***********************************
[      0.1:      0.2) 1455 ( 16.9%) |**********************************************
[      0.2:      0.3) 1304 ( 15.1%) |*****************************************
[      0.3:      0.4) 1428 ( 16.6%) |*********************************************
[      0.4:      0.5) 1373 ( 15.9%) |*******************************************
[      0.5:      0.6)  844 (  9.8%) |***************************
[      0.6:      0.7)  455 (  5.3%) |**************
[      0.7:      0.8)  196 (  2.3%) |******
[      0.8:      0.9)  301 (  3.5%) |**********
[      0.9:        1)  163 (  1.9%) |*****
## Initializing router criticalities took 0.04 seconds (max_rss 456.4 MiB, delta_rss +0.0 MiB)
---- ------ ------- ---- ------- ------- ------- ----------------- --------------- -------- ---------- ---------- ---------- ---------- --------
Iter   Time    pres  BBs    Heap  Re-Rtd  Re-Rtd Overused RR Nodes      Wirelength      CPD       sTNS       sWNS       hTNS       hWNS Est Succ
      (sec)     fac Updt    push    Nets   Conns                                       (ns)       (ns)       (ns)       (ns)       (ns)     Iter
---- ------ ------- ---- ------- ------- ------- ----------------- --------------- -------- ---------- ---------- ---------- ---------- --------
   1    0.1     0.0    0  423362    2351    8302    5145 ( 7.830%)   43663 (46.6%)   15.507 -1.424e+04    -15.507      0.000      0.000      N/A
Incr Slack updates 110 in 0.0144543 sec
Full Max Req/Worst Slack updates 38 in 0.000723368 sec
Incr Max Req/Worst Slack updates 72 in 0.00183215 sec
Incr Criticality updates 54 in 0.0102125 sec
Full Criticality updates 56 in 0.0120639 sec
   2    0.0     0.5    0  432354    2191    7767    3438 ( 5.232%)   43710 (46.7%)   15.513 -1.471e+04    -15.513      0.000      0.000      N/A
   3    0.1     0.6    0  431672    1873    7112    3490 ( 5.312%)   44367 (47.4%)   15.516 -1.473e+04    -15.516      0.000      0.000      N/A
   4    0.1     0.8    0  491419    1834    6894    3083 ( 4.692%)   45081 (48.2%)   15.524 -1.506e+04    -15.524      0.000      0.000      N/A
   5    0.1     1.1    0  503772    1728    6271    2285 ( 3.478%)   45623 (48.7%)   15.524 -1.509e+04    -15.524      0.000      0.000      N/A
   6    0.0     1.4    0  493787    1485    5676    1743 ( 2.653%)   46524 (49.7%)   15.528 -1.414e+04    -15.528      0.000      0.000      N/A
   7    0.0     1.9    0  427346    1292    4760    1263 ( 1.922%)   47196 (50.4%)   15.537 -1.418e+04    -15.537      0.000      0.000      N/A
   8    0.0     2.4    0  381329    1063    4089     863 ( 1.313%)   47985 (51.3%)   15.542 -1.426e+04    -15.542      0.000      0.000      N/A
   9    0.0     3.1    0  291105     836    3139     560 ( 0.852%)   48697 (52.0%)   15.540 -1.429e+04    -15.540      0.000      0.000      N/A
  10    0.0     4.1    0  230061     606    2291     400 ( 0.609%)   49557 (52.9%)   15.540 -1.430e+04    -15.540      0.000      0.000       27
  11    0.0     5.3    0  192578     481    1792     277 ( 0.422%)   50289 (53.7%)   15.536 -1.440e+04    -15.536      0.000      0.000       26
  12    0.0     6.9    0  134747     359    1268     185 ( 0.282%)   50927 (54.4%)   15.536 -1.454e+04    -15.536      0.000      0.000       26
  13    0.0     9.0    0  112096     243     864     124 ( 0.189%)   51357 (54.9%)   15.536 -1.457e+04    -15.536      0.000      0.000       26
  14    0.0    11.6    0  123246     179     752      97 ( 0.148%)   51962 (55.5%)   15.544 -1.463e+04    -15.544      0.000      0.000       26
  15    0.0    15.1    0   82394     121     533      65 ( 0.099%)   52284 (55.9%)   15.401 -1.463e+04    -15.401      0.000      0.000       26
  16    0.0    19.7    0   72246      94     435      43 ( 0.065%)   52804 (56.4%)   15.675 -1.464e+04    -15.675      0.000      0.000       26
  17    0.0    25.6    0   40081      75     242      25 ( 0.038%)   53073 (56.7%)   15.675 -1.473e+04    -15.675      0.000      0.000       26
  18    0.0    33.3    0   29020      63     203      20 ( 0.030%)   53186 (56.8%)   15.680 -1.474e+04    -15.680      0.000      0.000       26
  19    0.0    43.3    0   32657      54     171      16 ( 0.024%)   53268 (56.9%)   15.680 -1.476e+04    -15.680      0.000      0.000       26
  20    0.0    56.2    0   15175      48     116      15 ( 0.023%)   53286 (56.9%)   15.680 -1.474e+04    -15.680      0.000      0.000       26
  21    0.0    73.1    0   32562      56     195      13 ( 0.020%)   53485 (57.1%)   15.677 -1.475e+04    -15.677      0.000      0.000       27
  22    0.0    95.0    0   20579      48     123      12 ( 0.018%)   53519 (57.2%)   15.677 -1.473e+04    -15.677      0.000      0.000       28
  23    0.0   123.5    0   14898      43     113       8 ( 0.012%)   53598 (57.3%)   15.677 -1.474e+04    -15.677      0.000      0.000       29
  24    0.0   160.6    0   17556      43     136       6 ( 0.009%)   53733 (57.4%)   15.677 -1.500e+04    -15.677      0.000      0.000       30
  25    0.0   208.8    0   14744      40     119       5 ( 0.008%)   53792 (57.5%)   15.677 -1.486e+04    -15.677      0.000      0.000       31
  26    0.0   271.4    0   14308      39     127       2 ( 0.003%)   53802 (57.5%)   15.677 -1.482e+04    -15.677      0.000      0.000       31
  27    0.0   352.8    0   11509      32     100       0 ( 0.000%)   53858 (57.5%)   16.946 -1.482e+04    -16.946      0.000      0.000       30
Restoring best routing
Critical path: 16.9464 ns
Successfully routed after 27 routing iterations.
Final Net Connection Criticality Histogram:
[        0:      0.1) 1058 ( 12.3%) |*********************************
[      0.1:      0.2) 1439 ( 16.7%) |*********************************************
[      0.2:      0.3) 1230 ( 14.3%) |***************************************
[      0.3:      0.4) 1460 ( 16.9%) |**********************************************
[      0.4:      0.5) 1384 ( 16.1%) |********************************************
[      0.5:      0.6)  946 ( 11.0%) |******************************
[      0.6:      0.7)  515 (  6.0%) |****************
[      0.7:      0.8)  208 (  2.4%) |*******
[      0.8:      0.9)  312 (  3.6%) |**********
[      0.9:        1)   70 (  0.8%) |**
Router Stats: total_nets_routed: 17277 total_connections_routed: 63590 total_heap_pushes: 5066603 total_heap_pops: 893239 
Serial Connection Router is being destroyed. Time spent on path search: 0.269 seconds.
# Routing took 0.78 seconds (max_rss 456.4 MiB, delta_rss +0.0 MiB)

Checking to ensure routing is legal...
# Checking to ensure non-configurable edges are legal
# Checking to ensure non-configurable edges are legal took 0.00 seconds (max_rss 456.4 MiB, delta_rss +0.0 MiB)
Completed routing consistency check successfully.

Serial number (magic cookie) for the routing is: -900304958
Circuit successfully routed with a channel width factor of 72.
# Synchronize the packed netlist to routing optimization
## Annotating rr_node with routed nets
## Annotating rr_node with routed nets took 0.00 seconds (max_rss 456.4 MiB, delta_rss +0.0 MiB)
Found 10358 mismatches between routing and packing results.
Fixed 7556 routing traces due to mismatch between routing and packing results.
# Synchronize the packed netlist to routing optimization took 0.04 seconds (max_rss 456.4 MiB, delta_rss +0.0 MiB)
Final Clustering Statistics: 
----------   --------   ------------------------------------   --------------------------
Block Type   # Blocks   Avg. # of input clocks and pins used   Avg. # of output pins used
----------   --------   ------------------------------------   --------------------------
     EMPTY          0                                      0                            0   
        io        779                               0.505777                     0.494223   
       clb        365                                21.9452                      5.07397   
   mult_36          1                                     64                           64   
    memory          2                                     77                           32   
Absorbed logical nets 1893 out of 4258 nets, 2365 nets not absorbed.


Average number of bends per net: 2.52276  Maximum # of bends: 32

Number of global nets: 14
Number of routed nets (nonglobal): 2351
Wire length results (in units of 1 clb segments)...
	Total wirelength: 53858, average net length: 22.9086
	Maximum net length: 431

Wire length results in terms of physical segments...
	Total wiring segments used: 13835, average wire segments per net: 5.88473
	Maximum segments used by a net: 109
	Total local nets with reserved CLB opins: 0
Total number of nets absorbed: 0

Routing channel utilization histogram:
[        1:      inf)   0 (  0.0%) |
[      0.9:        1)  76 (  5.6%) |**********
[      0.8:      0.9) 260 ( 19.2%) |*********************************
[      0.7:      0.8) 366 ( 27.1%) |***********************************************
[      0.5:      0.6) 140 ( 10.4%) |******************
[      0.4:      0.5) 122 (  9.0%) |****************
[      0.3:      0.4) 102 (  7.5%) |*************
[      0.2:      0.3)  94 (  7.0%) |************
[      0.1:      0.2)  88 (  6.5%) |***********
[        0:      0.1) 104 (  7.7%) |*************
Maximum routing channel utilization:      0.99 at (12,12)

X - Directed channels:   j max occ ave occ capacity
                      ---- ------- ------- --------
                         0      48  32.074       72
                         1      28  12.185       72
                         2      43  20.815       72
                         3      48  26.148       72
                         4      50  31.926       72
                         5      58  37.444       72
                         6      59  38.963       72
                         7      63  42.593       72
                         8      68  46.185       72
                         9      66  47.852       72
                        10      66  48.333       72
                        11      65  46.667       72
                        12      71  48.407       72
                        13      64  47.815       72
                        14      67  46.148       72
                        15      67  45.704       72
                        16      63  44.852       72
                        17      68  46.185       72
                        18      65  44.074       72
                        19      66  44.519       72
                        20      65  39.111       72
                        21      63  39.815       72
                        22      56  34.407       72
                        23      59  32.296       72
                        24      55  29.778       72
                        25      50  35.148       72
Y - Directed channels:   i max occ ave occ capacity
                      ---- ------- ------- --------
                         0      44  30.519       72
                         1      31  12.889       72
                         2      46  21.889       72
                         3      60  32.630       72
                         4      61  37.889       72
                         5      62  39.222       72
                         6      65  39.889       72
                         7      63  45.259       72
                         8      67  46.444       72
                         9      67  45.185       72
                        10      65  45.185       72
                        11      67  50.704       72
                        12      66  48.778       72
                        13      63  44.926       72
                        14      61  45.074       72
                        15      66  48.519       72
                        16      61  48.296       72
                        17      57  41.963       72
                        18      60  42.444       72
                        19      58  43.741       72
                        20      55  41.963       72
                        21      56  34.556       72
                        22      46  29.481       72
                        23      41  24.778       72
                        24      25  12.778       72
                        25      45  30.296       72

Total tracks in x-direction: 1872, in y-direction: 1872

Logic area (in minimum width transistor areas, excludes I/Os and empty grid tiles)...
	Total logic block area (Warning, need to add pitch of routing to blocks with height > 3): 3.93038e+07
	Total used logic block area: 2.11633e+07

Routing area (in minimum width transistor areas)...
	Total routing area: 3.28246e+06, per logic tile: 4502.69

Total Number of Wiring Segments by Direction: direction length number
                                              --------- ------ -------
                                                      X      4  13104
                                                      Y      4  13104

X - Directed Wiring Segment usage by length: length utilization
                                             ------ -----------
                                             4       0.532

Y - Directed Wiring Segment usage by length: length utilization
                                             ------ -----------
                                             4       0.523

Segment occupancy by length: Length utilization
                             ------ -----------
                             L4           0.528

Segment occupancy by type:              name type utilization
                           ----------------- ---- -----------
                           unnamed_segment_0    0       0.528

Final hold Worst Negative Slack (hWNS): 0 ns
Final hold Total Negative Slack (hTNS): 0 ns

Final hold slack histogram:
[  2.3e-10:  4.8e-10) 693 ( 37.6%) |***********************************************
[  4.8e-10:  7.4e-10) 417 ( 22.7%) |****************************
[  7.4e-10:    1e-09) 274 ( 14.9%) |*******************
[    1e-09:  1.3e-09) 119 (  6.5%) |********
[  1.3e-09:  1.5e-09) 165 (  9.0%) |***********
[  1.5e-09:  1.8e-09) 103 (  5.6%) |*******
[  1.8e-09:    2e-09)  51 (  2.8%) |***
[    2e-09:  2.3e-09)   9 (  0.5%) |*
[  2.3e-09:  2.5e-09)   4 (  0.2%) |
[  2.5e-09:  2.8e-09)   6 (  0.3%) |

Final critical path delay (least slack): 16.9464 ns, Fmax: 59.0096 MHz
Final setup Worst Negative Slack (sWNS): -16.9464 ns
Final setup Total Negative Slack (sTNS): -14823.2 ns

Final setup slack histogram:
[ -1.7e-08: -1.5e-08)   4 (  0.2%) |
[ -1.5e-08: -1.4e-08) 112 (  6.1%) |*********
[ -1.4e-08: -1.2e-08)  64 (  3.5%) |*****
[ -1.2e-08:   -1e-08) 153 (  8.3%) |************
[   -1e-08: -8.7e-09) 592 ( 32.2%) |***********************************************
[ -8.7e-09: -7.1e-09) 150 (  8.1%) |************
[ -7.1e-09: -5.5e-09) 377 ( 20.5%) |******************************
[ -5.5e-09: -3.8e-09) 173 (  9.4%) |**************
[ -3.8e-09: -2.2e-09)  84 (  4.6%) |*******
[ -2.2e-09: -5.4e-10) 132 (  7.2%) |**********

Final geomean non-virtual intra-domain period: 16.9464 ns (59.0096 MHz)
Final fanout-weighted geomean non-virtual intra-domain period: 16.9464 ns (59.0096 MHz)

Incr Slack updates 1 in 0.000166653 sec
Full Max Req/Worst Slack updates 1 in 2.0409e-05 sec
Incr Max Req/Worst Slack updates 0 in 0 sec
Incr Criticality updates 0 in 0 sec
Full Criticality updates 1 in 0.000208106 sec
Flow timing analysis took 0.790624 seconds (0.727464 STA, 0.0631596 slack) (140 full updates: 111 setup, 0 hold, 29 combined).
VPR succeeded
The entire flow of VPR took 4.35 seconds (max_rss 456.4 MiB)
Incr Slack updates 28 in 0.00405872 sec
Full Max Req/Worst Slack updates 6 in 0.000114515 sec
Incr Max Req/Worst Slack updates 22 in 0.000602076 sec
Incr Criticality updates 12 in 0.00206824 sec
Full Criticality updates 16 in 0.00390432 sec

=== STDERR ===

=== RETURN CODE: 0 ===
