=== STDOUT ===
VPR FPGA Placement and Routing.
Version: 9.0.0-dev+v8.0.0-11943-g8cb20aa52-dirty
Revision: v8.0.0-11943-g8cb20aa52-dirty
Compiled: 2025-11-07T02:08:24
Compiler: GNU 13.3.0 on Linux-6.6.87.2-microsoft-standard-WSL2 x86_64
Build Info: release IPO VTR_ASSERT_LEVEL=2

University of Toronto
verilogtorouting.org
vtr-users@googlegroups.com
This is free open source code under MIT license.

VPR was run with the following command-line:
./vtr-verilog-to-routing/vpr/vpr k6_N10_mem32K_40nm.xml raygentop.blif --route_chan_width 48 --seed 100


Architecture file: k6_N10_mem32K_40nm.xml
Circuit name: raygentop

# Loading Architecture Description
# Loading Architecture Description took 0.00 seconds (max_rss 456.4 MiB, delta_rss +0.0 MiB)

Timing analysis: ON
Circuit netlist file: raygentop.net
Circuit placement file: raygentop.place
Circuit routing file: raygentop.route
Circuit SDC file: raygentop.sdc
Vpr floorplanning constraints file: not specified

Packer: ENABLED
Placer: ENABLED
Analytical Placer: DISABLED
Router: ENABLED
Analysis: ENABLED

VPR was run with the following options:

NetlistOpts.absorb_buffer_luts            : true
NetlistOpts.sweep_dangling_primary_ios    : true
NetlistOpts.sweep_dangling_nets           : true
NetlistOpts.sweep_dangling_blocks         : true
NetlistOpts.sweep_constant_primary_outputs: false
NetlistOpts.netlist_verbosity             : 1
NetlistOpts.const_gen_inference           : COMB_SEQ

PackerOpts.allow_unrelated_clustering: auto
PackerOpts.alpha_clustering: 0.750000
PackerOpts.beta_clustering: 0.900000
PackerOpts.cluster_seed_type: BLEND2
PackerOpts.connection_driven: true
PackerOpts.global_clocks: true
PackerOpts.inter_cluster_net_delay: 1.000000
PackerOpts.timing_driven: true
PackerOpts.target_external_pin_util: auto

PlacerOpts.place_freq: PLACE_ONCE
PlacerOpts.place_algorithm: CRITICALITY_TIMING_PLACE
PlacerOpts.pad_loc_type: FREE
PlacerOpts.constraints_file: No constraints file given
PlacerOpts.place_chan_width: 48
PlacerOpts.inner_loop_recompute_divider: 0
PlacerOpts.recompute_crit_iter: 1
PlacerOpts.timing_tradeoff: 0.500000
PlacerOpts.td_place_exp_first: 1.000000
PlacerOpts.td_place_exp_last: 8.000000
PlacerOpts.delay_offset: 0.000000
PlacerOpts.delay_ramp_delta_threshold: -1
PlacerOpts.delay_ramp_slope: 0.000000
PlacerOpts.tsu_rel_margin: 1.000000
PlacerOpts.tsu_abs_margin: 0.000000
PlacerOpts.post_place_timing_report_file: 
PlacerOpts.allowed_tiles_for_delay_model: 
PlacerOpts.delay_model_reducer: MIN
PlacerOpts.delay_model_type: SIMPLE
PlacerOpts.rlim_escape_fraction: 0.000000
PlacerOpts.move_stats_file: 
PlacerOpts.placement_saves_per_temperature: 0
PlacerOpts.effort_scaling: CIRCUIT
PlacerOpts.place_delta_delay_matrix_calculation_method: ASTAR_ROUTE
PlaceOpts.seed: 100
AnnealSched.type: AUTO_SCHED
AnnealSched.inner_num: 0.500000

RouterOpts.route_type: DETAILED
RouterOpts.flat_routing: false
RouterOpts.choke_points: on
RouterOpts.router_algorithm: TIMING_DRIVEN
RouterOpts.base_cost_type: DELAY_NORMALIZED_LENGTH
RouterOpts.fixed_channel_width: 48
RouterOpts.check_route: FULL
RouterOpts.acc_fac: 1.000000
RouterOpts.bb_factor: 3
RouterOpts.bend_cost: 0.000000
RouterOpts.first_iter_pres_fac: 0.000000
RouterOpts.initial_pres_fac: 0.500000
RouterOpts.pres_fac_mult: 1.300000
RouterOpts.max_pres_fac: 1000.000000
RouterOpts.max_router_iterations: 50
RouterOpts.min_incremental_reroute_fanout: 16
RouterOpts.do_check_rr_graph: true
RouterOpts.verify_binary_search: false
RouterOpts.min_channel_width_hint: 0
RouterOpts.read_rr_edge_metadata: false
RouterOpts.exit_after_first_routing_iteration: false
RouterOpts.astar_fac: 1.200000
RouterOpts.astar_offset: 0.000000
RouterOpts.router_profiler_astar_fac: 1.200000
RouterOpts.criticality_exp: 1.000000
RouterOpts.max_criticality: 0.990000
RouterOpts.init_wirelength_abort_threshold: 0.850000
RouterOpts.incr_reroute_delay_ripup: AUTO
RouterOpts.save_routing_per_iteration: false
RouterOpts.congested_routing_iteration_threshold_frac: 1.000000
RouterOpts.high_fanout_threshold: 64
RouterOpts.router_debug_net: -2
RouterOpts.router_debug_sink_rr: -2
RouterOpts.router_debug_iteration: -2
RouterOpts.max_convergence_count: 1
RouterOpts.reconvergence_cpd_threshold: 0.990000
RouterOpts.update_lower_bound_delays: true
RouterOpts.first_iteration_timing_report_file: 
RouterOpts.route_bb_update: DYNAMIC
RouterOpts.lookahead_type: MAP
RouterOpts.initial_timing: LOOKAHEAD
RouterOpts.router_heap: FOUR_ARY_HEAP
RouterOpts.routing_failure_predictor = SAFE
RouterOpts.routing_budgets_algorithm = DISABLE

AnalysisOpts.gen_post_synthesis_netlist: false
AnalysisOpts.timing_report_npaths: 100
AnalysisOpts.timing_report_skew: false
AnalysisOpts.echo_dot_timing_graph_node: -1
AnalysisOpts.timing_report_detail: NETLIST
AnalysisOpts.post_synth_netlist_unconn_input_handling: UNCONNECTED
AnalysisOpts.post_synth_netlist_unconn_output_handling: UNCONNECTED

# Building complex block graph
Warning 1: io[0].clock[0] unconnected pin in architecture.
# Building complex block graph took 0.01 seconds (max_rss 456.4 MiB, delta_rss +0.0 MiB)
Circuit file: raygentop.blif
# Load circuit
Found constant-one generator 'top^raygroup10~1'
Found constant-zero generator 'top^tm3_sram_addr~18'
Found constant-zero generator 'top^tm3_sram_adsp'
Found constant-zero generator 'top^raygroup01~1'
Found constant-zero generator 'unconn'
# Load circuit took 0.03 seconds (max_rss 456.4 MiB, delta_rss +0.0 MiB)
# Clean circuit
Absorbed 483 LUT buffers
Inferred    0 additional primitive pins as constant generators since they have no combinationally connected inputs
Inferred    0 additional primitive pins as constant generators due to constant inputs
Inferred    0 additional primitive pins as constant generators since they have no combinationally connected inputs
Inferred    0 additional primitive pins as constant generators due to constant inputs
Inferred    0 additional primitive pins as constant generators since they have no combinationally connected inputs
Inferred    0 additional primitive pins as constant generators due to constant inputs
Swept input(s)      : 16
Swept output(s)     : 0 (0 dangling, 0 constant)
Swept net(s)        : 1105
Swept block(s)      : 0
Constant Pins Marked: 0
# Clean circuit took 0.00 seconds (max_rss 456.4 MiB, delta_rss +0.0 MiB)
# Compress circuit
# Compress circuit took 0.00 seconds (max_rss 456.4 MiB, delta_rss +0.0 MiB)
# Verify circuit
# Verify circuit took 0.00 seconds (max_rss 456.4 MiB, delta_rss +0.0 MiB)
Circuit Statistics:
  Blocks: 4153
    .input         :     239
    .latch         :    1423
    .names         :    2147
        0-LUT:       4
        1-LUT:       1
        2-LUT:     304
        3-LUT:     403
        4-LUT:     434
        5-LUT:     375
        6-LUT:     626
    .output        :     305
    multiply       :      18
    single_port_ram:      21
  Nets  : 4037
    Avg Fanout:     3.2
    Max Fanout:  1444.0
    Min Fanout:     1.0
  Netlist Clocks: 1
# Build Timing Graph
  Timing Graph Nodes: 17027
  Timing Graph Edges: 30805
  Timing Graph Levels: 20
# Build Timing Graph took 0.01 seconds (max_rss 456.4 MiB, delta_rss +0.0 MiB)
Netlist contains 1 clocks
  Netlist Clock 'top^tm3_clk_v0' Fanout: 1444 pins (8.5%), 1444 blocks (34.8%)
# Load Timing Constraints

SDC file 'raygentop.sdc' not found
Setting default timing constraints:
   * constrain all primay inputs and primary outputs on netlist clock 'top^tm3_clk_v0'
   * optimize netlist clock to run as fast as possible
Timing constraints created 1 clocks
  Constrained Clock 'top^tm3_clk_v0' Source: 'top^tm3_clk_v0.inpad[0]'

# Load Timing Constraints took 0.00 seconds (max_rss 456.4 MiB, delta_rss +0.0 MiB)
# Packing
Begin packing 'raygentop.blif'.

After removing unused inputs...
	total blocks: 4153, total nets: 4037, total inputs: 239, total outputs: 305
Begin prepacking.
0 attraction groups were created during prepacking.
Finish prepacking.
Using inter-cluster delay: 1.33777e-09
Packing with pin utilization targets: io:1,1 clb:0.8,0.6 mult_36:1,1 memory:1,1
Packing with high fanout thresholds: io:128 clb:32 mult_36:128 memory:128
Starting Clustering - Clustering Progress: 
-------------------   --------------------------   ---------
Molecules processed   Number of clusters created   FPGA size
-------------------   --------------------------   ---------
   128/3012      4%                           20    22 x 22    
   255/3012      8%                           33    22 x 22    
   382/3012     12%                           46    22 x 22    
   510/3012     16%                           60    22 x 22    
   630/3012     20%                           72    22 x 22    
   750/3012     24%                           84    22 x 22    
   870/3012     28%                           96    22 x 22    
   990/3012     32%                          110    22 x 22    
  1115/3012     37%                          125    22 x 22    
  1238/3012     41%                          139    22 x 22    
  1366/3012     45%                          152    22 x 22    
  1486/3012     49%                          164    22 x 22    
  1610/3012     53%                          178    22 x 22    
  1731/3012     57%                          196    22 x 22    
  1853/3012     61%                          218    22 x 22    
  1974/3012     65%                          236    22 x 22    
  2110/3012     70%                          255    22 x 22    
  2234/3012     74%                          272    22 x 22    
  2354/3012     78%                          292    22 x 22    
  2479/3012     82%                          331    23 x 23    
  2599/3012     86%                          450    23 x 23    
  2719/3012     90%                          570    23 x 23    
  2839/3012     94%                          690    23 x 23    
  2959/3012     98%                          810    23 x 23    
  3012/3012    100%                          863    23 x 23    

Logic Element (fle) detailed count:
  Total number of Logic Elements used : 2429
  LEs used for logic and registers    : 1141
  LEs used for logic only             : 1006
  LEs used for registers only         : 282

Incr Slack updates 1 in 0.000162516 sec
Full Max Req/Worst Slack updates 1 in 1.8356e-05 sec
Incr Max Req/Worst Slack updates 0 in 0 sec
Incr Criticality updates 0 in 0 sec
Full Criticality updates 1 in 0.000188849 sec
FPGA sized to 23 x 23 (auto)
Device Utilization: 0.79 (target 1.00)
	Block Utilization: 0.81 Type: io
	Block Utilization: 0.92 Type: clb
	Block Utilization: 0.90 Type: mult_36
	Block Utilization: 0.11 Type: memory

Start the iterative improvement process
the iterative improvement process is done
Final Clustering Statistics: 
----------   --------   ------------------------------------   --------------------------
Block Type   # Blocks   Avg. # of input clocks and pins used   Avg. # of output pins used
----------   --------   ------------------------------------   --------------------------
     EMPTY          0                                      0                            0   
        io        544                               0.560662                     0.439338   
       clb        309                                14.9191                      5.08414   
   mult_36          9                                     47                           23   
    memory          1                                     31                           21   
Absorbed logical nets 1999 out of 4037 nets, 2038 nets not absorbed.

Netlist conversion complete.

# Packing took 0.67 seconds (max_rss 456.4 MiB, delta_rss +0.0 MiB)
# Load packing
Begin loading packed FPGA netlist file.
Netlist generated from file 'raygentop.net'.
Detected 4 constant generators (to see names run with higher pack verbosity)
Finished loading packed FPGA netlist file (took 0.121429 seconds).
Warning 2: Treated 4 constant nets as global which will not be routed (to see net names increase packer verbosity).
Warning 3: Netlist contains 4 global net to non-global architecture pin connections
Warning 4: Logic block #412 (top^raygroup10~1) has only 1 output pin 'top^raygroup10~1.O[9]'. It may be a constant generator.
Warning 5: Logic block #413 (top^tm3_sram_addr~18) has only 1 output pin 'top^tm3_sram_addr~18.O[9]'. It may be a constant generator.
Warning 6: Logic block #414 (top^tm3_sram_adsp) has only 1 output pin 'top^tm3_sram_adsp.O[9]'. It may be a constant generator.
Warning 7: Logic block #415 (top^raygroup01~1) has only 1 output pin 'top^raygroup01~1.O[9]'. It may be a constant generator.
Completed clustering consistency check successfully.
Cluster level netlist and block usage statistics
Netlist num_nets: 2038
Netlist num_blocks: 863
Netlist EMPTY blocks: 0.
Netlist io blocks: 544.
Netlist clb blocks: 309.
Netlist mult_36 blocks: 9.
Netlist memory blocks: 1.
Netlist inputs pins: 239
Netlist output pins: 305

Pb types usage...
  io                       : 544
   inpad                   : 239
   outpad                  : 305
  clb                      : 309
   fle                     : 2429
    ble6                   : 2429
     lut6                  : 2147
      lut                  : 2147
     ff                    : 1423
  mult_36                  : 9
   divisible_mult_18x18    : 15
    mult_9x9_slice         : 9
     mult_9x9              : 9
    mult_18x18_slice       : 9
     mult_18x18            : 9
  memory                   : 1
   mem_512x64_sp           : 1
    memory_slice           : 21

# Load packing took 0.20 seconds (max_rss 456.4 MiB, delta_rss +0.0 MiB)
# Create Device
## Build Device Grid
FPGA sized to 23 x 23: 529 grid tiles (auto)

Resource usage...
	Netlist
		544	blocks of type: io
	Architecture
		672	blocks of type: io
	Netlist
		309	blocks of type: clb
	Architecture
		336	blocks of type: clb
	Netlist
		9	blocks of type: mult_36
	Architecture
		10	blocks of type: mult_36
	Netlist
		1	blocks of type: memory
	Architecture
		9	blocks of type: memory

Device Utilization: 0.79 (target 1.00)
	Physical Tile io:
	Block Utilization: 0.81 Logical Block: io
	Physical Tile clb:
	Block Utilization: 0.92 Logical Block: clb
	Physical Tile mult_36:
	Block Utilization: 0.90 Logical Block: mult_36
	Physical Tile memory:
	Block Utilization: 0.11 Logical Block: memory

FPGA size limited by block type(s): clb

## Build Device Grid took 0.00 seconds (max_rss 456.4 MiB, delta_rss +0.0 MiB)
## Build routing resource graph
## Build routing resource graph took 0.08 seconds (max_rss 456.4 MiB, delta_rss +0.0 MiB)
  RR Graph Nodes: 40626
  RR Graph Edges: 248015
# Create Device took 0.09 seconds (max_rss 456.4 MiB, delta_rss +0.0 MiB)

# Computing router lookahead map
## Computing wire lookahead
## Computing wire lookahead took 0.03 seconds (max_rss 456.4 MiB, delta_rss +0.0 MiB)
## Computing src/opin lookahead
Warning 8: Found no more sample locations for SOURCE in io
Warning 9: Found no more sample locations for OPIN in io
Warning 10: Found no more sample locations for SOURCE in clb
Warning 11: Found no more sample locations for OPIN in clb
Warning 12: Found no more sample locations for SOURCE in mult_36
Warning 13: Found no more sample locations for OPIN in mult_36
Warning 14: Found no more sample locations for SOURCE in memory
Warning 15: Found no more sample locations for OPIN in memory
## Computing src/opin lookahead took 0.00 seconds (max_rss 456.4 MiB, delta_rss +0.0 MiB)
# Computing router lookahead map took 0.03 seconds (max_rss 456.4 MiB, delta_rss +0.0 MiB)
# Computing placement delta delay look-up
RR graph channel widths unchanged, skipping RR graph rebuild
Serial Connection Router is being destroyed. Time spent on path search: 0.000 seconds.
# Computing placement delta delay look-up took 0.00 seconds (max_rss 456.4 MiB, delta_rss +0.0 MiB)

Bounding box mode is Cube

# Compressed grid construction
# Compressed grid construction took 0.00 seconds (max_rss 456.4 MiB, delta_rss +0.0 MiB)
# Placement
## Initial Placement
Initial placement iteration 0 has finished successfully
## Initial Placement took 0.00 seconds (max_rss 456.4 MiB, delta_rss +0.0 MiB)
Using simple RL 'Softmax agent' for choosing move and block types

BB estimate of min-dist (placement) wire length: 44984

Completed placement consistency check successfully.
Initial placement cost: 1 bb_cost: 937.171 td_cost: 1.32021e-06
Initial placement estimated Critical Path Delay (CPD): 8.59367 ns
Initial placement estimated setup Total Negative Slack (sTNS): -5275.66 ns
Initial placement estimated setup Worst Negative Slack (sWNS): -8.59367 ns

Initial placement estimated setup slack histogram:
[ -8.6e-09: -7.8e-09)  13 (  0.7%) |*
[ -7.8e-09: -6.9e-09)   8 (  0.4%) |*
[ -6.9e-09: -6.1e-09)  14 (  0.7%) |*
[ -6.1e-09: -5.2e-09)  91 (  4.7%) |********
[ -5.2e-09: -4.4e-09) 200 ( 10.3%) |*****************
[ -4.4e-09: -3.5e-09) 240 ( 12.4%) |********************
[ -3.5e-09: -2.7e-09) 272 ( 14.1%) |***********************
[ -2.7e-09: -1.9e-09) 367 ( 19.0%) |*******************************
[ -1.9e-09:   -1e-09) 556 ( 28.7%) |***********************************************
[   -1e-09: -1.9e-10) 173 (  8.9%) |***************
Placement contains 0 placement macros involving 0 blocks (average macro size -nan)

Moves per temperature: 4107
Warning 16: Starting t: 354 of 863 configurations accepted.

---- ------ ------- ------- ---------- ---------- ------- ---------- -------- ------- ------- ------ -------- --------- ------
Tnum   Time       T Av Cost Av BB Cost Av TD Cost     CPD       sTNS     sWNS Ac Rate Std Dev  R lim Crit Exp Tot Moves  Alpha
      (sec)                                          (ns)       (ns)     (ns)                                                 
---- ------ ------- ------- ---------- ---------- ------- ---------- -------- ------- ------- ------ -------- --------- ------
   1    0.0 6.4e-04   0.932     761.57 1.1952e-06   7.246  -5.04e+03   -7.246   0.719  0.0286   22.0     1.00      4107  1.000
   2    0.0 6.1e-04   0.958     698.58 1.2397e-06   6.242  -4.86e+03   -6.242   0.680  0.0150   22.0     1.00      8214  0.950
   3    0.0 5.8e-04   0.959     674.17 1.166e-06    6.227  -4.72e+03   -6.227   0.689  0.0183   22.0     1.00     12321  0.950
   4    0.0 5.5e-04   0.958     637.51 1.0309e-06   6.540  -4.61e+03   -6.540   0.665  0.0221   22.0     1.00     16428  0.950
   5    0.0 5.2e-04   0.987     615.24 1.0421e-06   6.190  -4.65e+03   -6.190   0.630  0.0068   22.0     1.00     20535  0.950
   6    0.0 4.9e-04   0.979     595.88 1.0666e-06   5.903  -4.52e+03   -5.903   0.616  0.0070   22.0     1.00     24642  0.950
   7    0.0 4.7e-04   0.980     581.79 9.9617e-07   6.126  -4.54e+03   -6.126   0.617  0.0078   22.0     1.00     28749  0.950
   8    0.0 4.5e-04   0.977     564.69 9.8971e-07   6.159  -4.49e+03   -6.159   0.590  0.0090   22.0     1.00     32856  0.950
   9    0.0 4.2e-04   0.989     557.03 1.0433e-06   5.729  -4.39e+03   -5.729   0.568  0.0052   22.0     1.00     36963  0.950
  10    0.0 4.0e-04   0.987     547.51 9.9228e-07   5.928  -4.45e+03   -5.928   0.564  0.0066   22.0     1.00     41070  0.950
  11    0.0 3.8e-04   0.996     541.22 9.9167e-07   5.836  -4.36e+03   -5.836   0.552  0.0045   22.0     1.00     45177  0.950
  12    0.0 3.6e-04   0.986     536.89 9.5264e-07   6.018  -4.29e+03   -6.018   0.550  0.0053   22.0     1.00     49284  0.950
  13    0.0 3.5e-04   0.994     533.33 9.8317e-07   5.853   -4.4e+03   -5.853   0.521  0.0038   22.0     1.00     53391  0.950
  14    0.0 3.3e-04   0.989     531.20 9.7186e-07   5.799   -4.4e+03   -5.799   0.519  0.0076   22.0     1.00     57498  0.950
  15    0.0 3.1e-04   0.988     523.00 9.7126e-07   5.752  -4.31e+03   -5.752   0.505  0.0039   22.0     1.00     61605  0.950
  16    0.0 3.0e-04   0.987     521.12 9.7011e-07   5.748  -4.38e+03   -5.748   0.479  0.0096   22.0     1.00     65712  0.950
  17    0.0 2.8e-04   0.985     509.08 9.5902e-07   5.735  -4.31e+03   -5.735   0.444  0.0059   22.0     1.00     69819  0.950
  18    0.0 2.7e-04   0.993     509.09 9.2116e-07   5.963  -4.28e+03   -5.963   0.461  0.0046   22.0     1.00     73926  0.950
  19    0.0 2.5e-04   0.988     506.00 9.0405e-07   6.024  -4.35e+03   -6.024   0.436  0.0054   22.0     1.00     78033  0.950
  20    0.0 2.4e-04   0.983     495.56 8.9449e-07   5.893  -4.31e+03   -5.893   0.426  0.0071   21.9     1.03     82140  0.950
  21    0.0 2.3e-04   0.997     495.46 8.2166e-07   5.836  -4.19e+03   -5.836   0.435  0.0025   21.6     1.13     86247  0.950
  22    0.0 2.2e-04   0.988     491.66 8.0711e-07   5.786  -4.21e+03   -5.786   0.406  0.0059   21.5     1.17     90354  0.950
  23    0.0 2.1e-04   0.990     484.79 6.8031e-07   5.762  -4.15e+03   -5.762   0.393  0.0042   20.8     1.41     94461  0.950
  24    0.0 2.0e-04   0.996     481.65 5.4385e-07   5.832  -4.22e+03   -5.832   0.386  0.0015   19.8     1.73     98568  0.950
  25    0.0 1.9e-04   0.990     481.04 4.6271e-07   5.671  -4.15e+03   -5.671   0.390  0.0034   18.7     2.09    102675  0.950
  26    0.0 1.8e-04   0.990     476.99 3.9348e-07   5.673  -4.24e+03   -5.673   0.378  0.0052   17.8     2.41    106782  0.950
  27    0.0 1.7e-04   0.992     475.21 3.2454e-07   5.673  -4.13e+03   -5.673   0.385  0.0035   16.7     2.77    110889  0.950
  28    0.0 1.6e-04   0.988     469.76 2.8253e-07   5.693  -4.16e+03   -5.693   0.378  0.0050   15.8     3.08    114996  0.950
  29    0.0 1.5e-04   0.995     464.60 2.4368e-07   5.723  -4.13e+03   -5.723   0.357  0.0019   14.8     3.40    119103  0.950
  30    0.0 1.4e-04   0.996     461.43 2.1636e-07   5.672  -4.19e+03   -5.672   0.344  0.0034   13.6     3.81    123210  0.950
  31    0.0 1.4e-04   0.996     463.34 1.7739e-07   5.713  -4.13e+03   -5.713   0.364  0.0030   12.3     4.25    127317  0.950
  32    0.0 1.3e-04   0.997     459.11 1.7933e-07   5.574  -4.21e+03   -5.574   0.351  0.0020   11.3     4.56    131424  0.950
  33    0.0 1.2e-04   0.995     457.35 1.6287e-07   5.587  -4.16e+03   -5.587   0.333  0.0032   10.3     4.89    135531  0.950
  34    0.0 1.2e-04   0.994     451.97 1.6117e-07   5.433  -4.13e+03   -5.433   0.317  0.0031    9.2     5.26    139638  0.950
  35    0.0 1.1e-04   0.998     450.82 1.3594e-07   5.523  -4.19e+03   -5.523   0.308  0.0016    8.1     5.64    143745  0.950
  36    0.0 1.1e-04   0.993     445.89 1.2521e-07   5.523  -4.13e+03   -5.523   0.293  0.0036    7.0     6.00    147852  0.950
  37    0.0 1.0e-04   0.999     444.52 1.1462e-07   5.523  -4.22e+03   -5.523   0.294  0.0016    6.0     6.34    151959  0.950
  38    0.0 9.6e-05   0.997     443.38 1.337e-07    5.319  -4.13e+03   -5.319   0.297  0.0017    5.1     6.63    156066  0.950
  39    0.0 9.1e-05   0.997     442.97 1.1603e-07   5.390  -4.24e+03   -5.390   0.283  0.0014    4.4     6.87    160173  0.950
  40    0.0 8.6e-05   0.996     438.66 1.0944e-07   5.390  -4.18e+03   -5.390   0.291  0.0024    3.7     7.10    164280  0.950
  41    0.0 8.2e-05   0.996     434.44 1.0522e-07   5.390  -4.21e+03   -5.390   0.350  0.0018    3.1     7.29    168387  0.950
  42    0.0 7.8e-05   0.995     431.37 1.029e-07    5.390  -4.14e+03   -5.390   0.402  0.0023    2.9     7.38    172494  0.950
  43    0.0 7.4e-05   0.995     426.83 1.107e-07    5.319  -4.15e+03   -5.319   0.394  0.0029    2.7     7.42    176601  0.950
  44    0.0 7.0e-05   0.995     422.77 1.0844e-07   5.333  -4.14e+03   -5.333   0.375  0.0036    2.6     7.46    180708  0.950
  45    0.0 6.7e-05   0.998     418.87 1.0726e-07   5.319  -4.08e+03   -5.319   0.334  0.0006    2.5     7.52    184815  0.950
  46    0.0 6.4e-05   0.997     416.31 9.6835e-08   5.396   -4.1e+03   -5.396   0.338  0.0010    2.2     7.60    188922  0.950
  47    0.0 6.0e-05   0.997     414.90 1.0507e-07   5.319  -4.08e+03   -5.319   0.336  0.0012    2.0     7.68    193029  0.950
  48    0.0 5.7e-05   0.998     413.87 9.306e-08    5.396  -4.06e+03   -5.396   0.313  0.0011    1.8     7.75    197136  0.950
  49    0.0 5.4e-05   0.998     412.70 1.008e-07    5.319  -4.09e+03   -5.319   0.311  0.0008    1.5     7.82    201243  0.950
  50    0.0 5.2e-05   0.998     411.15 9.0449e-08   5.396  -4.07e+03   -5.396   0.308  0.0009    1.3     7.89    205350  0.950
  51    0.0 4.9e-05   0.998     409.63 9.8327e-08   5.319  -4.09e+03   -5.319   0.300  0.0006    1.2     7.95    209457  0.950
  52    0.0 4.7e-05   0.999     409.09 9.8727e-08   5.313  -4.09e+03   -5.313   0.305  0.0007    1.0     8.00    213564  0.950
  53    0.0 4.4e-05   0.998     407.14 8.7412e-08   5.402  -4.07e+03   -5.402   0.292  0.0008    1.0     8.00    217671  0.950
  54    0.0 4.2e-05   0.999     406.01 9.8098e-08   5.319  -4.15e+03   -5.319   0.286  0.0007    1.0     8.00    221778  0.950
  55    0.0 4.0e-05   0.999     405.44 8.8068e-08   5.396  -4.09e+03   -5.396   0.266  0.0007    1.0     8.00    225885  0.950
  56    0.0 3.8e-05   1.000     405.31 9.8225e-08   5.319  -4.07e+03   -5.319   0.284  0.0004    1.0     8.00    229992  0.950
  57    0.0 3.6e-05   0.998     404.88 8.7414e-08   5.402   -4.1e+03   -5.402   0.265  0.0011    1.0     8.00    234099  0.950
  58    0.0 3.4e-05   0.999     403.92 9.8121e-08   5.319   -4.1e+03   -5.319   0.266  0.0005    1.0     8.00    238206  0.950
  59    0.0 3.3e-05   0.999     403.56 9.8063e-08   5.319  -4.09e+03   -5.319   0.257  0.0006    1.0     8.00    242313  0.950
  60    0.0 3.1e-05   0.999     402.04 8.7256e-08   5.402   -4.1e+03   -5.402   0.244  0.0006    1.0     8.00    246420  0.950
  61    0.0 2.9e-05   0.998     401.81 9.8011e-08   5.319  -4.12e+03   -5.319   0.247  0.0009    1.0     8.00    250527  0.950
  62    0.0 2.8e-05   0.999     401.18 8.6679e-08   5.402  -4.11e+03   -5.402   0.238  0.0005    1.0     8.00    254634  0.950
  63    0.0 2.7e-05   1.000     400.80 9.7506e-08   5.319  -4.09e+03   -5.319   0.236  0.0004    1.0     8.00    258741  0.950
  64    0.0 2.5e-05   0.999     400.03 9.6937e-08   5.319  -4.08e+03   -5.319   0.222  0.0003    1.0     8.00    262848  0.950
  65    0.0 2.4e-05   0.999     399.33 8.6618e-08   5.402  -4.09e+03   -5.402   0.218  0.0004    1.0     8.00    266955  0.950
  66    0.0 2.3e-05   1.000     399.40 9.6773e-08   5.319  -4.09e+03   -5.319   0.214  0.0002    1.0     8.00    271062  0.950
  67    0.0 2.2e-05   0.999     398.94 8.7416e-08   5.396   -4.1e+03   -5.396   0.196  0.0005    1.0     8.00    275169  0.950
  68    0.0 2.1e-05   1.000     398.70 9.7659e-08   5.319   -4.1e+03   -5.319   0.192  0.0002    1.0     8.00    279276  0.950
  69    0.0 2.0e-05   0.999     398.61 9.6932e-08   5.319   -4.1e+03   -5.319   0.191  0.0003    1.0     8.00    283383  0.950
  70    0.0 1.9e-05   0.999     398.16 8.6242e-08   5.402  -4.06e+03   -5.402   0.184  0.0004    1.0     8.00    287490  0.950
  71    0.0 1.8e-05   1.000     397.75 9.6887e-08   5.319  -4.08e+03   -5.319   0.178  0.0003    1.0     8.00    291597  0.950
  72    0.0 1.7e-05   0.999     397.44 8.7557e-08   5.396  -4.08e+03   -5.396   0.167  0.0004    1.0     8.00    295704  0.950
  73    0.0 1.6e-05   0.999     397.05 9.718e-08    5.319  -4.09e+03   -5.319   0.161  0.0004    1.0     8.00    299811  0.950
  74    0.0 1.5e-05   0.999     396.35 8.7587e-08   5.396  -4.09e+03   -5.396   0.161  0.0004    1.0     8.00    303918  0.950
  75    0.0 1.4e-05   0.999     396.21 9.6804e-08   5.319  -4.08e+03   -5.319   0.166  0.0003    1.0     8.00    308025  0.950
  76    0.0 1.4e-05   1.000     395.80 9.6598e-08   5.319  -4.09e+03   -5.319   0.145  0.0004    1.0     8.00    312132  0.950
Agent's 2nd state: 
  77    0.0 1.1e-05   0.999     395.45 8.7161e-08   5.396  -4.09e+03   -5.396   0.133  0.0003    1.0     8.00    316239  0.800
Checkpoint saved: bb_costs=395.356, TD costs=9.6652e-08, CPD=  5.319 (ns) 
  78    0.0 8.7e-06   1.000     395.14 9.6637e-08   5.319  -4.06e+03   -5.319   0.087  0.0002    1.0     8.00    320346  0.800
  79    0.0 7.0e-06   0.999     394.89 8.7355e-08   5.396  -4.07e+03   -5.396   0.086  0.0002    1.0     8.00    324453  0.800
  80    0.0 5.6e-06   1.000     394.70 9.6607e-08   5.319  -4.08e+03   -5.319   0.073  0.0001    1.0     8.00    328560  0.800
  81    0.0 4.5e-06   1.000     394.69 8.7021e-08   5.396  -4.08e+03   -5.396   0.056  0.0002    1.0     8.00    332667  0.800
  82    0.0 3.6e-06   1.000     394.28 9.657e-08    5.319  -4.08e+03   -5.319   0.064  0.0001    1.0     8.00    336774  0.800
  83    0.0 2.9e-06   0.999     394.31 8.7025e-08   5.396  -4.08e+03   -5.396   0.055  0.0002    1.0     8.00    340881  0.800
  84    0.0 0.0e+00   1.000     394.15 9.6507e-08   5.319  -4.06e+03   -5.319   0.023  0.0001    1.0     8.00    344988  0.800
## Placement Quench took 0.01 seconds (max_rss 456.4 MiB)
post-quench CPD = 5.39624 (ns) 

Checkpoint restored

BB estimate of min-dist (placement) wire length: 18977

Completed placement consistency check successfully.

Swaps called: 345851

Aborted Move Reasons:
  No moves aborted

Placement estimated critical path delay (least slack): 5.31893 ns, Fmax: 188.008 MHz
Placement estimated setup Worst Negative Slack (sWNS): -5.31893 ns
Placement estimated setup Total Negative Slack (sTNS): -4057.79 ns

Placement estimated setup slack histogram:
[ -5.3e-09: -4.8e-09)  11 (  0.6%) |*
[ -4.8e-09: -4.3e-09) 139 (  7.2%) |*******************
[ -4.3e-09: -3.8e-09) 108 (  5.6%) |**************
[ -3.8e-09: -3.3e-09)  41 (  2.1%) |*****
[ -3.3e-09: -2.8e-09) 167 (  8.6%) |**********************
[ -2.8e-09: -2.2e-09) 303 ( 15.7%) |****************************************
[ -2.2e-09: -1.7e-09) 352 ( 18.2%) |***********************************************
[ -1.7e-09: -1.2e-09) 288 ( 14.9%) |**************************************
[ -1.2e-09:   -7e-10) 338 ( 17.5%) |*********************************************
[   -7e-10: -1.9e-10) 187 (  9.7%) |*************************

Placement estimated geomean non-virtual intra-domain period: 5.31893 ns (188.008 MHz)
Placement estimated fanout-weighted geomean non-virtual intra-domain period: 5.31893 ns (188.008 MHz)

Placement cost: 1, bb_cost: 395.356, td_cost: 9.6652e-08, 

Placement resource usage:
  io      implemented as io     : 544
  clb     implemented as clb    : 309
  mult_36 implemented as mult_36: 9
  memory  implemented as memory : 1

Placement number of temperatures: 84
Placement total # of swap attempts: 345851
	Swaps accepted: 115892 (33.5 %)
	Swaps rejected: 214609 (62.1 %)
	Swaps aborted:  15350 ( 4.4 %)


Placement perturbation distribution by block and move type: 
------------------ ----------------- ---------------- ---------------- --------------- ------------ 
    Block Type         Move Type       (%) of Total      Accepted(%)     Rejected(%)    Aborted(%)
------------------ ----------------- ---------------- ---------------- --------------- ------------ 
io                 Uniform                15.39            46.44           53.56          0.00         
                   Median                 15.23            47.12           44.95          7.93         
                   Centroid               15.15            49.16           42.71          8.13         
                   W. Centroid            15.28            48.77           43.15          8.08         
                   W. Median              0.74             12.92           71.43          15.66        

clb                Uniform                8.58             5.95            94.05          0.00         
                   Median                 8.60             14.96           81.31          3.73         
                   Centroid               8.55             13.61           85.58          0.82         
                   W. Centroid            8.56             14.16           85.34          0.50         
                   W. Median              0.44             0.72            95.23          4.05         
                   Crit. Uniform          1.19             0.05            99.95          0.00         
                   Feasible Region        1.20             0.24            99.76          0.00         

mult_36            Uniform                0.23             0.74            99.26          0.00         
                   Median                 0.23             1.91            72.83          25.26        
                   Centroid               0.26             0.78            72.37          26.85        
                   W. Centroid            0.25             0.80            74.00          25.20        
                   W. Median              0.02             0.00            47.37          52.63        

memory             Uniform                0.02             1.22            98.78          0.00         
                   Median                 0.03             0.00            100.00         0.00         
                   Centroid               0.03             2.27            97.73          0.00         
                   W. Centroid            0.03             1.00            99.00          0.00         
                   W. Median              0.00             0.00            100.00         0.00         


Placement Quench timing analysis took 0.00246309 seconds (0.00218601 STA, 0.000277079 slack) (1 full updates: 1 setup, 0 hold, 0 combined).
Placement Total  timing analysis took 0.236715 seconds (0.210664 STA, 0.0260509 slack) (87 full updates: 87 setup, 0 hold, 0 combined).
update_td_costs: connections 0 nets 0 sum_nets 0 total 0
# Placement took 0.96 seconds (max_rss 456.4 MiB, delta_rss +0.0 MiB)

# Routing
RR graph channel widths unchanged, skipping RR graph rebuild
## Initializing router criticalities
Initial Net Connection Criticality Histogram:
[        0:      0.1)  435 (  8.1%) |******************
[      0.1:      0.2)  549 ( 10.2%) |***********************
[      0.2:      0.3)  868 ( 16.2%) |************************************
[      0.3:      0.4) 1095 ( 20.4%) |**********************************************
[      0.4:      0.5)  735 ( 13.7%) |*******************************
[      0.5:      0.6)  410 (  7.6%) |*****************
[      0.6:      0.7)  196 (  3.7%) |********
[      0.7:      0.8)  495 (  9.2%) |*********************
[      0.8:      0.9)  482 (  9.0%) |********************
[      0.9:        1)  104 (  1.9%) |****
## Initializing router criticalities took 0.03 seconds (max_rss 456.4 MiB, delta_rss +0.0 MiB)
---- ------ ------- ---- ------- ------- ------- ----------------- --------------- -------- ---------- ---------- ---------- ---------- --------
Iter   Time    pres  BBs    Heap  Re-Rtd  Re-Rtd Overused RR Nodes      Wirelength      CPD       sTNS       sWNS       hTNS       hWNS Est Succ
      (sec)     fac Updt    push    Nets   Conns                                       (ns)       (ns)       (ns)       (ns)       (ns)     Iter
---- ------ ------- ---- ------- ------- ------- ----------------- --------------- -------- ---------- ---------- ---------- ---------- --------
   1    0.0     0.0    0  331766    2033    5072    3104 ( 7.640%)   24153 (54.5%)    5.119     -4109.     -5.119     -8.621     -0.194      N/A
Incr Slack updates 87 in 0.00907742 sec
Full Max Req/Worst Slack updates 48 in 0.000871404 sec
Incr Max Req/Worst Slack updates 39 in 0.000949806 sec
Incr Criticality updates 9 in 0.00136947 sec
Full Criticality updates 78 in 0.011321 sec
   2    0.0     0.5    0  342127    1894    4777    2093 ( 5.152%)   24336 (54.9%)    5.141     -4146.     -5.141     -7.993     -0.194      N/A
   3    0.0     0.6    0  350936    1577    4101    1965 ( 4.837%)   24750 (55.8%)    5.163     -4156.     -5.163     -8.453     -0.194      N/A
   4    0.0     0.8    0  367643    1523    4148    1773 ( 4.364%)   24882 (56.1%)    5.128     -4182.     -5.128     -7.376     -0.196      N/A
   5    0.0     1.1    0  361043    1383    3827    1352 ( 3.328%)   25270 (57.0%)    5.157     -4225.     -5.157     -7.501     -0.196      N/A
   6    0.0     1.4    0  319074    1177    3225     950 ( 2.338%)   25507 (57.5%)    5.121     -4267.     -5.121     -7.501     -0.196      N/A
   7    0.0     1.9    0  268481     938    2482     715 ( 1.760%)   25799 (58.2%)    5.121     -4282.     -5.121     -7.025     -0.196      N/A
   8    0.0     2.4    0  232672     765    2053     511 ( 1.258%)   26252 (59.2%)    5.123     -4283.     -5.123     -7.501     -0.196      N/A
   9    0.0     3.1    0  185662     583    1771     374 ( 0.921%)   26548 (59.9%)    5.126     -4299.     -5.126     -7.501     -0.196      N/A
  10    0.0     4.1    0  153912     465    1430     278 ( 0.684%)   26997 (60.9%)    5.126     -4324.     -5.126     -7.448     -0.196       28
  11    0.0     5.3    0   99802     350    1043     186 ( 0.458%)   27159 (61.2%)    5.129     -4335.     -5.129     -7.448     -0.196       28
  12    0.0     6.9    0   81977     273     796     148 ( 0.364%)   27446 (61.9%)    5.141     -4340.     -5.141     -7.448     -0.196       27
  13    0.0     9.0    0   80100     281     786     112 ( 0.276%)   27635 (62.3%)    5.179     -4351.     -5.179     -6.380     -0.194       28
  14    0.0    11.6    0   71894     242     700     100 ( 0.246%)   27799 (62.7%)    5.177     -4367.     -5.177     -6.380     -0.194       28
  15    0.0    15.1    0   79488     225     704      83 ( 0.204%)   28163 (63.5%)    5.370     -4547.     -5.370     -6.380     -0.194       30
  16    0.0    19.7    0   57724     172     573      64 ( 0.158%)   28296 (63.8%)    5.414     -4413.     -5.414     -6.380     -0.194       31
  17    0.0    25.6    0   43279     149     478      55 ( 0.135%)   28365 (64.0%)    5.405     -4408.     -5.405     -6.380     -0.194       33
  18    0.0    33.3    0   42514     140     449      43 ( 0.106%)   28661 (64.6%)    5.951     -4432.     -5.951     -6.380     -0.194       34
  19    0.0    43.3    0   32821      78     246      30 ( 0.074%)   28980 (65.3%)    6.027     -4479.     -6.027     -6.380     -0.194       35
  20    0.0    56.2    0   33409      65     241      19 ( 0.047%)   29177 (65.8%)    6.077     -4548.     -6.077     -6.380     -0.194       34
  21    0.0    73.1    0   25826      62     235      24 ( 0.059%)   29431 (66.4%)    6.378     -4655.     -6.378     -6.380     -0.194       34
  22    0.0    95.0    0   17182      42     106      17 ( 0.042%)   29434 (66.4%)    5.744     -4588.     -5.744     -6.380     -0.194       35
  23    0.0   123.5    0   31392      79     234      13 ( 0.032%)   29511 (66.5%)    6.601     -4615.     -6.601     -6.380     -0.194       35
  24    0.0   160.6    0   12921      28      78       9 ( 0.022%)   29551 (66.6%)    6.439     -4699.     -6.439     -6.380     -0.194       35
  25    0.0   208.8    0   13339      28     143       9 ( 0.022%)   29580 (66.7%)    5.967     -4743.     -5.967     -6.380     -0.194       34
  26    0.0   271.4    0   20781      74     240       5 ( 0.012%)   29585 (66.7%)    7.669     -4736.     -7.669     -6.380     -0.194       34
  27    0.0   352.8    0   10858      15      52       6 ( 0.015%)   29651 (66.9%)    7.002     -4745.     -7.002     -6.380     -0.194       34
  28    0.0   458.7    0    8966      16      49       5 ( 0.012%)   29690 (66.9%)    6.634     -4751.     -6.634     -6.380     -0.194       34
  29    0.0   596.3    0   11447      20     101       5 ( 0.012%)   29696 (67.0%)    6.484     -4709.     -6.484     -6.380     -0.194       34
  30    0.0   775.1    0    9630      23      75       1 ( 0.002%)   29701 (67.0%)    6.244     -4708.     -6.244     -6.380     -0.194       35
  31    0.0  1000.0    0   11116      46     178       1 ( 0.002%)   29709 (67.0%)    6.244     -4707.     -6.244     -6.380     -0.194       34
  32    0.0  1000.0    0   11692      46     180       1 ( 0.002%)   29712 (67.0%)    6.244     -4707.     -6.244     -6.380     -0.194       33
  33    0.0  1000.0    0   15505      46     183       1 ( 0.002%)   29759 (67.1%)    6.244     -4708.     -6.244     -6.380     -0.194       33
  34    0.0  1000.0    0   11004      45     177       1 ( 0.002%)   29759 (67.1%)    6.244     -4708.     -6.244     -6.380     -0.194       33
  35    0.0  1000.0    0   11082      46     178       1 ( 0.002%)   29755 (67.1%)    6.244     -4708.     -6.244     -6.380     -0.194       33
  36    0.0  1000.0    0   11085      46     178       1 ( 0.002%)   29755 (67.1%)    6.244     -4708.     -6.244     -6.380     -0.194       33
  37    0.0  1000.0    0   11041      45     177       1 ( 0.002%)   29759 (67.1%)    6.244     -4708.     -6.244     -6.380     -0.194       34
  38    0.0  1000.0    0   12391      46     187       1 ( 0.002%)   29796 (67.2%)    6.244     -4708.     -6.244     -6.380     -0.194       34
  39    0.0  1000.0    0   11285      45     181       0 ( 0.000%)   29796 (67.2%)    6.244     -4708.     -6.244     -6.380     -0.194       35
Restoring best routing
Critical path: 6.2441 ns
Successfully routed after 39 routing iterations.
Final Net Connection Criticality Histogram:
[        0:      0.1)  411 (  7.7%) |******************
[      0.1:      0.2)  712 ( 13.3%) |*******************************
[      0.2:      0.3)  971 ( 18.1%) |*******************************************
[      0.3:      0.4) 1042 ( 19.4%) |**********************************************
[      0.4:      0.5)  646 ( 12.0%) |*****************************
[      0.5:      0.6)  388 (  7.2%) |*****************
[      0.6:      0.7)  317 (  5.9%) |**************
[      0.7:      0.8)  508 (  9.5%) |**********************
[      0.8:      0.9)  281 (  5.2%) |************
[      0.9:        1)   93 (  1.7%) |****
Router Stats: total_nets_routed: 15111 total_connections_routed: 41834 total_heap_pushes: 3804867 total_heap_pops: 932748 
Serial Connection Router is being destroyed. Time spent on path search: 0.223 seconds.
# Routing took 0.60 seconds (max_rss 456.4 MiB, delta_rss +0.0 MiB)

Checking to ensure routing is legal...
# Checking to ensure non-configurable edges are legal
# Checking to ensure non-configurable edges are legal took 0.00 seconds (max_rss 456.4 MiB, delta_rss +0.0 MiB)
Completed routing consistency check successfully.

Serial number (magic cookie) for the routing is: -267091767
Circuit successfully routed with a channel width factor of 48.
# Synchronize the packed netlist to routing optimization
## Annotating rr_node with routed nets
## Annotating rr_node with routed nets took 0.00 seconds (max_rss 456.4 MiB, delta_rss +0.0 MiB)
Found 6272 mismatches between routing and packing results.
Fixed 4189 routing traces due to mismatch between routing and packing results.
# Synchronize the packed netlist to routing optimization took 0.02 seconds (max_rss 456.4 MiB, delta_rss +0.0 MiB)
Final Clustering Statistics: 
----------   --------   ------------------------------------   --------------------------
Block Type   # Blocks   Avg. # of input clocks and pins used   Avg. # of output pins used
----------   --------   ------------------------------------   --------------------------
     EMPTY          0                                      0                            0   
        io        544                               0.560662                     0.439338   
       clb        309                                14.9191                      5.08414   
   mult_36          9                                     47                           23   
    memory          1                                     31                           21   
Absorbed logical nets 1999 out of 4037 nets, 2038 nets not absorbed.


Average number of bends per net: 1.78652  Maximum # of bends: 24

Number of global nets: 5
Number of routed nets (nonglobal): 2033
Wire length results (in units of 1 clb segments)...
	Total wirelength: 29796, average net length: 14.6562
	Maximum net length: 351

Wire length results in terms of physical segments...
	Total wiring segments used: 7938, average wire segments per net: 3.90457
	Maximum segments used by a net: 93
	Total local nets with reserved CLB opins: 0
Total number of nets absorbed: 0

Routing channel utilization histogram:
[        1:      inf)   0 (  0.0%) |
[      0.9:        1)  88 (  9.1%) |**************
[      0.8:      0.9) 306 ( 31.6%) |***********************************************
[      0.7:      0.8) 268 ( 27.7%) |*****************************************
[      0.5:      0.6)  74 (  7.6%) |***********
[      0.4:      0.5)  56 (  5.8%) |*********
[      0.3:      0.4)  66 (  6.8%) |**********
[      0.2:      0.3)  40 (  4.1%) |******
[      0.1:      0.2)  26 (  2.7%) |****
[        0:      0.1)  44 (  4.5%) |*******
Maximum routing channel utilization:      0.98 at (5,13)

X - Directed channels:   j max occ ave occ capacity
                      ---- ------- ------- --------
                         0      46  33.565       48
                         1      43  24.478       48
                         2      41  27.348       48
                         3      45  30.565       48
                         4      43  27.304       48
                         5      41  27.783       48
                         6      43  31.348       48
                         7      43  29.826       48
                         8      44  29.739       48
                         9      45  30.826       48
                        10      44  32.130       48
                        11      44  31.217       48
                        12      47  33.435       48
                        13      47  33.478       48
                        14      44  30.913       48
                        15      47  33.348       48
                        16      45  31.043       48
                        17      45  30.435       48
                        18      43  30.217       48
                        19      44  28.174       48
                        20      42  27.826       48
                        21      47  33.696       48
Y - Directed channels:   i max occ ave occ capacity
                      ---- ------- ------- --------
                         0      47  32.565       48
                         1      41  26.174       48
                         2      41  26.870       48
                         3      48  35.304       48
                         4      42  32.652       48
                         5      45  35.826       48
                         6      45  35.304       48
                         7      45  36.522       48
                         8      44  33.391       48
                         9      44  32.174       48
                        10      42  32.174       48
                        11      42  33.435       48
                        12      41  31.304       48
                        13      43  31.522       48
                        14      44  30.565       48
                        15      43  28.783       48
                        16      38  24.174       48
                        17      32  20.522       48
                        18      23  16.826       48
                        19      29  18.261       48
                        20      22  11.870       48
                        21      36  20.565       48

Total tracks in x-direction: 1056, in y-direction: 1056

Logic area (in minimum width transistor areas, excludes I/Os and empty grid tiles)...
	Total logic block area (Warning, need to add pitch of routing to blocks with height > 3): 2.70004e+07
	Total used logic block area: 2.07652e+07

Routing area (in minimum width transistor areas)...
	Total routing area: 1.58672e+06, per logic tile: 2999.48

Total Number of Wiring Segments by Direction: direction length number
                                              --------- ------ -------
                                                      X      4   6336
                                                      Y      4   6336

X - Directed Wiring Segment usage by length: length utilization
                                             ------ -----------
                                             4       0.644

Y - Directed Wiring Segment usage by length: length utilization
                                             ------ -----------
                                             4       0.609

Segment occupancy by length: Length utilization
                             ------ -----------
                             L4           0.626

Segment occupancy by type:              name type utilization
                           ----------------- ---- -----------
                           unnamed_segment_0    0       0.626

Final hold Worst Negative Slack (hWNS): -0.194417 ns
Final hold Total Negative Slack (hTNS): -6.37998 ns

Final hold slack histogram:
[ -1.9e-10:  1.2e-10) 142 (  7.3%) |***********
[  1.2e-10:  4.4e-10) 548 ( 28.3%) |********************************************
[  4.4e-10:  7.6e-10) 586 ( 30.3%) |***********************************************
[  7.6e-10:  1.1e-09) 354 ( 18.3%) |****************************
[  1.1e-09:  1.4e-09)  85 (  4.4%) |*******
[  1.4e-09:  1.7e-09)   9 (  0.5%) |*
[  1.7e-09:    2e-09)  24 (  1.2%) |**
[    2e-09:  2.4e-09) 131 (  6.8%) |***********
[  2.4e-09:  2.7e-09)  52 (  2.7%) |****
[  2.7e-09:    3e-09)   3 (  0.2%) |

Final critical path delay (least slack): 6.2441 ns, Fmax: 160.151 MHz
Final setup Worst Negative Slack (sWNS): -6.2441 ns
Final setup Total Negative Slack (sTNS): -4707.99 ns

Final setup slack histogram:
[ -6.2e-09: -5.6e-09)  18 (  0.9%) |**
[ -5.6e-09:   -5e-09) 116 (  6.0%) |**************
[   -5e-09: -4.4e-09) 101 (  5.2%) |*************
[ -4.4e-09: -3.8e-09)  93 (  4.8%) |************
[ -3.8e-09: -3.2e-09) 163 (  8.4%) |********************
[ -3.2e-09: -2.6e-09) 229 ( 11.8%) |****************************
[ -2.6e-09:   -2e-09) 379 ( 19.6%) |***********************************************
[   -2e-09: -1.4e-09) 309 ( 16.0%) |**************************************
[ -1.4e-09: -8.1e-10) 355 ( 18.4%) |********************************************
[ -8.1e-10: -2.1e-10) 171 (  8.8%) |*********************

Final geomean non-virtual intra-domain period: 6.2441 ns (160.151 MHz)
Final fanout-weighted geomean non-virtual intra-domain period: 6.2441 ns (160.151 MHz)

Incr Slack updates 1 in 9.7164e-05 sec
Full Max Req/Worst Slack updates 1 in 1.8886e-05 sec
Incr Max Req/Worst Slack updates 0 in 0 sec
Incr Criticality updates 0 in 0 sec
Full Criticality updates 1 in 0.000147054 sec
Flow timing analysis took 0.489027 seconds (0.444026 STA, 0.0450009 slack) (129 full updates: 88 setup, 0 hold, 41 combined).
VPR succeeded
The entire flow of VPR took 2.75 seconds (max_rss 456.4 MiB)
Incr Slack updates 40 in 0.00364671 sec
Full Max Req/Worst Slack updates 14 in 0.000250212 sec
Incr Max Req/Worst Slack updates 26 in 0.000631746 sec
Incr Criticality updates 11 in 0.00136075 sec
Full Criticality updates 29 in 0.00424828 sec

=== STDERR ===

=== RETURN CODE: 0 ===
