=== STDOUT ===
VPR FPGA Placement and Routing.
Version: 9.0.0-dev+v8.0.0-11943-g8cb20aa52-dirty
Revision: v8.0.0-11943-g8cb20aa52-dirty
Compiled: 2025-11-07T02:08:24
Compiler: GNU 13.3.0 on Linux-6.6.87.2-microsoft-standard-WSL2 x86_64
Build Info: release IPO VTR_ASSERT_LEVEL=2

University of Toronto
verilogtorouting.org
vtr-users@googlegroups.com
This is free open source code under MIT license.

VPR was run with the following command-line:
./vtr-verilog-to-routing/vpr/vpr k6_N10_mem32K_40nm.xml sha.blif --route_chan_width 42 --seed 1


Architecture file: k6_N10_mem32K_40nm.xml
Circuit name: sha

# Loading Architecture Description
# Loading Architecture Description took 0.00 seconds (max_rss 456.4 MiB, delta_rss +0.0 MiB)

Timing analysis: ON
Circuit netlist file: sha.net
Circuit placement file: sha.place
Circuit routing file: sha.route
Circuit SDC file: sha.sdc
Vpr floorplanning constraints file: not specified

Packer: ENABLED
Placer: ENABLED
Analytical Placer: DISABLED
Router: ENABLED
Analysis: ENABLED

VPR was run with the following options:

NetlistOpts.absorb_buffer_luts            : true
NetlistOpts.sweep_dangling_primary_ios    : true
NetlistOpts.sweep_dangling_nets           : true
NetlistOpts.sweep_dangling_blocks         : true
NetlistOpts.sweep_constant_primary_outputs: false
NetlistOpts.netlist_verbosity             : 1
NetlistOpts.const_gen_inference           : COMB_SEQ

PackerOpts.allow_unrelated_clustering: auto
PackerOpts.alpha_clustering: 0.750000
PackerOpts.beta_clustering: 0.900000
PackerOpts.cluster_seed_type: BLEND2
PackerOpts.connection_driven: true
PackerOpts.global_clocks: true
PackerOpts.inter_cluster_net_delay: 1.000000
PackerOpts.timing_driven: true
PackerOpts.target_external_pin_util: auto

PlacerOpts.place_freq: PLACE_ONCE
PlacerOpts.place_algorithm: CRITICALITY_TIMING_PLACE
PlacerOpts.pad_loc_type: FREE
PlacerOpts.constraints_file: No constraints file given
PlacerOpts.place_chan_width: 42
PlacerOpts.inner_loop_recompute_divider: 0
PlacerOpts.recompute_crit_iter: 1
PlacerOpts.timing_tradeoff: 0.500000
PlacerOpts.td_place_exp_first: 1.000000
PlacerOpts.td_place_exp_last: 8.000000
PlacerOpts.delay_offset: 0.000000
PlacerOpts.delay_ramp_delta_threshold: -1
PlacerOpts.delay_ramp_slope: 0.000000
PlacerOpts.tsu_rel_margin: 1.000000
PlacerOpts.tsu_abs_margin: 0.000000
PlacerOpts.post_place_timing_report_file: 
PlacerOpts.allowed_tiles_for_delay_model: 
PlacerOpts.delay_model_reducer: MIN
PlacerOpts.delay_model_type: SIMPLE
PlacerOpts.rlim_escape_fraction: 0.000000
PlacerOpts.move_stats_file: 
PlacerOpts.placement_saves_per_temperature: 0
PlacerOpts.effort_scaling: CIRCUIT
PlacerOpts.place_delta_delay_matrix_calculation_method: ASTAR_ROUTE
PlaceOpts.seed: 1
AnnealSched.type: AUTO_SCHED
AnnealSched.inner_num: 0.500000

RouterOpts.route_type: DETAILED
RouterOpts.flat_routing: false
RouterOpts.choke_points: on
RouterOpts.router_algorithm: TIMING_DRIVEN
RouterOpts.base_cost_type: DELAY_NORMALIZED_LENGTH
RouterOpts.fixed_channel_width: 42
RouterOpts.check_route: FULL
RouterOpts.acc_fac: 1.000000
RouterOpts.bb_factor: 3
RouterOpts.bend_cost: 0.000000
RouterOpts.first_iter_pres_fac: 0.000000
RouterOpts.initial_pres_fac: 0.500000
RouterOpts.pres_fac_mult: 1.300000
RouterOpts.max_pres_fac: 1000.000000
RouterOpts.max_router_iterations: 50
RouterOpts.min_incremental_reroute_fanout: 16
RouterOpts.do_check_rr_graph: true
RouterOpts.verify_binary_search: false
RouterOpts.min_channel_width_hint: 0
RouterOpts.read_rr_edge_metadata: false
RouterOpts.exit_after_first_routing_iteration: false
RouterOpts.astar_fac: 1.200000
RouterOpts.astar_offset: 0.000000
RouterOpts.router_profiler_astar_fac: 1.200000
RouterOpts.criticality_exp: 1.000000
RouterOpts.max_criticality: 0.990000
RouterOpts.init_wirelength_abort_threshold: 0.850000
RouterOpts.incr_reroute_delay_ripup: AUTO
RouterOpts.save_routing_per_iteration: false
RouterOpts.congested_routing_iteration_threshold_frac: 1.000000
RouterOpts.high_fanout_threshold: 64
RouterOpts.router_debug_net: -2
RouterOpts.router_debug_sink_rr: -2
RouterOpts.router_debug_iteration: -2
RouterOpts.max_convergence_count: 1
RouterOpts.reconvergence_cpd_threshold: 0.990000
RouterOpts.update_lower_bound_delays: true
RouterOpts.first_iteration_timing_report_file: 
RouterOpts.route_bb_update: DYNAMIC
RouterOpts.lookahead_type: MAP
RouterOpts.initial_timing: LOOKAHEAD
RouterOpts.router_heap: FOUR_ARY_HEAP
RouterOpts.routing_failure_predictor = SAFE
RouterOpts.routing_budgets_algorithm = DISABLE

AnalysisOpts.gen_post_synthesis_netlist: false
AnalysisOpts.timing_report_npaths: 100
AnalysisOpts.timing_report_skew: false
AnalysisOpts.echo_dot_timing_graph_node: -1
AnalysisOpts.timing_report_detail: NETLIST
AnalysisOpts.post_synth_netlist_unconn_input_handling: UNCONNECTED
AnalysisOpts.post_synth_netlist_unconn_output_handling: UNCONNECTED

# Building complex block graph
Warning 1: io[0].clock[0] unconnected pin in architecture.
# Building complex block graph took 0.01 seconds (max_rss 456.4 MiB, delta_rss +0.0 MiB)
Circuit file: sha.blif
# Load circuit
Found constant-zero generator 'n4589'
# Load circuit took 0.02 seconds (max_rss 456.4 MiB, delta_rss +0.0 MiB)
# Clean circuit
Absorbed 36 LUT buffers
Inferred    0 additional primitive pins as constant generators since they have no combinationally connected inputs
Inferred    1 additional primitive pins as constant generators due to constant inputs
Inferred    0 additional primitive pins as constant generators since they have no combinationally connected inputs
Inferred    0 additional primitive pins as constant generators due to constant inputs
Swept input(s)      : 0
Swept output(s)     : 0 (0 dangling, 0 constant)
Swept net(s)        : 0
Swept block(s)      : 0
Constant Pins Marked: 1
# Clean circuit took 0.00 seconds (max_rss 456.4 MiB, delta_rss +0.0 MiB)
# Compress circuit
# Compress circuit took 0.00 seconds (max_rss 456.4 MiB, delta_rss +0.0 MiB)
# Verify circuit
# Verify circuit took 0.00 seconds (max_rss 456.4 MiB, delta_rss +0.0 MiB)
Circuit Statistics:
  Blocks: 3262
    .input :      38
    .latch :     911
    .names :    2277
        0-LUT:       1
        1-LUT:       3
        2-LUT:      80
        3-LUT:     169
        4-LUT:     606
        5-LUT:     663
        6-LUT:     755
    .output:      36
  Nets  : 3226
    Avg Fanout:     4.0
    Max Fanout:   911.0
    Min Fanout:     1.0
  Netlist Clocks: 1
# Build Timing Graph
  Timing Graph Nodes: 16023
  Timing Graph Edges: 25558
  Timing Graph Levels: 46
# Build Timing Graph took 0.01 seconds (max_rss 456.4 MiB, delta_rss +0.0 MiB)
Netlist contains 1 clocks
  Netlist Clock 'top^clk_i' Fanout: 911 pins (5.7%), 911 blocks (27.9%)
# Load Timing Constraints

SDC file 'sha.sdc' not found
Setting default timing constraints:
   * constrain all primay inputs and primary outputs on netlist clock 'top^clk_i'
   * optimize netlist clock to run as fast as possible
Timing constraints created 1 clocks
  Constrained Clock 'top^clk_i' Source: 'top^clk_i.inpad[0]'

# Load Timing Constraints took 0.00 seconds (max_rss 456.4 MiB, delta_rss +0.0 MiB)
# Packing
Begin packing 'sha.blif'.

After removing unused inputs...
	total blocks: 3262, total nets: 3226, total inputs: 38, total outputs: 36
Begin prepacking.
0 attraction groups were created during prepacking.
Finish prepacking.
Using inter-cluster delay: 1.33777e-09
Packing with pin utilization targets: io:1,1 clb:0.8,0.6 mult_36:1,1 memory:1,1
Packing with high fanout thresholds: io:128 clb:32 mult_36:128 memory:128
Starting Clustering - Clustering Progress: 
-------------------   --------------------------   ---------
Molecules processed   Number of clusters created   FPGA size
-------------------   --------------------------   ---------
    98/2354      4%                           10     6 x 6     
   194/2354      8%                           20     7 x 7     
   294/2354     12%                           30     9 x 9     
   393/2354     16%                           40    10 x 10    
   489/2354     20%                           50    11 x 11    
   585/2354     24%                           60    11 x 11    
   682/2354     28%                           70    12 x 12    
   779/2354     33%                           80    13 x 13    
   874/2354     37%                           93    14 x 14    
   972/2354     41%                          106    14 x 14    
  1068/2354     45%                          118    15 x 15    
  1168/2354     49%                          130    15 x 15    
  1268/2354     53%                          140    16 x 16    
  1368/2354     58%                          150    17 x 17    
  1471/2354     62%                          162    17 x 17    
  1571/2354     66%                          172    18 x 18    
  1671/2354     70%                          182    18 x 18    
  1771/2354     75%                          192    18 x 18    
  1871/2354     79%                          202    19 x 19    
  1971/2354     83%                          212    19 x 19    
  2071/2354     87%                          222    20 x 20    
  2171/2354     92%                          232    20 x 20    
  2265/2354     96%                          245    21 x 21    
  2354/2354    100%                          325    21 x 21    

Logic Element (fle) detailed count:
  Total number of Logic Elements used : 2280
  LEs used for logic and registers    : 908
  LEs used for logic only             : 1369
  LEs used for registers only         : 3

Incr Slack updates 1 in 0.000142521 sec
Full Max Req/Worst Slack updates 1 in 9.911e-06 sec
Incr Max Req/Worst Slack updates 0 in 0 sec
Incr Criticality updates 0 in 0 sec
Full Criticality updates 1 in 0.000199744 sec
FPGA sized to 21 x 21 (auto)
Device Utilization: 0.59 (target 1.00)
	Block Utilization: 0.12 Type: io
	Block Utilization: 0.94 Type: clb

Start the iterative improvement process
the iterative improvement process is done
Final Clustering Statistics: 
----------   --------   ------------------------------------   --------------------------
Block Type   # Blocks   Avg. # of input clocks and pins used   Avg. # of output pins used
----------   --------   ------------------------------------   --------------------------
     EMPTY          0                                      0                            0   
        io         74                               0.486486                     0.513514   
       clb        251                                19.7092                      4.53386   
   mult_36          0                                      0                            0   
    memory          0                                      0                            0   
Absorbed logical nets 2050 out of 3226 nets, 1176 nets not absorbed.

Netlist conversion complete.

# Packing took 0.51 seconds (max_rss 456.4 MiB, delta_rss +0.0 MiB)
# Load packing
Begin loading packed FPGA netlist file.
Netlist generated from file 'sha.net'.
Detected 1 constant generators (to see names run with higher pack verbosity)
Finished loading packed FPGA netlist file (took 0.110973 seconds).
Warning 2: Treated 0 constant nets as global which will not be routed (to see net names increase packer verbosity).
Warning 3: Netlist contains 0 global net to non-global architecture pin connections
Completed clustering consistency check successfully.
Cluster level netlist and block usage statistics
Netlist num_nets: 1176
Netlist num_blocks: 325
Netlist EMPTY blocks: 0.
Netlist io blocks: 74.
Netlist clb blocks: 251.
Netlist mult_36 blocks: 0.
Netlist memory blocks: 0.
Netlist inputs pins: 38
Netlist output pins: 36

Pb types usage...
  io         : 74
   inpad     : 38
   outpad    : 36
  clb        : 251
   fle       : 2280
    ble6     : 2280
     lut6    : 2277
      lut    : 2277
     ff      : 911

# Load packing took 0.19 seconds (max_rss 456.4 MiB, delta_rss +0.0 MiB)
# Create Device
## Build Device Grid
FPGA sized to 21 x 21: 441 grid tiles (auto)

Resource usage...
	Netlist
		74	blocks of type: io
	Architecture
		608	blocks of type: io
	Netlist
		251	blocks of type: clb
	Architecture
		266	blocks of type: clb
	Netlist
		0	blocks of type: mult_36
	Architecture
		8	blocks of type: mult_36
	Netlist
		0	blocks of type: memory
	Architecture
		9	blocks of type: memory

Device Utilization: 0.59 (target 1.00)
	Physical Tile io:
	Block Utilization: 0.12 Logical Block: io
	Physical Tile clb:
	Block Utilization: 0.94 Logical Block: clb
	Physical Tile mult_36:
	Block Utilization: 0.00 Logical Block: mult_36
	Physical Tile memory:
	Block Utilization: 0.00 Logical Block: memory

FPGA size limited by block type(s): clb

## Build Device Grid took 0.00 seconds (max_rss 456.4 MiB, delta_rss +0.0 MiB)
## Build routing resource graph
## Build routing resource graph took 0.06 seconds (max_rss 456.4 MiB, delta_rss +0.0 MiB)
  RR Graph Nodes: 32454
  RR Graph Edges: 177780
# Create Device took 0.07 seconds (max_rss 456.4 MiB, delta_rss +0.0 MiB)

# Computing router lookahead map
## Computing wire lookahead
## Computing wire lookahead took 0.03 seconds (max_rss 456.4 MiB, delta_rss +0.0 MiB)
## Computing src/opin lookahead
Warning 4: Found no more sample locations for SOURCE in io
Warning 5: Found no more sample locations for OPIN in io
Warning 6: Found no more sample locations for SOURCE in clb
Warning 7: Found no more sample locations for OPIN in clb
Warning 8: Found no more sample locations for SOURCE in mult_36
Warning 9: Found no more sample locations for OPIN in mult_36
Warning 10: Found no more sample locations for SOURCE in memory
Warning 11: Found no more sample locations for OPIN in memory
## Computing src/opin lookahead took 0.00 seconds (max_rss 456.4 MiB, delta_rss +0.0 MiB)
# Computing router lookahead map took 0.03 seconds (max_rss 456.4 MiB, delta_rss +0.0 MiB)
# Computing placement delta delay look-up
RR graph channel widths unchanged, skipping RR graph rebuild
Serial Connection Router is being destroyed. Time spent on path search: 0.000 seconds.
# Computing placement delta delay look-up took 0.00 seconds (max_rss 456.4 MiB, delta_rss +0.0 MiB)

Bounding box mode is Cube

# Compressed grid construction
# Compressed grid construction took 0.00 seconds (max_rss 456.4 MiB, delta_rss +0.0 MiB)
# Placement
## Initial Placement
Initial placement iteration 0 has finished successfully
## Initial Placement took 0.00 seconds (max_rss 456.4 MiB, delta_rss +0.0 MiB)
Using simple RL 'Softmax agent' for choosing move and block types

BB estimate of min-dist (placement) wire length: 28242

Completed placement consistency check successfully.
Initial placement cost: 1 bb_cost: 672.43 td_cost: 7.70653e-07
Initial placement estimated Critical Path Delay (CPD): 23.5893 ns
Initial placement estimated setup Total Negative Slack (sTNS): -6083.97 ns
Initial placement estimated setup Worst Negative Slack (sWNS): -23.5893 ns

Initial placement estimated setup slack histogram:
[ -2.4e-08: -2.1e-08)   6 (  0.6%) |
[ -2.1e-08: -1.9e-08)   6 (  0.6%) |
[ -1.9e-08: -1.7e-08)   2 (  0.2%) |
[ -1.7e-08: -1.4e-08)   5 (  0.5%) |
[ -1.4e-08: -1.2e-08)   6 (  0.6%) |
[ -1.2e-08: -9.7e-09)  34 (  3.6%) |**
[ -9.7e-09: -7.4e-09)  45 (  4.8%) |***
[ -7.4e-09: -5.1e-09) 732 ( 77.4%) |***********************************************
[ -5.1e-09: -2.8e-09)   6 (  0.6%) |
[ -2.8e-09:   -5e-10) 104 ( 11.0%) |*******
Placement contains 0 placement macros involving 0 blocks (average macro size -nan)

Moves per temperature: 1117
Warning 12: Starting t: 128 of 325 configurations accepted.

---- ------ ------- ------- ---------- ---------- ------- ---------- -------- ------- ------- ------ -------- --------- ------
Tnum   Time       T Av Cost Av BB Cost Av TD Cost     CPD       sTNS     sWNS Ac Rate Std Dev  R lim Crit Exp Tot Moves  Alpha
      (sec)                                          (ns)       (ns)     (ns)                                                 
---- ------ ------- ------- ---------- ---------- ------- ---------- -------- ------- ------- ------ -------- --------- ------
   1    0.0 6.5e-04   0.947     548.97 7.2773e-07  18.797  -5.74e+03  -18.797   0.491  0.0321   20.0     1.00      1117  1.000
   2    0.0 6.2e-04   0.969     511.35 7.302e-07   17.191  -5.77e+03  -17.191   0.460  0.0147   20.0     1.00      2234  0.950
   3    0.0 5.8e-04   0.980     486.66 6.557e-07   17.640     -5e+03  -17.640   0.394  0.0134   20.0     1.00      3351  0.950
   4    0.0 5.6e-04   0.984     469.66 4.9704e-07  15.818  -5.25e+03  -15.818   0.385  0.0056   19.1     1.34      4468  0.950
   5    0.0 5.3e-04   0.992     461.57 3.6251e-07  15.920  -5.13e+03  -15.920   0.375  0.0062   18.0     1.73      5585  0.950
   6    0.0 5.0e-04   0.989     450.49 2.8804e-07  15.620  -5.25e+03  -15.620   0.330  0.0065   16.9     2.16      6702  0.950
   7    0.0 4.8e-04   0.994     445.37 2.1699e-07  15.135  -5.21e+03  -15.135   0.308  0.0038   15.0     2.84      7819  0.950
   8    0.0 4.5e-04   0.991     443.13 1.7611e-07  14.992  -5.16e+03  -14.992   0.326  0.0043   13.0     3.57      8936  0.950
   9    0.0 4.3e-04   0.994     440.20 1.5423e-07  14.957  -5.13e+03  -14.957   0.329  0.0040   11.5     4.12     10053  0.950
  10    0.0 4.1e-04   0.987     432.45 1.3783e-07  14.900  -5.01e+03  -14.900   0.315  0.0039   10.3     4.59     11170  0.950
  11    0.0 3.9e-04   0.992     430.84 1.3087e-07  14.650  -5.25e+03  -14.650   0.315  0.0049    9.0     5.06     12287  0.950
  12    0.0 3.7e-04   0.994     427.19 1.228e-07   14.623  -5.33e+03  -14.623   0.304  0.0044    7.9     5.47     13404  0.950
  13    0.0 3.5e-04   0.995     421.15 1.1486e-07  14.676  -5.29e+03  -14.676   0.299  0.0037    6.8     5.87     14521  0.950
  14    0.0 3.3e-04   0.998     418.06 1.0936e-07  14.699  -5.37e+03  -14.699   0.279  0.0013    5.8     6.22     15638  0.950
  15    0.0 3.2e-04   0.994     415.68 1.0422e-07  14.587  -5.14e+03  -14.587   0.295  0.0015    4.9     6.57     16755  0.950
  16    0.0 3.0e-04   0.992     410.45 1.0494e-07  14.280  -5.15e+03  -14.280   0.303  0.0046    4.2     6.83     17872  0.950
  17    0.0 2.9e-04   0.994     405.20 1.0096e-07  14.307  -5.24e+03  -14.307   0.291  0.0037    3.6     7.04     18989  0.950
  18    0.0 2.7e-04   0.999     399.18 1.0334e-07  14.308  -5.32e+03  -14.308   0.311  0.0015    3.1     7.24     20106  0.950
  19    0.0 2.6e-04   0.996     395.79 1.0678e-07  14.100  -5.33e+03  -14.100   0.441  0.0046    2.7     7.38     21223  0.950
  20    0.0 2.4e-04   0.996     391.30 1.0133e-07  14.248  -5.04e+03  -14.248   0.427  0.0038    2.7     7.38     22340  0.950
  21    0.0 2.3e-04   0.999     385.13 1.0281e-07  14.144     -5e+03  -14.144   0.420  0.0022    2.6     7.40     23457  0.950
  22    0.0 2.2e-04   1.001     382.50 1.0698e-07  14.022  -4.98e+03  -14.022   0.398  0.0011    2.6     7.41     24574  0.950
  23    0.0 2.1e-04   0.996     381.19 1.0394e-07  14.021  -5.04e+03  -14.021   0.405  0.0025    2.5     7.45     25691  0.950
  24    0.0 2.0e-04   0.995     377.81 9.9795e-08  14.140  -4.88e+03  -14.140   0.385  0.0024    2.4     7.49     26808  0.950
  25    0.0 1.9e-04   0.992     372.55 9.804e-08   14.157  -5.03e+03  -14.157   0.399  0.0039    2.3     7.54     27925  0.950
  26    0.0 1.8e-04   0.997     369.73 9.8752e-08  14.197  -5.06e+03  -14.197   0.332  0.0010    2.2     7.57     29042  0.950
  27    0.0 1.7e-04   1.000     369.02 9.8903e-08  14.122  -4.89e+03  -14.122   0.373  0.0011    1.9     7.66     30159  0.950
  28    0.0 1.6e-04   0.999     367.62 9.92e-08    14.058  -4.94e+03  -14.058   0.350  0.0020    1.8     7.70     31276  0.950
  29    0.0 1.5e-04   0.997     364.81 9.2233e-08  14.206  -4.85e+03  -14.206   0.334  0.0016    1.6     7.76     32393  0.950
  30    0.0 1.5e-04   1.001     364.10 9.2413e-08  14.227  -5.02e+03  -14.227   0.311  0.0008    1.5     7.83     33510  0.950
  31    0.0 1.4e-04   0.999     363.73 9.1259e-08  14.270  -4.97e+03  -14.270   0.295  0.0008    1.3     7.90     34627  0.950
  32    0.0 1.3e-04   0.998     361.59 9.1575e-08  14.216  -4.92e+03  -14.216   0.312  0.0022    1.1     7.97     35744  0.950
  33    0.0 1.3e-04   1.000     359.91 9.4203e-08  14.140  -4.96e+03  -14.140   0.286  0.0006    1.0     8.00     36861  0.950
  34    0.0 1.2e-04   0.999     359.53 9.2938e-08  14.164  -4.96e+03  -14.164   0.290  0.0003    1.0     8.00     37978  0.950
  35    0.0 1.1e-04   1.001     359.85 9.402e-08   14.157  -4.99e+03  -14.157   0.294  0.0008    1.0     8.00     39095  0.950
  36    0.0 1.1e-04   0.998     358.23 9.0728e-08  14.227  -5.05e+03  -14.227   0.284  0.0014    1.0     8.00     40212  0.950
  37    0.0 1.0e-04   0.999     357.42 9.0529e-08  14.225  -4.87e+03  -14.225   0.274  0.0012    1.0     8.00     41329  0.950
  38    0.0 9.7e-05   1.000     358.17 9.0934e-08  14.098  -4.97e+03  -14.098   0.225  0.0008    1.0     8.00     42446  0.950
  39    0.0 9.2e-05   1.001     357.87 9.0798e-08  14.098     -5e+03  -14.098   0.236  0.0004    1.0     8.00     43563  0.950
  40    0.0 8.8e-05   1.000     357.48 8.8543e-08  14.168  -4.99e+03  -14.168   0.238  0.0003    1.0     8.00     44680  0.950
  41    0.0 8.3e-05   0.999     356.57 8.8532e-08  14.136  -5.06e+03  -14.136   0.261  0.0003    1.0     8.00     45797  0.950
  42    0.0 7.9e-05   1.000     356.14 8.8682e-08  14.168  -5.07e+03  -14.168   0.252  0.0005    1.0     8.00     46914  0.950
  43    0.0 7.5e-05   1.000     355.28 9.1894e-08  14.066  -5.04e+03  -14.066   0.241  0.0006    1.0     8.00     48031  0.950
  44    0.0 7.1e-05   1.000     354.73 9.3264e-08  14.066  -5.05e+03  -14.066   0.203  0.0002    1.0     8.00     49148  0.950
  45    0.0 6.8e-05   0.999     354.37 9.3313e-08  13.996  -5.06e+03  -13.996   0.224  0.0005    1.0     8.00     50265  0.950
  46    0.0 6.4e-05   0.999     353.69 9.281e-08   14.110  -5.04e+03  -14.110   0.216  0.0008    1.0     8.00     51382  0.950
  47    0.0 6.1e-05   1.001     353.35 9.3517e-08  14.040  -4.99e+03  -14.040   0.232  0.0004    1.0     8.00     52499  0.950
  48    0.0 5.8e-05   0.999     352.91 9.3528e-08  14.040  -4.99e+03  -14.040   0.220  0.0005    1.0     8.00     53616  0.950
  49    0.0 5.5e-05   0.999     352.09 9.3469e-08  14.040  -4.99e+03  -14.040   0.178  0.0004    1.0     8.00     54733  0.950
  50    0.0 5.2e-05   0.999     351.04 9.3202e-08  13.996  -4.99e+03  -13.996   0.176  0.0002    1.0     8.00     55850  0.950
  51    0.0 5.0e-05   1.000     350.69 9.3624e-08  14.040     -5e+03  -14.040   0.165  0.0002    1.0     8.00     56967  0.950
  52    0.0 4.7e-05   1.000     350.80 9.3241e-08  13.996  -4.99e+03  -13.996   0.154  0.0001    1.0     8.00     58084  0.950
  53    0.0 4.5e-05   1.000     350.78 9.3483e-08  14.040  -4.99e+03  -14.040   0.166  0.0003    1.0     8.00     59201  0.950
  54    0.0 4.3e-05   0.999     350.36 9.3532e-08  14.040     -5e+03  -14.040   0.167  0.0004    1.0     8.00     60318  0.950
  55    0.0 4.1e-05   1.000     350.14 9.3416e-08  14.040  -4.99e+03  -14.040   0.150  0.0002    1.0     8.00     61435  0.950
Agent's 2nd state: 
  56    0.0 3.2e-05   0.999     350.05 9.3347e-08  14.040  -4.99e+03  -14.040   0.141  0.0004    1.0     8.00     62552  0.800
Checkpoint saved: bb_costs=350, TD costs=9.30953e-08, CPD= 13.996 (ns) 
  57    0.0 2.6e-05   0.999     349.15 9.3142e-08  13.996  -4.99e+03  -13.996   0.093  0.0003    1.0     8.00     63669  0.800
  58    0.0 2.1e-05   0.999     348.37 9.3297e-08  13.996  -4.98e+03  -13.996   0.085  0.0004    1.0     8.00     64786  0.800
  59    0.0 1.7e-05   0.999     346.76 9.5352e-08  13.996  -5.01e+03  -13.996   0.080  0.0002    1.0     8.00     65903  0.800
  60    0.0 1.3e-05   1.000     346.61 9.5461e-08  13.996     -5e+03  -13.996   0.053  0.0001    1.0     8.00     67020  0.800
  61    0.0 1.1e-05   1.000     346.40 9.5349e-08  13.996  -4.99e+03  -13.996   0.057  0.0001    1.0     8.00     68137  0.800
  62    0.0 8.5e-06   1.000     346.33 9.3341e-08  13.996     -5e+03  -13.996   0.049  0.0001    1.0     8.00     69254  0.800
  63    0.0 6.8e-06   1.000     346.07 9.5325e-08  13.996     -5e+03  -13.996   0.040  0.0001    1.0     8.00     70371  0.800
  64    0.0 5.5e-06   1.000     346.03 9.3345e-08  13.996     -5e+03  -13.996   0.044  0.0001    1.0     8.00     71488  0.800
  65    0.0 4.4e-06   1.000     345.90 9.534e-08   13.996     -5e+03  -13.996   0.054  0.0001    1.0     8.00     72605  0.800
  66    0.0 0.0e+00   1.000     345.86 9.5423e-08  13.996     -5e+03  -13.996   0.017  0.0000    1.0     8.00     73722  0.800
## Placement Quench took 0.01 seconds (max_rss 456.4 MiB)
post-quench CPD = 13.9958 (ns) 

BB estimate of min-dist (placement) wire length: 14529

Completed placement consistency check successfully.

Swaps called: 74047

Aborted Move Reasons:
  No moves aborted

Placement estimated critical path delay (least slack): 13.9958 ns, Fmax: 71.45 MHz
Placement estimated setup Worst Negative Slack (sWNS): -13.9958 ns
Placement estimated setup Total Negative Slack (sTNS): -5002.49 ns

Placement estimated setup slack histogram:
[ -1.4e-08: -1.3e-08)   7 (  0.7%) |*
[ -1.3e-08: -1.1e-08)   5 (  0.5%) |
[ -1.1e-08: -9.9e-09)  13 (  1.4%) |*
[ -9.9e-09: -8.6e-09)  27 (  2.9%) |**
[ -8.6e-09: -7.2e-09)  20 (  2.1%) |**
[ -7.2e-09: -5.9e-09) 194 ( 20.5%) |*****************
[ -5.9e-09: -4.5e-09) 526 ( 55.6%) |***********************************************
[ -4.5e-09: -3.2e-09)  47 (  5.0%) |****
[ -3.2e-09: -1.8e-09)   8 (  0.8%) |*
[ -1.8e-09:   -5e-10)  99 ( 10.5%) |*********

Placement estimated geomean non-virtual intra-domain period: 13.9958 ns (71.45 MHz)
Placement estimated fanout-weighted geomean non-virtual intra-domain period: 13.9958 ns (71.45 MHz)

Placement cost: 0.999908, bb_cost: 345.938, td_cost: 9.32286e-08, 

Placement resource usage:
  io  implemented as io : 74
  clb implemented as clb: 251

Placement number of temperatures: 66
Placement total # of swap attempts: 74047
	Swaps accepted: 19269 (26.0 %)
	Swaps rejected: 51038 (68.9 %)
	Swaps aborted:  3740 ( 5.1 %)


Placement perturbation distribution by block and move type: 
------------------ ----------------- ---------------- ---------------- --------------- ------------ 
    Block Type         Move Type       (%) of Total      Accepted(%)     Rejected(%)    Aborted(%)
------------------ ----------------- ---------------- ---------------- --------------- ------------ 
io                 Uniform                5.46             77.31           22.69          0.00         
                   Median                 5.22             53.43           13.90          32.67        
                   Centroid               5.08             60.92           14.87          24.21        
                   W. Centroid            5.41             60.28           14.59          25.13        
                   W. Median              0.50             13.75           39.35          46.90        

clb                Uniform                18.48            14.94           85.06          0.00         
                   Median                 18.10            22.02           75.39          2.58         
                   Centroid               17.88            16.11           83.89          0.00         
                   W. Centroid            17.98            16.04           83.93          0.03         
                   W. Median              1.63             3.32            93.53          3.15         
                   Crit. Uniform          2.17             0.37            99.63          0.00         
                   Feasible Region        2.11             1.09            98.91          0.00         


Placement Quench timing analysis took 0.00134123 seconds (0.00112718 STA, 0.000214053 slack) (1 full updates: 1 setup, 0 hold, 0 combined).
Placement Total  timing analysis took 0.11627 seconds (0.098041 STA, 0.0182294 slack) (68 full updates: 68 setup, 0 hold, 0 combined).
update_td_costs: connections 0 nets 0 sum_nets 0 total 0
# Placement took 0.43 seconds (max_rss 456.4 MiB, delta_rss +0.0 MiB)

# Routing
RR graph channel widths unchanged, skipping RR graph rebuild
## Initializing router criticalities
Initial Net Connection Criticality Histogram:
[        0:      0.1) 1256 ( 25.2%) |**********************************************
[      0.1:      0.2)  798 ( 16.0%) |*****************************
[      0.2:      0.3) 1073 ( 21.5%) |***************************************
[      0.3:      0.4)  691 ( 13.9%) |*************************
[      0.4:      0.5)  384 (  7.7%) |**************
[      0.5:      0.6)  108 (  2.2%) |****
[      0.6:      0.7)  129 (  2.6%) |*****
[      0.7:      0.8)  102 (  2.0%) |****
[      0.8:      0.9)  102 (  2.0%) |****
[      0.9:        1)  340 (  6.8%) |************
## Initializing router criticalities took 0.03 seconds (max_rss 456.4 MiB, delta_rss +0.0 MiB)
---- ------ ------- ---- ------- ------- ------- ----------------- --------------- -------- ---------- ---------- ---------- ---------- --------
Iter   Time    pres  BBs    Heap  Re-Rtd  Re-Rtd Overused RR Nodes      Wirelength      CPD       sTNS       sWNS       hTNS       hWNS Est Succ
      (sec)     fac Updt    push    Nets   Conns                                       (ns)       (ns)       (ns)       (ns)       (ns)     Iter
---- ------ ------- ---- ------- ------- ------- ----------------- --------------- -------- ---------- ---------- ---------- ---------- --------
   1    0.0     0.0    0  145214    1175    4742    2704 ( 8.332%)   17320 (54.3%)   13.664     -5216.    -13.664      0.000      0.000      N/A
Incr Slack updates 68 in 0.00631225 sec
Full Max Req/Worst Slack updates 32 in 0.000335794 sec
Incr Max Req/Worst Slack updates 36 in 0.000477601 sec
Incr Criticality updates 16 in 0.00214478 sec
Full Criticality updates 52 in 0.00767087 sec
   2    0.0     0.5    0  149914    1138    4588    1872 ( 5.768%)   17470 (54.7%)   13.656     -4978.    -13.656      0.000      0.000      N/A
   3    0.0     0.6    0  149734    1023    4129    1873 ( 5.771%)   17624 (55.2%)   13.678     -5306.    -13.678      0.000      0.000      N/A
   4    0.0     0.8    0  166705    1023    3960    1622 ( 4.998%)   18094 (56.7%)   13.675     -5436.    -13.675      0.000      0.000      N/A
   5    0.0     1.1    0  172616     944    3598    1219 ( 3.756%)   18398 (57.6%)   13.679     -5461.    -13.679      0.000      0.000      N/A
   6    0.0     1.4    0  151783     837    2908     854 ( 2.631%)   18648 (58.4%)   13.685     -5338.    -13.685      0.000      0.000      N/A
   7    0.0     1.9    0  134884     674    2450     663 ( 2.043%)   19015 (59.6%)   13.837     -5362.    -13.837      0.000      0.000      N/A
   8    0.0     2.4    0  114935     582    2054     495 ( 1.525%)   19411 (60.8%)   13.822     -5496.    -13.822      0.000      0.000      N/A
   9    0.0     3.1    0  105801     466    1831     389 ( 1.199%)   19817 (62.1%)   13.692     -5528.    -13.692      0.000      0.000      N/A
  10    0.0     4.1    0   85211     412    1366     256 ( 0.789%)   20307 (63.6%)   13.690     -5477.    -13.690      0.000      0.000       30
  11    0.0     5.3    0   67366     329    1142     199 ( 0.613%)   20598 (64.5%)   13.686     -5776.    -13.686      0.000      0.000       29
  12    0.0     6.9    0   46600     258     794     143 ( 0.441%)   20885 (65.4%)   13.685     -6182.    -13.685      0.000      0.000       29
  13    0.0     9.0    0   56966     205     878     136 ( 0.419%)   21229 (66.5%)   13.685     -5800.    -13.685      0.000      0.000       28
  14    0.0    11.6    0   51934     198     639      91 ( 0.280%)   21683 (67.9%)   13.687     -6134.    -13.687      0.000      0.000       30
  15    0.0    15.1    0   30971     144     396      73 ( 0.225%)   21857 (68.5%)   13.689     -6361.    -13.689      0.000      0.000       30
  16    0.0    19.7    0   36489     135     388      53 ( 0.163%)   22261 (69.7%)   13.682     -6369.    -13.682      0.000      0.000       31
  17    0.0    25.6    0   27621     104     286      40 ( 0.123%)   22564 (70.7%)   13.693     -6370.    -13.693      0.000      0.000       31
  18    0.0    33.3    0   22297      89     269      27 ( 0.083%)   22767 (71.3%)   13.693     -7310.    -13.693      0.000      0.000       31
  19    0.0    43.3    0   12922      74     196      23 ( 0.071%)   22838 (71.5%)   13.693     -7310.    -13.693      0.000      0.000       30
  20    0.0    56.2    0    9979      64     175      19 ( 0.059%)   22902 (71.7%)   13.753     -7312.    -13.753      0.000      0.000       30
  21    0.0    73.1    0   12732      65     180      17 ( 0.052%)   22925 (71.8%)   13.753     -7312.    -13.753      0.000      0.000       31
  22    0.0    95.0    0    7426      57     149      15 ( 0.046%)   23003 (72.1%)   13.836     -7313.    -13.836      0.000      0.000       31
  23    0.0   123.5    0   10605      59     177      11 ( 0.034%)   23052 (72.2%)   13.836     -7313.    -13.836      0.000      0.000       32
  24    0.0   160.6    0    6016      53     152       8 ( 0.025%)   23080 (72.3%)   14.037     -7318.    -14.037      0.000      0.000       32
  25    0.0   208.8    0    8750      48     137       7 ( 0.022%)   23105 (72.4%)   14.037     -7318.    -14.037      0.000      0.000       33
  26    0.0   271.4    0    4382      43     122       5 ( 0.015%)   23117 (72.4%)   14.037     -7318.    -14.037      0.000      0.000       33
  27    0.0   352.8    0   19692      53     186       5 ( 0.015%)   23323 (73.1%)   14.183     -7321.    -14.183      0.000      0.000       33
  28    0.0   458.7    0    5246      48     131       4 ( 0.012%)   23301 (73.0%)   14.167     -7321.    -14.167      0.000      0.000       33
  29    0.0   596.3    0    5776      52     146       1 ( 0.003%)   23341 (73.1%)   14.167     -7321.    -14.167      0.000      0.000       34
  30    0.0   775.1    0   10066      48     245       1 ( 0.003%)   23350 (73.2%)   14.167     -7321.    -14.167      0.000      0.000       32
  31    0.0  1000.0    0    6077      47     142       1 ( 0.003%)   23358 (73.2%)   14.167     -7321.    -14.167      0.000      0.000       32
  32    0.0  1000.0    0    6441      49     145       1 ( 0.003%)   23362 (73.2%)   14.167     -7321.    -14.167      0.000      0.000       32
  33    0.0  1000.0    0    6420      48     144       1 ( 0.003%)   23358 (73.2%)   14.167     -7321.    -14.167      0.000      0.000       32
  34    0.0  1000.0    0    4801      48     143       0 ( 0.000%)   23358 (73.2%)   14.167     -7321.    -14.167      0.000      0.000       32
Restoring best routing
Critical path: 14.167 ns
Successfully routed after 34 routing iterations.
Final Net Connection Criticality Histogram:
[        0:      0.1) 983 ( 19.7%) |***********************************************
[      0.1:      0.2) 872 ( 17.5%) |******************************************
[      0.2:      0.3) 391 (  7.8%) |*******************
[      0.3:      0.4) 817 ( 16.4%) |***************************************
[      0.4:      0.5) 389 (  7.8%) |*******************
[      0.5:      0.6) 589 ( 11.8%) |****************************
[      0.6:      0.7) 380 (  7.6%) |******************
[      0.7:      0.8) 123 (  2.5%) |******
[      0.8:      0.9)  85 (  1.7%) |****
[      0.9:        1) 354 (  7.1%) |*****************
Router Stats: total_nets_routed: 10592 total_connections_routed: 38988 total_heap_pushes: 1854372 total_heap_pops: 325365 
Serial Connection Router is being destroyed. Time spent on path search: 0.081 seconds.
# Routing took 0.34 seconds (max_rss 456.4 MiB, delta_rss +0.0 MiB)

Checking to ensure routing is legal...
# Checking to ensure non-configurable edges are legal
# Checking to ensure non-configurable edges are legal took 0.00 seconds (max_rss 456.4 MiB, delta_rss +0.0 MiB)
Completed routing consistency check successfully.

Serial number (magic cookie) for the routing is: -1751848516
Circuit successfully routed with a channel width factor of 42.
# Synchronize the packed netlist to routing optimization
## Annotating rr_node with routed nets
## Annotating rr_node with routed nets took 0.00 seconds (max_rss 456.4 MiB, delta_rss +0.0 MiB)
Found 6692 mismatches between routing and packing results.
Fixed 4583 routing traces due to mismatch between routing and packing results.
# Synchronize the packed netlist to routing optimization took 0.02 seconds (max_rss 456.4 MiB, delta_rss +0.0 MiB)
Final Clustering Statistics: 
----------   --------   ------------------------------------   --------------------------
Block Type   # Blocks   Avg. # of input clocks and pins used   Avg. # of output pins used
----------   --------   ------------------------------------   --------------------------
     EMPTY          0                                      0                            0   
        io         74                               0.486486                     0.513514   
       clb        251                                19.7092                      4.53386   
   mult_36          0                                      0                            0   
    memory          0                                      0                            0   
Absorbed logical nets 2050 out of 3226 nets, 1176 nets not absorbed.


Average number of bends per net: 2.21787  Maximum # of bends: 38

Number of global nets: 1
Number of routed nets (nonglobal): 1175
Wire length results (in units of 1 clb segments)...
	Total wirelength: 23358, average net length: 19.8791
	Maximum net length: 424

Wire length results in terms of physical segments...
	Total wiring segments used: 6206, average wire segments per net: 5.28170
	Maximum segments used by a net: 116
	Total local nets with reserved CLB opins: 0
Total number of nets absorbed: 0

Routing channel utilization histogram:
[        1:      inf)   0 (  0.0%) |
[      0.9:        1) 148 ( 18.5%) |******************************
[      0.8:      0.9) 230 ( 28.8%) |***********************************************
[      0.7:      0.8) 196 ( 24.5%) |****************************************
[      0.5:      0.6)  62 (  7.8%) |*************
[      0.4:      0.5)  64 (  8.0%) |*************
[      0.3:      0.4)  18 (  2.2%) |****
[      0.2:      0.3)  28 (  3.5%) |******
[      0.1:      0.2)  10 (  1.2%) |**
[        0:      0.1)  44 (  5.5%) |*********
Maximum routing channel utilization:      0.98 at (6,6)

X - Directed channels:   j max occ ave occ capacity
                      ---- ------- ------- --------
                         0      38  25.048       42
                         1      39  24.667       42
                         2      38  25.952       42
                         3      39  28.048       42
                         4      41  28.286       42
                         5      40  28.381       42
                         6      41  30.476       42
                         7      39  29.524       42
                         8      36  28.000       42
                         9      38  28.714       42
                        10      41  29.333       42
                        11      39  28.667       42
                        12      38  28.952       42
                        13      40  31.095       42
                        14      41  31.000       42
                        15      41  30.333       42
                        16      37  26.667       42
                        17      35  25.190       42
                        18      37  23.905       42
                        19      35  21.286       42
Y - Directed channels:   i max occ ave occ capacity
                      ---- ------- ------- --------
                         0      36  19.048       42
                         1      34  19.381       42
                         2      33  22.524       42
                         3      39  27.571       42
                         4      36  27.524       42
                         5      37  28.333       42
                         6      40  30.238       42
                         7      41  31.714       42
                         8      39  31.095       42
                         9      42  29.571       42
                        10      41  31.286       42
                        11      40  30.476       42
                        12      40  30.762       42
                        13      41  30.476       42
                        14      40  28.333       42
                        15      40  31.524       42
                        16      41  30.429       42
                        17      38  26.190       42
                        18      41  26.095       42
                        19      40  26.190       42

Total tracks in x-direction: 840, in y-direction: 840

Logic area (in minimum width transistor areas, excludes I/Os and empty grid tiles)...
	Total logic block area (Warning, need to add pitch of routing to blocks with height > 3): 2.24358e+07
	Total used logic block area: 1.35274e+07

Routing area (in minimum width transistor areas)...
	Total routing area: 1.15066e+06, per logic tile: 2609.22

Total Number of Wiring Segments by Direction: direction length number
                                              --------- ------ -------
                                                      X      4   4620
                                                      Y      4   4620

X - Directed Wiring Segment usage by length: length utilization
                                             ------ -----------
                                             4       0.665

Y - Directed Wiring Segment usage by length: length utilization
                                             ------ -----------
                                             4       0.678

Segment occupancy by length: Length utilization
                             ------ -----------
                             L4           0.672

Segment occupancy by type:              name type utilization
                           ----------------- ---- -----------
                           unnamed_segment_0    0       0.672

Final hold Worst Negative Slack (hWNS): 0 ns
Final hold Total Negative Slack (hTNS): 0 ns

Final hold slack histogram:
[  3.2e-10:  4.6e-10) 840 ( 88.8%) |***********************************************
[  4.6e-10:    6e-10)  36 (  3.8%) |**
[    6e-10:  7.4e-10)  14 (  1.5%) |*
[  7.4e-10:  8.8e-10)  16 (  1.7%) |*
[  8.8e-10:    1e-09)  18 (  1.9%) |*
[    1e-09:  1.2e-09)   9 (  1.0%) |*
[  1.2e-09:  1.3e-09)   5 (  0.5%) |
[  1.3e-09:  1.4e-09)   2 (  0.2%) |
[  1.4e-09:  1.6e-09)   4 (  0.4%) |
[  1.6e-09:  1.7e-09)   2 (  0.2%) |

Final critical path delay (least slack): 14.167 ns, Fmax: 70.5865 MHz
Final setup Worst Negative Slack (sWNS): -14.167 ns
Final setup Total Negative Slack (sTNS): -7321.14 ns

Final setup slack histogram:
[ -1.4e-08: -1.3e-08)   9 (  1.0%) |*
[ -1.3e-08: -1.1e-08)   3 (  0.3%) |
[ -1.1e-08:   -1e-08)  20 (  2.1%) |**
[   -1e-08: -8.7e-09) 254 ( 26.8%) |***********************
[ -8.7e-09: -7.3e-09) 516 ( 54.5%) |***********************************************
[ -7.3e-09: -5.9e-09)  36 (  3.8%) |***
[ -5.9e-09: -4.6e-09)   1 (  0.1%) |
[ -4.6e-09: -3.2e-09)   9 (  1.0%) |*
[ -3.2e-09: -1.8e-09)  49 (  5.2%) |****
[ -1.8e-09: -4.4e-10)  49 (  5.2%) |****

Final geomean non-virtual intra-domain period: 14.167 ns (70.5865 MHz)
Final fanout-weighted geomean non-virtual intra-domain period: 14.167 ns (70.5865 MHz)

Incr Slack updates 1 in 0.000155323 sec
Full Max Req/Worst Slack updates 1 in 1.1e-05 sec
Incr Max Req/Worst Slack updates 0 in 0 sec
Incr Criticality updates 0 in 0 sec
Full Criticality updates 1 in 0.000177467 sec
Flow timing analysis took 0.272478 seconds (0.238194 STA, 0.0342844 slack) (105 full updates: 69 setup, 0 hold, 36 combined).
VPR succeeded
The entire flow of VPR took 1.75 seconds (max_rss 456.4 MiB)
Incr Slack updates 35 in 0.00303032 sec
Full Max Req/Worst Slack updates 11 in 0.000119891 sec
Incr Max Req/Worst Slack updates 24 in 0.000317785 sec
Incr Criticality updates 13 in 0.00146481 sec
Full Criticality updates 22 in 0.00337428 sec

=== STDERR ===

=== RETURN CODE: 0 ===
