=== STDOUT ===
VPR FPGA Placement and Routing.
Version: 9.0.0-dev+v8.0.0-11943-g8cb20aa52-dirty
Revision: v8.0.0-11943-g8cb20aa52-dirty
Compiled: 2025-11-07T02:08:24
Compiler: GNU 13.3.0 on Linux-6.6.87.2-microsoft-standard-WSL2 x86_64
Build Info: release IPO VTR_ASSERT_LEVEL=2

University of Toronto
verilogtorouting.org
vtr-users@googlegroups.com
This is free open source code under MIT license.

VPR was run with the following command-line:
./vtr-verilog-to-routing/vpr/vpr k6_N10_mem32K_40nm.xml sha.blif --route_chan_width 42 --seed 1000


Architecture file: k6_N10_mem32K_40nm.xml
Circuit name: sha

# Loading Architecture Description
# Loading Architecture Description took 0.01 seconds (max_rss 456.4 MiB, delta_rss +0.0 MiB)

Timing analysis: ON
Circuit netlist file: sha.net
Circuit placement file: sha.place
Circuit routing file: sha.route
Circuit SDC file: sha.sdc
Vpr floorplanning constraints file: not specified

Packer: ENABLED
Placer: ENABLED
Analytical Placer: DISABLED
Router: ENABLED
Analysis: ENABLED

VPR was run with the following options:

NetlistOpts.absorb_buffer_luts            : true
NetlistOpts.sweep_dangling_primary_ios    : true
NetlistOpts.sweep_dangling_nets           : true
NetlistOpts.sweep_dangling_blocks         : true
NetlistOpts.sweep_constant_primary_outputs: false
NetlistOpts.netlist_verbosity             : 1
NetlistOpts.const_gen_inference           : COMB_SEQ

PackerOpts.allow_unrelated_clustering: auto
PackerOpts.alpha_clustering: 0.750000
PackerOpts.beta_clustering: 0.900000
PackerOpts.cluster_seed_type: BLEND2
PackerOpts.connection_driven: true
PackerOpts.global_clocks: true
PackerOpts.inter_cluster_net_delay: 1.000000
PackerOpts.timing_driven: true
PackerOpts.target_external_pin_util: auto

PlacerOpts.place_freq: PLACE_ONCE
PlacerOpts.place_algorithm: CRITICALITY_TIMING_PLACE
PlacerOpts.pad_loc_type: FREE
PlacerOpts.constraints_file: No constraints file given
PlacerOpts.place_chan_width: 42
PlacerOpts.inner_loop_recompute_divider: 0
PlacerOpts.recompute_crit_iter: 1
PlacerOpts.timing_tradeoff: 0.500000
PlacerOpts.td_place_exp_first: 1.000000
PlacerOpts.td_place_exp_last: 8.000000
PlacerOpts.delay_offset: 0.000000
PlacerOpts.delay_ramp_delta_threshold: -1
PlacerOpts.delay_ramp_slope: 0.000000
PlacerOpts.tsu_rel_margin: 1.000000
PlacerOpts.tsu_abs_margin: 0.000000
PlacerOpts.post_place_timing_report_file: 
PlacerOpts.allowed_tiles_for_delay_model: 
PlacerOpts.delay_model_reducer: MIN
PlacerOpts.delay_model_type: SIMPLE
PlacerOpts.rlim_escape_fraction: 0.000000
PlacerOpts.move_stats_file: 
PlacerOpts.placement_saves_per_temperature: 0
PlacerOpts.effort_scaling: CIRCUIT
PlacerOpts.place_delta_delay_matrix_calculation_method: ASTAR_ROUTE
PlaceOpts.seed: 1000
AnnealSched.type: AUTO_SCHED
AnnealSched.inner_num: 0.500000

RouterOpts.route_type: DETAILED
RouterOpts.flat_routing: false
RouterOpts.choke_points: on
RouterOpts.router_algorithm: TIMING_DRIVEN
RouterOpts.base_cost_type: DELAY_NORMALIZED_LENGTH
RouterOpts.fixed_channel_width: 42
RouterOpts.check_route: FULL
RouterOpts.acc_fac: 1.000000
RouterOpts.bb_factor: 3
RouterOpts.bend_cost: 0.000000
RouterOpts.first_iter_pres_fac: 0.000000
RouterOpts.initial_pres_fac: 0.500000
RouterOpts.pres_fac_mult: 1.300000
RouterOpts.max_pres_fac: 1000.000000
RouterOpts.max_router_iterations: 50
RouterOpts.min_incremental_reroute_fanout: 16
RouterOpts.do_check_rr_graph: true
RouterOpts.verify_binary_search: false
RouterOpts.min_channel_width_hint: 0
RouterOpts.read_rr_edge_metadata: false
RouterOpts.exit_after_first_routing_iteration: false
RouterOpts.astar_fac: 1.200000
RouterOpts.astar_offset: 0.000000
RouterOpts.router_profiler_astar_fac: 1.200000
RouterOpts.criticality_exp: 1.000000
RouterOpts.max_criticality: 0.990000
RouterOpts.init_wirelength_abort_threshold: 0.850000
RouterOpts.incr_reroute_delay_ripup: AUTO
RouterOpts.save_routing_per_iteration: false
RouterOpts.congested_routing_iteration_threshold_frac: 1.000000
RouterOpts.high_fanout_threshold: 64
RouterOpts.router_debug_net: -2
RouterOpts.router_debug_sink_rr: -2
RouterOpts.router_debug_iteration: -2
RouterOpts.max_convergence_count: 1
RouterOpts.reconvergence_cpd_threshold: 0.990000
RouterOpts.update_lower_bound_delays: true
RouterOpts.first_iteration_timing_report_file: 
RouterOpts.route_bb_update: DYNAMIC
RouterOpts.lookahead_type: MAP
RouterOpts.initial_timing: LOOKAHEAD
RouterOpts.router_heap: FOUR_ARY_HEAP
RouterOpts.routing_failure_predictor = SAFE
RouterOpts.routing_budgets_algorithm = DISABLE

AnalysisOpts.gen_post_synthesis_netlist: false
AnalysisOpts.timing_report_npaths: 100
AnalysisOpts.timing_report_skew: false
AnalysisOpts.echo_dot_timing_graph_node: -1
AnalysisOpts.timing_report_detail: NETLIST
AnalysisOpts.post_synth_netlist_unconn_input_handling: UNCONNECTED
AnalysisOpts.post_synth_netlist_unconn_output_handling: UNCONNECTED

# Building complex block graph
Warning 1: io[0].clock[0] unconnected pin in architecture.
# Building complex block graph took 0.01 seconds (max_rss 456.4 MiB, delta_rss +0.0 MiB)
Circuit file: sha.blif
# Load circuit
Found constant-zero generator 'n4589'
# Load circuit took 0.02 seconds (max_rss 456.4 MiB, delta_rss +0.0 MiB)
# Clean circuit
Absorbed 36 LUT buffers
Inferred    0 additional primitive pins as constant generators since they have no combinationally connected inputs
Inferred    1 additional primitive pins as constant generators due to constant inputs
Inferred    0 additional primitive pins as constant generators since they have no combinationally connected inputs
Inferred    0 additional primitive pins as constant generators due to constant inputs
Swept input(s)      : 0
Swept output(s)     : 0 (0 dangling, 0 constant)
Swept net(s)        : 0
Swept block(s)      : 0
Constant Pins Marked: 1
# Clean circuit took 0.00 seconds (max_rss 456.4 MiB, delta_rss +0.0 MiB)
# Compress circuit
# Compress circuit took 0.00 seconds (max_rss 456.4 MiB, delta_rss +0.0 MiB)
# Verify circuit
# Verify circuit took 0.00 seconds (max_rss 456.4 MiB, delta_rss +0.0 MiB)
Circuit Statistics:
  Blocks: 3262
    .input :      38
    .latch :     911
    .names :    2277
        0-LUT:       1
        1-LUT:       3
        2-LUT:      80
        3-LUT:     169
        4-LUT:     606
        5-LUT:     663
        6-LUT:     755
    .output:      36
  Nets  : 3226
    Avg Fanout:     4.0
    Max Fanout:   911.0
    Min Fanout:     1.0
  Netlist Clocks: 1
# Build Timing Graph
  Timing Graph Nodes: 16023
  Timing Graph Edges: 25558
  Timing Graph Levels: 46
# Build Timing Graph took 0.01 seconds (max_rss 456.4 MiB, delta_rss +0.0 MiB)
Netlist contains 1 clocks
  Netlist Clock 'top^clk_i' Fanout: 911 pins (5.7%), 911 blocks (27.9%)
# Load Timing Constraints

SDC file 'sha.sdc' not found
Setting default timing constraints:
   * constrain all primay inputs and primary outputs on netlist clock 'top^clk_i'
   * optimize netlist clock to run as fast as possible
Timing constraints created 1 clocks
  Constrained Clock 'top^clk_i' Source: 'top^clk_i.inpad[0]'

# Load Timing Constraints took 0.00 seconds (max_rss 456.4 MiB, delta_rss +0.0 MiB)
# Packing
Begin packing 'sha.blif'.

After removing unused inputs...
	total blocks: 3262, total nets: 3226, total inputs: 38, total outputs: 36
Begin prepacking.
0 attraction groups were created during prepacking.
Finish prepacking.
Using inter-cluster delay: 1.33777e-09
Packing with pin utilization targets: io:1,1 clb:0.8,0.6 mult_36:1,1 memory:1,1
Packing with high fanout thresholds: io:128 clb:32 mult_36:128 memory:128
Starting Clustering - Clustering Progress: 
-------------------   --------------------------   ---------
Molecules processed   Number of clusters created   FPGA size
-------------------   --------------------------   ---------
    98/2354      4%                           10     6 x 6     
   194/2354      8%                           20     7 x 7     
   294/2354     12%                           30     9 x 9     
   393/2354     16%                           40    10 x 10    
   489/2354     20%                           50    11 x 11    
   585/2354     24%                           60    11 x 11    
   682/2354     28%                           70    12 x 12    
   779/2354     33%                           80    13 x 13    
   874/2354     37%                           93    14 x 14    
   972/2354     41%                          106    14 x 14    
  1068/2354     45%                          118    15 x 15    
  1168/2354     49%                          130    15 x 15    
  1268/2354     53%                          140    16 x 16    
  1368/2354     58%                          150    17 x 17    
  1471/2354     62%                          162    17 x 17    
  1571/2354     66%                          172    18 x 18    
  1671/2354     70%                          182    18 x 18    
  1771/2354     75%                          192    18 x 18    
  1871/2354     79%                          202    19 x 19    
  1971/2354     83%                          212    19 x 19    
  2071/2354     87%                          222    20 x 20    
  2171/2354     92%                          232    20 x 20    
  2265/2354     96%                          245    21 x 21    
  2354/2354    100%                          325    21 x 21    

Logic Element (fle) detailed count:
  Total number of Logic Elements used : 2280
  LEs used for logic and registers    : 908
  LEs used for logic only             : 1369
  LEs used for registers only         : 3

Incr Slack updates 1 in 0.000153387 sec
Full Max Req/Worst Slack updates 1 in 1.0296e-05 sec
Incr Max Req/Worst Slack updates 0 in 0 sec
Incr Criticality updates 0 in 0 sec
Full Criticality updates 1 in 0.000196343 sec
FPGA sized to 21 x 21 (auto)
Device Utilization: 0.59 (target 1.00)
	Block Utilization: 0.12 Type: io
	Block Utilization: 0.94 Type: clb

Start the iterative improvement process
the iterative improvement process is done
Final Clustering Statistics: 
----------   --------   ------------------------------------   --------------------------
Block Type   # Blocks   Avg. # of input clocks and pins used   Avg. # of output pins used
----------   --------   ------------------------------------   --------------------------
     EMPTY          0                                      0                            0   
        io         74                               0.486486                     0.513514   
       clb        251                                19.7092                      4.53386   
   mult_36          0                                      0                            0   
    memory          0                                      0                            0   
Absorbed logical nets 2050 out of 3226 nets, 1176 nets not absorbed.

Netlist conversion complete.

# Packing took 0.51 seconds (max_rss 456.4 MiB, delta_rss +0.0 MiB)
# Load packing
Begin loading packed FPGA netlist file.
Netlist generated from file 'sha.net'.
Detected 1 constant generators (to see names run with higher pack verbosity)
Finished loading packed FPGA netlist file (took 0.110753 seconds).
Warning 2: Treated 0 constant nets as global which will not be routed (to see net names increase packer verbosity).
Warning 3: Netlist contains 0 global net to non-global architecture pin connections
Completed clustering consistency check successfully.
Cluster level netlist and block usage statistics
Netlist num_nets: 1176
Netlist num_blocks: 325
Netlist EMPTY blocks: 0.
Netlist io blocks: 74.
Netlist clb blocks: 251.
Netlist mult_36 blocks: 0.
Netlist memory blocks: 0.
Netlist inputs pins: 38
Netlist output pins: 36

Pb types usage...
  io         : 74
   inpad     : 38
   outpad    : 36
  clb        : 251
   fle       : 2280
    ble6     : 2280
     lut6    : 2277
      lut    : 2277
     ff      : 911

# Load packing took 0.19 seconds (max_rss 456.4 MiB, delta_rss +0.0 MiB)
# Create Device
## Build Device Grid
FPGA sized to 21 x 21: 441 grid tiles (auto)

Resource usage...
	Netlist
		74	blocks of type: io
	Architecture
		608	blocks of type: io
	Netlist
		251	blocks of type: clb
	Architecture
		266	blocks of type: clb
	Netlist
		0	blocks of type: mult_36
	Architecture
		8	blocks of type: mult_36
	Netlist
		0	blocks of type: memory
	Architecture
		9	blocks of type: memory

Device Utilization: 0.59 (target 1.00)
	Physical Tile io:
	Block Utilization: 0.12 Logical Block: io
	Physical Tile clb:
	Block Utilization: 0.94 Logical Block: clb
	Physical Tile mult_36:
	Block Utilization: 0.00 Logical Block: mult_36
	Physical Tile memory:
	Block Utilization: 0.00 Logical Block: memory

FPGA size limited by block type(s): clb

## Build Device Grid took 0.00 seconds (max_rss 456.4 MiB, delta_rss +0.0 MiB)
## Build routing resource graph
## Build routing resource graph took 0.06 seconds (max_rss 456.4 MiB, delta_rss +0.0 MiB)
  RR Graph Nodes: 32454
  RR Graph Edges: 177780
# Create Device took 0.07 seconds (max_rss 456.4 MiB, delta_rss +0.0 MiB)

# Computing router lookahead map
## Computing wire lookahead
## Computing wire lookahead took 0.03 seconds (max_rss 456.4 MiB, delta_rss +0.0 MiB)
## Computing src/opin lookahead
Warning 4: Found no more sample locations for SOURCE in io
Warning 5: Found no more sample locations for OPIN in io
Warning 6: Found no more sample locations for SOURCE in clb
Warning 7: Found no more sample locations for OPIN in clb
Warning 8: Found no more sample locations for SOURCE in mult_36
Warning 9: Found no more sample locations for OPIN in mult_36
Warning 10: Found no more sample locations for SOURCE in memory
Warning 11: Found no more sample locations for OPIN in memory
## Computing src/opin lookahead took 0.00 seconds (max_rss 456.4 MiB, delta_rss +0.0 MiB)
# Computing router lookahead map took 0.03 seconds (max_rss 456.4 MiB, delta_rss +0.0 MiB)
# Computing placement delta delay look-up
RR graph channel widths unchanged, skipping RR graph rebuild
Serial Connection Router is being destroyed. Time spent on path search: 0.000 seconds.
# Computing placement delta delay look-up took 0.00 seconds (max_rss 456.4 MiB, delta_rss +0.0 MiB)

Bounding box mode is Cube

# Compressed grid construction
# Compressed grid construction took 0.00 seconds (max_rss 456.4 MiB, delta_rss +0.0 MiB)
# Placement
## Initial Placement
Initial placement iteration 0 has finished successfully
## Initial Placement took 0.00 seconds (max_rss 456.4 MiB, delta_rss +0.0 MiB)
Using simple RL 'Softmax agent' for choosing move and block types

BB estimate of min-dist (placement) wire length: 28446

Completed placement consistency check successfully.
Initial placement cost: 1 bb_cost: 677.288 td_cost: 7.94315e-07
Initial placement estimated Critical Path Delay (CPD): 22.3113 ns
Initial placement estimated setup Total Negative Slack (sTNS): -5747.19 ns
Initial placement estimated setup Worst Negative Slack (sWNS): -22.3113 ns

Initial placement estimated setup slack histogram:
[ -2.2e-08:   -2e-08)   8 (  0.8%) |*
[   -2e-08: -1.8e-08)   4 (  0.4%) |
[ -1.8e-08: -1.6e-08)   4 (  0.4%) |
[ -1.6e-08: -1.4e-08)   6 (  0.6%) |
[ -1.4e-08: -1.1e-08)  21 (  2.2%) |*
[ -1.1e-08: -9.2e-09)  23 (  2.4%) |*
[ -9.2e-09:   -7e-09)  35 (  3.7%) |**
[   -7e-09: -4.9e-09) 730 ( 77.2%) |***********************************************
[ -4.9e-09: -2.7e-09)  12 (  1.3%) |*
[ -2.7e-09:   -5e-10) 103 ( 10.9%) |*******
Placement contains 0 placement macros involving 0 blocks (average macro size -nan)

Moves per temperature: 1117
Warning 12: Starting t: 130 of 325 configurations accepted.

---- ------ ------- ------- ---------- ---------- ------- ---------- -------- ------- ------- ------ -------- --------- ------
Tnum   Time       T Av Cost Av BB Cost Av TD Cost     CPD       sTNS     sWNS Ac Rate Std Dev  R lim Crit Exp Tot Moves  Alpha
      (sec)                                          (ns)       (ns)     (ns)                                                 
---- ------ ------- ------- ---------- ---------- ------- ---------- -------- ------- ------- ------ -------- --------- ------
   1    0.0 4.5e-04   0.916     564.93 6.8695e-07  20.599   -5.7e+03  -20.599   0.485  0.0458   20.0     1.00      1117  1.000
   2    0.0 4.2e-04   0.959     501.33 7.1053e-07  16.532  -5.34e+03  -16.532   0.399  0.0197   20.0     1.00      2234  0.950
   3    0.0 4.0e-04   0.973     473.52 5.2589e-07  16.116  -5.39e+03  -16.116   0.343  0.0138   19.2     1.30      3351  0.950
   4    0.0 3.8e-04   0.984     452.88 3.0908e-07  15.854  -5.16e+03  -15.854   0.323  0.0091   17.3     1.99      4468  0.950
   5    0.0 3.6e-04   0.988     441.23 2.0656e-07  15.698  -4.96e+03  -15.698   0.341  0.0106   15.3     2.73      5585  0.950
   6    0.0 3.5e-04   0.993     432.47 1.817e-07   14.957  -5.01e+03  -14.957   0.294  0.0060   13.8     3.29      6702  0.950
   7    0.0 3.3e-04   0.994     426.96 1.4905e-07  14.955  -5.06e+03  -14.955   0.282  0.0050   11.8     4.03      7819  0.950
   8    0.0 3.1e-04   0.995     422.38 1.3618e-07  14.803  -5.21e+03  -14.803   0.312  0.0054    9.9     4.72      8936  0.950
   9    0.0 3.0e-04   0.997     416.92 1.242e-07   14.781  -5.29e+03  -14.781   0.267  0.0027    8.6     5.19     10053  0.950
  10    0.0 2.8e-04   0.995     409.49 1.1489e-07  14.626  -5.14e+03  -14.626   0.254  0.0036    7.1     5.74     11170  0.950
  11    0.0 2.7e-04   0.996     403.44 1.0719e-07  14.744  -5.16e+03  -14.744   0.278  0.0024    5.8     6.23     12287  0.950
  12    0.0 2.5e-04   0.995     399.40 1.0883e-07  14.439  -5.16e+03  -14.439   0.288  0.0034    4.9     6.57     13404  0.950
  13    0.0 2.4e-04   0.998     396.19 1.0414e-07  14.449  -5.15e+03  -14.449   0.260  0.0040    4.1     6.85     14521  0.950
  14    0.0 2.3e-04   0.996     390.46 1.0693e-07  14.141  -5.15e+03  -14.141   0.269  0.0044    3.4     7.12     15638  0.950
  15    0.0 2.2e-04   0.990     380.94 1.0103e-07  14.185   -5.1e+03  -14.185   0.403  0.0056    2.8     7.33     16755  0.950
  16    0.0 2.1e-04   0.993     375.89 9.7106e-08  14.203  -5.16e+03  -14.203   0.383  0.0033    2.7     7.37     17872  0.950
  17    0.0 2.0e-04   0.998     371.61 9.9511e-08  14.099     -5e+03  -14.099   0.397  0.0013    2.6     7.43     18989  0.950
  18    0.0 1.9e-04   0.998     369.83 9.7455e-08  14.134  -5.11e+03  -14.134   0.377  0.0013    2.4     7.47     20106  0.950
  19    0.0 1.8e-04   0.996     367.73 9.8416e-08  13.957  -5.04e+03  -13.957   0.352  0.0025    2.3     7.52     21223  0.950
  20    0.0 1.7e-04   0.999     364.07 9.591e-08   14.044  -4.94e+03  -14.044   0.335  0.0009    2.1     7.60     22340  0.950
  21    0.0 1.6e-04   0.996     361.72 9.636e-08   13.980  -4.88e+03  -13.980   0.372  0.0023    1.9     7.68     23457  0.950
  22    0.0 1.5e-04   0.999     359.11 9.6352e-08  13.960  -4.95e+03  -13.960   0.402  0.0014    1.7     7.73     24574  0.950
  23    0.0 1.4e-04   0.997     356.04 9.6544e-08  13.917  -4.93e+03  -13.917   0.357  0.0011    1.7     7.75     25691  0.950
  24    0.0 1.4e-04   0.999     353.80 9.8286e-08  13.845  -4.93e+03  -13.845   0.336  0.0007    1.5     7.80     26808  0.950
  25    0.0 1.3e-04   1.000     354.10 9.4774e-08  13.960  -4.99e+03  -13.960   0.320  0.0012    1.4     7.86     27925  0.950
  26    0.0 1.2e-04   0.999     353.07 9.4056e-08  13.960  -4.91e+03  -13.960   0.280  0.0008    1.2     7.92     29042  0.950
  27    0.0 1.2e-04   1.000     353.07 9.4025e-08  13.960   -4.9e+03  -13.960   0.303  0.0005    1.0     7.99     30159  0.950
  28    0.0 1.1e-04   1.000     352.54 9.4036e-08  13.960   -4.9e+03  -13.960   0.312  0.0008    1.0     8.00     31276  0.950
  29    0.0 1.1e-04   0.999     351.03 9.4379e-08  13.960  -4.91e+03  -13.960   0.269  0.0010    1.0     8.00     32393  0.950
  30    0.0 1.0e-04   0.999     350.61 9.6151e-08  13.889  -4.89e+03  -13.889   0.286  0.0008    1.0     8.00     33510  0.950
  31    0.0 9.6e-05   1.000     349.88 9.3146e-08  13.960  -4.95e+03  -13.960   0.273  0.0007    1.0     8.00     34627  0.950
  32    0.0 9.1e-05   1.000     350.68 9.3126e-08  13.960  -4.96e+03  -13.960   0.269  0.0004    1.0     8.00     35744  0.950
  33    0.0 8.6e-05   0.998     349.82 9.6182e-08  13.889  -4.97e+03  -13.889   0.226  0.0008    1.0     8.00     36861  0.950
  34    0.0 8.2e-05   1.000     350.05 9.2036e-08  13.981  -4.97e+03  -13.981   0.244  0.0004    1.0     8.00     37978  0.950
  35    0.0 7.8e-05   1.000     350.30 9.1725e-08  13.981  -4.89e+03  -13.981   0.231  0.0004    1.0     8.00     39095  0.950
  36    0.0 7.4e-05   0.998     349.54 9.1682e-08  13.981     -5e+03  -13.981   0.229  0.0008    1.0     8.00     40212  0.950
  37    0.0 7.0e-05   1.000     348.89 9.3163e-08  13.909     -5e+03  -13.909   0.213  0.0002    1.0     8.00     41329  0.950
  38    0.0 6.7e-05   0.999     348.51 9.3142e-08  13.909  -4.97e+03  -13.909   0.190  0.0004    1.0     8.00     42446  0.950
  39    0.0 6.4e-05   1.000     347.84 9.3183e-08  13.909  -4.98e+03  -13.909   0.192  0.0003    1.0     8.00     43563  0.950
  40    0.0 6.0e-05   0.999     347.55 9.2968e-08  13.909   -4.9e+03  -13.909   0.220  0.0003    1.0     8.00     44680  0.950
  41    0.0 5.7e-05   1.000     346.66 9.3151e-08  13.909  -4.98e+03  -13.909   0.184  0.0002    1.0     8.00     45797  0.950
  42    0.0 5.4e-05   0.999     346.06 9.1908e-08  13.981  -4.98e+03  -13.981   0.184  0.0003    1.0     8.00     46914  0.950
  43    0.0 5.2e-05   1.000     346.55 9.0961e-08  14.051  -4.98e+03  -14.051   0.167  0.0002    1.0     8.00     48031  0.950
  44    0.0 4.9e-05   1.000     346.62 9.2934e-08  13.909  -4.98e+03  -13.909   0.195  0.0002    1.0     8.00     49148  0.950
  45    0.0 4.7e-05   1.000     346.39 9.2744e-08  13.909  -4.98e+03  -13.909   0.168  0.0003    1.0     8.00     50265  0.950
  46    0.0 4.4e-05   1.000     345.86 9.2766e-08  13.909   -4.9e+03  -13.909   0.165  0.0002    1.0     8.00     51382  0.950
  47    0.0 4.2e-05   1.000     345.10 9.2865e-08  13.909  -4.97e+03  -13.909   0.155  0.0004    1.0     8.00     52499  0.950
  48    0.0 4.0e-05   0.999     344.67 9.262e-08   13.909  -4.96e+03  -13.909   0.136  0.0003    1.0     8.00     53616  0.950
Agent's 2nd state: 
  49    0.0 3.2e-05   1.000     344.28 9.1219e-08  13.981  -4.97e+03  -13.981   0.127  0.0002    1.0     8.00     54733  0.800
Checkpoint saved: bb_costs=344.055, TD costs=9.15301e-08, CPD= 13.981 (ns) 
  50    0.0 2.6e-05   1.000     344.26 9.1432e-08  13.981  -4.98e+03  -13.981   0.093  0.0003    1.0     8.00     55850  0.800
Checkpoint saved: bb_costs=343.897, TD costs=9.29879e-08, CPD= 13.909 (ns) 
  51    0.0 2.1e-05   1.000     343.94 9.2924e-08  13.909  -4.97e+03  -13.909   0.067  0.0003    1.0     8.00     56967  0.800
  52    0.0 1.6e-05   1.000     343.83 9.2662e-08  13.909  -4.97e+03  -13.909   0.067  0.0001    1.0     8.00     58084  0.800
  53    0.0 1.3e-05   1.000     343.63 9.2661e-08  13.909  -4.98e+03  -13.909   0.064  0.0001    1.0     8.00     59201  0.800
  54    0.0 1.0e-05   1.000     343.41 9.266e-08   13.909  -4.98e+03  -13.909   0.062  0.0001    1.0     8.00     60318  0.800
  55    0.0 8.4e-06   1.000     342.99 9.2696e-08  13.909  -4.97e+03  -13.909   0.060  0.0001    1.0     8.00     61435  0.800
  56    0.0 6.7e-06   1.000     342.75 9.2708e-08  13.909  -4.97e+03  -13.909   0.054  0.0001    1.0     8.00     62552  0.800
  57    0.0 5.4e-06   1.000     342.76 9.2659e-08  13.909  -4.97e+03  -13.909   0.052  0.0000    1.0     8.00     63669  0.800
  58    0.0 4.3e-06   1.000     342.74 9.2655e-08  13.909  -4.97e+03  -13.909   0.044  0.0000    1.0     8.00     64786  0.800
  59    0.0 0.0e+00   1.000     342.71 9.2656e-08  13.909  -4.97e+03  -13.909   0.022  0.0000    1.0     8.00     65903  0.800
## Placement Quench took 0.01 seconds (max_rss 456.4 MiB)
post-quench CPD = 13.9089 (ns) 

BB estimate of min-dist (placement) wire length: 14394

Completed placement consistency check successfully.

Swaps called: 66228

Aborted Move Reasons:
  No moves aborted

Placement estimated critical path delay (least slack): 13.9089 ns, Fmax: 71.8966 MHz
Placement estimated setup Worst Negative Slack (sWNS): -13.9089 ns
Placement estimated setup Total Negative Slack (sTNS): -4969.01 ns

Placement estimated setup slack histogram:
[ -1.4e-08: -1.3e-08)   7 (  0.7%) |
[ -1.3e-08: -1.1e-08)   5 (  0.5%) |
[ -1.1e-08: -9.9e-09)  23 (  2.4%) |**
[ -9.9e-09: -8.5e-09)  23 (  2.4%) |**
[ -8.5e-09: -7.2e-09)  20 (  2.1%) |*
[ -7.2e-09: -5.9e-09)  43 (  4.5%) |***
[ -5.9e-09: -4.5e-09) 706 ( 74.6%) |***********************************************
[ -4.5e-09: -3.2e-09)  13 (  1.4%) |*
[ -3.2e-09: -1.8e-09)  12 (  1.3%) |*
[ -1.8e-09:   -5e-10)  94 (  9.9%) |******

Placement estimated geomean non-virtual intra-domain period: 13.9089 ns (71.8966 MHz)
Placement estimated fanout-weighted geomean non-virtual intra-domain period: 13.9089 ns (71.8966 MHz)

Placement cost: 0.999964, bb_cost: 342.709, td_cost: 9.26554e-08, 

Placement resource usage:
  io  implemented as io : 74
  clb implemented as clb: 251

Placement number of temperatures: 59
Placement total # of swap attempts: 66228
	Swaps accepted: 16027 (24.2 %)
	Swaps rejected: 46780 (70.6 %)
	Swaps aborted:  3421 ( 5.2 %)


Placement perturbation distribution by block and move type: 
------------------ ----------------- ---------------- ---------------- --------------- ------------ 
    Block Type         Move Type       (%) of Total      Accepted(%)     Rejected(%)    Aborted(%)
------------------ ----------------- ---------------- ---------------- --------------- ------------ 
io                 Uniform                5.36             72.17           27.83          0.00         
                   Median                 5.25             49.65           18.04          32.31        
                   Centroid               5.26             57.89           19.63          22.47        
                   W. Centroid            5.37             57.79           20.26          21.95        
                   W. Median              0.55             24.03           34.53          41.44        

clb                Uniform                17.97            13.57           86.43          0.00         
                   Median                 17.60            19.35           76.40          4.25         
                   Centroid               17.80            15.87           84.13          0.00         
                   W. Centroid            18.15            15.04           84.96          0.00         
                   W. Median              1.90             2.14            90.79          7.06         
                   Crit. Uniform          2.28             0.07            99.93          0.00         
                   Feasible Region        2.50             0.06            99.94          0.00         


Placement Quench timing analysis took 0.00127897 seconds (0.00108268 STA, 0.000196284 slack) (1 full updates: 1 setup, 0 hold, 0 combined).
Placement Total  timing analysis took 0.0998295 seconds (0.084245 STA, 0.0155845 slack) (61 full updates: 61 setup, 0 hold, 0 combined).
update_td_costs: connections 0 nets 0 sum_nets 0 total 0
# Placement took 0.37 seconds (max_rss 456.4 MiB, delta_rss +0.0 MiB)

# Routing
RR graph channel widths unchanged, skipping RR graph rebuild
## Initializing router criticalities
Initial Net Connection Criticality Histogram:
[        0:      0.1) 1272 ( 25.5%) |**********************************************
[      0.1:      0.2)  751 ( 15.1%) |***************************
[      0.2:      0.3)  973 ( 19.5%) |***********************************
[      0.3:      0.4)  750 ( 15.1%) |***************************
[      0.4:      0.5)  444 (  8.9%) |****************
[      0.5:      0.6)  106 (  2.1%) |****
[      0.6:      0.7)  112 (  2.2%) |****
[      0.7:      0.8)  129 (  2.6%) |*****
[      0.8:      0.9)  102 (  2.0%) |****
[      0.9:        1)  344 (  6.9%) |************
## Initializing router criticalities took 0.03 seconds (max_rss 456.4 MiB, delta_rss +0.0 MiB)
---- ------ ------- ---- ------- ------- ------- ----------------- --------------- -------- ---------- ---------- ---------- ---------- --------
Iter   Time    pres  BBs    Heap  Re-Rtd  Re-Rtd Overused RR Nodes      Wirelength      CPD       sTNS       sWNS       hTNS       hWNS Est Succ
      (sec)     fac Updt    push    Nets   Conns                                       (ns)       (ns)       (ns)       (ns)       (ns)     Iter
---- ------ ------- ---- ------- ------- ------- ----------------- --------------- -------- ---------- ---------- ---------- ---------- --------
   1    0.0     0.0    0  141219    1175    4742    2704 ( 8.332%)   17208 (53.9%)   12.962     -5040.    -12.962      0.000      0.000      N/A
Incr Slack updates 61 in 0.00547624 sec
Full Max Req/Worst Slack updates 24 in 0.000249189 sec
Incr Max Req/Worst Slack updates 37 in 0.000487527 sec
Incr Criticality updates 25 in 0.00324747 sec
Full Criticality updates 36 in 0.00509653 sec
   2    0.0     0.5    0  144295    1131    4522    1851 ( 5.703%)   17246 (54.0%)   12.967     -5064.    -12.967      0.000      0.000      N/A
   3    0.0     0.6    0  142509     991    3991    1796 ( 5.534%)   17433 (54.6%)   12.988     -5107.    -12.988      0.000      0.000      N/A
   4    0.0     0.8    0  146699     992    3697    1482 ( 4.566%)   17696 (55.4%)   12.988     -5117.    -12.988      0.000      0.000      N/A
   5    0.0     1.1    0  146640     922    3242    1094 ( 3.371%)   18003 (56.4%)   12.966     -5015.    -12.966      0.000      0.000      N/A
   6    0.0     1.4    0  137292     784    2809     831 ( 2.561%)   18243 (57.2%)   12.973     -5175.    -12.973      0.000      0.000      N/A
   7    0.0     1.9    0  130732     664    2434     695 ( 2.141%)   18612 (58.3%)   12.976     -5578.    -12.976      0.000      0.000      N/A
   8    0.0     2.4    0  135700     587    2289     480 ( 1.479%)   19043 (59.7%)   12.973     -5651.    -12.973      0.000      0.000      N/A
   9    0.0     3.1    0   96598     451    1592     342 ( 1.054%)   19309 (60.5%)   12.964     -6191.    -12.964      0.000      0.000      N/A
  10    0.0     4.1    0   82095     374    1402     264 ( 0.813%)   19636 (61.5%)   12.967     -6149.    -12.967      0.000      0.000       29
  11    0.0     5.3    0   73064     312    1063     219 ( 0.675%)   20024 (62.7%)   12.967     -5615.    -12.967      0.000      0.000       29
  12    0.0     6.9    0   64400     254     916     175 ( 0.539%)   20533 (64.3%)   12.967     -5905.    -12.967      0.000      0.000       30
  13    0.0     9.0    0   59238     208     695     130 ( 0.401%)   20945 (65.6%)   12.970     -5926.    -12.970      0.000      0.000       31
  14    0.0    11.6    0   50148     169     680     101 ( 0.311%)   21432 (67.1%)   12.970     -5927.    -12.970      0.000      0.000       31
  15    0.0    15.1    0   52509     133     676      67 ( 0.206%)   21797 (68.3%)   12.974     -6236.    -12.974      0.000      0.000       32
  16    0.0    19.7    0   35155      92     391      54 ( 0.166%)   21930 (68.7%)   12.994     -6488.    -12.994      0.000      0.000       31
  17    0.0    25.6    0   36893     128     463      51 ( 0.157%)   22101 (69.2%)   13.114     -6422.    -13.114      0.000      0.000       31
  18    0.0    33.3    0   37038     115     490      38 ( 0.117%)   22350 (70.0%)   13.114     -6418.    -13.114      0.000      0.000       32
  19    0.0    43.3    0   68615     106     474      38 ( 0.117%)   22754 (71.3%)   13.178     -7410.    -13.178      0.000      0.000       32
  20    0.0    56.2    0   45966     103     324      31 ( 0.096%)   22980 (72.0%)   13.174     -7402.    -13.174      0.000      0.000       34
  21    0.0    73.1    0   29013     102     313      23 ( 0.071%)   23214 (72.7%)   13.226     -7435.    -13.226      0.000      0.000       35
  22    0.0    95.0    0   49472      95     273      33 ( 0.102%)   23308 (73.0%)   14.327     -7447.    -14.327      0.000      0.000       35
  23    0.0   123.5    0   42212      98     288      25 ( 0.077%)   23527 (73.7%)   13.807     -7450.    -13.807      0.000      0.000       39
  24    0.0   160.6    0   24073      86     212      27 ( 0.083%)   23546 (73.8%)   14.664     -7482.    -14.664      0.000      0.000       40
  25    0.0   208.8    0   22736      87     235      18 ( 0.055%)   23619 (74.0%)   13.891     -7464.    -13.891      0.000      0.000       45
  26    0.0   271.4    0   29571      77     192      17 ( 0.052%)   23739 (74.4%)   13.645     -7446.    -13.645      0.000      0.000       45
  27    0.0   352.8    0   24807      85     257       7 ( 0.022%)   23714 (74.3%)   13.561     -7444.    -13.561      0.000      0.000       48
  28    0.0   458.7    0    9262      72     204       4 ( 0.012%)   23696 (74.2%)   13.560     -7444.    -13.560      0.000      0.000       44
  29    0.0   596.3    0    9083      69     199       2 ( 0.006%)   23702 (74.3%)   13.560     -7444.    -13.560      0.000      0.000       41
  30    0.0   775.1    0    8311      65     190       2 ( 0.006%)   23703 (74.3%)   13.560     -7444.    -13.560      0.000      0.000       37
  31    0.0  1000.0    0    8360      65     189       1 ( 0.003%)   23700 (74.2%)   13.560     -7447.    -13.560      0.000      0.000       36
  32    0.0  1000.0    0    8408      65     190       1 ( 0.003%)   23700 (74.2%)   13.560     -7447.    -13.560      0.000      0.000       34
  33    0.0  1000.0    0    8317      65     193       1 ( 0.003%)   23700 (74.2%)   13.560     -7447.    -13.560      0.000      0.000       33
  34    0.0  1000.0    0    8187      64     187       0 ( 0.000%)   23700 (74.2%)   13.560     -7447.    -13.560      0.000      0.000       33
Restoring best routing
Critical path: 13.5601 ns
Successfully routed after 34 routing iterations.
Final Net Connection Criticality Histogram:
[        0:      0.1) 964 ( 19.3%) |***********************************************
[      0.1:      0.2) 853 ( 17.1%) |******************************************
[      0.2:      0.3) 656 ( 13.2%) |********************************
[      0.3:      0.4) 517 ( 10.4%) |*************************
[      0.4:      0.5) 380 (  7.6%) |*******************
[      0.5:      0.6) 426 (  8.5%) |*********************
[      0.6:      0.7) 548 ( 11.0%) |***************************
[      0.7:      0.8) 146 (  2.9%) |*******
[      0.8:      0.9) 141 (  2.8%) |*******
[      0.9:        1) 352 (  7.1%) |*****************
Router Stats: total_nets_routed: 10786 total_connections_routed: 40014 total_heap_pushes: 2108617 total_heap_pops: 395761 
Serial Connection Router is being destroyed. Time spent on path search: 0.100 seconds.
# Routing took 0.38 seconds (max_rss 456.4 MiB, delta_rss +0.0 MiB)

Checking to ensure routing is legal...
# Checking to ensure non-configurable edges are legal
# Checking to ensure non-configurable edges are legal took 0.00 seconds (max_rss 456.4 MiB, delta_rss +0.0 MiB)
Completed routing consistency check successfully.

Serial number (magic cookie) for the routing is: -1641101293
Circuit successfully routed with a channel width factor of 42.
# Synchronize the packed netlist to routing optimization
## Annotating rr_node with routed nets
## Annotating rr_node with routed nets took 0.00 seconds (max_rss 456.4 MiB, delta_rss +0.0 MiB)
Found 6646 mismatches between routing and packing results.
Fixed 4587 routing traces due to mismatch between routing and packing results.
# Synchronize the packed netlist to routing optimization took 0.02 seconds (max_rss 456.4 MiB, delta_rss +0.0 MiB)
Final Clustering Statistics: 
----------   --------   ------------------------------------   --------------------------
Block Type   # Blocks   Avg. # of input clocks and pins used   Avg. # of output pins used
----------   --------   ------------------------------------   --------------------------
     EMPTY          0                                      0                            0   
        io         74                               0.486486                     0.513514   
       clb        251                                19.7092                      4.53386   
   mult_36          0                                      0                            0   
    memory          0                                      0                            0   
Absorbed logical nets 2050 out of 3226 nets, 1176 nets not absorbed.


Average number of bends per net: 2.35915  Maximum # of bends: 67

Number of global nets: 1
Number of routed nets (nonglobal): 1175
Wire length results (in units of 1 clb segments)...
	Total wirelength: 23700, average net length: 20.1702
	Maximum net length: 409

Wire length results in terms of physical segments...
	Total wiring segments used: 6357, average wire segments per net: 5.41021
	Maximum segments used by a net: 115
	Total local nets with reserved CLB opins: 0
Total number of nets absorbed: 0

Routing channel utilization histogram:
[        1:      inf)   0 (  0.0%) |
[      0.9:        1) 232 ( 29.0%) |***********************************************
[      0.8:      0.9) 152 ( 19.0%) |*******************************
[      0.7:      0.8) 214 ( 26.8%) |*******************************************
[      0.5:      0.6)  48 (  6.0%) |**********
[      0.4:      0.5)  52 (  6.5%) |***********
[      0.3:      0.4)  30 (  3.8%) |******
[      0.2:      0.3)  18 (  2.2%) |****
[      0.1:      0.2)   8 (  1.0%) |**
[        0:      0.1)  46 (  5.8%) |*********
Maximum routing channel utilization:         1 at (9,15)

X - Directed channels:   j max occ ave occ capacity
                      ---- ------- ------- --------
                         0      40  25.381       42
                         1      38  25.524       42
                         2      39  26.905       42
                         3      38  27.905       42
                         4      41  29.381       42
                         5      41  29.667       42
                         6      41  31.048       42
                         7      41  29.905       42
                         8      40  29.619       42
                         9      42  31.048       42
                        10      40  29.762       42
                        11      41  30.619       42
                        12      40  30.333       42
                        13      41  30.571       42
                        14      41  29.000       42
                        15      42  30.000       42
                        16      40  27.905       42
                        17      39  26.286       42
                        18      40  24.476       42
                        19      40  24.143       42
Y - Directed channels:   i max occ ave occ capacity
                      ---- ------- ------- --------
                         0      41  30.762       42
                         1      39  27.381       42
                         2      39  29.048       42
                         3      41  31.571       42
                         4      42  30.857       42
                         5      40  30.571       42
                         6      41  30.524       42
                         7      39  30.619       42
                         8      39  30.952       42
                         9      40  30.667       42
                        10      39  29.286       42
                        11      42  31.143       42
                        12      41  30.000       42
                        13      41  29.571       42
                        14      36  26.333       42
                        15      39  27.952       42
                        16      33  24.905       42
                        17      36  23.095       42
                        18      26  16.667       42
                        19      29  17.190       42

Total tracks in x-direction: 840, in y-direction: 840

Logic area (in minimum width transistor areas, excludes I/Os and empty grid tiles)...
	Total logic block area (Warning, need to add pitch of routing to blocks with height > 3): 2.24358e+07
	Total used logic block area: 1.35274e+07

Routing area (in minimum width transistor areas)...
	Total routing area: 1.15066e+06, per logic tile: 2609.22

Total Number of Wiring Segments by Direction: direction length number
                                              --------- ------ -------
                                                      X      4   4620
                                                      Y      4   4620

X - Directed Wiring Segment usage by length: length utilization
                                             ------ -----------
                                             4       0.695

Y - Directed Wiring Segment usage by length: length utilization
                                             ------ -----------
                                             4       0.681

Segment occupancy by length: Length utilization
                             ------ -----------
                             L4           0.688

Segment occupancy by type:              name type utilization
                           ----------------- ---- -----------
                           unnamed_segment_0    0       0.688

Final hold Worst Negative Slack (hWNS): 0 ns
Final hold Total Negative Slack (hTNS): 0 ns

Final hold slack histogram:
[  3.2e-10:  5.3e-10) 847 ( 89.5%) |***********************************************
[  5.3e-10:  7.4e-10)  42 (  4.4%) |**
[  7.4e-10:  9.6e-10)  25 (  2.6%) |*
[  9.6e-10:  1.2e-09)  18 (  1.9%) |*
[  1.2e-09:  1.4e-09)  10 (  1.1%) |*
[  1.4e-09:  1.6e-09)   2 (  0.2%) |
[  1.6e-09:  1.8e-09)   0 (  0.0%) |
[  1.8e-09:    2e-09)   0 (  0.0%) |
[    2e-09:  2.2e-09)   0 (  0.0%) |
[  2.2e-09:  2.4e-09)   2 (  0.2%) |

Final critical path delay (least slack): 13.5601 ns, Fmax: 73.7458 MHz
Final setup Worst Negative Slack (sWNS): -13.5601 ns
Final setup Total Negative Slack (sTNS): -7446.75 ns

Final setup slack histogram:
[ -1.4e-08: -1.2e-08)   7 (  0.7%) |*
[ -1.2e-08: -1.1e-08)  21 (  2.2%) |**
[ -1.1e-08: -9.6e-09)  45 (  4.8%) |*****
[ -9.6e-09: -8.3e-09) 429 ( 45.3%) |***********************************************
[ -8.3e-09:   -7e-09) 332 ( 35.1%) |************************************
[   -7e-09: -5.7e-09)  13 (  1.4%) |*
[ -5.7e-09: -4.4e-09)  10 (  1.1%) |*
[ -4.4e-09: -3.1e-09)  12 (  1.3%) |*
[ -3.1e-09: -1.8e-09)  31 (  3.3%) |***
[ -1.8e-09: -4.4e-10)  46 (  4.9%) |*****

Final geomean non-virtual intra-domain period: 13.5601 ns (73.7458 MHz)
Final fanout-weighted geomean non-virtual intra-domain period: 13.5601 ns (73.7458 MHz)

Incr Slack updates 1 in 0.000154127 sec
Full Max Req/Worst Slack updates 1 in 1.0128e-05 sec
Incr Max Req/Worst Slack updates 0 in 0 sec
Incr Criticality updates 0 in 0 sec
Full Criticality updates 1 in 0.000171213 sec
Flow timing analysis took 0.256271 seconds (0.224116 STA, 0.0321547 slack) (98 full updates: 62 setup, 0 hold, 36 combined).
VPR succeeded
The entire flow of VPR took 1.71 seconds (max_rss 456.4 MiB)
Incr Slack updates 35 in 0.0030806 sec
Full Max Req/Worst Slack updates 11 in 0.000108717 sec
Incr Max Req/Worst Slack updates 24 in 0.000315617 sec
Incr Criticality updates 10 in 0.00116028 sec
Full Criticality updates 25 in 0.00389071 sec

=== STDERR ===

=== RETURN CODE: 0 ===
