#Packing pin usage report
Type: io
	Input Pin Usage:
		Max: 1.00 (0.50)
		Avg: 0.41 (0.21)
		Min: 0.00 (0.00)
		Histogram:
		[        0:      0.2) 275 ( 58.9%) |***********************************************
		[      0.2:      0.4)   0 (  0.0%) |
		[      0.4:      0.6)   0 (  0.0%) |
		[      0.6:      0.8)   0 (  0.0%) |
		[      0.8:        1) 192 ( 41.1%) |*********************************
		[        1:      1.2)   0 (  0.0%) |
		[      1.2:      1.4)   0 (  0.0%) |
		[      1.4:      1.6)   0 (  0.0%) |
		[      1.6:      1.8)   0 (  0.0%) |
		[      1.8:        2)   0 (  0.0%) |
	Output Pin Usage:
		Max: 1.00 (1.00)
		Avg: 0.59 (0.59)
		Min: 0.00 (0.00)
		Histogram:
		[        0:      0.1) 192 ( 41.1%) |*********************************
		[      0.1:      0.2)   0 (  0.0%) |
		[      0.2:      0.3)   0 (  0.0%) |
		[      0.3:      0.4)   0 (  0.0%) |
		[      0.4:      0.5)   0 (  0.0%) |
		[      0.5:      0.6)   0 (  0.0%) |
		[      0.6:      0.7)   0 (  0.0%) |
		[      0.7:      0.8)   0 (  0.0%) |
		[      0.8:      0.9)   0 (  0.0%) |
		[      0.9:        1) 275 ( 58.9%) |***********************************************

Type: clb
	Input Pin Usage:
		Max: 33.00 (0.80)
		Avg: 17.09 (0.42)
		Min: 0.00 (0.00)
		Histogram:
		[        0:      4.1) 13 (  3.6%) |*********
		[      4.1:      8.2) 41 ( 11.2%) |******************************
		[      8.2:       12) 61 ( 16.7%) |********************************************
		[       12:       16) 52 ( 14.2%) |**************************************
		[       16:       20) 65 ( 17.8%) |***********************************************
		[       20:       25) 66 ( 18.1%) |************************************************
		[       25:       29) 37 ( 10.1%) |***************************
		[       29:       33) 25 (  6.8%) |******************
		[       33:       37)  5 (  1.4%) |****
		[       37:       41)  0 (  0.0%) |
	Output Pin Usage:
		Max: 6.00 (0.60)
		Avg: 5.13 (0.51)
		Min: 1.00 (0.10)
		Histogram:
		[        0:        1)  24 (  6.6%) |*****
		[        1:        2)   8 (  2.2%) |**
		[        2:        3)  15 (  4.1%) |***
		[        3:        4)  31 (  8.5%) |******
		[        4:        5)  60 ( 16.4%) |************
		[        5:        6) 227 ( 62.2%) |***********************************************
		[        6:        7)   0 (  0.0%) |
		[        7:        8)   0 (  0.0%) |
		[        8:        9)   0 (  0.0%) |
		[        9:       10)   0 (  0.0%) |

Type: memory
	Input Pin Usage:
		Max: 44.00 (0.45)
		Avg: 44.00 (0.45)
		Min: 44.00 (0.45)
		Histogram:
		[        0:      9.7) 0 (  0.0%) |
		[      9.7:       19) 0 (  0.0%) |
		[       19:       29) 0 (  0.0%) |
		[       29:       39) 0 (  0.0%) |
		[       39:       48) 1 (100.0%) |**************************************************
		[       48:       58) 0 (  0.0%) |
		[       58:       68) 0 (  0.0%) |
		[       68:       78) 0 (  0.0%) |
		[       78:       87) 0 (  0.0%) |
		[       87:       97) 0 (  0.0%) |
	Output Pin Usage:
		Max: 32.00 (0.50)
		Avg: 32.00 (0.50)
		Min: 32.00 (0.50)
		Histogram:
		[        0:      6.4) 0 (  0.0%) |
		[      6.4:       13) 0 (  0.0%) |
		[       13:       19) 0 (  0.0%) |
		[       19:       26) 0 (  0.0%) |
		[       26:       32) 1 (100.0%) |**************************************************
		[       32:       38) 0 (  0.0%) |
		[       38:       45) 0 (  0.0%) |
		[       45:       51) 0 (  0.0%) |
		[       51:       58) 0 (  0.0%) |
		[       58:       64) 0 (  0.0%) |

