#Packing pin usage report
Type: io
	Input Pin Usage:
		Max: 1.00 (0.50)
		Avg: 0.51 (0.25)
		Min: 0.00 (0.00)
		Histogram:
		[        0:      0.2) 385 ( 49.4%) |**********************************************
		[      0.2:      0.4)   0 (  0.0%) |
		[      0.4:      0.6)   0 (  0.0%) |
		[      0.6:      0.8)   0 (  0.0%) |
		[      0.8:        1) 394 ( 50.6%) |***********************************************
		[        1:      1.2)   0 (  0.0%) |
		[      1.2:      1.4)   0 (  0.0%) |
		[      1.4:      1.6)   0 (  0.0%) |
		[      1.6:      1.8)   0 (  0.0%) |
		[      1.8:        2)   0 (  0.0%) |
	Output Pin Usage:
		Max: 1.00 (1.00)
		Avg: 0.49 (0.49)
		Min: 0.00 (0.00)
		Histogram:
		[        0:      0.1) 394 ( 50.6%) |***********************************************
		[      0.1:      0.2)   0 (  0.0%) |
		[      0.2:      0.3)   0 (  0.0%) |
		[      0.3:      0.4)   0 (  0.0%) |
		[      0.4:      0.5)   0 (  0.0%) |
		[      0.5:      0.6)   0 (  0.0%) |
		[      0.6:      0.7)   0 (  0.0%) |
		[      0.7:      0.8)   0 (  0.0%) |
		[      0.8:      0.9)   0 (  0.0%) |
		[      0.9:        1) 385 ( 49.4%) |**********************************************

Type: clb
	Input Pin Usage:
		Max: 33.00 (0.80)
		Avg: 21.95 (0.54)
		Min: 0.00 (0.00)
		Histogram:
		[        0:      4.1) 26 (  7.1%) |****************
		[      4.1:      8.2) 15 (  4.1%) |*********
		[      8.2:       12) 19 (  5.2%) |************
		[       12:       16) 25 (  6.8%) |***************
		[       16:       20) 41 ( 11.2%) |*************************
		[       20:       25) 64 ( 17.5%) |***************************************
		[       25:       29) 79 ( 21.6%) |************************************************
		[       29:       33) 74 ( 20.3%) |*********************************************
		[       33:       37) 22 (  6.0%) |*************
		[       37:       41)  0 (  0.0%) |
	Output Pin Usage:
		Max: 6.00 (0.60)
		Avg: 5.07 (0.51)
		Min: 1.00 (0.10)
		Histogram:
		[        0:        1)  27 (  7.4%) |******
		[        1:        2)   9 (  2.5%) |**
		[        2:        3)  16 (  4.4%) |***
		[        3:        4)  33 (  9.0%) |*******
		[        4:        5)  53 ( 14.5%) |***********
		[        5:        6) 227 ( 62.2%) |***********************************************
		[        6:        7)   0 (  0.0%) |
		[        7:        8)   0 (  0.0%) |
		[        8:        9)   0 (  0.0%) |
		[        9:       10)   0 (  0.0%) |

Type: mult_36
	Input Pin Usage:
		Max: 64.00 (0.89)
		Avg: 64.00 (0.89)
		Min: 64.00 (0.89)
		Histogram:
		[        0:      7.2) 0 (  0.0%) |
		[      7.2:       14) 0 (  0.0%) |
		[       14:       22) 0 (  0.0%) |
		[       22:       29) 0 (  0.0%) |
		[       29:       36) 0 (  0.0%) |
		[       36:       43) 0 (  0.0%) |
		[       43:       50) 0 (  0.0%) |
		[       50:       58) 0 (  0.0%) |
		[       58:       65) 1 (100.0%) |**************************************************
		[       65:       72) 0 (  0.0%) |
	Output Pin Usage:
		Max: 64.00 (0.89)
		Avg: 64.00 (0.89)
		Min: 64.00 (0.89)
		Histogram:
		[        0:      7.2) 0 (  0.0%) |
		[      7.2:       14) 0 (  0.0%) |
		[       14:       22) 0 (  0.0%) |
		[       22:       29) 0 (  0.0%) |
		[       29:       36) 0 (  0.0%) |
		[       36:       43) 0 (  0.0%) |
		[       43:       50) 0 (  0.0%) |
		[       50:       58) 0 (  0.0%) |
		[       58:       65) 1 (100.0%) |**************************************************
		[       65:       72) 0 (  0.0%) |

Type: memory
	Input Pin Usage:
		Max: 77.00 (0.79)
		Avg: 77.00 (0.79)
		Min: 77.00 (0.79)
		Histogram:
		[        0:      9.7) 0 (  0.0%) |
		[      9.7:       19) 0 (  0.0%) |
		[       19:       29) 0 (  0.0%) |
		[       29:       39) 0 (  0.0%) |
		[       39:       48) 0 (  0.0%) |
		[       48:       58) 0 (  0.0%) |
		[       58:       68) 0 (  0.0%) |
		[       68:       78) 2 (100.0%) |*************************************************
		[       78:       87) 0 (  0.0%) |
		[       87:       97) 0 (  0.0%) |
	Output Pin Usage:
		Max: 32.00 (0.50)
		Avg: 32.00 (0.50)
		Min: 32.00 (0.50)
		Histogram:
		[        0:      6.4) 0 (  0.0%) |
		[      6.4:       13) 0 (  0.0%) |
		[       13:       19) 0 (  0.0%) |
		[       19:       26) 0 (  0.0%) |
		[       26:       32) 2 (100.0%) |*************************************************
		[       32:       38) 0 (  0.0%) |
		[       38:       45) 0 (  0.0%) |
		[       45:       51) 0 (  0.0%) |
		[       51:       58) 0 (  0.0%) |
		[       58:       64) 0 (  0.0%) |

