#Packing pin usage report
Type: io
	Input Pin Usage:
		Max: 1.00 (0.50)
		Avg: 0.56 (0.28)
		Min: 0.00 (0.00)
		Histogram:
		[        0:      0.2) 239 ( 43.9%) |*************************************
		[      0.2:      0.4)   0 (  0.0%) |
		[      0.4:      0.6)   0 (  0.0%) |
		[      0.6:      0.8)   0 (  0.0%) |
		[      0.8:        1) 305 ( 56.1%) |***********************************************
		[        1:      1.2)   0 (  0.0%) |
		[      1.2:      1.4)   0 (  0.0%) |
		[      1.4:      1.6)   0 (  0.0%) |
		[      1.6:      1.8)   0 (  0.0%) |
		[      1.8:        2)   0 (  0.0%) |
	Output Pin Usage:
		Max: 1.00 (1.00)
		Avg: 0.44 (0.44)
		Min: 0.00 (0.00)
		Histogram:
		[        0:      0.1) 305 ( 56.1%) |***********************************************
		[      0.1:      0.2)   0 (  0.0%) |
		[      0.2:      0.3)   0 (  0.0%) |
		[      0.3:      0.4)   0 (  0.0%) |
		[      0.4:      0.5)   0 (  0.0%) |
		[      0.5:      0.6)   0 (  0.0%) |
		[      0.6:      0.7)   0 (  0.0%) |
		[      0.7:      0.8)   0 (  0.0%) |
		[      0.8:      0.9)   0 (  0.0%) |
		[      0.9:        1) 239 ( 43.9%) |*************************************

Type: clb
	Input Pin Usage:
		Max: 32.00 (0.78)
		Avg: 14.92 (0.36)
		Min: 0.00 (0.00)
		Histogram:
		[        0:      4.1) 20 (  6.5%) |************
		[      4.1:      8.2) 45 ( 14.6%) |***************************
		[      8.2:       12) 81 ( 26.2%) |************************************************
		[       12:       16) 43 ( 13.9%) |*************************
		[       16:       20) 34 ( 11.0%) |********************
		[       20:       25) 43 ( 13.9%) |*************************
		[       25:       29) 23 (  7.4%) |**************
		[       29:       33) 20 (  6.5%) |************
		[       33:       37)  0 (  0.0%) |
		[       37:       41)  0 (  0.0%) |
	Output Pin Usage:
		Max: 6.00 (0.60)
		Avg: 5.08 (0.51)
		Min: 1.00 (0.10)
		Histogram:
		[        0:        1)  24 (  7.8%) |*****
		[        1:        2)  16 (  5.2%) |***
		[        2:        3)  11 (  3.6%) |**
		[        3:        4)  24 (  7.8%) |*****
		[        4:        5)  18 (  5.8%) |****
		[        5:        6) 216 ( 69.9%) |***********************************************
		[        6:        7)   0 (  0.0%) |
		[        7:        8)   0 (  0.0%) |
		[        8:        9)   0 (  0.0%) |
		[        9:       10)   0 (  0.0%) |

Type: mult_36
	Input Pin Usage:
		Max: 64.00 (0.89)
		Avg: 47.00 (0.65)
		Min: 32.00 (0.44)
		Histogram:
		[        0:      7.2) 0 (  0.0%) |
		[      7.2:       14) 0 (  0.0%) |
		[       14:       22) 0 (  0.0%) |
		[       22:       29) 0 (  0.0%) |
		[       29:       36) 3 ( 33.3%) |*************************************************
		[       36:       43) 0 (  0.0%) |
		[       43:       50) 3 ( 33.3%) |*************************************************
		[       50:       58) 0 (  0.0%) |
		[       58:       65) 3 ( 33.3%) |*************************************************
		[       65:       72) 0 (  0.0%) |
	Output Pin Usage:
		Max: 32.00 (0.44)
		Avg: 23.00 (0.32)
		Min: 16.00 (0.22)
		Histogram:
		[        0:      7.2) 0 (  0.0%) |
		[      7.2:       14) 0 (  0.0%) |
		[       14:       22) 6 ( 66.7%) |*************************************************
		[       22:       29) 0 (  0.0%) |
		[       29:       36) 3 ( 33.3%) |*************************
		[       36:       43) 0 (  0.0%) |
		[       43:       50) 0 (  0.0%) |
		[       50:       58) 0 (  0.0%) |
		[       58:       65) 0 (  0.0%) |
		[       65:       72) 0 (  0.0%) |

Type: memory
	Input Pin Usage:
		Max: 31.00 (0.32)
		Avg: 31.00 (0.32)
		Min: 31.00 (0.32)
		Histogram:
		[        0:      9.7) 0 (  0.0%) |
		[      9.7:       19) 0 (  0.0%) |
		[       19:       29) 0 (  0.0%) |
		[       29:       39) 1 (100.0%) |**************************************************
		[       39:       48) 0 (  0.0%) |
		[       48:       58) 0 (  0.0%) |
		[       58:       68) 0 (  0.0%) |
		[       68:       78) 0 (  0.0%) |
		[       78:       87) 0 (  0.0%) |
		[       87:       97) 0 (  0.0%) |
	Output Pin Usage:
		Max: 21.00 (0.33)
		Avg: 21.00 (0.33)
		Min: 21.00 (0.33)
		Histogram:
		[        0:      6.4) 0 (  0.0%) |
		[      6.4:       13) 0 (  0.0%) |
		[       13:       19) 0 (  0.0%) |
		[       19:       26) 1 (100.0%) |**************************************************
		[       26:       32) 0 (  0.0%) |
		[       32:       38) 0 (  0.0%) |
		[       38:       45) 0 (  0.0%) |
		[       45:       51) 0 (  0.0%) |
		[       51:       58) 0 (  0.0%) |
		[       58:       64) 0 (  0.0%) |

