#Packing pin usage report
Type: io
	Input Pin Usage:
		Max: 1.00 (0.50)
		Avg: 0.49 (0.24)
		Min: 0.00 (0.00)
		Histogram:
		[        0:      0.2) 38 ( 51.4%) |************************************************
		[      0.2:      0.4)  0 (  0.0%) |
		[      0.4:      0.6)  0 (  0.0%) |
		[      0.6:      0.8)  0 (  0.0%) |
		[      0.8:        1) 36 ( 48.6%) |*********************************************
		[        1:      1.2)  0 (  0.0%) |
		[      1.2:      1.4)  0 (  0.0%) |
		[      1.4:      1.6)  0 (  0.0%) |
		[      1.6:      1.8)  0 (  0.0%) |
		[      1.8:        2)  0 (  0.0%) |
	Output Pin Usage:
		Max: 1.00 (1.00)
		Avg: 0.51 (0.51)
		Min: 0.00 (0.00)
		Histogram:
		[        0:      0.1) 36 ( 48.6%) |*********************************************
		[      0.1:      0.2)  0 (  0.0%) |
		[      0.2:      0.3)  0 (  0.0%) |
		[      0.3:      0.4)  0 (  0.0%) |
		[      0.4:      0.5)  0 (  0.0%) |
		[      0.5:      0.6)  0 (  0.0%) |
		[      0.6:      0.7)  0 (  0.0%) |
		[      0.7:      0.8)  0 (  0.0%) |
		[      0.8:      0.9)  0 (  0.0%) |
		[      0.9:        1) 38 ( 51.4%) |************************************************

Type: clb
	Input Pin Usage:
		Max: 33.00 (0.80)
		Avg: 19.71 (0.48)
		Min: 2.00 (0.05)
		Histogram:
		[        0:      4.1)  4 (  1.6%) |***
		[      4.1:      8.2)  5 (  2.0%) |***
		[      8.2:       12) 11 (  4.4%) |*******
		[       12:       16) 71 ( 28.3%) |************************************************
		[       16:       20) 39 ( 15.5%) |**************************
		[       20:       25) 70 ( 27.9%) |***********************************************
		[       25:       29) 38 ( 15.1%) |**************************
		[       29:       33) 12 (  4.8%) |********
		[       33:       37)  1 (  0.4%) |*
		[       37:       41)  0 (  0.0%) |
	Output Pin Usage:
		Max: 6.00 (0.60)
		Avg: 4.53 (0.45)
		Min: 1.00 (0.10)
		Histogram:
		[        0:        1)  12 (  4.8%) |****
		[        1:        2)  40 ( 15.9%) |**************
		[        2:        3)  34 ( 13.5%) |************
		[        3:        4)  15 (  6.0%) |*****
		[        4:        5)  16 (  6.4%) |******
		[        5:        6) 134 ( 53.4%) |***********************************************
		[        6:        7)   0 (  0.0%) |
		[        7:        8)   0 (  0.0%) |
		[        8:        9)   0 (  0.0%) |
		[        9:       10)   0 (  0.0%) |

