VPR FPGA Placement and Routing.
Version: 9.0.0-dev+v8.0.0-11943-g8cb20aa52-dirty
Revision: v8.0.0-11943-g8cb20aa52-dirty
Compiled: 2025-11-07T01:13:29
Compiler: GNU 13.3.0 on Linux-6.6.87.2-microsoft-standard-WSL2 x86_64
Build Info: release IPO VTR_ASSERT_LEVEL=2

University of Toronto
verilogtorouting.org
vtr-users@googlegroups.com
This is free open source code under MIT license.

Warning 1: To use RLPlace for WLdriven placements, the reward function should be basic or nonPenalizing_basic.
you can specify the reward function using --place_reward_fun.
Setting the placement reward function to "basic"
VPR was run with the following command-line:
./vtr-verilog-to-routing/vpr/vpr k6_N10_mem32K_40nm.xml boundtop.blif --pack --place --place_algorithm bounding_box --seed 1000


Architecture file: k6_N10_mem32K_40nm.xml
Circuit name: boundtop

# Loading Architecture Description
# Loading Architecture Description took 0.00 seconds (max_rss 456.4 MiB, delta_rss +0.0 MiB)

Timing analysis: ON
Circuit netlist file: boundtop.net
Circuit placement file: boundtop.place
Circuit routing file: boundtop.route
Circuit SDC file: boundtop.sdc
Vpr floorplanning constraints file: not specified

Packer: ENABLED
Placer: ENABLED
Analytical Placer: DISABLED
Router: DISABLED
Analysis: DISABLED

VPR was run with the following options:

NetlistOpts.absorb_buffer_luts            : true
NetlistOpts.sweep_dangling_primary_ios    : true
NetlistOpts.sweep_dangling_nets           : true
NetlistOpts.sweep_dangling_blocks         : true
NetlistOpts.sweep_constant_primary_outputs: false
NetlistOpts.netlist_verbosity             : 1
NetlistOpts.const_gen_inference           : COMB_SEQ

PackerOpts.allow_unrelated_clustering: auto
PackerOpts.alpha_clustering: 0.750000
PackerOpts.beta_clustering: 0.900000
PackerOpts.cluster_seed_type: BLEND2
PackerOpts.connection_driven: true
PackerOpts.global_clocks: true
PackerOpts.inter_cluster_net_delay: 1.000000
PackerOpts.timing_driven: true
PackerOpts.target_external_pin_util: auto

PlacerOpts.place_freq: PLACE_ONCE
PlacerOpts.place_algorithm: BOUNDING_BOX_PLACE
PlacerOpts.pad_loc_type: FREE
PlacerOpts.constraints_file: No constraints file given
PlacerOpts.place_chan_width: 100
PlacerOpts.rlim_escape_fraction: 0.000000
PlacerOpts.move_stats_file: 
PlacerOpts.placement_saves_per_temperature: 0
PlacerOpts.effort_scaling: CIRCUIT
PlacerOpts.place_delta_delay_matrix_calculation_method: ASTAR_ROUTE
PlaceOpts.seed: 1000
AnnealSched.type: AUTO_SCHED
AnnealSched.inner_num: 0.500000

# Building complex block graph
Warning 2: io[0].clock[0] unconnected pin in architecture.
# Building complex block graph took 0.01 seconds (max_rss 456.4 MiB, delta_rss +0.0 MiB)
Circuit file: boundtop.blif
# Load circuit
Found constant-zero generator 'top^tm3_sram_addr~18'
Found constant-zero generator 'unconn'
Found constant-zero generator 'n2240'
Found constant-zero generator 'n3090'
Found constant-zero generator 'n3175'
Found constant-zero generator 'n3700'
Found constant-zero generator 'n4105'
Found constant-zero generator 'n4885'
Found constant-zero generator 'n4890'
Found constant-zero generator 'n4895'
Found constant-zero generator 'n4900'
Found constant-zero generator 'n5105'
Found constant-zero generator 'n5110'
Found constant-zero generator 'n5115'
Found constant-zero generator 'n5540'
Found constant-zero generator 'n5945'
Found constant-zero generator 'n6735'
Found constant-zero generator 'n6740'
Found constant-zero generator 'n6745'
Found constant-zero generator 'n6750'
Found constant-zero generator 'n10555'
Found constant-zero generator 'n10559'
Found constant-zero generator 'n10563'
Found constant-zero generator 'n10567'
Found constant-zero generator 'n10571'
Found constant-zero generator 'n10575'
Found constant-zero generator 'n10579'
Found constant-zero generator 'n10583'
Found constant-zero generator 'n10587'
Found constant-zero generator 'n10591'
Found constant-zero generator 'n10595'
Found constant-zero generator 'n10599'
Found constant-zero generator 'n10603'
Found constant-zero generator 'n10607'
Found constant-zero generator 'n10611'
Found constant-zero generator 'n10615'
Found constant-zero generator 'n10619'
Found constant-zero generator 'n10623'
Found constant-zero generator 'n10627'
Found constant-zero generator 'n10631'
Found constant-zero generator 'n10635'
Found constant-zero generator 'n10639'
Found constant-zero generator 'n10643'
Found constant-zero generator 'n10647'
Found constant-zero generator 'n10651'
Found constant-zero generator 'n10655'
# Load circuit took 0.03 seconds (max_rss 456.4 MiB, delta_rss +0.0 MiB)
# Clean circuit
Absorbed 77 LUT buffers
Inferred    0 additional primitive pins as constant generators since they have no combinationally connected inputs
Inferred   44 additional primitive pins as constant generators due to constant inputs
Inferred    0 additional primitive pins as constant generators since they have no combinationally connected inputs
Inferred    0 additional primitive pins as constant generators due to constant inputs
Swept input(s)      : 0
Swept output(s)     : 0 (0 dangling, 0 constant)
Swept net(s)        : 0
Swept block(s)      : 0
Constant Pins Marked: 44
# Clean circuit took 0.00 seconds (max_rss 456.4 MiB, delta_rss +0.0 MiB)
# Compress circuit
# Compress circuit took 0.00 seconds (max_rss 456.4 MiB, delta_rss +0.0 MiB)
# Verify circuit
# Verify circuit took 0.00 seconds (max_rss 456.4 MiB, delta_rss +0.0 MiB)
Circuit Statistics:
  Blocks: 5224
    .input         :     275
    .latch         :    1671
    .names         :    3054
        0-LUT:      45
        2-LUT:     681
        3-LUT:     461
        4-LUT:     360
        5-LUT:     289
        6-LUT:    1218
    .output        :     192
    single_port_ram:      32
  Nets  : 5032
    Avg Fanout:     3.4
    Max Fanout:  1703.0
    Min Fanout:     1.0
  Netlist Clocks: 1
# Build Timing Graph
  Timing Graph Nodes: 21920
  Timing Graph Edges: 33584
  Timing Graph Levels: 22
# Build Timing Graph took 0.01 seconds (max_rss 456.4 MiB, delta_rss +0.0 MiB)
Netlist contains 1 clocks
  Netlist Clock 'top^tm3_clk_v0' Fanout: 1703 pins (7.8%), 1703 blocks (32.6%)
# Load Timing Constraints

SDC file 'boundtop.sdc' not found
Setting default timing constraints:
   * constrain all primay inputs and primary outputs on netlist clock 'top^tm3_clk_v0'
   * optimize netlist clock to run as fast as possible
Timing constraints created 1 clocks
  Constrained Clock 'top^tm3_clk_v0' Source: 'top^tm3_clk_v0.inpad[0]'

# Load Timing Constraints took 0.00 seconds (max_rss 456.4 MiB, delta_rss +0.0 MiB)
# Packing
Begin packing 'boundtop.blif'.

After removing unused inputs...
	total blocks: 5224, total nets: 5032, total inputs: 275, total outputs: 192
Begin prepacking.
0 attraction groups were created during prepacking.
Finish prepacking.
Using inter-cluster delay: 1.33777e-09
Packing with pin utilization targets: io:1,1 clb:0.8,0.6 mult_36:1,1 memory:1,1
Packing with high fanout thresholds: io:128 clb:32 mult_36:128 memory:128
Starting Clustering - Clustering Progress: 
-------------------   --------------------------   ---------
Molecules processed   Number of clusters created   FPGA size
-------------------   --------------------------   ---------
   151/3569      4%                           13     8 x 8     
   299/3569      8%                           28     9 x 9     
   449/3569     12%                           43    10 x 10    
   599/3569     16%                           58    11 x 11    
   749/3569     20%                           73    13 x 13    
   897/3569     25%                           88    13 x 13    
  1047/3569     29%                          103    14 x 14    
  1193/3569     33%                          118    15 x 15    
  1336/3569     37%                          135    16 x 16    
  1481/3569     41%                          151    17 x 17    
  1627/3569     45%                          166    17 x 17    
  1774/3569     49%                          181    18 x 18    
  1920/3569     53%                          198    19 x 19    
  2063/3569     57%                          213    19 x 19    
  2210/3569     61%                          229    20 x 20    
  2355/3569     65%                          248    21 x 21    
  2499/3569     70%                          268    22 x 22    
  2646/3569     74%                          287    22 x 22    
  2790/3569     78%                          305    23 x 23    
  2936/3569     82%                          329    23 x 23    
  3082/3569     86%                          361    25 x 25    
  3224/3569     90%                          488    25 x 25    
  3366/3569     94%                          630    25 x 25    
  3508/3569     98%                          772    25 x 25    
  3569/3569    100%                          833    25 x 25    

Logic Element (fle) detailed count:
  Total number of Logic Elements used : 3070
  LEs used for logic and registers    : 1655
  LEs used for logic only             : 1399
  LEs used for registers only         : 16

Incr Slack updates 1 in 0.000203978 sec
Full Max Req/Worst Slack updates 1 in 2.087e-05 sec
Incr Max Req/Worst Slack updates 0 in 0 sec
Incr Criticality updates 0 in 0 sec
Full Criticality updates 1 in 0.000249429 sec
FPGA sized to 25 x 25 (auto)
Device Utilization: 0.69 (target 1.00)
	Block Utilization: 0.63 Type: io
	Block Utilization: 0.93 Type: clb
	Block Utilization: 0.11 Type: memory

Start the iterative improvement process
the iterative improvement process is done
Final Clustering Statistics: 
----------   --------   ------------------------------------   --------------------------
Block Type   # Blocks   Avg. # of input clocks and pins used   Avg. # of output pins used
----------   --------   ------------------------------------   --------------------------
     EMPTY          0                                      0                            0   
        io        467                               0.411135                     0.588865   
       clb        365                                17.0877                      5.12603   
   mult_36          0                                      0                            0   
    memory          1                                     44                           32   
Absorbed logical nets 2854 out of 5032 nets, 2178 nets not absorbed.

Netlist conversion complete.

# Packing took 0.61 seconds (max_rss 456.4 MiB, delta_rss +0.0 MiB)
# Load packing
Begin loading packed FPGA netlist file.
Netlist generated from file 'boundtop.net'.
Detected 45 constant generators (to see names run with higher pack verbosity)
Finished loading packed FPGA netlist file (took 0.143862 seconds).
Warning 3: Treated 37 constant nets as global which will not be routed (to see net names increase packer verbosity).
Warning 4: Netlist contains 91 global net to non-global architecture pin connections
Warning 5: Logic block #365 (top^tm3_sram_addr~18) has only 1 output pin 'top^tm3_sram_addr~18.O[9]'. It may be a constant generator.
Completed clustering consistency check successfully.
Cluster level netlist and block usage statistics
Netlist num_nets: 2178
Netlist num_blocks: 833
Netlist EMPTY blocks: 0.
Netlist io blocks: 467.
Netlist clb blocks: 365.
Netlist mult_36 blocks: 0.
Netlist memory blocks: 1.
Netlist inputs pins: 275
Netlist output pins: 192

Pb types usage...
  io                 : 467
   inpad             : 275
   outpad            : 192
  clb                : 365
   fle               : 3070
    ble6             : 3070
     lut6            : 3054
      lut            : 3054
     ff              : 1671
  memory             : 1
   mem_1024x32_sp    : 1
    memory_slice     : 32

# Load packing took 0.22 seconds (max_rss 456.4 MiB, delta_rss +0.0 MiB)
# Create Device
## Build Device Grid
FPGA sized to 25 x 25: 625 grid tiles (auto)

Resource usage...
	Netlist
		467	blocks of type: io
	Architecture
		736	blocks of type: io
	Netlist
		365	blocks of type: clb
	Architecture
		391	blocks of type: clb
	Netlist
		0	blocks of type: mult_36
	Architecture
		15	blocks of type: mult_36
	Netlist
		1	blocks of type: memory
	Architecture
		9	blocks of type: memory

Device Utilization: 0.69 (target 1.00)
	Physical Tile io:
	Block Utilization: 0.63 Logical Block: io
	Physical Tile clb:
	Block Utilization: 0.93 Logical Block: clb
	Physical Tile mult_36:
	Block Utilization: 0.00 Logical Block: mult_36
	Physical Tile memory:
	Block Utilization: 0.11 Logical Block: memory

FPGA size limited by block type(s): clb

## Build Device Grid took 0.00 seconds (max_rss 456.4 MiB, delta_rss +0.0 MiB)
## Build routing resource graph
## Build routing resource graph took 0.21 seconds (max_rss 456.4 MiB, delta_rss +0.0 MiB)
  RR Graph Nodes: 63948
  RR Graph Edges: 577555
# Create Device took 0.23 seconds (max_rss 456.4 MiB, delta_rss +0.0 MiB)


Bounding box mode is Cube

# Compressed grid construction
# Compressed grid construction took 0.00 seconds (max_rss 456.4 MiB, delta_rss +0.0 MiB)
# Placement
## Initial Placement
Initial placement iteration 0 has finished successfully
## Initial Placement took 0.00 seconds (max_rss 456.4 MiB, delta_rss +0.0 MiB)
Using simple RL 'Softmax agent' for choosing move and block types

BB estimate of min-dist (placement) wire length: 52149

Completed placement consistency check successfully.
Initial placement cost: 1 bb_cost: 521.489 td_cost: nan
Placement contains 0 placement macros involving 0 blocks (average macro size -nan)

Moves per temperature: 3918
Warning 6: Starting t: 356 of 833 configurations accepted.

---- ------ ------- ------- ---------- ---------- ------- ---------- -------- ------- ------- ------ -------- --------- ------
Tnum   Time       T Av Cost Av BB Cost Av TD Cost     CPD       sTNS     sWNS Ac Rate Std Dev  R lim Crit Exp Tot Moves  Alpha
      (sec)                                          (ns)       (ns)     (ns)                                                 
---- ------ ------- ------- ---------- ---------- ------- ---------- -------- ------- ------- ------ -------- --------- ------
   1    0.0 5.9e-04   0.929     419.11 nan            nan        nan      nan   0.662  0.0415   24.0     0.00      3918  1.000
   2    0.0 5.6e-04   0.957     372.66 nan            nan        nan      nan   0.661  0.0194   24.0     0.00      7836  0.950
   3    0.0 5.4e-04   0.974     354.78 nan            nan        nan      nan   0.629  0.0190   24.0     0.00     11754  0.950
   4    0.0 5.1e-04   0.970     336.24 nan            nan        nan      nan   0.627  0.0181   24.0     0.00     15672  0.950
   5    0.0 4.8e-04   0.989     322.35 nan            nan        nan      nan   0.615  0.0090   24.0     0.00     19590  0.950
   6    0.0 4.6e-04   0.982     311.10 nan            nan        nan      nan   0.607  0.0064   24.0     0.00     23508  0.950
   7    0.0 4.4e-04   0.981     301.00 nan            nan        nan      nan   0.565  0.0084   24.0     0.00     27426  0.950
   8    0.0 4.1e-04   0.986     296.51 nan            nan        nan      nan   0.554  0.0091   24.0     0.00     31344  0.950
   9    0.0 3.9e-04   0.982     289.22 nan            nan        nan      nan   0.563  0.0134   24.0     0.00     35262  0.950
  10    0.0 3.7e-04   1.001     283.94 nan            nan        nan      nan   0.531  0.0051   24.0     0.00     39180  0.950
  11    0.0 3.6e-04   0.987     279.12 nan            nan        nan      nan   0.542  0.0058   24.0     0.00     43098  0.950
  12    0.0 3.4e-04   0.987     274.19 nan            nan        nan      nan   0.525  0.0070   24.0     0.00     47016  0.950
  13    0.0 3.2e-04   0.983     266.95 nan            nan        nan      nan   0.509  0.0069   24.0     0.00     50934  0.950
  14    0.0 3.0e-04   0.991     262.25 nan            nan        nan      nan   0.497  0.0058   24.0     0.00     54852  0.950
  15    0.0 2.9e-04   1.003     258.01 nan            nan        nan      nan   0.463  0.0022   24.0     0.00     58770  0.950
  16    0.0 2.7e-04   0.995     256.31 nan            nan        nan      nan   0.465  0.0025   24.0     0.00     62688  0.950
  17    0.0 2.6e-04   0.996     254.58 nan            nan        nan      nan   0.468  0.0034   24.0     0.00     66606  0.950
  18    0.0 2.5e-04   0.995     251.17 nan            nan        nan      nan   0.437  0.0033   24.0     0.00     70524  0.950
  19    0.0 2.4e-04   0.997     248.73 nan            nan        nan      nan   0.449  0.0034   23.9     0.00     74442  0.950
  20    0.0 2.2e-04   0.998     246.76 nan            nan        nan      nan   0.411  0.0024   24.0     0.00     78360  0.950
  21    0.0 2.1e-04   0.997     245.30 nan            nan        nan      nan   0.419  0.0023   23.3     0.00     82278  0.950
  22    0.0 2.0e-04   0.994     243.71 nan            nan        nan      nan   0.409  0.0031   22.8     0.00     86196  0.950
  23    0.0 1.9e-04   0.996     242.53 nan            nan        nan      nan   0.400  0.0017   22.1     0.00     90114  0.950
  24    0.0 1.8e-04   1.001     242.57 nan            nan        nan      nan   0.387  0.0020   21.2     0.00     94032  0.950
  25    0.0 1.7e-04   0.995     240.54 nan            nan        nan      nan   0.379  0.0018   20.1     0.00     97950  0.950
  26    0.0 1.6e-04   0.993     238.32 nan            nan        nan      nan   0.380  0.0034   18.9     0.00    101868  0.950
  27    0.0 1.6e-04   0.997     236.80 nan            nan        nan      nan   0.356  0.0019   17.7     0.00    105786  0.950
  28    0.0 1.5e-04   0.997     235.37 nan            nan        nan      nan   0.351  0.0017   16.2     0.00    109704  0.950
  29    0.0 1.4e-04   0.999     235.44 nan            nan        nan      nan   0.356  0.0036   14.8     0.00    113622  0.950
  30    0.0 1.3e-04   0.999     234.02 nan            nan        nan      nan   0.343  0.0015   13.6     0.00    117540  0.950
  31    0.0 1.3e-04   0.998     233.13 nan            nan        nan      nan   0.334  0.0015   12.2     0.00    121458  0.950
  32    0.0 1.2e-04   1.002     232.85 nan            nan        nan      nan   0.337  0.0009   10.9     0.00    125376  0.950
  33    0.0 1.1e-04   0.995     231.60 nan            nan        nan      nan   0.328  0.0032    9.8     0.00    129294  0.950
  34    0.0 1.1e-04   0.997     230.65 nan            nan        nan      nan   0.336  0.0013    8.7     0.00    133212  0.950
  35    0.0 1.0e-04   0.994     228.86 nan            nan        nan      nan   0.309  0.0018    7.8     0.00    137130  0.950
  36    0.0 9.9e-05   1.000     228.32 nan            nan        nan      nan   0.319  0.0011    6.8     0.00    141048  0.950
  37    0.0 9.4e-05   0.997     227.14 nan            nan        nan      nan   0.308  0.0016    6.0     0.00    144966  0.950
  38    0.0 8.9e-05   0.998     226.09 nan            nan        nan      nan   0.295  0.0018    5.2     0.00    148884  0.950
  39    0.0 8.4e-05   0.998     225.62 nan            nan        nan      nan   0.309  0.0016    4.4     0.00    152802  0.950
  40    0.0 8.0e-05   0.998     224.59 nan            nan        nan      nan   0.305  0.0012    3.9     0.00    156720  0.950
  41    0.0 7.6e-05   0.992     222.38 nan            nan        nan      nan   0.358  0.0027    3.3     0.00    160638  0.950
  42    0.0 7.2e-05   0.998     221.32 nan            nan        nan      nan   0.344  0.0015    3.1     0.00    164556  0.950
  43    0.0 6.9e-05   0.996     219.94 nan            nan        nan      nan   0.386  0.0019    2.8     0.00    168474  0.950
  44    0.0 6.5e-05   0.996     218.42 nan            nan        nan      nan   0.367  0.0025    2.6     0.00    172392  0.950
  45    0.0 6.2e-05   0.996     216.54 nan            nan        nan      nan   0.342  0.0014    2.4     0.00    176310  0.950
  46    0.0 5.9e-05   0.996     215.50 nan            nan        nan      nan   0.347  0.0017    2.2     0.00    180228  0.950
  47    0.0 5.6e-05   0.997     214.20 nan            nan        nan      nan   0.320  0.0017    2.0     0.00    184146  0.950
  48    0.0 5.3e-05   0.998     213.15 nan            nan        nan      nan   0.309  0.0011    1.7     0.00    188064  0.950
  49    0.0 5.1e-05   0.997     212.18 nan            nan        nan      nan   0.297  0.0022    1.5     0.00    191982  0.950
  50    0.0 4.8e-05   0.998     210.85 nan            nan        nan      nan   0.274  0.0010    1.3     0.00    195900  0.950
  51    0.0 4.6e-05   0.999     210.33 nan            nan        nan      nan   0.265  0.0006    1.1     0.00    199818  0.950
  52    0.0 4.3e-05   0.999     209.88 nan            nan        nan      nan   0.253  0.0010    1.0     0.00    203736  0.950
  53    0.0 4.1e-05   0.999     209.22 nan            nan        nan      nan   0.250  0.0008    1.0     0.00    207654  0.950
  54    0.0 3.9e-05   0.999     208.86 nan            nan        nan      nan   0.246  0.0003    1.0     0.00    211572  0.950
  55    0.0 3.7e-05   0.999     208.50 nan            nan        nan      nan   0.227  0.0006    1.0     0.00    215490  0.950
  56    0.0 3.5e-05   1.000     208.47 nan            nan        nan      nan   0.212  0.0003    1.0     0.00    219408  0.950
  57    0.0 3.4e-05   0.999     208.20 nan            nan        nan      nan   0.219  0.0006    1.0     0.00    223326  0.950
  58    0.0 3.2e-05   1.000     207.96 nan            nan        nan      nan   0.198  0.0002    1.0     0.00    227244  0.950
  59    0.0 3.0e-05   0.999     207.77 nan            nan        nan      nan   0.205  0.0004    1.0     0.00    231162  0.950
  60    0.0 2.9e-05   1.000     207.66 nan            nan        nan      nan   0.213  0.0001    1.0     0.00    235080  0.950
  61    0.0 2.7e-05   0.999     207.46 nan            nan        nan      nan   0.196  0.0003    1.0     0.00    238998  0.950
  62    0.0 2.6e-05   1.000     207.44 nan            nan        nan      nan   0.199  0.0002    1.0     0.00    242916  0.950
  63    0.0 2.5e-05   0.999     207.37 nan            nan        nan      nan   0.180  0.0002    1.0     0.00    246834  0.950
  64    0.0 2.3e-05   1.000     207.32 nan            nan        nan      nan   0.178  0.0001    1.0     0.00    250752  0.950
  65    0.0 2.2e-05   1.000     207.31 nan            nan        nan      nan   0.184  0.0004    1.0     0.00    254670  0.950
  66    0.0 2.1e-05   1.000     207.14 nan            nan        nan      nan   0.173  0.0003    1.0     0.00    258588  0.950
  67    0.0 2.0e-05   1.000     207.01 nan            nan        nan      nan   0.153  0.0003    1.0     0.00    262506  0.950
  68    0.0 1.9e-05   1.000     206.87 nan            nan        nan      nan   0.145  0.0001    1.0     0.00    266424  0.950
  69    0.0 1.5e-05   1.000     206.79 nan            nan        nan      nan   0.155  0.0001    1.0     0.00    270342  0.800
  70    0.0 1.5e-05   1.000     206.70 nan            nan        nan      nan   0.142  0.0003    1.0     0.00    274260  0.950
  71    0.0 1.2e-05   1.000     206.62 nan            nan        nan      nan   0.144  0.0001    1.0     0.00    278178  0.800
  72    0.0 9.3e-06   1.000     206.56 nan            nan        nan      nan   0.136  0.0001    1.0     0.00    282096  0.800
  73    0.0 7.4e-06   1.000     206.49 nan            nan        nan      nan   0.123  0.0001    1.0     0.00    286014  0.800
  74    0.0 5.9e-06   1.000     206.47 nan            nan        nan      nan   0.137  0.0000    1.0     0.00    289932  0.800
  75    0.0 4.8e-06   1.000     206.41 nan            nan        nan      nan   0.141  0.0001    1.0     0.00    293850  0.800
  76    0.0 3.8e-06   1.000     206.31 nan            nan        nan      nan   0.122  0.0001    1.0     0.00    297768  0.800
  77    0.0 3.0e-06   1.000     206.30 nan            nan        nan      nan   0.130  0.0000    1.0     0.00    301686  0.800
  78    0.0 2.4e-06   1.000     206.29 nan            nan        nan      nan   0.130  0.0000    1.0     0.00    305604  0.800
  79    0.0 1.9e-04   1.025     211.47 nan            nan        nan      nan   0.376  0.0098    1.0     0.00    309522  0.800
  80    0.0 1.8e-04   1.005     214.99 nan            nan        nan      nan   0.432  0.0022    1.0     0.00    313440  0.950
  81    0.0 1.8e-04   1.001     215.72 nan            nan        nan      nan   0.418  0.0013    1.0     0.00    317358  0.950
  82    0.0 1.7e-04   0.997     215.78 nan            nan        nan      nan   0.409  0.0013    1.0     0.00    321276  0.950
  83    0.0 1.6e-04   0.998     215.36 nan            nan        nan      nan   0.398  0.0012    1.0     0.00    325194  0.950
  84    0.0 1.5e-04   0.999     215.58 nan            nan        nan      nan   0.397  0.0021    1.0     0.00    329112  0.950
  85    0.0 1.4e-04   0.998     214.53 nan            nan        nan      nan   0.388  0.0019    1.0     0.00    333030  0.950
  86    0.0 1.4e-04   0.999     214.35 nan            nan        nan      nan   0.385  0.0014    1.0     0.00    336948  0.950
  87    0.0 1.3e-04   1.000     214.35 nan            nan        nan      nan   0.365  0.0008    1.0     0.00    340866  0.950
  88    0.0 1.2e-04   0.998     213.53 nan            nan        nan      nan   0.364  0.0011    1.0     0.00    344784  0.950
  89    0.0 1.2e-04   0.998     213.18 nan            nan        nan      nan   0.362  0.0011    1.0     0.00    348702  0.950
  90    0.0 1.1e-04   0.998     212.34 nan            nan        nan      nan   0.336  0.0014    1.0     0.00    352620  0.950
  91    0.0 1.1e-04   1.000     211.90 nan            nan        nan      nan   0.330  0.0013    1.0     0.00    356538  0.950
  92    0.0 1.0e-04   0.999     210.94 nan            nan        nan      nan   0.319  0.0010    1.0     0.00    360456  0.950
  93    0.0 9.5e-05   0.998     210.17 nan            nan        nan      nan   0.320  0.0007    1.0     0.00    364374  0.950
  94    0.0 9.0e-05   1.000     210.05 nan            nan        nan      nan   0.300  0.0011    1.0     0.00    368292  0.950
  95    0.0 8.6e-05   1.000     209.90 nan            nan        nan      nan   0.304  0.0007    1.0     0.00    372210  0.950
  96    0.0 8.1e-05   0.999     209.48 nan            nan        nan      nan   0.299  0.0008    1.0     0.00    376128  0.950
  97    0.0 7.7e-05   1.001     209.68 nan            nan        nan      nan   0.285  0.0003    1.0     0.00    380046  0.950
  98    0.0 7.3e-05   0.999     209.53 nan            nan        nan      nan   0.285  0.0007    1.0     0.00    383964  0.950
  99    0.0 7.0e-05   0.998     208.89 nan            nan        nan      nan   0.283  0.0005    1.0     0.00    387882  0.950
 100    0.0 6.6e-05   0.999     208.53 nan            nan        nan      nan   0.276  0.0007    1.0     0.00    391800  0.950
 101    0.0 6.3e-05   0.998     207.91 nan            nan        nan      nan   0.270  0.0006    1.0     0.00    395718  0.950
 102    0.0 6.0e-05   0.999     207.57 nan            nan        nan      nan   0.260  0.0004    1.0     0.00    399636  0.950
 103    0.0 5.7e-05   1.001     207.51 nan            nan        nan      nan   0.253  0.0005    1.0     0.00    403554  0.950
 104    0.0 5.4e-05   0.999     207.50 nan            nan        nan      nan   0.253  0.0004    1.0     0.00    407472  0.950
 105    0.0 5.1e-05   0.999     207.26 nan            nan        nan      nan   0.246  0.0007    1.0     0.00    411390  0.950
 106    0.0 4.9e-05   1.001     207.05 nan            nan        nan      nan   0.240  0.0005    1.0     0.00    415308  0.950
 107    0.0 4.6e-05   1.000     206.79 nan            nan        nan      nan   0.224  0.0003    1.0     0.00    419226  0.950
 108    0.0 4.4e-05   1.000     206.61 nan            nan        nan      nan   0.214  0.0005    1.0     0.00    423144  0.950
 109    0.0 4.2e-05   0.999     206.30 nan            nan        nan      nan   0.219  0.0003    1.0     0.00    427062  0.950
 110    0.0 4.0e-05   1.000     206.30 nan            nan        nan      nan   0.211  0.0002    1.0     0.00    430980  0.950
 111    0.0 3.8e-05   0.999     206.07 nan            nan        nan      nan   0.207  0.0004    1.0     0.00    434898  0.950
 112    0.0 3.6e-05   1.000     205.92 nan            nan        nan      nan   0.196  0.0003    1.0     0.00    438816  0.950
 113    0.0 3.4e-05   1.000     205.75 nan            nan        nan      nan   0.200  0.0002    1.0     0.00    442734  0.950
 114    0.0 3.2e-05   1.000     205.66 nan            nan        nan      nan   0.172  0.0003    1.0     0.00    446652  0.950
 115    0.0 3.1e-05   1.001     205.66 nan            nan        nan      nan   0.186  0.0003    1.0     0.00    450570  0.950
 116    0.0 2.9e-05   0.999     205.54 nan            nan        nan      nan   0.192  0.0004    1.0     0.00    454488  0.950
 117    0.0 2.8e-05   1.000     205.42 nan            nan        nan      nan   0.170  0.0002    1.0     0.00    458406  0.950
 118    0.0 2.6e-05   1.000     205.39 nan            nan        nan      nan   0.171  0.0003    1.0     0.00    462324  0.950
 119    0.0 2.5e-05   1.000     205.23 nan            nan        nan      nan   0.166  0.0002    1.0     0.00    466242  0.950
 120    0.0 2.4e-05   1.000     205.04 nan            nan        nan      nan   0.139  0.0004    1.0     0.00    470160  0.950
 121    0.0 1.9e-05   1.000     204.92 nan            nan        nan      nan   0.137  0.0002    1.0     0.00    474078  0.800
 122    0.0 1.5e-05   1.000     204.77 nan            nan        nan      nan   0.126  0.0001    1.0     0.00    477996  0.800
 123    0.0 1.2e-05   1.000     204.67 nan            nan        nan      nan   0.124  0.0001    1.0     0.00    481914  0.800
 124    0.0 9.7e-06   1.000     204.57 nan            nan        nan      nan   0.112  0.0001    1.0     0.00    485832  0.800
 125    0.0 7.8e-06   1.000     204.53 nan            nan        nan      nan   0.116  0.0001    1.0     0.00    489750  0.800
 126    0.0 6.2e-06   1.000     204.50 nan            nan        nan      nan   0.102  0.0000    1.0     0.00    493668  0.800
 127    0.0 5.0e-06   1.000     204.48 nan            nan        nan      nan   0.099  0.0000    1.0     0.00    497586  0.800
 128    0.0 4.0e-06   1.000     204.46 nan            nan        nan      nan   0.107  0.0000    1.0     0.00    501504  0.800
 129    0.0 3.2e-06   1.000     204.44 nan            nan        nan      nan   0.107  0.0000    1.0     0.00    505422  0.800
 130    0.0 2.6e-06   1.000     204.43 nan            nan        nan      nan   0.099  0.0000    1.0     0.00    509340  0.800
 131    0.0 2.0e-04   1.030     210.57 nan            nan        nan      nan   0.363  0.0120    1.0     0.00    513258  0.800
 132    0.0 1.9e-04   1.006     214.30 nan            nan        nan      nan   0.388  0.0042    1.0     0.00    517176  0.950
 133    0.0 1.8e-04   1.003     216.12 nan            nan        nan      nan   0.409  0.0029    1.0     0.00    521094  0.950
 134    0.0 1.8e-04   1.000     216.41 nan            nan        nan      nan   0.395  0.0011    1.0     0.00    525012  0.950
 135    0.0 1.7e-04   1.003     217.48 nan            nan        nan      nan   0.394  0.0013    1.0     0.00    528930  0.950
 136    0.0 1.6e-04   1.000     216.95 nan            nan        nan      nan   0.392  0.0016    1.0     0.00    532848  0.950
 137    0.0 1.5e-04   0.999     215.97 nan            nan        nan      nan   0.380  0.0014    1.0     0.00    536766  0.950
 138    0.0 1.4e-04   1.000     215.33 nan            nan        nan      nan   0.372  0.0010    1.0     0.00    540684  0.950
 139    0.0 1.4e-04   1.000     215.31 nan            nan        nan      nan   0.357  0.0010    1.0     0.00    544602  0.950
 140    0.0 1.3e-04   0.997     214.12 nan            nan        nan      nan   0.341  0.0023    1.0     0.00    548520  0.950
 141    0.0 1.2e-04   1.001     214.09 nan            nan        nan      nan   0.342  0.0009    1.0     0.00    552438  0.950
 142    0.0 1.2e-04   0.997     213.51 nan            nan        nan      nan   0.332  0.0016    1.0     0.00    556356  0.950
 143    0.0 1.1e-04   1.000     212.83 nan            nan        nan      nan   0.340  0.0008    1.0     0.00    560274  0.950
 144    0.0 1.0e-04   0.998     212.46 nan            nan        nan      nan   0.328  0.0013    1.0     0.00    564192  0.950
 145    0.0 1.0e-04   0.999     212.23 nan            nan        nan      nan   0.323  0.0009    1.0     0.00    568110  0.950
 146    0.0 9.5e-05   0.997     211.32 nan            nan        nan      nan   0.305  0.0019    1.0     0.00    572028  0.950
 147    0.0 9.0e-05   0.998     210.51 nan            nan        nan      nan   0.295  0.0009    1.0     0.00    575946  0.950
 148    0.0 8.5e-05   0.999     210.13 nan            nan        nan      nan   0.281  0.0006    1.0     0.00    579864  0.950
 149    0.0 8.1e-05   0.997     209.28 nan            nan        nan      nan   0.273  0.0014    1.0     0.00    583782  0.950
 150    0.0 7.7e-05   1.000     208.69 nan            nan        nan      nan   0.272  0.0006    1.0     0.00    587700  0.950
 151    0.0 7.3e-05   1.000     208.56 nan            nan        nan      nan   0.273  0.0006    1.0     0.00    591618  0.950
 152    0.0 7.0e-05   1.000     208.35 nan            nan        nan      nan   0.267  0.0009    1.0     0.00    595536  0.950
 153    0.0 6.6e-05   1.000     208.20 nan            nan        nan      nan   0.260  0.0005    1.0     0.00    599454  0.950
 154    0.0 6.3e-05   0.998     207.66 nan            nan        nan      nan   0.257  0.0014    1.0     0.00    603372  0.950
 155    0.0 6.0e-05   1.000     207.25 nan            nan        nan      nan   0.235  0.0003    1.0     0.00    607290  0.950
 156    0.0 5.7e-05   1.000     207.08 nan            nan        nan      nan   0.230  0.0005    1.0     0.00    611208  0.950
 157    0.0 5.4e-05   0.998     206.61 nan            nan        nan      nan   0.225  0.0013    1.0     0.00    615126  0.950
 158    0.0 5.1e-05   1.000     206.31 nan            nan        nan      nan   0.218  0.0003    1.0     0.00    619044  0.950
 159    0.0 4.9e-05   1.000     206.19 nan            nan        nan      nan   0.223  0.0002    1.0     0.00    622962  0.950
 160    0.0 4.6e-05   1.000     206.10 nan            nan        nan      nan   0.202  0.0003    1.0     0.00    626880  0.950
 161    0.0 4.4e-05   1.001     206.10 nan            nan        nan      nan   0.217  0.0004    1.0     0.00    630798  0.950
 162    0.0 4.2e-05   0.999     205.81 nan            nan        nan      nan   0.208  0.0006    1.0     0.00    634716  0.950
 163    0.0 4.0e-05   0.999     205.63 nan            nan        nan      nan   0.195  0.0006    1.0     0.00    638634  0.950
 164    0.0 3.8e-05   0.999     205.41 nan            nan        nan      nan   0.172  0.0004    1.0     0.00    642552  0.950
 165    0.0 3.6e-05   1.000     205.33 nan            nan        nan      nan   0.184  0.0004    1.0     0.00    646470  0.950
 166    0.0 3.4e-05   0.999     205.21 nan            nan        nan      nan   0.188  0.0004    1.0     0.00    650388  0.950
 167    0.0 3.2e-05   1.000     205.03 nan            nan        nan      nan   0.176  0.0002    1.0     0.00    654306  0.950
 168    0.0 3.1e-05   1.000     204.92 nan            nan        nan      nan   0.166  0.0003    1.0     0.00    658224  0.950
 169    0.0 2.9e-05   1.001     205.02 nan            nan        nan      nan   0.165  0.0003    1.0     0.00    662142  0.950
 170    0.0 2.8e-05   1.000     205.08 nan            nan        nan      nan   0.169  0.0005    1.0     0.00    666060  0.950
 171    0.0 2.6e-05   1.000     204.93 nan            nan        nan      nan   0.156  0.0001    1.0     0.00    669978  0.950
 172    0.0 2.5e-05   0.999     204.82 nan            nan        nan      nan   0.169  0.0004    1.0     0.00    673896  0.950
 173    0.0 2.4e-05   1.000     204.57 nan            nan        nan      nan   0.140  0.0002    1.0     0.00    677814  0.950
 174    0.0 1.9e-05   1.000     204.53 nan            nan        nan      nan   0.147  0.0004    1.0     0.00    681732  0.800
 175    0.0 1.5e-05   1.000     204.30 nan            nan        nan      nan   0.133  0.0001    1.0     0.00    685650  0.800
 176    0.0 1.2e-05   1.000     204.19 nan            nan        nan      nan   0.118  0.0002    1.0     0.00    689568  0.800
 177    0.0 9.7e-06   1.000     204.11 nan            nan        nan      nan   0.114  0.0001    1.0     0.00    693486  0.800
 178    0.0 7.8e-06   1.000     204.07 nan            nan        nan      nan   0.120  0.0001    1.0     0.00    697404  0.800
 179    0.0 6.2e-06   1.000     204.03 nan            nan        nan      nan   0.113  0.0001    1.0     0.00    701322  0.800
 180    0.0 5.0e-06   1.000     203.99 nan            nan        nan      nan   0.115  0.0000    1.0     0.00    705240  0.800
 181    0.0 4.0e-06   1.000     203.98 nan            nan        nan      nan   0.121  0.0000    1.0     0.00    709158  0.800
 182    0.0 3.2e-06   1.000     203.98 nan            nan        nan      nan   0.108  0.0000    1.0     0.00    713076  0.800
 183    0.0 2.5e-06   1.000     203.97 nan            nan        nan      nan   0.113  0.0000    1.0     0.00    716994  0.800
 184    0.0 2.0e-04   1.033     210.77 nan            nan        nan      nan   0.380  0.0123    1.0     0.00    720912  0.800
 185    0.0 1.9e-04   1.002     214.07 nan            nan        nan      nan   0.399  0.0036    1.0     0.00    724830  0.950
 186    0.0 1.8e-04   1.001     215.75 nan            nan        nan      nan   0.399  0.0015    1.0     0.00    728748  0.950
 187    0.0 1.7e-04   1.000     215.62 nan            nan        nan      nan   0.401  0.0010    1.0     0.00    732666  0.950
 188    0.0 1.7e-04   1.003     216.07 nan            nan        nan      nan   0.407  0.0010    1.0     0.00    736584  0.950
 189    0.0 1.6e-04   0.994     214.57 nan            nan        nan      nan   0.396  0.0023    1.0     0.00    740502  0.950
 190    0.0 1.5e-04   0.999     214.09 nan            nan        nan      nan   0.384  0.0011    1.0     0.00    744420  0.950
 191    0.0 1.4e-04   0.999     214.37 nan            nan        nan      nan   0.373  0.0011    1.0     0.00    748338  0.950
 192    0.0 1.3e-04   0.998     214.04 nan            nan        nan      nan   0.365  0.0016    1.0     0.00    752256  0.950
 193    0.0 1.3e-04   0.997     213.07 nan            nan        nan      nan   0.353  0.0019    1.0     0.00    756174  0.950
 194    0.0 1.2e-04   0.999     212.44 nan            nan        nan      nan   0.350  0.0006    1.0     0.00    760092  0.950
 195    0.0 1.2e-04   1.001     212.75 nan            nan        nan      nan   0.341  0.0018    1.0     0.00    764010  0.950
 196    0.0 1.1e-04   0.998     211.50 nan            nan        nan      nan   0.321  0.0014    1.0     0.00    767928  0.950
 197    0.0 1.0e-04   0.998     210.97 nan            nan        nan      nan   0.332  0.0008    1.0     0.00    771846  0.950
 198    0.0 9.9e-05   0.996     210.23 nan            nan        nan      nan   0.299  0.0021    1.0     0.00    775764  0.950
 199    0.0 9.4e-05   0.999     209.47 nan            nan        nan      nan   0.304  0.0009    1.0     0.00    779682  0.950
 200    0.0 9.0e-05   0.999     208.95 nan            nan        nan      nan   0.318  0.0009    1.0     0.00    783600  0.950
 201    0.0 8.5e-05   0.999     208.61 nan            nan        nan      nan   0.306  0.0008    1.0     0.00    787518  0.950
 202    0.0 8.1e-05   0.996     207.52 nan            nan        nan      nan   0.277  0.0012    1.0     0.00    791436  0.950
 203    0.0 7.7e-05   0.999     207.43 nan            nan        nan      nan   0.283  0.0010    1.0     0.00    795354  0.950
 204    0.0 7.3e-05   1.000     206.99 nan            nan        nan      nan   0.275  0.0004    1.0     0.00    799272  0.950
 205    0.0 6.9e-05   1.000     207.01 nan            nan        nan      nan   0.269  0.0004    1.0     0.00    803190  0.950
 206    0.0 6.6e-05   0.998     206.68 nan            nan        nan      nan   0.265  0.0006    1.0     0.00    807108  0.950
 207    0.0 6.3e-05   1.001     206.78 nan            nan        nan      nan   0.251  0.0007    1.0     0.00    811026  0.950
 208    0.0 5.9e-05   0.999     206.49 nan            nan        nan      nan   0.257  0.0007    1.0     0.00    814944  0.950
 209    0.0 5.6e-05   0.999     206.25 nan            nan        nan      nan   0.240  0.0006    1.0     0.00    818862  0.950
 210    0.0 5.4e-05   0.999     205.85 nan            nan        nan      nan   0.237  0.0008    1.0     0.00    822780  0.950
 211    0.0 5.1e-05   1.000     205.47 nan            nan        nan      nan   0.246  0.0004    1.0     0.00    826698  0.950
 212    0.0 4.8e-05   1.000     205.48 nan            nan        nan      nan   0.230  0.0003    1.0     0.00    830616  0.950
 213    0.0 4.6e-05   0.998     205.14 nan            nan        nan      nan   0.235  0.0009    1.0     0.00    834534  0.950
 214    0.0 4.4e-05   1.000     204.92 nan            nan        nan      nan   0.201  0.0003    1.0     0.00    838452  0.950
 215    0.0 4.1e-05   0.999     204.57 nan            nan        nan      nan   0.208  0.0006    1.0     0.00    842370  0.950
 216    0.0 3.9e-05   1.000     204.42 nan            nan        nan      nan   0.203  0.0002    1.0     0.00    846288  0.950
 217    0.0 3.7e-05   1.000     204.55 nan            nan        nan      nan   0.200  0.0002    1.0     0.00    850206  0.950
 218    0.0 3.6e-05   1.000     204.49 nan            nan        nan      nan   0.186  0.0002    1.0     0.00    854124  0.950
 219    0.0 3.4e-05   0.999     204.34 nan            nan        nan      nan   0.186  0.0005    1.0     0.00    858042  0.950
 220    0.0 3.2e-05   0.999     203.98 nan            nan        nan      nan   0.190  0.0003    1.0     0.00    861960  0.950
 221    0.0 3.0e-05   1.000     203.85 nan            nan        nan      nan   0.167  0.0002    1.0     0.00    865878  0.950
 222    0.0 2.9e-05   1.000     203.85 nan            nan        nan      nan   0.183  0.0002    1.0     0.00    869796  0.950
 223    0.0 2.8e-05   0.999     203.67 nan            nan        nan      nan   0.166  0.0004    1.0     0.00    873714  0.950
 224    0.0 2.6e-05   1.000     203.56 nan            nan        nan      nan   0.162  0.0003    1.0     0.00    877632  0.950
 225    0.0 2.5e-05   1.000     203.45 nan            nan        nan      nan   0.153  0.0002    1.0     0.00    881550  0.950
 226    0.0 2.4e-05   1.000     203.39 nan            nan        nan      nan   0.157  0.0002    1.0     0.00    885468  0.950
 227    0.0 2.2e-05   1.000     203.36 nan            nan        nan      nan   0.152  0.0003    1.0     0.00    889386  0.950
 228    0.0 2.1e-05   1.000     203.22 nan            nan        nan      nan   0.156  0.0003    1.0     0.00    893304  0.950
 229    0.0 2.0e-05   1.000     203.13 nan            nan        nan      nan   0.136  0.0001    1.0     0.00    897222  0.950
 230    0.0 1.6e-05   1.000     203.10 nan            nan        nan      nan   0.141  0.0001    1.0     0.00    901140  0.800
 231    0.0 1.3e-05   1.000     203.03 nan            nan        nan      nan   0.137  0.0002    1.0     0.00    905058  0.800
 232    0.0 1.0e-05   1.000     202.95 nan            nan        nan      nan   0.141  0.0000    1.0     0.00    908976  0.800
 233    0.0 8.3e-06   1.000     202.92 nan            nan        nan      nan   0.132  0.0001    1.0     0.00    912894  0.800
 234    0.0 6.6e-06   1.000     202.87 nan            nan        nan      nan   0.117  0.0001    1.0     0.00    916812  0.800
 235    0.0 5.3e-06   1.000     202.84 nan            nan        nan      nan   0.119  0.0001    1.0     0.00    920730  0.800
 236    0.0 4.2e-06   1.000     202.82 nan            nan        nan      nan   0.124  0.0000    1.0     0.00    924648  0.800
 237    0.0 3.4e-06   1.000     202.82 nan            nan        nan      nan   0.127  0.0000    1.0     0.00    928566  0.800
 238    0.0 2.7e-06   1.000     202.81 nan            nan        nan      nan   0.117  0.0000    1.0     0.00    932484  0.800
 239    0.0 0.0e+00   1.000     202.80 nan            nan        nan      nan   0.094  0.0000    1.0     0.00    936402  0.800
## Placement Quench took 0.01 seconds (max_rss 456.4 MiB)

BB estimate of min-dist (placement) wire length: 20280

Completed placement consistency check successfully.

Swaps called: 937235

Aborted Move Reasons:
  No moves aborted
Placement cost: 0.999997, bb_cost: 202.801, td_cost: nan, 

Placement resource usage:
  io     implemented as io    : 467
  clb    implemented as clb   : 365
  memory implemented as memory: 1

Placement number of temperatures: 239
Placement total # of swap attempts: 937235
	Swaps accepted: 256667 (27.4 %)
	Swaps rejected: 610615 (65.2 %)
	Swaps aborted:  69953 ( 7.5 %)


Placement perturbation distribution by block and move type: 
------------------ ----------------- ---------------- ---------------- --------------- ------------ 
    Block Type         Move Type       (%) of Total      Accepted(%)     Rejected(%)    Aborted(%)
------------------ ----------------- ---------------- ---------------- --------------- ------------ 
io                 Uniform                21.71            35.69           64.31          0.00         
                   Median                 22.62            35.30           50.44          14.26        
                   Centroid               22.59            35.54           50.71          13.75        

clb                Uniform                6.46             7.63            92.37          0.00         
                   Median                 14.74            12.78           80.54          6.69         
                   Centroid               11.83            10.58           88.45          0.97         

memory             Uniform                0.02             0.61            99.39          0.00         
                   Median                 0.03             1.20            29.88          68.92        
                   Centroid               0.03             0.84            39.92          59.24        


Placement Quench timing analysis took 0 seconds (0 STA, 0 slack) (0 full updates: 0 setup, 0 hold, 0 combined).
Placement Total  timing analysis took 0 seconds (0 STA, 0 slack) (0 full updates: 0 setup, 0 hold, 0 combined).
update_td_costs: connections 0 nets 0 sum_nets 0 total 0
# Placement took 1.28 seconds (max_rss 456.4 MiB, delta_rss +0.0 MiB)

Flow timing analysis took 0.00304113 seconds (0.0024797 STA, 0.000561424 slack) (1 full updates: 1 setup, 0 hold, 0 combined).
VPR succeeded
The entire flow of VPR took 2.40 seconds (max_rss 456.4 MiB)
