VPR FPGA Placement and Routing.
Version: 9.0.0-dev+v8.0.0-11943-g8cb20aa52-dirty
Revision: v8.0.0-11943-g8cb20aa52-dirty
Compiled: 2025-11-07T01:13:29
Compiler: GNU 13.3.0 on Linux-6.6.87.2-microsoft-standard-WSL2 x86_64
Build Info: release IPO VTR_ASSERT_LEVEL=2

University of Toronto
verilogtorouting.org
vtr-users@googlegroups.com
This is free open source code under MIT license.

Warning 1: To use RLPlace for WLdriven placements, the reward function should be basic or nonPenalizing_basic.
you can specify the reward function using --place_reward_fun.
Setting the placement reward function to "basic"
VPR was run with the following command-line:
./vtr-verilog-to-routing/vpr/vpr k6_N10_mem32K_40nm.xml raygentop.blif --pack --place --place_algorithm bounding_box --seed 1000


Architecture file: k6_N10_mem32K_40nm.xml
Circuit name: raygentop

# Loading Architecture Description
# Loading Architecture Description took 0.01 seconds (max_rss 456.4 MiB, delta_rss +0.0 MiB)

Timing analysis: ON
Circuit netlist file: raygentop.net
Circuit placement file: raygentop.place
Circuit routing file: raygentop.route
Circuit SDC file: raygentop.sdc
Vpr floorplanning constraints file: not specified

Packer: ENABLED
Placer: ENABLED
Analytical Placer: DISABLED
Router: DISABLED
Analysis: DISABLED

VPR was run with the following options:

NetlistOpts.absorb_buffer_luts            : true
NetlistOpts.sweep_dangling_primary_ios    : true
NetlistOpts.sweep_dangling_nets           : true
NetlistOpts.sweep_dangling_blocks         : true
NetlistOpts.sweep_constant_primary_outputs: false
NetlistOpts.netlist_verbosity             : 1
NetlistOpts.const_gen_inference           : COMB_SEQ

PackerOpts.allow_unrelated_clustering: auto
PackerOpts.alpha_clustering: 0.750000
PackerOpts.beta_clustering: 0.900000
PackerOpts.cluster_seed_type: BLEND2
PackerOpts.connection_driven: true
PackerOpts.global_clocks: true
PackerOpts.inter_cluster_net_delay: 1.000000
PackerOpts.timing_driven: true
PackerOpts.target_external_pin_util: auto

PlacerOpts.place_freq: PLACE_ONCE
PlacerOpts.place_algorithm: BOUNDING_BOX_PLACE
PlacerOpts.pad_loc_type: FREE
PlacerOpts.constraints_file: No constraints file given
PlacerOpts.place_chan_width: 100
PlacerOpts.rlim_escape_fraction: 0.000000
PlacerOpts.move_stats_file: 
PlacerOpts.placement_saves_per_temperature: 0
PlacerOpts.effort_scaling: CIRCUIT
PlacerOpts.place_delta_delay_matrix_calculation_method: ASTAR_ROUTE
PlaceOpts.seed: 1000
AnnealSched.type: AUTO_SCHED
AnnealSched.inner_num: 0.500000

# Building complex block graph
Warning 2: io[0].clock[0] unconnected pin in architecture.
# Building complex block graph took 0.01 seconds (max_rss 456.4 MiB, delta_rss +0.0 MiB)
Circuit file: raygentop.blif
# Load circuit
Found constant-one generator 'top^raygroup10~1'
Found constant-zero generator 'top^tm3_sram_addr~18'
Found constant-zero generator 'top^tm3_sram_adsp'
Found constant-zero generator 'top^raygroup01~1'
Found constant-zero generator 'unconn'
# Load circuit took 0.03 seconds (max_rss 456.4 MiB, delta_rss +0.0 MiB)
# Clean circuit
Absorbed 483 LUT buffers
Inferred    0 additional primitive pins as constant generators since they have no combinationally connected inputs
Inferred    0 additional primitive pins as constant generators due to constant inputs
Inferred    0 additional primitive pins as constant generators since they have no combinationally connected inputs
Inferred    0 additional primitive pins as constant generators due to constant inputs
Inferred    0 additional primitive pins as constant generators since they have no combinationally connected inputs
Inferred    0 additional primitive pins as constant generators due to constant inputs
Swept input(s)      : 16
Swept output(s)     : 0 (0 dangling, 0 constant)
Swept net(s)        : 1105
Swept block(s)      : 0
Constant Pins Marked: 0
# Clean circuit took 0.00 seconds (max_rss 456.4 MiB, delta_rss +0.0 MiB)
# Compress circuit
# Compress circuit took 0.00 seconds (max_rss 456.4 MiB, delta_rss +0.0 MiB)
# Verify circuit
# Verify circuit took 0.00 seconds (max_rss 456.4 MiB, delta_rss +0.0 MiB)
Circuit Statistics:
  Blocks: 4153
    .input         :     239
    .latch         :    1423
    .names         :    2147
        0-LUT:       4
        1-LUT:       1
        2-LUT:     304
        3-LUT:     403
        4-LUT:     434
        5-LUT:     375
        6-LUT:     626
    .output        :     305
    multiply       :      18
    single_port_ram:      21
  Nets  : 4037
    Avg Fanout:     3.2
    Max Fanout:  1444.0
    Min Fanout:     1.0
  Netlist Clocks: 1
# Build Timing Graph
  Timing Graph Nodes: 17027
  Timing Graph Edges: 30805
  Timing Graph Levels: 20
# Build Timing Graph took 0.01 seconds (max_rss 456.4 MiB, delta_rss +0.0 MiB)
Netlist contains 1 clocks
  Netlist Clock 'top^tm3_clk_v0' Fanout: 1444 pins (8.5%), 1444 blocks (34.8%)
# Load Timing Constraints

SDC file 'raygentop.sdc' not found
Setting default timing constraints:
   * constrain all primay inputs and primary outputs on netlist clock 'top^tm3_clk_v0'
   * optimize netlist clock to run as fast as possible
Timing constraints created 1 clocks
  Constrained Clock 'top^tm3_clk_v0' Source: 'top^tm3_clk_v0.inpad[0]'

# Load Timing Constraints took 0.00 seconds (max_rss 456.4 MiB, delta_rss +0.0 MiB)
# Packing
Begin packing 'raygentop.blif'.

After removing unused inputs...
	total blocks: 4153, total nets: 4037, total inputs: 239, total outputs: 305
Begin prepacking.
0 attraction groups were created during prepacking.
Finish prepacking.
Using inter-cluster delay: 1.33777e-09
Packing with pin utilization targets: io:1,1 clb:0.8,0.6 mult_36:1,1 memory:1,1
Packing with high fanout thresholds: io:128 clb:32 mult_36:128 memory:128
Starting Clustering - Clustering Progress: 
-------------------   --------------------------   ---------
Molecules processed   Number of clusters created   FPGA size
-------------------   --------------------------   ---------
   128/3012      4%                           20    22 x 22    
   255/3012      8%                           33    22 x 22    
   382/3012     12%                           46    22 x 22    
   510/3012     16%                           60    22 x 22    
   630/3012     20%                           72    22 x 22    
   750/3012     24%                           84    22 x 22    
   870/3012     28%                           96    22 x 22    
   990/3012     32%                          110    22 x 22    
  1115/3012     37%                          125    22 x 22    
  1238/3012     41%                          139    22 x 22    
  1366/3012     45%                          152    22 x 22    
  1486/3012     49%                          164    22 x 22    
  1610/3012     53%                          178    22 x 22    
  1731/3012     57%                          196    22 x 22    
  1853/3012     61%                          218    22 x 22    
  1974/3012     65%                          236    22 x 22    
  2110/3012     70%                          255    22 x 22    
  2234/3012     74%                          272    22 x 22    
  2354/3012     78%                          292    22 x 22    
  2479/3012     82%                          331    23 x 23    
  2599/3012     86%                          450    23 x 23    
  2719/3012     90%                          570    23 x 23    
  2839/3012     94%                          690    23 x 23    
  2959/3012     98%                          810    23 x 23    
  3012/3012    100%                          863    23 x 23    

Logic Element (fle) detailed count:
  Total number of Logic Elements used : 2429
  LEs used for logic and registers    : 1141
  LEs used for logic only             : 1006
  LEs used for registers only         : 282

Incr Slack updates 1 in 0.000137949 sec
Full Max Req/Worst Slack updates 1 in 1.8186e-05 sec
Incr Max Req/Worst Slack updates 0 in 0 sec
Incr Criticality updates 0 in 0 sec
Full Criticality updates 1 in 0.000191021 sec
FPGA sized to 23 x 23 (auto)
Device Utilization: 0.79 (target 1.00)
	Block Utilization: 0.81 Type: io
	Block Utilization: 0.92 Type: clb
	Block Utilization: 0.90 Type: mult_36
	Block Utilization: 0.11 Type: memory

Start the iterative improvement process
the iterative improvement process is done
Final Clustering Statistics: 
----------   --------   ------------------------------------   --------------------------
Block Type   # Blocks   Avg. # of input clocks and pins used   Avg. # of output pins used
----------   --------   ------------------------------------   --------------------------
     EMPTY          0                                      0                            0   
        io        544                               0.560662                     0.439338   
       clb        309                                14.9191                      5.08414   
   mult_36          9                                     47                           23   
    memory          1                                     31                           21   
Absorbed logical nets 1999 out of 4037 nets, 2038 nets not absorbed.

Netlist conversion complete.

# Packing took 0.67 seconds (max_rss 456.4 MiB, delta_rss +0.0 MiB)
# Load packing
Begin loading packed FPGA netlist file.
Netlist generated from file 'raygentop.net'.
Detected 4 constant generators (to see names run with higher pack verbosity)
Finished loading packed FPGA netlist file (took 0.119552 seconds).
Warning 3: Treated 4 constant nets as global which will not be routed (to see net names increase packer verbosity).
Warning 4: Netlist contains 4 global net to non-global architecture pin connections
Warning 5: Logic block #412 (top^raygroup10~1) has only 1 output pin 'top^raygroup10~1.O[9]'. It may be a constant generator.
Warning 6: Logic block #413 (top^tm3_sram_addr~18) has only 1 output pin 'top^tm3_sram_addr~18.O[9]'. It may be a constant generator.
Warning 7: Logic block #414 (top^tm3_sram_adsp) has only 1 output pin 'top^tm3_sram_adsp.O[9]'. It may be a constant generator.
Warning 8: Logic block #415 (top^raygroup01~1) has only 1 output pin 'top^raygroup01~1.O[9]'. It may be a constant generator.
Completed clustering consistency check successfully.
Cluster level netlist and block usage statistics
Netlist num_nets: 2038
Netlist num_blocks: 863
Netlist EMPTY blocks: 0.
Netlist io blocks: 544.
Netlist clb blocks: 309.
Netlist mult_36 blocks: 9.
Netlist memory blocks: 1.
Netlist inputs pins: 239
Netlist output pins: 305

Pb types usage...
  io                       : 544
   inpad                   : 239
   outpad                  : 305
  clb                      : 309
   fle                     : 2429
    ble6                   : 2429
     lut6                  : 2147
      lut                  : 2147
     ff                    : 1423
  mult_36                  : 9
   divisible_mult_18x18    : 15
    mult_9x9_slice         : 9
     mult_9x9              : 9
    mult_18x18_slice       : 9
     mult_18x18            : 9
  memory                   : 1
   mem_512x64_sp           : 1
    memory_slice           : 21

# Load packing took 0.20 seconds (max_rss 456.4 MiB, delta_rss +0.0 MiB)
# Create Device
## Build Device Grid
FPGA sized to 23 x 23: 529 grid tiles (auto)

Resource usage...
	Netlist
		544	blocks of type: io
	Architecture
		672	blocks of type: io
	Netlist
		309	blocks of type: clb
	Architecture
		336	blocks of type: clb
	Netlist
		9	blocks of type: mult_36
	Architecture
		10	blocks of type: mult_36
	Netlist
		1	blocks of type: memory
	Architecture
		9	blocks of type: memory

Device Utilization: 0.79 (target 1.00)
	Physical Tile io:
	Block Utilization: 0.81 Logical Block: io
	Physical Tile clb:
	Block Utilization: 0.92 Logical Block: clb
	Physical Tile mult_36:
	Block Utilization: 0.90 Logical Block: mult_36
	Physical Tile memory:
	Block Utilization: 0.11 Logical Block: memory

FPGA size limited by block type(s): clb

## Build Device Grid took 0.00 seconds (max_rss 456.4 MiB, delta_rss +0.0 MiB)
## Build routing resource graph
## Build routing resource graph took 0.18 seconds (max_rss 456.4 MiB, delta_rss +0.0 MiB)
  RR Graph Nodes: 54354
  RR Graph Edges: 489289
# Create Device took 0.19 seconds (max_rss 456.4 MiB, delta_rss +0.0 MiB)


Bounding box mode is Cube

# Compressed grid construction
# Compressed grid construction took 0.00 seconds (max_rss 456.4 MiB, delta_rss +0.0 MiB)
# Placement
## Initial Placement
Initial placement iteration 0 has finished successfully
## Initial Placement took 0.00 seconds (max_rss 456.4 MiB, delta_rss +0.0 MiB)
Using simple RL 'Softmax agent' for choosing move and block types

BB estimate of min-dist (placement) wire length: 45543

Completed placement consistency check successfully.
Initial placement cost: 1 bb_cost: 455.435 td_cost: nan
Placement contains 0 placement macros involving 0 blocks (average macro size -nan)

Moves per temperature: 4107
Warning 9: Starting t: 375 of 863 configurations accepted.

---- ------ ------- ------- ---------- ---------- ------- ---------- -------- ------- ------- ------ -------- --------- ------
Tnum   Time       T Av Cost Av BB Cost Av TD Cost     CPD       sTNS     sWNS Ac Rate Std Dev  R lim Crit Exp Tot Moves  Alpha
      (sec)                                          (ns)       (ns)     (ns)                                                 
---- ------ ------- ------- ---------- ---------- ------- ---------- -------- ------- ------- ------ -------- --------- ------
   1    0.0 6.6e-04   0.918     355.47 nan            nan        nan      nan   0.716  0.0391   22.0     0.00      4107  1.000
   2    0.0 6.3e-04   0.927     311.89 nan            nan        nan      nan   0.695  0.0307   22.0     0.00      8214  0.950
   3    0.0 6.0e-04   0.966     292.98 nan            nan        nan      nan   0.659  0.0123   22.0     0.00     12321  0.950
   4    0.0 5.7e-04   0.990     288.94 nan            nan        nan      nan   0.679  0.0051   22.0     0.00     16428  0.950
   5    0.0 5.4e-04   0.989     282.29 nan            nan        nan      nan   0.659  0.0136   22.0     0.00     20535  0.950
   6    0.0 5.1e-04   0.997     277.38 nan            nan        nan      nan   0.639  0.0029   22.0     0.00     24642  0.950
   7    0.0 4.9e-04   0.990     275.28 nan            nan        nan      nan   0.645  0.0072   22.0     0.00     28749  0.950
   8    0.0 4.6e-04   0.992     271.78 nan            nan        nan      nan   0.627  0.0052   22.0     0.00     32856  0.950
   9    0.0 4.4e-04   0.999     270.64 nan            nan        nan      nan   0.630  0.0062   22.0     0.00     36963  0.950
  10    0.0 4.2e-04   0.994     265.70 nan            nan        nan      nan   0.614  0.0041   22.0     0.00     41070  0.950
  11    0.0 4.0e-04   0.989     264.41 nan            nan        nan      nan   0.606  0.0039   22.0     0.00     45177  0.950
  12    0.0 3.8e-04   0.991     260.49 nan            nan        nan      nan   0.602  0.0054   22.0     0.00     49284  0.950
  13    0.0 3.6e-04   1.004     257.50 nan            nan        nan      nan   0.568  0.0026   22.0     0.00     53391  0.950
  14    0.0 3.4e-04   0.986     253.07 nan            nan        nan      nan   0.531  0.0075   22.0     0.00     57498  0.950
  15    0.0 3.2e-04   0.995     248.90 nan            nan        nan      nan   0.523  0.0033   22.0     0.00     61605  0.950
  16    0.0 3.1e-04   0.995     248.10 nan            nan        nan      nan   0.520  0.0040   22.0     0.00     65712  0.950
  17    0.0 2.9e-04   0.993     245.17 nan            nan        nan      nan   0.500  0.0038   22.0     0.00     69819  0.950
  18    0.0 2.8e-04   1.002     243.45 nan            nan        nan      nan   0.482  0.0023   22.0     0.00     73926  0.950
  19    0.0 2.6e-04   0.994     242.56 nan            nan        nan      nan   0.462  0.0069   22.0     0.00     78033  0.950
  20    0.0 2.5e-04   1.001     240.13 nan            nan        nan      nan   0.424  0.0031   22.0     0.00     82140  0.950
  21    0.0 2.4e-04   0.992     238.28 nan            nan        nan      nan   0.447  0.0049   21.7     0.00     86247  0.950
  22    0.0 2.3e-04   0.996     236.23 nan            nan        nan      nan   0.443  0.0021   21.8     0.00     90354  0.950
  23    0.0 2.1e-04   0.996     235.47 nan            nan        nan      nan   0.429  0.0019   21.9     0.00     94461  0.950
  24    0.0 2.0e-04   0.996     233.75 nan            nan        nan      nan   0.422  0.0029   21.6     0.00     98568  0.950
  25    0.0 1.9e-04   0.999     232.17 nan            nan        nan      nan   0.400  0.0021   21.2     0.00    102675  0.950
  26    0.0 1.8e-04   0.995     231.05 nan            nan        nan      nan   0.380  0.0033   20.4     0.00    106782  0.950
  27    0.0 1.7e-04   0.996     229.36 nan            nan        nan      nan   0.386  0.0029   19.2     0.00    110889  0.950
  28    0.0 1.7e-04   0.995     226.89 nan            nan        nan      nan   0.352  0.0036   18.1     0.00    114996  0.950
  29    0.0 1.6e-04   0.993     224.52 nan            nan        nan      nan   0.340  0.0037   16.5     0.00    119103  0.950
  30    0.0 1.5e-04   0.998     222.91 nan            nan        nan      nan   0.320  0.0015   14.9     0.00    123210  0.950
  31    0.0 1.4e-04   0.999     221.61 nan            nan        nan      nan   0.323  0.0017   13.1     0.00    127317  0.950
  32    0.0 1.4e-04   0.997     220.59 nan            nan        nan      nan   0.329  0.0015   11.6     0.00    131424  0.950
  33    0.0 1.3e-04   0.996     219.68 nan            nan        nan      nan   0.325  0.0024   10.3     0.00    135531  0.950
  34    0.0 1.2e-04   0.999     218.87 nan            nan        nan      nan   0.317  0.0017    9.1     0.00    139638  0.950
  35    0.0 1.2e-04   0.994     217.36 nan            nan        nan      nan   0.324  0.0024    8.0     0.00    143745  0.950
  36    0.0 1.1e-04   1.000     216.54 nan            nan        nan      nan   0.310  0.0014    7.0     0.00    147852  0.950
  37    0.0 1.0e-04   0.998     215.69 nan            nan        nan      nan   0.286  0.0019    6.1     0.00    151959  0.950
  38    0.0 9.9e-05   0.996     214.05 nan            nan        nan      nan   0.286  0.0027    5.2     0.00    156066  0.950
  39    0.0 9.4e-05   0.998     213.12 nan            nan        nan      nan   0.290  0.0013    4.4     0.00    160173  0.950
  40    0.0 9.0e-05   0.999     212.24 nan            nan        nan      nan   0.300  0.0012    3.7     0.00    164280  0.950
  41    0.0 8.5e-05   0.995     210.39 nan            nan        nan      nan   0.380  0.0023    3.2     0.00    168387  0.950
  42    0.0 8.1e-05   0.998     209.30 nan            nan        nan      nan   0.379  0.0016    3.0     0.00    172494  0.950
  43    0.0 7.7e-05   0.996     208.27 nan            nan        nan      nan   0.417  0.0028    2.8     0.00    176601  0.950
  44    0.0 7.3e-05   0.996     206.36 nan            nan        nan      nan   0.396  0.0024    2.8     0.00    180708  0.950
  45    0.0 6.9e-05   0.999     205.43 nan            nan        nan      nan   0.393  0.0010    2.6     0.00    184815  0.950
  46    0.0 6.6e-05   0.996     204.48 nan            nan        nan      nan   0.376  0.0016    2.5     0.00    188922  0.950
  47    0.0 6.3e-05   0.999     203.76 nan            nan        nan      nan   0.359  0.0006    2.4     0.00    193029  0.950
  48    0.0 6.0e-05   0.998     203.17 nan            nan        nan      nan   0.339  0.0008    2.2     0.00    197136  0.950
  49    0.0 5.7e-05   0.997     202.38 nan            nan        nan      nan   0.351  0.0019    1.9     0.00    201243  0.950
  50    0.0 5.4e-05   0.997     201.49 nan            nan        nan      nan   0.315  0.0013    1.8     0.00    205350  0.950
  51    0.0 5.1e-05   0.999     201.00 nan            nan        nan      nan   0.309  0.0007    1.6     0.00    209457  0.950
  52    0.0 4.9e-05   0.999     200.51 nan            nan        nan      nan   0.298  0.0007    1.3     0.00    213564  0.950
  53    0.0 4.6e-05   0.997     199.78 nan            nan        nan      nan   0.295  0.0018    1.2     0.00    217671  0.950
  54    0.0 4.4e-05   0.999     198.88 nan            nan        nan      nan   0.289  0.0006    1.0     0.00    221778  0.950
  55    0.0 4.2e-05   0.998     198.29 nan            nan        nan      nan   0.276  0.0010    1.0     0.00    225885  0.950
  56    0.0 4.0e-05   0.999     197.89 nan            nan        nan      nan   0.270  0.0006    1.0     0.00    229992  0.950
  57    0.0 3.8e-05   0.999     197.74 nan            nan        nan      nan   0.261  0.0004    1.0     0.00    234099  0.950
  58    0.0 3.6e-05   1.000     197.66 nan            nan        nan      nan   0.256  0.0008    1.0     0.00    238206  0.950
  59    0.0 3.4e-05   1.000     197.27 nan            nan        nan      nan   0.245  0.0006    1.0     0.00    242313  0.950
  60    0.0 3.2e-05   1.000     197.00 nan            nan        nan      nan   0.225  0.0002    1.0     0.00    246420  0.950
  61    0.0 3.1e-05   1.000     196.97 nan            nan        nan      nan   0.223  0.0003    1.0     0.00    250527  0.950
  62    0.0 2.9e-05   0.999     196.75 nan            nan        nan      nan   0.234  0.0006    1.0     0.00    254634  0.950
  63    0.0 2.8e-05   1.000     196.47 nan            nan        nan      nan   0.225  0.0002    1.0     0.00    258741  0.950
  64    0.0 2.6e-05   1.000     196.43 nan            nan        nan      nan   0.206  0.0003    1.0     0.00    262848  0.950
  65    0.0 2.5e-05   1.000     196.45 nan            nan        nan      nan   0.194  0.0002    1.0     0.00    266955  0.950
  66    0.0 2.4e-05   0.999     196.21 nan            nan        nan      nan   0.191  0.0005    1.0     0.00    271062  0.950
  67    0.0 2.2e-05   1.000     196.11 nan            nan        nan      nan   0.187  0.0001    1.0     0.00    275169  0.950
  68    0.0 2.1e-05   0.999     195.94 nan            nan        nan      nan   0.186  0.0003    1.0     0.00    279276  0.950
  69    0.0 2.0e-05   1.000     195.80 nan            nan        nan      nan   0.185  0.0001    1.0     0.00    283383  0.950
  70    0.0 1.9e-05   0.999     195.63 nan            nan        nan      nan   0.173  0.0004    1.0     0.00    287490  0.950
  71    0.0 1.8e-05   1.000     195.62 nan            nan        nan      nan   0.174  0.0002    1.0     0.00    291597  0.950
  72    0.0 1.7e-05   1.000     195.54 nan            nan        nan      nan   0.174  0.0002    1.0     0.00    295704  0.950
  73    0.0 1.7e-05   1.000     195.40 nan            nan        nan      nan   0.176  0.0002    1.0     0.00    299811  0.950
  74    0.0 1.6e-05   1.000     195.31 nan            nan        nan      nan   0.155  0.0001    1.0     0.00    303918  0.950
  75    0.0 1.5e-05   1.000     195.32 nan            nan        nan      nan   0.164  0.0001    1.0     0.00    308025  0.950
  76    0.0 1.4e-05   1.000     195.28 nan            nan        nan      nan   0.164  0.0002    1.0     0.00    312132  0.950
  77    0.0 1.3e-05   1.000     195.18 nan            nan        nan      nan   0.156  0.0001    1.0     0.00    316239  0.950
  78    0.0 1.3e-05   1.000     195.12 nan            nan        nan      nan   0.169  0.0001    1.0     0.00    320346  0.950
  79    0.0 1.2e-05   1.000     195.07 nan            nan        nan      nan   0.157  0.0001    1.0     0.00    324453  0.950
  80    0.0 1.2e-05   1.000     195.07 nan            nan        nan      nan   0.153  0.0001    1.0     0.00    328560  0.950
  81    0.0 1.1e-05   1.000     195.02 nan            nan        nan      nan   0.142  0.0000    1.0     0.00    332667  0.950
  82    0.0 8.8e-06   1.000     195.00 nan            nan        nan      nan   0.155  0.0001    1.0     0.00    336774  0.800
  83    0.0 8.3e-06   1.000     194.98 nan            nan        nan      nan   0.143  0.0000    1.0     0.00    340881  0.950
  84    0.0 6.7e-06   1.000     194.95 nan            nan        nan      nan   0.142  0.0001    1.0     0.00    344988  0.800
  85    0.0 5.3e-06   1.000     194.92 nan            nan        nan      nan   0.138  0.0000    1.0     0.00    349095  0.800
  86    0.0 4.3e-06   1.000     194.91 nan            nan        nan      nan   0.132  0.0000    1.0     0.00    353202  0.800
  87    0.0 3.4e-06   1.000     194.89 nan            nan        nan      nan   0.128  0.0000    1.0     0.00    357309  0.800
  88    0.0 2.7e-06   1.000     194.89 nan            nan        nan      nan   0.131  0.0000    1.0     0.00    361416  0.800
  89    0.0 2.2e-04   1.037     202.04 nan            nan        nan      nan   0.459  0.0159    1.0     0.00    365523  0.800
  90    0.0 2.1e-04   1.012     208.49 nan            nan        nan      nan   0.492  0.0043    1.0     0.00    369630  0.950
  91    0.0 2.0e-04   0.999     209.59 nan            nan        nan      nan   0.507  0.0013    1.1     0.00    373737  0.950
  92    0.0 1.9e-04   0.995     208.66 nan            nan        nan      nan   0.490  0.0021    1.1     0.00    377844  0.950
  93    0.0 1.8e-04   0.998     208.41 nan            nan        nan      nan   0.475  0.0017    1.2     0.00    381951  0.950
  94    0.0 1.7e-04   1.000     208.45 nan            nan        nan      nan   0.473  0.0009    1.2     0.00    386058  0.950
  95    0.0 1.6e-04   0.994     207.16 nan            nan        nan      nan   0.450  0.0037    1.3     0.00    390165  0.950
  96    0.0 1.5e-04   1.002     207.03 nan            nan        nan      nan   0.443  0.0017    1.3     0.00    394272  0.950
  97    0.0 1.4e-04   0.994     206.17 nan            nan        nan      nan   0.436  0.0031    1.3     0.00    398379  0.950
  98    0.0 1.4e-04   1.001     204.75 nan            nan        nan      nan   0.430  0.0016    1.3     0.00    402486  0.950
  99    0.0 1.3e-04   0.997     204.01 nan            nan        nan      nan   0.420  0.0014    1.3     0.00    406593  0.950
 100    0.0 1.2e-04   0.997     203.22 nan            nan        nan      nan   0.421  0.0011    1.3     0.00    410700  0.950
 101    0.0 1.2e-04   0.997     202.49 nan            nan        nan      nan   0.400  0.0019    1.2     0.00    414807  0.950
 102    0.0 1.1e-04   0.999     202.04 nan            nan        nan      nan   0.393  0.0011    1.2     0.00    418914  0.950
 103    0.0 1.1e-04   0.998     201.24 nan            nan        nan      nan   0.392  0.0009    1.1     0.00    423021  0.950
 104    0.0 1.0e-04   0.998     200.59 nan            nan        nan      nan   0.378  0.0016    1.1     0.00    427128  0.950
 105    0.0 9.6e-05   0.999     200.07 nan            nan        nan      nan   0.371  0.0011    1.0     0.00    431235  0.950
 106    0.0 9.1e-05   0.998     199.54 nan            nan        nan      nan   0.348  0.0009    1.0     0.00    435342  0.950
 107    0.0 8.7e-05   0.997     198.91 nan            nan        nan      nan   0.340  0.0010    1.0     0.00    439449  0.950
 108    0.0 8.2e-05   0.999     198.50 nan            nan        nan      nan   0.348  0.0015    1.0     0.00    443556  0.950
 109    0.0 7.8e-05   0.999     198.05 nan            nan        nan      nan   0.327  0.0006    1.0     0.00    447663  0.950
 110    0.0 7.4e-05   0.999     197.81 nan            nan        nan      nan   0.318  0.0005    1.0     0.00    451770  0.950
 111    0.0 7.1e-05   0.998     197.39 nan            nan        nan      nan   0.325  0.0007    1.0     0.00    455877  0.950
 112    0.0 6.7e-05   0.999     197.17 nan            nan        nan      nan   0.323  0.0004    1.0     0.00    459984  0.950
 113    0.0 6.4e-05   0.999     196.94 nan            nan        nan      nan   0.303  0.0004    1.0     0.00    464091  0.950
 114    0.0 6.1e-05   0.999     196.68 nan            nan        nan      nan   0.328  0.0009    1.0     0.00    468198  0.950
 115    0.0 5.8e-05   0.998     196.14 nan            nan        nan      nan   0.297  0.0017    1.0     0.00    472305  0.950
 116    0.0 5.5e-05   0.999     195.39 nan            nan        nan      nan   0.274  0.0004    1.0     0.00    476412  0.950
 117    0.0 5.2e-05   1.000     195.64 nan            nan        nan      nan   0.256  0.0004    1.0     0.00    480519  0.950
 118    0.0 4.9e-05   0.999     195.45 nan            nan        nan      nan   0.270  0.0009    1.0     0.00    484626  0.950
 119    0.0 4.7e-05   0.999     195.13 nan            nan        nan      nan   0.247  0.0005    1.0     0.00    488733  0.950
 120    0.0 4.5e-05   1.001     195.19 nan            nan        nan      nan   0.255  0.0002    1.0     0.00    492840  0.950
 121    0.0 4.2e-05   0.999     194.91 nan            nan        nan      nan   0.254  0.0006    1.0     0.00    496947  0.950
 122    0.0 4.0e-05   0.999     194.55 nan            nan        nan      nan   0.236  0.0004    1.0     0.00    501054  0.950
 123    0.0 3.8e-05   1.000     194.21 nan            nan        nan      nan   0.219  0.0002    1.0     0.00    505161  0.950
 124    0.0 3.6e-05   0.999     193.98 nan            nan        nan      nan   0.219  0.0006    1.0     0.00    509268  0.950
 125    0.0 3.4e-05   0.999     193.84 nan            nan        nan      nan   0.218  0.0006    1.0     0.00    513375  0.950
 126    0.0 3.3e-05   1.000     193.54 nan            nan        nan      nan   0.205  0.0002    1.0     0.00    517482  0.950
 127    0.0 3.1e-05   1.000     193.44 nan            nan        nan      nan   0.202  0.0002    1.0     0.00    521589  0.950
 128    0.0 3.0e-05   0.999     193.27 nan            nan        nan      nan   0.185  0.0004    1.0     0.00    525696  0.950
 129    0.0 2.8e-05   1.000     193.14 nan            nan        nan      nan   0.189  0.0003    1.0     0.00    529803  0.950
 130    0.0 2.7e-05   1.000     193.19 nan            nan        nan      nan   0.192  0.0003    1.0     0.00    533910  0.950
 131    0.0 2.5e-05   1.000     193.18 nan            nan        nan      nan   0.190  0.0003    1.0     0.00    538017  0.950
 132    0.0 2.4e-05   1.000     193.01 nan            nan        nan      nan   0.185  0.0002    1.0     0.00    542124  0.950
 133    0.0 2.3e-05   0.999     192.83 nan            nan        nan      nan   0.175  0.0005    1.0     0.00    546231  0.950
 134    0.0 2.2e-05   1.000     192.69 nan            nan        nan      nan   0.163  0.0002    1.0     0.00    550338  0.950
 135    0.0 2.1e-05   1.000     192.52 nan            nan        nan      nan   0.148  0.0003    1.0     0.00    554445  0.950
 136    0.0 1.6e-05   0.999     192.36 nan            nan        nan      nan   0.138  0.0003    1.0     0.00    558552  0.800
 137    0.0 1.3e-05   0.999     192.20 nan            nan        nan      nan   0.124  0.0002    1.0     0.00    562659  0.800
 138    0.0 1.1e-05   0.999     192.05 nan            nan        nan      nan   0.117  0.0003    1.0     0.00    566766  0.800
 139    0.0 8.4e-06   1.000     191.95 nan            nan        nan      nan   0.098  0.0001    1.0     0.00    570873  0.800
 140    0.0 6.8e-06   1.000     191.88 nan            nan        nan      nan   0.103  0.0001    1.0     0.00    574980  0.800
 141    0.0 5.4e-06   1.000     191.84 nan            nan        nan      nan   0.105  0.0000    1.0     0.00    579087  0.800
 142    0.0 4.3e-06   1.000     191.83 nan            nan        nan      nan   0.093  0.0000    1.0     0.00    583194  0.800
 143    0.0 3.5e-06   1.000     191.83 nan            nan        nan      nan   0.092  0.0000    1.0     0.00    587301  0.800
 144    0.0 2.8e-06   1.000     191.82 nan            nan        nan      nan   0.088  0.0000    1.0     0.00    591408  0.800
 145    0.0 2.2e-04   1.037     198.87 nan            nan        nan      nan   0.430  0.0142    1.0     0.00    595515  0.800
 146    0.0 2.1e-04   1.003     202.68 nan            nan        nan      nan   0.458  0.0041    1.0     0.00    599622  0.950
 147    0.0 2.0e-04   1.008     205.71 nan            nan        nan      nan   0.467  0.0056    1.0     0.00    603729  0.950
 148    0.0 1.9e-04   0.998     207.02 nan            nan        nan      nan   0.472  0.0017    1.0     0.00    607836  0.950
 149    0.0 1.8e-04   0.999     206.94 nan            nan        nan      nan   0.463  0.0014    1.1     0.00    611943  0.950
 150    0.0 1.7e-04   0.999     206.78 nan            nan        nan      nan   0.448  0.0012    1.1     0.00    616050  0.950
 151    0.0 1.6e-04   0.998     205.87 nan            nan        nan      nan   0.450  0.0016    1.1     0.00    620157  0.950
 152    0.0 1.5e-04   0.998     204.72 nan            nan        nan      nan   0.425  0.0016    1.1     0.00    624264  0.950
 153    0.0 1.5e-04   0.998     203.87 nan            nan        nan      nan   0.413  0.0019    1.1     0.00    628371  0.950
 154    0.0 1.4e-04   0.998     202.99 nan            nan        nan      nan   0.414  0.0017    1.1     0.00    632478  0.950
 155    0.0 1.3e-04   0.998     202.11 nan            nan        nan      nan   0.398  0.0016    1.0     0.00    636585  0.950
 156    0.0 1.3e-04   0.999     201.54 nan            nan        nan      nan   0.384  0.0005    1.0     0.00    640692  0.950
 157    0.0 1.2e-04   0.995     200.44 nan            nan        nan      nan   0.392  0.0027    1.0     0.00    644799  0.950
 158    0.0 1.1e-04   0.999     199.60 nan            nan        nan      nan   0.367  0.0008    1.0     0.00    648906  0.950
 159    0.0 1.1e-04   0.998     199.08 nan            nan        nan      nan   0.352  0.0018    1.0     0.00    653013  0.950
 160    0.0 1.0e-04   0.999     198.35 nan            nan        nan      nan   0.358  0.0010    1.0     0.00    657120  0.950
 161    0.0 9.7e-05   0.999     198.03 nan            nan        nan      nan   0.336  0.0008    1.0     0.00    661227  0.950
 162    0.0 9.3e-05   1.000     198.09 nan            nan        nan      nan   0.346  0.0009    1.0     0.00    665334  0.950
 163    0.0 8.8e-05   0.997     197.43 nan            nan        nan      nan   0.338  0.0015    1.0     0.00    669441  0.950
 164    0.0 8.4e-05   0.999     197.00 nan            nan        nan      nan   0.315  0.0006    1.0     0.00    673548  0.950
 165    0.0 7.9e-05   0.998     196.59 nan            nan        nan      nan   0.332  0.0011    1.0     0.00    677655  0.950
 166    0.0 7.5e-05   0.999     195.90 nan            nan        nan      nan   0.312  0.0007    1.0     0.00    681762  0.950
 167    0.0 7.2e-05   0.999     195.57 nan            nan        nan      nan   0.308  0.0009    1.0     0.00    685869  0.950
 168    0.0 6.8e-05   0.999     195.24 nan            nan        nan      nan   0.303  0.0005    1.0     0.00    689976  0.950
 169    0.0 6.5e-05   1.000     195.33 nan            nan        nan      nan   0.287  0.0004    1.0     0.00    694083  0.950
 170    0.0 6.1e-05   0.999     194.96 nan            nan        nan      nan   0.294  0.0008    1.0     0.00    698190  0.950
 171    0.0 5.8e-05   0.999     194.49 nan            nan        nan      nan   0.284  0.0008    1.0     0.00    702297  0.950
 172    0.0 5.5e-05   0.999     194.11 nan            nan        nan      nan   0.266  0.0008    1.0     0.00    706404  0.950
 173    0.0 5.3e-05   1.000     193.83 nan            nan        nan      nan   0.264  0.0004    1.0     0.00    710511  0.950
 174    0.0 5.0e-05   0.999     193.63 nan            nan        nan      nan   0.238  0.0005    1.0     0.00    714618  0.950
 175    0.0 4.8e-05   0.999     193.50 nan            nan        nan      nan   0.259  0.0008    1.0     0.00    718725  0.950
 176    0.0 4.5e-05   0.999     193.12 nan            nan        nan      nan   0.242  0.0004    1.0     0.00    722832  0.950
 177    0.0 4.3e-05   0.999     192.91 nan            nan        nan      nan   0.252  0.0004    1.0     0.00    726939  0.950
 178    0.0 4.1e-05   0.998     192.46 nan            nan        nan      nan   0.245  0.0005    1.0     0.00    731046  0.950
 179    0.0 3.9e-05   0.999     192.31 nan            nan        nan      nan   0.234  0.0004    1.0     0.00    735153  0.950
 180    0.0 3.7e-05   1.000     192.08 nan            nan        nan      nan   0.233  0.0005    1.0     0.00    739260  0.950
 181    0.0 3.5e-05   0.998     191.85 nan            nan        nan      nan   0.210  0.0007    1.0     0.00    743367  0.950
 182    0.0 3.3e-05   1.000     191.67 nan            nan        nan      nan   0.216  0.0002    1.0     0.00    747474  0.950
 183    0.0 3.2e-05   0.999     191.52 nan            nan        nan      nan   0.214  0.0009    1.0     0.00    751581  0.950
 184    0.0 3.0e-05   1.000     191.13 nan            nan        nan      nan   0.189  0.0003    1.0     0.00    755688  0.950
 185    0.0 2.8e-05   1.000     191.03 nan            nan        nan      nan   0.187  0.0003    1.0     0.00    759795  0.950
 186    0.0 2.7e-05   1.000     190.90 nan            nan        nan      nan   0.179  0.0004    1.0     0.00    763902  0.950
 187    0.0 2.6e-05   1.000     190.80 nan            nan        nan      nan   0.179  0.0002    1.0     0.00    768009  0.950
 188    0.0 2.4e-05   1.000     190.75 nan            nan        nan      nan   0.170  0.0001    1.0     0.00    772116  0.950
 189    0.0 2.3e-05   1.000     190.66 nan            nan        nan      nan   0.166  0.0002    1.0     0.00    776223  0.950
 190    0.0 2.2e-05   0.999     190.52 nan            nan        nan      nan   0.151  0.0003    1.0     0.00    780330  0.950
 191    0.0 2.1e-05   1.000     190.43 nan            nan        nan      nan   0.153  0.0003    1.0     0.00    784437  0.950
 192    0.0 2.0e-05   0.999     190.27 nan            nan        nan      nan   0.159  0.0003    1.0     0.00    788544  0.950
 193    0.0 1.9e-05   1.000     190.21 nan            nan        nan      nan   0.155  0.0003    1.0     0.00    792651  0.950
 194    0.0 1.8e-05   1.000     190.16 nan            nan        nan      nan   0.140  0.0001    1.0     0.00    796758  0.950
 195    0.0 1.4e-05   1.000     190.04 nan            nan        nan      nan   0.119  0.0001    1.0     0.00    800865  0.800
 196    0.0 1.1e-05   1.000     189.92 nan            nan        nan      nan   0.120  0.0002    1.0     0.00    804972  0.800
 197    0.0 9.2e-06   1.000     189.82 nan            nan        nan      nan   0.104  0.0002    1.0     0.00    809079  0.800
 198    0.0 7.3e-06   1.000     189.73 nan            nan        nan      nan   0.099  0.0002    1.0     0.00    813186  0.800
 199    0.0 5.9e-06   1.000     189.64 nan            nan        nan      nan   0.099  0.0001    1.0     0.00    817293  0.800
 200    0.0 4.7e-06   1.000     189.62 nan            nan        nan      nan   0.098  0.0000    1.0     0.00    821400  0.800
 201    0.0 3.8e-06   1.000     189.60 nan            nan        nan      nan   0.097  0.0000    1.0     0.00    825507  0.800
 202    0.0 3.0e-06   1.000     189.58 nan            nan        nan      nan   0.104  0.0000    1.0     0.00    829614  0.800
 203    0.0 2.4e-04   1.035     196.20 nan            nan        nan      nan   0.433  0.0137    1.0     0.00    833721  0.800
 204    0.0 2.3e-04   1.016     203.06 nan            nan        nan      nan   0.490  0.0086    1.0     0.00    837828  0.950
 205    0.0 2.2e-04   0.998     205.03 nan            nan        nan      nan   0.495  0.0019    1.0     0.00    841935  0.950
 206    0.0 2.1e-04   1.000     204.98 nan            nan        nan      nan   0.481  0.0023    1.1     0.00    846042  0.950
 207    0.0 2.0e-04   0.999     204.94 nan            nan        nan      nan   0.477  0.0017    1.2     0.00    850149  0.950
 208    0.0 1.9e-04   0.996     203.67 nan            nan        nan      nan   0.438  0.0025    1.2     0.00    854256  0.950
 209    0.0 1.8e-04   1.000     203.18 nan            nan        nan      nan   0.457  0.0007    1.2     0.00    858363  0.950
 210    0.0 1.7e-04   0.999     203.21 nan            nan        nan      nan   0.430  0.0017    1.2     0.00    862470  0.950
 211    0.0 1.6e-04   0.999     203.73 nan            nan        nan      nan   0.440  0.0012    1.2     0.00    866577  0.950
 212    0.0 1.5e-04   0.996     202.83 nan            nan        nan      nan   0.423  0.0020    1.2     0.00    870684  0.950
 213    0.0 1.4e-04   0.998     201.96 nan            nan        nan      nan   0.405  0.0015    1.2     0.00    874791  0.950
 214    0.0 1.4e-04   0.998     201.09 nan            nan        nan      nan   0.401  0.0016    1.1     0.00    878898  0.950
 215    0.0 1.3e-04   0.997     200.74 nan            nan        nan      nan   0.406  0.0021    1.1     0.00    883005  0.950
 216    0.0 1.2e-04   0.997     199.70 nan            nan        nan      nan   0.386  0.0024    1.1     0.00    887112  0.950
 217    0.0 1.2e-04   0.998     198.89 nan            nan        nan      nan   0.370  0.0013    1.0     0.00    891219  0.950
 218    0.0 1.1e-04   0.996     198.03 nan            nan        nan      nan   0.381  0.0009    1.0     0.00    895326  0.950
 219    0.0 1.1e-04   0.998     197.60 nan            nan        nan      nan   0.351  0.0009    1.0     0.00    899433  0.950
 220    0.0 1.0e-04   0.996     196.34 nan            nan        nan      nan   0.366  0.0018    1.0     0.00    903540  0.950
 221    0.0 9.6e-05   0.998     195.79 nan            nan        nan      nan   0.346  0.0008    1.0     0.00    907647  0.950
 222    0.0 9.1e-05   0.998     195.21 nan            nan        nan      nan   0.316  0.0015    1.0     0.00    911754  0.950
 223    0.0 8.6e-05   1.000     195.07 nan            nan        nan      nan   0.321  0.0009    1.0     0.00    915861  0.950
 224    0.0 8.2e-05   1.000     194.84 nan            nan        nan      nan   0.308  0.0005    1.0     0.00    919968  0.950
 225    0.0 7.8e-05   1.000     194.77 nan            nan        nan      nan   0.310  0.0007    1.0     0.00    924075  0.950
 226    0.0 7.4e-05   0.999     194.51 nan            nan        nan      nan   0.312  0.0007    1.0     0.00    928182  0.950
 227    0.0 7.0e-05   0.998     193.81 nan            nan        nan      nan   0.314  0.0006    1.0     0.00    932289  0.950
 228    0.0 6.7e-05   0.999     193.56 nan            nan        nan      nan   0.301  0.0008    1.0     0.00    936396  0.950
 229    0.0 6.3e-05   0.999     193.51 nan            nan        nan      nan   0.281  0.0006    1.0     0.00    940503  0.950
 230    0.0 6.0e-05   1.000     193.31 nan            nan        nan      nan   0.288  0.0004    1.0     0.00    944610  0.950
 231    0.0 5.7e-05   0.999     193.04 nan            nan        nan      nan   0.274  0.0004    1.0     0.00    948717  0.950
 232    0.0 5.4e-05   0.998     192.52 nan            nan        nan      nan   0.262  0.0013    1.0     0.00    952824  0.950
 233    0.0 5.2e-05   0.999     192.04 nan            nan        nan      nan   0.260  0.0005    1.0     0.00    956931  0.950
 234    0.0 4.9e-05   0.999     191.91 nan            nan        nan      nan   0.248  0.0003    1.0     0.00    961038  0.950
 235    0.0 4.7e-05   0.999     191.67 nan            nan        nan      nan   0.242  0.0004    1.0     0.00    965145  0.950
 236    0.0 4.4e-05   1.000     191.43 nan            nan        nan      nan   0.228  0.0003    1.0     0.00    969252  0.950
 237    0.0 4.2e-05   1.000     191.36 nan            nan        nan      nan   0.233  0.0003    1.0     0.00    973359  0.950
 238    0.0 4.0e-05   0.999     191.00 nan            nan        nan      nan   0.233  0.0007    1.0     0.00    977466  0.950
 239    0.0 3.8e-05   1.000     190.75 nan            nan        nan      nan   0.212  0.0003    1.0     0.00    981573  0.950
 240    0.0 3.6e-05   1.000     190.64 nan            nan        nan      nan   0.209  0.0006    1.0     0.00    985680  0.950
 241    0.0 3.4e-05   1.000     190.44 nan            nan        nan      nan   0.203  0.0003    1.0     0.00    989787  0.950
 242    0.0 3.3e-05   1.000     190.33 nan            nan        nan      nan   0.212  0.0005    1.0     0.00    993894  0.950
 243    0.0 3.1e-05   1.000     190.12 nan            nan        nan      nan   0.185  0.0004    1.0     0.00    998001  0.950
 244    0.0 2.9e-05   1.001     190.07 nan            nan        nan      nan   0.189  0.0005    1.0     0.00   1002108  0.950
 245    0.0 2.8e-05   0.999     189.95 nan            nan        nan      nan   0.181  0.0003    1.0     0.00   1006215  0.950
 246    0.0 2.7e-05   1.000     189.82 nan            nan        nan      nan   0.181  0.0003    1.0     0.00   1010322  0.950
 247    0.0 2.5e-05   0.999     189.63 nan            nan        nan      nan   0.162  0.0002    1.0     0.00   1014429  0.950
 248    0.0 2.4e-05   1.000     189.56 nan            nan        nan      nan   0.146  0.0002    1.0     0.00   1018536  0.950
 249    0.0 1.9e-05   1.000     189.41 nan            nan        nan      nan   0.144  0.0004    1.0     0.00   1022643  0.800
 250    0.0 1.5e-05   1.000     189.24 nan            nan        nan      nan   0.126  0.0002    1.0     0.00   1026750  0.800
 251    0.0 1.2e-05   0.999     189.10 nan            nan        nan      nan   0.117  0.0002    1.0     0.00   1030857  0.800
 252    0.0 9.8e-06   1.000     189.02 nan            nan        nan      nan   0.097  0.0001    1.0     0.00   1034964  0.800
 253    0.0 7.8e-06   1.000     188.96 nan            nan        nan      nan   0.104  0.0001    1.0     0.00   1039071  0.800
 254    0.0 6.3e-06   1.000     188.88 nan            nan        nan      nan   0.096  0.0001    1.0     0.00   1043178  0.800
 255    0.0 5.0e-06   1.000     188.83 nan            nan        nan      nan   0.100  0.0000    1.0     0.00   1047285  0.800
 256    0.0 4.0e-06   1.000     188.81 nan            nan        nan      nan   0.084  0.0000    1.0     0.00   1051392  0.800
 257    0.0 3.2e-06   1.000     188.80 nan            nan        nan      nan   0.089  0.0000    1.0     0.00   1055499  0.800
 258    0.0 2.6e-06   1.000     188.78 nan            nan        nan      nan   0.083  0.0000    1.0     0.00   1059606  0.800
 259    0.0 0.0e+00   1.000     188.78 nan            nan        nan      nan   0.059  0.0000    1.0     0.00   1063713  0.800
## Placement Quench took 0.00 seconds (max_rss 456.4 MiB)

BB estimate of min-dist (placement) wire length: 18878

Completed placement consistency check successfully.

Swaps called: 1064576

Aborted Move Reasons:
  No moves aborted
Placement cost: 0.999996, bb_cost: 188.781, td_cost: nan, 

Placement resource usage:
  io      implemented as io     : 544
  clb     implemented as clb    : 309
  mult_36 implemented as mult_36: 9
  memory  implemented as memory : 1

Placement number of temperatures: 259
Placement total # of swap attempts: 1064576
	Swaps accepted:  317711 (29.8 %)
	Swaps rejected:  665561 (62.5 %)
	Swaps aborted:   81304 ( 7.6 %)


Placement perturbation distribution by block and move type: 
------------------ ----------------- ---------------- ---------------- --------------- ------------ 
    Block Type         Move Type       (%) of Total      Accepted(%)     Rejected(%)    Aborted(%)
------------------ ----------------- ---------------- ---------------- --------------- ------------ 
io                 Uniform                24.83            37.57           62.43          0.00         
                   Median                 25.09            34.11           53.11          12.78        
                   Centroid               25.83            35.55           50.23          14.22        

clb                Uniform                4.66             8.87            91.13          0.00         
                   Median                 10.23            12.46           80.89          6.65         
                   Centroid               9.17             11.81           87.62          0.57         

mult_36            Uniform                0.03             2.35            97.65          0.00         
                   Median                 0.04             2.14            66.03          31.84        
                   Centroid               0.04             2.74            66.67          30.59        

memory             Uniform                0.03             0.00            100.00         0.00         
                   Median                 0.02             0.00            100.00         0.00         
                   Centroid               0.03             1.12            98.88          0.00         


Placement Quench timing analysis took 0 seconds (0 STA, 0 slack) (0 full updates: 0 setup, 0 hold, 0 combined).
Placement Total  timing analysis took 0 seconds (0 STA, 0 slack) (0 full updates: 0 setup, 0 hold, 0 combined).
update_td_costs: connections 0 nets 0 sum_nets 0 total 0
# Placement took 1.25 seconds (max_rss 456.4 MiB, delta_rss +0.0 MiB)

Flow timing analysis took 0.00283658 seconds (0.0024728 STA, 0.00036378 slack) (1 full updates: 1 setup, 0 hold, 0 combined).
VPR succeeded
The entire flow of VPR took 2.38 seconds (max_rss 456.4 MiB)
