VPR FPGA Placement and Routing.
Version: 9.0.0-dev+v8.0.0-11943-g8cb20aa52-dirty
Revision: v8.0.0-11943-g8cb20aa52-dirty
Compiled: 2025-11-07T01:13:29
Compiler: GNU 13.3.0 on Linux-6.6.87.2-microsoft-standard-WSL2 x86_64
Build Info: release IPO VTR_ASSERT_LEVEL=2

University of Toronto
verilogtorouting.org
vtr-users@googlegroups.com
This is free open source code under MIT license.

Warning 1: To use RLPlace for WLdriven placements, the reward function should be basic or nonPenalizing_basic.
you can specify the reward function using --place_reward_fun.
Setting the placement reward function to "basic"
VPR was run with the following command-line:
./vtr-verilog-to-routing/vpr/vpr k6_N10_mem32K_40nm.xml sha.blif --pack --place --place_algorithm bounding_box --seed 42


Architecture file: k6_N10_mem32K_40nm.xml
Circuit name: sha

# Loading Architecture Description
# Loading Architecture Description took 0.00 seconds (max_rss 456.4 MiB, delta_rss +0.0 MiB)

Timing analysis: ON
Circuit netlist file: sha.net
Circuit placement file: sha.place
Circuit routing file: sha.route
Circuit SDC file: sha.sdc
Vpr floorplanning constraints file: not specified

Packer: ENABLED
Placer: ENABLED
Analytical Placer: DISABLED
Router: DISABLED
Analysis: DISABLED

VPR was run with the following options:

NetlistOpts.absorb_buffer_luts            : true
NetlistOpts.sweep_dangling_primary_ios    : true
NetlistOpts.sweep_dangling_nets           : true
NetlistOpts.sweep_dangling_blocks         : true
NetlistOpts.sweep_constant_primary_outputs: false
NetlistOpts.netlist_verbosity             : 1
NetlistOpts.const_gen_inference           : COMB_SEQ

PackerOpts.allow_unrelated_clustering: auto
PackerOpts.alpha_clustering: 0.750000
PackerOpts.beta_clustering: 0.900000
PackerOpts.cluster_seed_type: BLEND2
PackerOpts.connection_driven: true
PackerOpts.global_clocks: true
PackerOpts.inter_cluster_net_delay: 1.000000
PackerOpts.timing_driven: true
PackerOpts.target_external_pin_util: auto

PlacerOpts.place_freq: PLACE_ONCE
PlacerOpts.place_algorithm: BOUNDING_BOX_PLACE
PlacerOpts.pad_loc_type: FREE
PlacerOpts.constraints_file: No constraints file given
PlacerOpts.place_chan_width: 100
PlacerOpts.rlim_escape_fraction: 0.000000
PlacerOpts.move_stats_file: 
PlacerOpts.placement_saves_per_temperature: 0
PlacerOpts.effort_scaling: CIRCUIT
PlacerOpts.place_delta_delay_matrix_calculation_method: ASTAR_ROUTE
PlaceOpts.seed: 42
AnnealSched.type: AUTO_SCHED
AnnealSched.inner_num: 0.500000

# Building complex block graph
Warning 2: io[0].clock[0] unconnected pin in architecture.
# Building complex block graph took 0.01 seconds (max_rss 456.4 MiB, delta_rss +0.0 MiB)
Circuit file: sha.blif
# Load circuit
Found constant-zero generator 'n4589'
# Load circuit took 0.02 seconds (max_rss 456.4 MiB, delta_rss +0.0 MiB)
# Clean circuit
Absorbed 36 LUT buffers
Inferred    0 additional primitive pins as constant generators since they have no combinationally connected inputs
Inferred    1 additional primitive pins as constant generators due to constant inputs
Inferred    0 additional primitive pins as constant generators since they have no combinationally connected inputs
Inferred    0 additional primitive pins as constant generators due to constant inputs
Swept input(s)      : 0
Swept output(s)     : 0 (0 dangling, 0 constant)
Swept net(s)        : 0
Swept block(s)      : 0
Constant Pins Marked: 1
# Clean circuit took 0.00 seconds (max_rss 456.4 MiB, delta_rss +0.0 MiB)
# Compress circuit
# Compress circuit took 0.00 seconds (max_rss 456.4 MiB, delta_rss +0.0 MiB)
# Verify circuit
# Verify circuit took 0.00 seconds (max_rss 456.4 MiB, delta_rss +0.0 MiB)
Circuit Statistics:
  Blocks: 3262
    .input :      38
    .latch :     911
    .names :    2277
        0-LUT:       1
        1-LUT:       3
        2-LUT:      80
        3-LUT:     169
        4-LUT:     606
        5-LUT:     663
        6-LUT:     755
    .output:      36
  Nets  : 3226
    Avg Fanout:     4.0
    Max Fanout:   911.0
    Min Fanout:     1.0
  Netlist Clocks: 1
# Build Timing Graph
  Timing Graph Nodes: 16023
  Timing Graph Edges: 25558
  Timing Graph Levels: 46
# Build Timing Graph took 0.01 seconds (max_rss 456.4 MiB, delta_rss +0.0 MiB)
Netlist contains 1 clocks
  Netlist Clock 'top^clk_i' Fanout: 911 pins (5.7%), 911 blocks (27.9%)
# Load Timing Constraints

SDC file 'sha.sdc' not found
Setting default timing constraints:
   * constrain all primay inputs and primary outputs on netlist clock 'top^clk_i'
   * optimize netlist clock to run as fast as possible
Timing constraints created 1 clocks
  Constrained Clock 'top^clk_i' Source: 'top^clk_i.inpad[0]'

# Load Timing Constraints took 0.00 seconds (max_rss 456.4 MiB, delta_rss +0.0 MiB)
# Packing
Begin packing 'sha.blif'.

After removing unused inputs...
	total blocks: 3262, total nets: 3226, total inputs: 38, total outputs: 36
Begin prepacking.
0 attraction groups were created during prepacking.
Finish prepacking.
Using inter-cluster delay: 1.33777e-09
Packing with pin utilization targets: io:1,1 clb:0.8,0.6 mult_36:1,1 memory:1,1
Packing with high fanout thresholds: io:128 clb:32 mult_36:128 memory:128
Starting Clustering - Clustering Progress: 
-------------------   --------------------------   ---------
Molecules processed   Number of clusters created   FPGA size
-------------------   --------------------------   ---------
    98/2354      4%                           10     6 x 6     
   194/2354      8%                           20     7 x 7     
   294/2354     12%                           30     9 x 9     
   393/2354     16%                           40    10 x 10    
   489/2354     20%                           50    11 x 11    
   585/2354     24%                           60    11 x 11    
   682/2354     28%                           70    12 x 12    
   779/2354     33%                           80    13 x 13    
   874/2354     37%                           93    14 x 14    
   972/2354     41%                          106    14 x 14    
  1068/2354     45%                          118    15 x 15    
  1168/2354     49%                          130    15 x 15    
  1268/2354     53%                          140    16 x 16    
  1368/2354     58%                          150    17 x 17    
  1471/2354     62%                          162    17 x 17    
  1571/2354     66%                          172    18 x 18    
  1671/2354     70%                          182    18 x 18    
  1771/2354     75%                          192    18 x 18    
  1871/2354     79%                          202    19 x 19    
  1971/2354     83%                          212    19 x 19    
  2071/2354     87%                          222    20 x 20    
  2171/2354     92%                          232    20 x 20    
  2265/2354     96%                          245    21 x 21    
  2354/2354    100%                          325    21 x 21    

Logic Element (fle) detailed count:
  Total number of Logic Elements used : 2280
  LEs used for logic and registers    : 908
  LEs used for logic only             : 1369
  LEs used for registers only         : 3

Incr Slack updates 1 in 0.000136849 sec
Full Max Req/Worst Slack updates 1 in 1.0124e-05 sec
Incr Max Req/Worst Slack updates 0 in 0 sec
Incr Criticality updates 0 in 0 sec
Full Criticality updates 1 in 0.000182608 sec
FPGA sized to 21 x 21 (auto)
Device Utilization: 0.59 (target 1.00)
	Block Utilization: 0.12 Type: io
	Block Utilization: 0.94 Type: clb

Start the iterative improvement process
the iterative improvement process is done
Final Clustering Statistics: 
----------   --------   ------------------------------------   --------------------------
Block Type   # Blocks   Avg. # of input clocks and pins used   Avg. # of output pins used
----------   --------   ------------------------------------   --------------------------
     EMPTY          0                                      0                            0   
        io         74                               0.486486                     0.513514   
       clb        251                                19.7092                      4.53386   
   mult_36          0                                      0                            0   
    memory          0                                      0                            0   
Absorbed logical nets 2050 out of 3226 nets, 1176 nets not absorbed.

Netlist conversion complete.

# Packing took 0.49 seconds (max_rss 456.4 MiB, delta_rss +0.0 MiB)
# Load packing
Begin loading packed FPGA netlist file.
Netlist generated from file 'sha.net'.
Detected 1 constant generators (to see names run with higher pack verbosity)
Finished loading packed FPGA netlist file (took 0.110588 seconds).
Warning 3: Treated 0 constant nets as global which will not be routed (to see net names increase packer verbosity).
Warning 4: Netlist contains 0 global net to non-global architecture pin connections
Completed clustering consistency check successfully.
Cluster level netlist and block usage statistics
Netlist num_nets: 1176
Netlist num_blocks: 325
Netlist EMPTY blocks: 0.
Netlist io blocks: 74.
Netlist clb blocks: 251.
Netlist mult_36 blocks: 0.
Netlist memory blocks: 0.
Netlist inputs pins: 38
Netlist output pins: 36

Pb types usage...
  io         : 74
   inpad     : 38
   outpad    : 36
  clb        : 251
   fle       : 2280
    ble6     : 2280
     lut6    : 2277
      lut    : 2277
     ff      : 911

# Load packing took 0.18 seconds (max_rss 456.4 MiB, delta_rss +0.0 MiB)
# Create Device
## Build Device Grid
FPGA sized to 21 x 21: 441 grid tiles (auto)

Resource usage...
	Netlist
		74	blocks of type: io
	Architecture
		608	blocks of type: io
	Netlist
		251	blocks of type: clb
	Architecture
		266	blocks of type: clb
	Netlist
		0	blocks of type: mult_36
	Architecture
		8	blocks of type: mult_36
	Netlist
		0	blocks of type: memory
	Architecture
		9	blocks of type: memory

Device Utilization: 0.59 (target 1.00)
	Physical Tile io:
	Block Utilization: 0.12 Logical Block: io
	Physical Tile clb:
	Block Utilization: 0.94 Logical Block: clb
	Physical Tile mult_36:
	Block Utilization: 0.00 Logical Block: mult_36
	Physical Tile memory:
	Block Utilization: 0.00 Logical Block: memory

FPGA size limited by block type(s): clb

## Build Device Grid took 0.00 seconds (max_rss 456.4 MiB, delta_rss +0.0 MiB)
## Build routing resource graph
## Build routing resource graph took 0.15 seconds (max_rss 456.4 MiB, delta_rss +0.0 MiB)
  RR Graph Nodes: 45214
  RR Graph Edges: 398796
# Create Device took 0.16 seconds (max_rss 456.4 MiB, delta_rss +0.0 MiB)


Bounding box mode is Cube

# Compressed grid construction
# Compressed grid construction took 0.00 seconds (max_rss 456.4 MiB, delta_rss +0.0 MiB)
# Placement
## Initial Placement
Initial placement iteration 0 has finished successfully
## Initial Placement took 0.00 seconds (max_rss 456.4 MiB, delta_rss +0.0 MiB)
Using simple RL 'Softmax agent' for choosing move and block types

BB estimate of min-dist (placement) wire length: 28066

Completed placement consistency check successfully.
Initial placement cost: 1 bb_cost: 280.658 td_cost: nan
Placement contains 0 placement macros involving 0 blocks (average macro size -nan)

Moves per temperature: 1117
Warning 5: Starting t: 142 of 325 configurations accepted.

---- ------ ------- ------- ---------- ---------- ------- ---------- -------- ------- ------- ------ -------- --------- ------
Tnum   Time       T Av Cost Av BB Cost Av TD Cost     CPD       sTNS     sWNS Ac Rate Std Dev  R lim Crit Exp Tot Moves  Alpha
      (sec)                                          (ns)       (ns)     (ns)                                                 
---- ------ ------- ------- ---------- ---------- ------- ---------- -------- ------- ------- ------ -------- --------- ------
   1    0.0 5.6e-04   0.930     229.24 nan            nan        nan      nan   0.512  0.0382   20.0     0.00      1117  1.000
   2    0.0 5.3e-04   0.958     208.46 nan            nan        nan      nan   0.505  0.0261   20.0     0.00      2234  0.950
   3    0.0 5.0e-04   0.978     198.25 nan            nan        nan      nan   0.533  0.0109   20.0     0.00      3351  0.950
   4    0.0 4.8e-04   0.985     192.03 nan            nan        nan      nan   0.556  0.0111   20.0     0.00      4468  0.950
   5    0.0 4.5e-04   0.984     184.86 nan            nan        nan      nan   0.560  0.0105   20.0     0.00      5585  0.950
   6    0.0 4.3e-04   0.983     178.58 nan            nan        nan      nan   0.507  0.0072   20.0     0.00      6702  0.950
   7    0.0 4.1e-04   0.992     175.42 nan            nan        nan      nan   0.525  0.0047   20.0     0.00      7819  0.950
   8    0.0 3.9e-04   0.997     173.05 nan            nan        nan      nan   0.505  0.0024   20.0     0.00      8936  0.950
   9    0.0 3.7e-04   1.000     172.17 nan            nan        nan      nan   0.503  0.0016   20.0     0.00     10053  0.950
  10    0.0 3.5e-04   0.990     170.51 nan            nan        nan      nan   0.501  0.0031   20.0     0.00     11170  0.950
  11    0.0 3.3e-04   0.993     169.12 nan            nan        nan      nan   0.491  0.0037   20.0     0.00     12287  0.950
  12    0.0 3.2e-04   0.998     168.25 nan            nan        nan      nan   0.474  0.0023   20.0     0.00     13404  0.950
  13    0.0 3.0e-04   0.992     166.87 nan            nan        nan      nan   0.471  0.0027   20.0     0.00     14521  0.950
  14    0.0 2.9e-04   0.999     166.03 nan            nan        nan      nan   0.483  0.0029   20.0     0.00     15638  0.950
  15    0.0 2.7e-04   0.995     164.76 nan            nan        nan      nan   0.462  0.0040   20.0     0.00     16755  0.950
  16    0.0 2.6e-04   0.999     163.58 nan            nan        nan      nan   0.440  0.0014   20.0     0.00     17872  0.950
  17    0.0 2.5e-04   0.995     162.78 nan            nan        nan      nan   0.442  0.0029   20.0     0.00     18989  0.950
  18    0.0 2.3e-04   0.995     161.64 nan            nan        nan      nan   0.416  0.0022   20.0     0.00     20106  0.950
  19    0.0 2.2e-04   1.000     161.24 nan            nan        nan      nan   0.418  0.0012   19.5     0.00     21223  0.950
  20    0.0 2.1e-04   0.995     160.73 nan            nan        nan      nan   0.428  0.0019   19.1     0.00     22340  0.950
  21    0.0 2.0e-04   0.998     160.49 nan            nan        nan      nan   0.415  0.0007   18.9     0.00     23457  0.950
  22    0.0 1.9e-04   1.000     160.46 nan            nan        nan      nan   0.399  0.0013   18.4     0.00     24574  0.950
  23    0.0 1.8e-04   0.996     159.94 nan            nan        nan      nan   0.426  0.0024   17.6     0.00     25691  0.950
  24    0.0 1.7e-04   0.996     159.14 nan            nan        nan      nan   0.370  0.0012   17.4     0.00     26808  0.950
  25    0.0 1.6e-04   0.999     158.80 nan            nan        nan      nan   0.396  0.0006   16.2     0.00     27925  0.950
  26    0.0 1.5e-04   0.998     158.54 nan            nan        nan      nan   0.389  0.0008   15.5     0.00     29042  0.950
  27    0.0 1.5e-04   1.000     158.49 nan            nan        nan      nan   0.388  0.0004   14.7     0.00     30159  0.950
  28    0.0 1.4e-04   0.999     158.25 nan            nan        nan      nan   0.370  0.0009   13.9     0.00     31276  0.950
  29    0.0 1.3e-04   0.997     157.77 nan            nan        nan      nan   0.364  0.0013   12.9     0.00     32393  0.950
  30    0.0 1.3e-04   0.999     157.38 nan            nan        nan      nan   0.345  0.0005   12.0     0.00     33510  0.950
  31    0.0 1.2e-04   0.999     157.33 nan            nan        nan      nan   0.361  0.0007   10.8     0.00     34627  0.950
  32    0.0 1.1e-04   1.000     157.18 nan            nan        nan      nan   0.353  0.0005   10.0     0.00     35744  0.950
  33    0.0 1.1e-04   0.999     156.91 nan            nan        nan      nan   0.383  0.0005    9.1     0.00     36861  0.950
  34    0.0 1.0e-04   0.999     156.84 nan            nan        nan      nan   0.357  0.0013    8.6     0.00     37978  0.950
  35    0.0 9.7e-05   0.999     156.36 nan            nan        nan      nan   0.382  0.0012    7.9     0.00     39095  0.950
  36    0.0 9.2e-05   0.999     155.93 nan            nan        nan      nan   0.279  0.0003    7.4     0.00     40212  0.950
  37    0.0 8.8e-05   0.998     155.90 nan            nan        nan      nan   0.334  0.0004    6.2     0.00     41329  0.950
  38    0.0 8.3e-05   0.999     155.61 nan            nan        nan      nan   0.341  0.0007    5.6     0.00     42446  0.950
  39    0.0 7.9e-05   0.999     155.42 nan            nan        nan      nan   0.355  0.0002    5.0     0.00     43563  0.950
  40    0.0 7.5e-05   1.000     155.47 nan            nan        nan      nan   0.340  0.0009    4.6     0.00     44680  0.950
  41    0.0 7.2e-05   1.000     155.17 nan            nan        nan      nan   0.328  0.0003    4.1     0.00     45797  0.950
  42    0.0 6.8e-05   1.000     155.02 nan            nan        nan      nan   0.294  0.0003    3.7     0.00     46914  0.950
  43    0.0 6.5e-05   0.998     154.72 nan            nan        nan      nan   0.325  0.0010    3.1     0.00     48031  0.950
  44    0.0 6.1e-05   0.999     154.40 nan            nan        nan      nan   0.423  0.0019    2.8     0.00     49148  0.950
  45    0.0 5.8e-05   0.999     153.69 nan            nan        nan      nan   0.404  0.0013    2.7     0.00     50265  0.950
  46    0.0 5.5e-05   0.997     152.72 nan            nan        nan      nan   0.346  0.0027    2.6     0.00     51382  0.950
  47    0.0 5.3e-05   0.997     151.76 nan            nan        nan      nan   0.381  0.0017    2.4     0.00     52499  0.950
  48    0.0 5.0e-05   0.997     150.93 nan            nan        nan      nan   0.355  0.0022    2.2     0.00     53616  0.950
  49    0.0 4.7e-05   0.998     150.00 nan            nan        nan      nan   0.307  0.0010    2.0     0.00     54733  0.950
  50    0.0 4.5e-05   0.994     148.97 nan            nan        nan      nan   0.261  0.0026    1.8     0.00     55850  0.950
  51    0.0 4.3e-05   0.994     147.28 nan            nan        nan      nan   0.257  0.0031    1.5     0.00     56967  0.950
  52    0.0 4.1e-05   0.998     146.57 nan            nan        nan      nan   0.217  0.0012    1.2     0.00     58084  0.950
  53    0.0 3.9e-05   0.998     145.88 nan            nan        nan      nan   0.209  0.0007    1.0     0.00     59201  0.950
  54    0.0 3.7e-05   0.999     145.54 nan            nan        nan      nan   0.185  0.0006    1.0     0.00     60318  0.950
  55    0.0 3.5e-05   0.999     145.21 nan            nan        nan      nan   0.187  0.0008    1.0     0.00     61435  0.950
  56    0.0 3.3e-05   0.998     144.79 nan            nan        nan      nan   0.202  0.0010    1.0     0.00     62552  0.950
  57    0.0 3.2e-05   0.999     144.45 nan            nan        nan      nan   0.199  0.0004    1.0     0.00     63669  0.950
  58    0.0 3.0e-05   1.000     144.38 nan            nan        nan      nan   0.201  0.0001    1.0     0.00     64786  0.950
  59    0.0 2.8e-05   0.999     144.23 nan            nan        nan      nan   0.184  0.0004    1.0     0.00     65903  0.950
  60    0.0 2.7e-05   1.000     144.14 nan            nan        nan      nan   0.169  0.0003    1.0     0.00     67020  0.950
  61    0.0 2.6e-05   1.000     143.93 nan            nan        nan      nan   0.165  0.0003    1.0     0.00     68137  0.950
  62    0.0 2.4e-05   1.000     143.72 nan            nan        nan      nan   0.167  0.0002    1.0     0.00     69254  0.950
  63    0.0 2.3e-05   0.999     143.60 nan            nan        nan      nan   0.164  0.0005    1.0     0.00     70371  0.950
  64    0.0 2.2e-05   0.999     143.40 nan            nan        nan      nan   0.128  0.0001    1.0     0.00     71488  0.950
  65    0.0 1.8e-05   0.999     143.28 nan            nan        nan      nan   0.165  0.0004    1.0     0.00     72605  0.800
  66    0.0 1.7e-05   1.000     143.21 nan            nan        nan      nan   0.101  0.0000    1.0     0.00     73722  0.950
  67    0.0 1.3e-05   1.000     143.21 nan            nan        nan      nan   0.122  0.0000    1.0     0.00     74839  0.800
  68    0.0 1.1e-05   1.000     143.21 nan            nan        nan      nan   0.096  0.0001    1.0     0.00     75956  0.800
  69    0.0 8.6e-06   1.000     143.20 nan            nan        nan      nan   0.100  0.0000    1.0     0.00     77073  0.800
  70    0.0 6.8e-06   1.000     143.20 nan            nan        nan      nan   0.098  0.0000    1.0     0.00     78190  0.800
  71    0.0 5.5e-06   1.000     143.20 nan            nan        nan      nan   0.091  0.0000    1.0     0.00     79307  0.800
  72    0.0 4.4e-06   1.000     143.20 nan            nan        nan      nan   0.094  0.0000    1.0     0.00     80424  0.800
  73    0.0 3.5e-04   1.021     146.19 nan            nan        nan      nan   0.376  0.0112    1.0     0.00     81541  0.800
  74    0.0 3.3e-04   1.005     149.30 nan            nan        nan      nan   0.458  0.0036    1.0     0.00     82658  0.950
  75    0.0 3.2e-04   0.998     150.03 nan            nan        nan      nan   0.479  0.0014    1.0     0.00     83775  0.950
  76    0.0 3.0e-04   1.002     150.53 nan            nan        nan      nan   0.444  0.0011    1.1     0.00     84892  0.950
  77    0.0 2.9e-04   0.997     150.44 nan            nan        nan      nan   0.444  0.0015    1.1     0.00     86009  0.950
  78    0.0 2.7e-04   0.998     149.73 nan            nan        nan      nan   0.455  0.0014    1.1     0.00     87126  0.950
  79    0.0 2.6e-04   0.998     149.64 nan            nan        nan      nan   0.442  0.0008    1.1     0.00     88243  0.950
  80    0.0 2.4e-04   0.998     149.40 nan            nan        nan      nan   0.459  0.0030    1.1     0.00     89360  0.950
  81    0.0 2.3e-04   0.997     148.19 nan            nan        nan      nan   0.418  0.0022    1.1     0.00     90477  0.950
  82    0.0 2.2e-04   1.003     148.08 nan            nan        nan      nan   0.429  0.0012    1.1     0.00     91594  0.950
  83    0.0 2.1e-04   1.002     148.35 nan            nan        nan      nan   0.420  0.0012    1.1     0.00     92711  0.950
  84    0.0 2.0e-04   0.999     147.85 nan            nan        nan      nan   0.394  0.0010    1.0     0.00     93828  0.950
  85    0.0 1.9e-04   0.998     147.86 nan            nan        nan      nan   0.416  0.0008    1.0     0.00     94945  0.950
  86    0.0 1.8e-04   0.997     147.45 nan            nan        nan      nan   0.387  0.0014    1.0     0.00     96062  0.950
  87    0.0 1.7e-04   0.998     147.18 nan            nan        nan      nan   0.409  0.0017    1.0     0.00     97179  0.950
  88    0.0 1.6e-04   1.000     146.99 nan            nan        nan      nan   0.365  0.0010    1.0     0.00     98296  0.950
  89    0.0 1.5e-04   1.001     146.92 nan            nan        nan      nan   0.377  0.0009    1.0     0.00     99413  0.950
  90    0.0 1.5e-04   0.997     146.77 nan            nan        nan      nan   0.380  0.0021    1.0     0.00    100530  0.950
  91    0.0 1.4e-04   1.000     146.27 nan            nan        nan      nan   0.372  0.0009    1.0     0.00    101647  0.950
  92    0.0 1.3e-04   0.996     145.54 nan            nan        nan      nan   0.356  0.0012    1.0     0.00    102764  0.950
  93    0.0 1.3e-04   0.999     145.12 nan            nan        nan      nan   0.345  0.0011    1.0     0.00    103881  0.950
  94    0.0 1.2e-04   0.998     144.76 nan            nan        nan      nan   0.326  0.0006    1.0     0.00    104998  0.950
  95    0.0 1.1e-04   1.000     144.72 nan            nan        nan      nan   0.333  0.0006    1.0     0.00    106115  0.950
  96    0.0 1.1e-04   1.000     144.48 nan            nan        nan      nan   0.324  0.0004    1.0     0.00    107232  0.950
  97    0.0 1.0e-04   0.999     144.39 nan            nan        nan      nan   0.325  0.0009    1.0     0.00    108349  0.950
  98    0.0 9.7e-05   0.999     144.19 nan            nan        nan      nan   0.313  0.0007    1.0     0.00    109466  0.950
  99    0.0 9.2e-05   1.000     144.28 nan            nan        nan      nan   0.293  0.0003    1.0     0.00    110583  0.950
 100    0.0 8.8e-05   0.998     144.04 nan            nan        nan      nan   0.302  0.0010    1.0     0.00    111700  0.950
 101    0.0 8.3e-05   1.000     143.96 nan            nan        nan      nan   0.308  0.0007    1.0     0.00    112817  0.950
 102    0.0 7.9e-05   0.998     143.42 nan            nan        nan      nan   0.257  0.0003    1.0     0.00    113934  0.950
 103    0.0 7.5e-05   1.000     143.39 nan            nan        nan      nan   0.270  0.0002    1.0     0.00    115051  0.950
 104    0.0 7.1e-05   1.000     143.37 nan            nan        nan      nan   0.258  0.0003    1.0     0.00    116168  0.950
 105    0.0 6.8e-05   0.999     143.32 nan            nan        nan      nan   0.239  0.0005    1.0     0.00    117285  0.950
 106    0.0 6.5e-05   0.999     143.03 nan            nan        nan      nan   0.258  0.0004    1.0     0.00    118402  0.950
 107    0.0 6.1e-05   1.000     143.03 nan            nan        nan      nan   0.275  0.0003    1.0     0.00    119519  0.950
 108    0.0 5.8e-05   1.000     142.91 nan            nan        nan      nan   0.261  0.0003    1.0     0.00    120636  0.950
 109    0.0 5.5e-05   1.000     142.85 nan            nan        nan      nan   0.225  0.0002    1.0     0.00    121753  0.950
 110    0.0 5.3e-05   1.000     142.79 nan            nan        nan      nan   0.254  0.0002    1.0     0.00    122870  0.950
 111    0.0 5.0e-05   1.000     142.68 nan            nan        nan      nan   0.213  0.0001    1.0     0.00    123987  0.950
 112    0.0 4.7e-05   1.000     142.66 nan            nan        nan      nan   0.221  0.0002    1.0     0.00    125104  0.950
 113    0.0 4.5e-05   1.000     142.63 nan            nan        nan      nan   0.207  0.0002    1.0     0.00    126221  0.950
 114    0.0 4.3e-05   1.000     142.53 nan            nan        nan      nan   0.189  0.0002    1.0     0.00    127338  0.950
 115    0.0 4.1e-05   1.000     142.49 nan            nan        nan      nan   0.196  0.0001    1.0     0.00    128455  0.950
 116    0.0 3.9e-05   1.000     142.46 nan            nan        nan      nan   0.173  0.0002    1.0     0.00    129572  0.950
 117    0.0 3.7e-05   1.000     142.51 nan            nan        nan      nan   0.182  0.0002    1.0     0.00    130689  0.950
 118    0.0 3.5e-05   1.000     142.41 nan            nan        nan      nan   0.193  0.0002    1.0     0.00    131806  0.950
 119    0.0 3.3e-05   1.000     142.36 nan            nan        nan      nan   0.151  0.0001    1.0     0.00    132923  0.950
 120    0.0 3.1e-05   1.000     142.33 nan            nan        nan      nan   0.137  0.0001    1.0     0.00    134040  0.950
 121    0.0 2.5e-05   1.000     142.32 nan            nan        nan      nan   0.145  0.0001    1.0     0.00    135157  0.800
 122    0.0 2.0e-05   1.000     142.27 nan            nan        nan      nan   0.120  0.0001    1.0     0.00    136274  0.800
 123    0.0 1.6e-05   1.000     142.24 nan            nan        nan      nan   0.129  0.0000    1.0     0.00    137391  0.800
 124    0.0 1.3e-05   1.000     142.22 nan            nan        nan      nan   0.139  0.0000    1.0     0.00    138508  0.800
 125    0.0 1.0e-05   1.000     142.22 nan            nan        nan      nan   0.125  0.0000    1.0     0.00    139625  0.800
 126    0.0 8.2e-06   1.000     142.21 nan            nan        nan      nan   0.105  0.0000    1.0     0.00    140742  0.800
 127    0.0 6.6e-06   1.000     142.21 nan            nan        nan      nan   0.114  0.0000    1.0     0.00    141859  0.800
 128    0.0 5.3e-06   1.000     142.21 nan            nan        nan      nan   0.093  0.0000    1.0     0.00    142976  0.800
 129    0.0 4.2e-04   1.020     145.03 nan            nan        nan      nan   0.459  0.0088    1.0     0.00    144093  0.800
 130    0.0 4.0e-04   1.007     148.51 nan            nan        nan      nan   0.487  0.0042    1.0     0.00    145210  0.950
 131    0.0 3.8e-04   1.000     149.41 nan            nan        nan      nan   0.478  0.0032    1.1     0.00    146327  0.950
 132    0.0 3.6e-04   1.003     150.19 nan            nan        nan      nan   0.499  0.0018    1.1     0.00    147444  0.950
 133    0.0 3.4e-04   0.999     150.41 nan            nan        nan      nan   0.467  0.0012    1.2     0.00    148561  0.950
 134    0.0 3.3e-04   0.995     149.67 nan            nan        nan      nan   0.495  0.0033    1.2     0.00    149678  0.950
 135    0.0 3.1e-04   0.998     149.02 nan            nan        nan      nan   0.466  0.0012    1.3     0.00    150795  0.950
 136    0.0 2.9e-04   0.999     148.53 nan            nan        nan      nan   0.476  0.0023    1.3     0.00    151912  0.950
 137    0.0 2.8e-04   1.000     147.82 nan            nan        nan      nan   0.432  0.0014    1.4     0.00    153029  0.950
 138    0.0 2.7e-04   0.998     147.75 nan            nan        nan      nan   0.448  0.0023    1.3     0.00    154146  0.950
 139    0.0 2.5e-04   0.997     147.30 nan            nan        nan      nan   0.431  0.0017    1.4     0.00    155263  0.950
 140    0.0 2.4e-04   0.999     147.23 nan            nan        nan      nan   0.409  0.0014    1.3     0.00    156380  0.950
 141    0.0 2.3e-04   0.998     146.26 nan            nan        nan      nan   0.400  0.0011    1.3     0.00    157497  0.950
 142    0.0 2.2e-04   1.001     146.20 nan            nan        nan      nan   0.370  0.0011    1.2     0.00    158614  0.950
 143    0.0 2.1e-04   0.998     146.18 nan            nan        nan      nan   0.406  0.0018    1.2     0.00    159731  0.950
 144    0.0 2.0e-04   0.998     145.86 nan            nan        nan      nan   0.372  0.0020    1.1     0.00    160848  0.950
 145    0.0 1.9e-04   0.998     145.09 nan            nan        nan      nan   0.369  0.0013    1.0     0.00    161965  0.950
 146    0.0 1.8e-04   0.997     145.04 nan            nan        nan      nan   0.359  0.0014    1.0     0.00    163082  0.950
 147    0.0 1.7e-04   0.996     144.47 nan            nan        nan      nan   0.347  0.0010    1.0     0.00    164199  0.950
 148    0.0 1.6e-04   0.999     144.26 nan            nan        nan      nan   0.338  0.0005    1.0     0.00    165316  0.950
 149    0.0 1.5e-04   0.998     143.88 nan            nan        nan      nan   0.333  0.0011    1.0     0.00    166433  0.950
 150    0.0 1.4e-04   1.000     143.71 nan            nan        nan      nan   0.302  0.0005    1.0     0.00    167550  0.950
 151    0.0 1.4e-04   0.999     143.49 nan            nan        nan      nan   0.331  0.0009    1.0     0.00    168667  0.950
 152    0.0 1.3e-04   0.998     142.97 nan            nan        nan      nan   0.275  0.0009    1.0     0.00    169784  0.950
 153    0.0 1.2e-04   0.999     142.68 nan            nan        nan      nan   0.296  0.0007    1.0     0.00    170901  0.950
 154    0.0 1.2e-04   0.999     142.46 nan            nan        nan      nan   0.270  0.0007    1.0     0.00    172018  0.950
 155    0.0 1.1e-04   1.001     142.59 nan            nan        nan      nan   0.294  0.0004    1.0     0.00    173135  0.950
 156    0.0 1.1e-04   0.999     142.47 nan            nan        nan      nan   0.261  0.0010    1.0     0.00    174252  0.950
 157    0.0 1.0e-04   1.001     142.34 nan            nan        nan      nan   0.266  0.0008    1.0     0.00    175369  0.950
 158    0.0 9.5e-05   0.999     142.12 nan            nan        nan      nan   0.269  0.0005    1.0     0.00    176486  0.950
 159    0.0 9.1e-05   0.999     141.95 nan            nan        nan      nan   0.272  0.0007    1.0     0.00    177603  0.950
 160    0.0 8.6e-05   1.000     141.73 nan            nan        nan      nan   0.256  0.0006    1.0     0.00    178720  0.950
 161    0.0 8.2e-05   0.999     141.45 nan            nan        nan      nan   0.225  0.0006    1.0     0.00    179837  0.950
 162    0.0 7.8e-05   1.001     141.46 nan            nan        nan      nan   0.232  0.0003    1.0     0.00    180954  0.950
 163    0.0 7.4e-05   1.000     141.45 nan            nan        nan      nan   0.227  0.0003    1.0     0.00    182071  0.950
 164    0.0 7.0e-05   1.000     141.35 nan            nan        nan      nan   0.219  0.0004    1.0     0.00    183188  0.950
 165    0.0 6.7e-05   1.000     141.43 nan            nan        nan      nan   0.245  0.0002    1.0     0.00    184305  0.950
 166    0.0 6.3e-05   1.000     141.43 nan            nan        nan      nan   0.218  0.0003    1.0     0.00    185422  0.950
 167    0.0 6.0e-05   0.999     141.28 nan            nan        nan      nan   0.215  0.0003    1.0     0.00    186539  0.950
 168    0.0 5.7e-05   1.000     141.22 nan            nan        nan      nan   0.204  0.0003    1.0     0.00    187656  0.950
 169    0.0 5.4e-05   0.999     141.06 nan            nan        nan      nan   0.209  0.0005    1.0     0.00    188773  0.950
 170    0.0 5.2e-05   0.999     140.87 nan            nan        nan      nan   0.216  0.0004    1.0     0.00    189890  0.950
 171    0.0 4.9e-05   1.000     140.84 nan            nan        nan      nan   0.180  0.0002    1.0     0.00    191007  0.950
 172    0.0 4.7e-05   0.999     140.78 nan            nan        nan      nan   0.194  0.0003    1.0     0.00    192124  0.950
 173    0.0 4.4e-05   1.000     140.70 nan            nan        nan      nan   0.185  0.0003    1.0     0.00    193241  0.950
 174    0.0 4.2e-05   1.000     140.66 nan            nan        nan      nan   0.175  0.0001    1.0     0.00    194358  0.950
 175    0.0 4.0e-05   1.000     140.69 nan            nan        nan      nan   0.189  0.0001    1.0     0.00    195475  0.950
 176    0.0 3.8e-05   1.000     140.60 nan            nan        nan      nan   0.154  0.0002    1.0     0.00    196592  0.950
 177    0.0 3.6e-05   1.000     140.57 nan            nan        nan      nan   0.155  0.0003    1.0     0.00    197709  0.950
 178    0.0 3.4e-05   1.000     140.55 nan            nan        nan      nan   0.181  0.0001    1.0     0.00    198826  0.950
 179    0.0 3.2e-05   0.999     140.43 nan            nan        nan      nan   0.176  0.0001    1.0     0.00    199943  0.950
 180    0.0 3.1e-05   1.000     140.43 nan            nan        nan      nan   0.150  0.0002    1.0     0.00    201060  0.950
 181    0.0 2.5e-05   1.000     140.37 nan            nan        nan      nan   0.147  0.0001    1.0     0.00    202177  0.800
 182    0.0 2.0e-05   1.000     140.36 nan            nan        nan      nan   0.128  0.0001    1.0     0.00    203294  0.800
 183    0.0 1.6e-05   1.000     140.34 nan            nan        nan      nan   0.109  0.0001    1.0     0.00    204411  0.800
 184    0.0 1.3e-05   1.000     140.33 nan            nan        nan      nan   0.117  0.0000    1.0     0.00    205528  0.800
 185    0.0 1.0e-05   1.000     140.31 nan            nan        nan      nan   0.132  0.0000    1.0     0.00    206645  0.800
 186    0.0 8.1e-06   1.000     140.31 nan            nan        nan      nan   0.112  0.0000    1.0     0.00    207762  0.800
 187    0.0 6.5e-06   1.000     140.31 nan            nan        nan      nan   0.119  0.0000    1.0     0.00    208879  0.800
 188    0.0 5.2e-06   1.000     140.31 nan            nan        nan      nan   0.110  0.0000    1.0     0.00    209996  0.800
 189    0.0 4.1e-04   1.025     143.87 nan            nan        nan      nan   0.459  0.0107    1.0     0.00    211113  0.800
 190    0.0 3.9e-04   1.002     146.27 nan            nan        nan      nan   0.490  0.0041    1.0     0.00    212230  0.950
 191    0.0 3.7e-04   1.004     148.20 nan            nan        nan      nan   0.507  0.0012    1.1     0.00    213347  0.950
 192    0.0 3.6e-04   1.000     148.25 nan            nan        nan      nan   0.513  0.0037    1.1     0.00    214464  0.950
 193    0.0 3.4e-04   1.000     149.36 nan            nan        nan      nan   0.533  0.0030    1.2     0.00    215581  0.950
 194    0.0 3.2e-04   0.993     148.18 nan            nan        nan      nan   0.486  0.0044    1.3     0.00    216698  0.950
 195    0.0 3.0e-04   0.998     147.15 nan            nan        nan      nan   0.466  0.0014    1.4     0.00    217815  0.950
 196    0.0 2.9e-04   1.000     146.87 nan            nan        nan      nan   0.453  0.0016    1.4     0.00    218932  0.950
 197    0.0 2.7e-04   0.999     146.23 nan            nan        nan      nan   0.447  0.0016    1.5     0.00    220049  0.950
 198    0.0 2.6e-04   1.001     146.35 nan            nan        nan      nan   0.450  0.0019    1.5     0.00    221166  0.950
 199    0.0 2.5e-04   1.003     146.18 nan            nan        nan      nan   0.436  0.0016    1.5     0.00    222283  0.950
 200    0.0 2.4e-04   0.998     145.93 nan            nan        nan      nan   0.432  0.0010    1.5     0.00    223400  0.950
 201    0.0 2.2e-04   0.995     145.23 nan            nan        nan      nan   0.427  0.0019    1.5     0.00    224517  0.950
 202    0.0 2.1e-04   0.997     144.61 nan            nan        nan      nan   0.397  0.0019    1.4     0.00    225634  0.950
 203    0.0 2.0e-04   0.995     143.56 nan            nan        nan      nan   0.397  0.0014    1.4     0.00    226751  0.950
 204    0.0 1.9e-04   0.999     143.06 nan            nan        nan      nan   0.369  0.0011    1.3     0.00    227868  0.950
 205    0.0 1.8e-04   1.001     142.92 nan            nan        nan      nan   0.386  0.0007    1.2     0.00    228985  0.950
 206    0.0 1.7e-04   1.000     142.79 nan            nan        nan      nan   0.391  0.0008    1.2     0.00    230102  0.950
 207    0.0 1.6e-04   0.997     142.43 nan            nan        nan      nan   0.362  0.0022    1.1     0.00    231219  0.950
 208    0.0 1.6e-04   1.002     142.26 nan            nan        nan      nan   0.373  0.0012    1.0     0.00    232336  0.950
 209    0.0 1.5e-04   0.997     142.05 nan            nan        nan      nan   0.317  0.0010    1.0     0.00    233453  0.950
 210    0.0 1.4e-04   0.998     141.84 nan            nan        nan      nan   0.359  0.0009    1.0     0.00    234570  0.950
 211    0.0 1.3e-04   0.998     141.53 nan            nan        nan      nan   0.306  0.0013    1.0     0.00    235687  0.950
 212    0.0 1.3e-04   0.997     140.87 nan            nan        nan      nan   0.296  0.0014    1.0     0.00    236804  0.950
 213    0.0 1.2e-04   1.000     140.55 nan            nan        nan      nan   0.311  0.0008    1.0     0.00    237921  0.950
 214    0.0 1.1e-04   0.998     140.12 nan            nan        nan      nan   0.282  0.0010    1.0     0.00    239038  0.950
 215    0.0 1.1e-04   0.999     139.85 nan            nan        nan      nan   0.269  0.0007    1.0     0.00    240155  0.950
 216    0.0 1.0e-04   0.999     139.79 nan            nan        nan      nan   0.323  0.0008    1.0     0.00    241272  0.950
 217    0.0 9.9e-05   0.999     139.59 nan            nan        nan      nan   0.277  0.0010    1.0     0.00    242389  0.950
 218    0.0 9.4e-05   0.997     139.23 nan            nan        nan      nan   0.281  0.0011    1.0     0.00    243506  0.950
 219    0.0 8.9e-05   0.999     138.72 nan            nan        nan      nan   0.235  0.0005    1.0     0.00    244623  0.950
 220    0.0 8.4e-05   0.999     138.63 nan            nan        nan      nan   0.245  0.0006    1.0     0.00    245740  0.950
 221    0.0 8.0e-05   1.000     138.50 nan            nan        nan      nan   0.241  0.0002    1.0     0.00    246857  0.950
 222    0.0 7.6e-05   0.999     138.40 nan            nan        nan      nan   0.231  0.0007    1.0     0.00    247974  0.950
 223    0.0 7.2e-05   1.000     138.32 nan            nan        nan      nan   0.214  0.0003    1.0     0.00    249091  0.950
 224    0.0 6.9e-05   0.999     138.18 nan            nan        nan      nan   0.230  0.0004    1.0     0.00    250208  0.950
 225    0.0 6.5e-05   0.999     138.03 nan            nan        nan      nan   0.201  0.0003    1.0     0.00    251325  0.950
 226    0.0 6.2e-05   1.000     138.05 nan            nan        nan      nan   0.222  0.0002    1.0     0.00    252442  0.950
 227    0.0 5.9e-05   1.000     138.03 nan            nan        nan      nan   0.201  0.0002    1.0     0.00    253559  0.950
 228    0.0 5.6e-05   0.999     137.89 nan            nan        nan      nan   0.189  0.0004    1.0     0.00    254676  0.950
 229    0.0 5.3e-05   1.000     137.84 nan            nan        nan      nan   0.178  0.0003    1.0     0.00    255793  0.950
 230    0.0 5.1e-05   1.000     137.84 nan            nan        nan      nan   0.184  0.0002    1.0     0.00    256910  0.950
 231    0.0 4.8e-05   0.999     137.77 nan            nan        nan      nan   0.176  0.0003    1.0     0.00    258027  0.950
 232    0.0 4.6e-05   1.000     137.75 nan            nan        nan      nan   0.182  0.0002    1.0     0.00    259144  0.950
 233    0.0 4.3e-05   1.000     137.71 nan            nan        nan      nan   0.184  0.0003    1.0     0.00    260261  0.950
 234    0.0 4.1e-05   1.000     137.63 nan            nan        nan      nan   0.147  0.0003    1.0     0.00    261378  0.950
 235    0.0 3.3e-05   0.999     137.49 nan            nan        nan      nan   0.144  0.0003    1.0     0.00    262495  0.800
 236    0.0 2.6e-05   1.000     137.43 nan            nan        nan      nan   0.130  0.0002    1.0     0.00    263612  0.800
 237    0.0 2.1e-05   1.000     137.39 nan            nan        nan      nan   0.122  0.0001    1.0     0.00    264729  0.800
 238    0.0 1.7e-05   1.000     137.35 nan            nan        nan      nan   0.107  0.0002    1.0     0.00    265846  0.800
 239    0.0 1.4e-05   1.000     137.30 nan            nan        nan      nan   0.102  0.0002    1.0     0.00    266963  0.800
 240    0.0 1.1e-05   1.000     137.26 nan            nan        nan      nan   0.096  0.0000    1.0     0.00    268080  0.800
 241    0.0 8.6e-06   1.000     137.25 nan            nan        nan      nan   0.101  0.0000    1.0     0.00    269197  0.800
 242    0.0 6.9e-06   1.000     137.24 nan            nan        nan      nan   0.084  0.0000    1.0     0.00    270314  0.800
 243    0.0 5.5e-06   1.000     137.22 nan            nan        nan      nan   0.093  0.0001    1.0     0.00    271431  0.800
 244    0.0 4.4e-06   1.000     137.20 nan            nan        nan      nan   0.098  0.0000    1.0     0.00    272548  0.800
 245    0.0 0.0e+00   1.000     137.20 nan            nan        nan      nan   0.081  0.0000    1.0     0.00    273665  0.800
## Placement Quench took 0.00 seconds (max_rss 456.4 MiB)

BB estimate of min-dist (placement) wire length: 13720

Completed placement consistency check successfully.

Swaps called: 273990

Aborted Move Reasons:
  No moves aborted
Placement cost: 1, bb_cost: 137.201, td_cost: nan, 

Placement resource usage:
  io  implemented as io : 74
  clb implemented as clb: 251

Placement number of temperatures: 245
Placement total # of swap attempts: 273990
	Swaps accepted:  82073 (30.0 %)
	Swaps rejected: 162374 (59.3 %)
	Swaps aborted:  29543 (10.8 %)


Placement perturbation distribution by block and move type: 
------------------ ----------------- ---------------- ---------------- --------------- ------------ 
    Block Type         Move Type       (%) of Total      Accepted(%)     Rejected(%)    Aborted(%)
------------------ ----------------- ---------------- ---------------- --------------- ------------ 
io                 Uniform                16.73            53.82           46.18          0.00         
                   Median                 17.68            35.13           31.46          33.42        
                   Centroid               17.36            40.48           33.92          25.61        

clb                Uniform                8.24             12.80           87.20          0.00         
                   Median                 22.86            17.58           80.54          1.89         
                   Centroid               17.15            15.43           84.57          0.00         


Placement Quench timing analysis took 0 seconds (0 STA, 0 slack) (0 full updates: 0 setup, 0 hold, 0 combined).
Placement Total  timing analysis took 0 seconds (0 STA, 0 slack) (0 full updates: 0 setup, 0 hold, 0 combined).
update_td_costs: connections 0 nets 0 sum_nets 0 total 0
# Placement took 0.52 seconds (max_rss 456.4 MiB, delta_rss +0.0 MiB)

Flow timing analysis took 0.00169226 seconds (0.00131738 STA, 0.000374882 slack) (1 full updates: 1 setup, 0 hold, 0 combined).
VPR succeeded
The entire flow of VPR took 1.41 seconds (max_rss 456.4 MiB)
